~/Verilog/bin/topld.pl M100X
info: 1n914 ne 1n4148do35_10
warning: making d1/1n914/ a connector
info: 1n914 ne 1n4148do35_10
warning: making d2/1n914/ a connector
info: 1n4154 ne 1n4148do35_10
warning: making d3/1n4154/ a connector
info: 1n914 ne 1n4148do35_10
warning: making d4/1n914/ a connector
info: 1n914 ne 1n4148do35_10
warning: making d5/1n914/ a connector
info: 1n914 ne 1n4148do35_10
warning: making d6/1n914/ a connector
info: 1n914 ne 1n4148do35_10
warning: making d7/1n914/ a connector
info: 7400n ne dil14
info: 7400n ne dil14
info: 7400n ne dil14
info: 7400n ne dil14
info: pn3569 ne 2n2219
warning: making q1/pn3569/ a connector
info: pn3569 ne 2n2219
warning: making q10/pn3569/ a connector
info: pn3569 ne 2n2219
warning: making q11/pn3569/ a connector
info: pn3569 ne 2n2219
warning: making q12/pn3569/ a connector
info: pn3569 ne 2n2219
warning: making q13/pn3569/ a connector
info: pn3569 ne 2n2219
warning: making q14/pn3569/ a connector
info: pn3569 ne 2n2219
warning: making q15/pn3569/ a connector
info: mps6534 ne _pnp_to5
warning: making q16/mps6534/ a connector
info: mps6534 ne _pnp_to5
warning: making q17/mps6534/ a connector
info: pn3569 ne 2n2219
warning: making q2/pn3569/ a connector
info: pn3569 ne 2n2219
warning: making q3/pn3569/ a connector
info: pn3569 ne 2n2219
warning: making q4/pn3569/ a connector
info: pn3569 ne 2n2219
warning: making q5/pn3569/ a connector
info: pn3569 ne 2n2219
warning: making q6/pn3569/ a connector
info: pn3569 ne 2n2219
warning: making q7/pn3569/ a connector
info: pn3569 ne 2n2219
warning: making q8/pn3569/ a connector
info: pn3569 ne 2n2219
warning: making q9/pn3569/ a connector
info: single ne edge_con2
warning: making u$1/single/ a connector
warning: non-bypass capacitor deleted: c5
warning: non-bypass capacitor deleted: c6
~/Verilog/bin/smaller.pl M100X.PLD >vv || (rm vv; exit 1)
0 signals were removed:
~/Verilog/bin/smaller.pl vv >M100XX.PLD || (rm M100XX.PLD; exit 1)
0 signals were removed:
~/Verilog/bin/cupl2v.pl M100XX.PLD >vv || (rm vv; exit 1)
mv vv M100X.v
rm M100XX.PLD
