~/Verilog/bin/topld.pl M510X
info: cpol_use ne cpol_use20_8axial
info: 1n4154 ne 1n4148do35_10
warning: making d1/1n4154/ a connector
info: 1n914 ne 1n4148do35_10
warning: making d10/1n914/ a connector
info: 1n914 ne 1n4148do35_10
warning: making d11/1n914/ a connector
info: 1n914 ne 1n4148do35_10
warning: making d12/1n914/ a connector
info: 1n4154 ne 1n4148do35_10
warning: making d2/1n4154/ a connector
info: 1n4154 ne 1n4148do35_10
warning: making d3/1n4154/ a connector
info: 1n4154 ne 1n4148do35_10
warning: making d4/1n4154/ a connector
info: 1n4154 ne 1n4148do35_10
warning: making d5/1n4154/ a connector
info: 1n4154 ne 1n4148do35_10
warning: making d6/1n4154/ a connector
info: 1n4154 ne 1n4148do35_10
warning: making d7/1n4154/ a connector
info: 1n4154 ne 1n4148do35_10
warning: making d8/1n4154/ a connector
info: 1n914 ne 1n4148do35_10
warning: making d9/1n914/ a connector
info: 74h00n ne 7400n
info: 74h00n ne 7400n
info: 74h00n ne 7400n
info: 74h00n ne 7400n
info: edge_2connector ne edge_con2
warning: making edge1/edge_2connector/ a connector
info: pn3569 ne 2n3019
warning: making q1/pn3569/ a connector
info: pn3569 ne 2n3019
warning: making q10/pn3569/ a connector
info: pn3569 ne 2n3019
warning: making q11/pn3569/ a connector
info: pn3569 ne 2n3019
warning: making q12/pn3569/ a connector
info: pn3569 ne 2n3019
warning: making q13/pn3569/ a connector
info: pn3569 ne 2n3019
warning: making q14/pn3569/ a connector
info: pn3569 ne 2n3019
warning: making q15/pn3569/ a connector
info: pn3569 ne 2n3019
warning: making q16/pn3569/ a connector
info: pn3569 ne 2n3019
warning: making q2/pn3569/ a connector
info: pn3569 ne 2n3019
warning: making q3/pn3569/ a connector
info: pn3569 ne 2n3019
warning: making q4/pn3569/ a connector
info: pn3569 ne 2n3019
warning: making q5/pn3569/ a connector
info: pn3569 ne 2n3019
warning: making q6/pn3569/ a connector
info: pn3569 ne 2n3019
warning: making q7/pn3569/ a connector
info: pn3569 ne 2n3019
warning: making q8/pn3569/ a connector
info: pn3569 ne 2n3019
warning: making q9/pn3569/ a connector
warning: non-pullup resistor deleted: r2
warning: non-pullup resistor deleted: r4
warning: non-pullup resistor deleted: r7
warning: non-pullup resistor deleted: r9
warning: non-pullup resistor deleted: r12
warning: non-pullup resistor deleted: r14
warning: non-pullup resistor deleted: r17
warning: non-pullup resistor deleted: r19
warning: non-pullup resistor deleted: r22
warning: non-pullup resistor deleted: r24
warning: non-pullup resistor deleted: r27
warning: non-pullup resistor deleted: r29
warning: non-pullup resistor deleted: r32
warning: non-pullup resistor deleted: r34
warning: non-pullup resistor deleted: r37
warning: non-pullup resistor deleted: r39
~/Verilog/bin/smaller.pl M510X.PLD >vv || (rm vv; exit 1)
0 signals were removed:
~/Verilog/bin/smaller.pl vv >M510XX.PLD || (rm M510XX.PLD; exit 1)
0 signals were removed:
~/Verilog/bin/cupl2v.pl M510XX.PLD >vv || (rm vv; exit 1)
mv vv M510X.v
rm M510XX.PLD
