~/Verilator/bin/topld.pl M225A
info: cpol_use ne cpol_use20_8axial
info: cpol_use ne cpol_use20_8axial
info: 7402n ne dil14
info: n8881n ne dil14
info: 74h53n ne e12_8
info: 7481 ne e12_8
warning: making e12/sn7481/ a connector
info: 7481 ne e12_8
warning: making e13/sn7481/ a connector
info: 7481 ne e12_8
warning: making e14/sn7481/ a connector
info: 7481 ne e12_8
warning: making e15/sn7481/ a connector
info: 74h00n ne 7400n
info: 7440n ne dil14
info: 74h53n ne e12_8
info: 7402n ne dil14
info: 7402n ne dil14
info: 7402n ne dil14
info: n8881n ne dil14
info: 74h53n ne e12_8
info: 7481 ne e12_8
warning: making e23/sn7481/ a connector
info: 7481 ne e12_8
warning: making e24/sn7481/ a connector
info: 7481 ne e12_8
warning: making e25/sn7481/ a connector
info: 7481 ne e12_8
warning: making e26/sn7481/ a connector
info: 7402n ne dil14
info: 7402n ne dil14
info: 7481 ne e12_8
warning: making e29/sn7481/ a connector
info: 7481 ne e12_8
warning: making e3/sn7481/ a connector
info: 7481 ne e12_8
warning: making e30/sn7481/ a connector
info: 7481 ne e12_8
warning: making e31/sn7481/ a connector
info: 7481 ne e12_8
warning: making e32/sn7481/ a connector
info: 7481 ne e12_8
warning: making e4/sn7481/ a connector
info: 7481 ne e12_8
warning: making e5/sn7481/ a connector
info: 7481 ne e12_8
warning: making e6/sn7481/ a connector
info: 74h53n ne e12_8
info: 7402n ne dil14
info: 7402n ne dil14
info: dec3009 ne _npn_to5
warning: making q1/dec3009/ a connector
info: dec3009 ne _npn_to5
warning: making q2/dec3009/ a connector
info: dec3009 ne _npn_to5
warning: making q3/dec3009/ a connector
info: dec3009 ne _npn_to5
warning: making q4/dec3009/ a connector
info: dec3009 ne _npn_to5
warning: making q5/dec3009/ a connector
info: dec3009 ne _npn_to5
warning: making q6/dec3009/ a connector
info: dec3009 ne _npn_to5
warning: making q7/dec3009/ a connector
info: dec3009 ne _npn_to5
warning: making q8/dec3009/ a connector
info: double ne e12_8
warning: making u$3/double/ a connector
unexpected OC output: n_t_70x at /home/vrs/Verilator/bin/topld.pl line 2034, <INPUT> line 1713.
unexpected OC output: n_t_49x at /home/vrs/Verilator/bin/topld.pl line 2034, <INPUT> line 1713.
unexpected OC output: n_t_65x at /home/vrs/Verilator/bin/topld.pl line 2034, <INPUT> line 1713.
unexpected OC output: n_t_72x at /home/vrs/Verilator/bin/topld.pl line 2034, <INPUT> line 1878.
unexpected OC output: n_t_81x at /home/vrs/Verilator/bin/topld.pl line 2034, <INPUT> line 1878.
unexpected OC output: n_t_67x at /home/vrs/Verilator/bin/topld.pl line 2034, <INPUT> line 1878.
