~/Verilog/bin/topld.pl M302X
info: cpol_use ne cpol_use20_8axial
info: cpol_use ne cpol_use20_8axial
info: 1n4154 ne 1n4148do35_10
warning: making d1/1n4154/ a connector
info: 1n4154 ne 1n4148do35_10
warning: making d10/1n4154/ a connector
info: 1n4154 ne 1n4148do35_10
warning: making d11/1n4154/ a connector
info: 1n914 ne 1n4148do35_10
warning: making d16/1n914/ a connector
info: 1n914 ne 1n4148do35_10
warning: making d17/1n914/ a connector
info: 1n914 ne 1n4148do35_10
warning: making d18/1n914/ a connector
info: 1n4154 ne 1n4148do35_10
warning: making d2/1n4154/ a connector
info: 1n914 ne 1n4148do35_10
warning: making d7/1n914/ a connector
info: 1n914 ne 1n4148do35_10
warning: making d8/1n914/ a connector
info: 1n914 ne 1n4148do35_10
warning: making d9/1n914/ a connector
info: 74h40n ne 7420n
info: 7413n ne dil14
warning: making e2/sn7413/ a connector
info: pn3640 ne _pnp_to39_ebc
warning: making q1/pn3640/ a connector
info: pn3640 ne _pnp_to39_ebc
warning: making q2/pn3640/ a connector
info: pn3569 ne _npn_to39_ebc
warning: making q3/pn3569/ a connector
info: pn3640 ne _pnp_to39_ebc
warning: making q5/pn3640/ a connector
info: pn3640 ne _pnp_to39_ebc
warning: making q6/pn3640/ a connector
info: pn3569 ne _npn_to39_ebc
warning: making q7/pn3569/ a connector
info: 10k ne 275p
warning: making r13/10k/ a connector
info: 10k ne 275p
warning: making r2/10k/ a connector
info: single ne edge_con2
warning: making u$1/single/ a connector
warning: non-bypass capacitor deleted: c1
warning: non-bypass capacitor deleted: c2
warning: non-bypass capacitor deleted: c3
warning: non-bypass capacitor deleted: c4
warning: non-bypass capacitor deleted: c5
warning: non-bypass capacitor deleted: c7
warning: non-bypass capacitor deleted: c8
warning: non-bypass capacitor deleted: c9
warning: non-bypass capacitor deleted: c10
warning: non-bypass capacitor deleted: c11
warning: non-bypass capacitor deleted: c12
warning: non-bypass capacitor deleted: c13
warning: non-bypass capacitor deleted: c15
warning: non-bypass capacitor deleted: c16
warning: non-bypass capacitor deleted: c19
warning: non-bypass capacitor deleted: c20
warning: non-pullup resistor deleted: r3
warning: non-pullup resistor deleted: r4
warning: non-pullup resistor deleted: r14
warning: non-pullup resistor deleted: r15
~/Verilog/bin/smaller.pl M302X.PLD >vv || (rm vv; exit 1)
0 signals were removed:
~/Verilog/bin/smaller.pl vv >M302XX.PLD || (rm M302XX.PLD; exit 1)
0 signals were removed:
~/Verilog/bin/cupl2v.pl M302XX.PLD >vv || (rm vv; exit 1)
mv vv M302X.v
rm M302XX.PLD
