~/Verilog/bin/smaller.pl M868H.PLD >vv || (rm vv; exit 1)
31 signals were removed:
  b3: io_pause_l
  cc_clk_te_l: !cc_67x
  cc_dtp0_l: !cc_dtp0
  cc_init_l: !cc_init
  cc_run: !cc_run_l
  cc_tp3_l: !tp3
  df_sel_er: !df_sel_er_l
  dokcc: !cc_dtp1_l
  kcf_l: !cc_wrt_ok
  krb_l: !cc_r_w
  n3v3: !tpg0
  n603x: !cc_sdsq_l
  n604x: !cc_sdst_l
  n_t_10x: !n_t_29x
  n_t_112x: !cc_tpg_clk
  n_t_141x: !cc_run_l
  n_t_19x: !
  n_t_24x: !krs_l
  n_t_2x: !dokcc
  n_t_32x: !n_t_72x
  n_t_34x: !rcvr_clk
  n_t_35x: !cc_dtp0_l
  n_t_46x: !cc_sdss_l
  n_t_83x: !ksf_l
  n_t_84x: 'b'1
  n_t_85x: !data07_l
  n_t_88x: !n_t_20x
  ns200: !cc_btp3
  osc: !cc_uts
  pin: s_!g
  read_buffer: !cc_t_m_en
~/Verilog/bin/smaller.pl vv >M868HX.PLD || (rm M868HX.PLD; exit 1)
69 signals were removed:
  cc_dtp0_l: !cc_dtp0
  cc_dtp1_l: !dokcc
  con_all_halt: cc_run_l
  initialize_l: !set_rr_l
  internal_io: !cc_67x
  n_t_108x: s_!g
  n_t_110x: s_!g
  n_t_116x: s_!g
  n_t_117x: s_!g
  n_t_118x: s_!g
  n_t_119x: s_!g
  n_t_11x: s_!g
  n_t_122x: s_!g
  n_t_128x: s_!g
  n_t_12x: !n_t_69x
  n_t_13x: s_!g
  n_t_14x: s_!g
  n_t_16x: s_!g
  n_t_17x: s_!g
  n_t_1x: s_!g
  n_t_20x: s_!g
  n_t_218x: s_!g
  n_t_219x: s_!g
  n_t_22x: s_!g
  n_t_23x: s_!g
  n_t_26x: s_!g
  n_t_31x: s_!g
  n_t_38x: s_!g
  n_t_41x: s_!g
  n_t_42x: s_!g
  n_t_47x: !cc_t_!m_en
  n_t_4x: s_!g
  n_t_51x: !n_t_12x
  n_t_52x: s_!g
  n_t_53x: cc_sdst_l
  n_t_54x: s_!g
  n_t_55x: s_!g
  n_t_56x: s_!g
  n_t_57x: s_!g
  n_t_58x: s_!g
  n_t_59x: s_!g
  n_t_5x: s_!g
  n_t_60x: s_!g
  n_t_61x: s_!g
  n_t_62x: s_!g
  n_t_63x: s_!g
  n_t_64x: s_!g
  n_t_65x: s_!g
  n_t_67x: n_t_72x
  n_t_68x: s_!g
  n_t_69x: s_!g
  n_t_70x: s_!g
  n_t_71x: s_!g
  n_t_76x: s_!g
  n_t_77x: s_!g
  n_t_78x: s_!g
  n_t_79x: s_!g
  n_t_7x: s_!g
  n_t_80x: s_!g
  n_t_81x: s_!g
  n_t_82x: s_!g
  n_t_8x: !cc_unit
  n_t_90x: s_!g
  n_t_92x: s_!g
  n_t_94x: s_!g
  n_t_95x: s_!g
  n_t_96x: s_!g
  n_t_9x: s_!g
  s_g: !zone1
~/Verilog/bin/cupl2v.pl M868HX.PLD >vv || (rm vv; exit 1)
OE qualifier on FF output s_!g at /home/vrs/Verilog/bin/cupl2v.pl line 223, <INPUT> line 1200.
../Makefile:29: recipe for target 'M868H.v' failed
make: *** [M868H.v] Error 1
rm M868HX.PLD
