~/Verilog/bin/topld.pl M106X
info: 1n4154 ne 1n4148do35_10
warning: making d1/1n4154/ a connector
info: 1n4154 ne 1n4148do35_10
warning: making d10/1n4154/ a connector
info: 1n4154 ne 1n4148do35_10
warning: making d11/1n4154/ a connector
info: 1n4154 ne 1n4148do35_10
warning: making d12/1n4154/ a connector
info: 1n4154 ne 1n4148do35_10
warning: making d2/1n4154/ a connector
info: 1n4154 ne 1n4148do35_10
warning: making d3/1n4154/ a connector
info: 1n4154 ne 1n4148do35_10
warning: making d4/1n4154/ a connector
info: 1n4154 ne 1n4148do35_10
warning: making d5/1n4154/ a connector
info: 1n4154 ne 1n4148do35_10
warning: making d6/1n4154/ a connector
info: 1n4154 ne 1n4148do35_10
warning: making d7/1n4154/ a connector
info: 1n4154 ne 1n4148do35_10
warning: making d8/1n4154/ a connector
info: 1n4154 ne 1n4148do35_10
warning: making d9/1n4154/ a connector
info: n8881n ne dil14
info: n8881n ne dil14
info: n8881n ne dil14
info: single ne edge_con2
warning: making u$1/single/ a connector
