~/Verilog/bin/topld.pl M661A
info: 1n3606 ne 1n4148do35_10
warning: making d1/1n3606/ a connector
info: 1n3606 ne 1n4148do35_10
warning: making d2/1n3606/ a connector
info: 1n3606 ne 1n4148do35_10
warning: making d3/1n3606/ a connector
info: 1n645 ne 1n4148do35_10
warning: making d4/1n645/ a connector
info: 1n645 ne 1n4148do35_10
warning: making d5/1n645/ a connector
info: 1n645 ne 1n4148do35_10
warning: making d6/1n645/ a connector
info: 1n645 ne 1n4148do35_10
warning: making d7/1n645/ a connector
info: 7410n ne dil14
info: 2n3009 ne 2n2219
warning: making q1/2n3009/ a connector
info: 2n3009 ne 2n2219
warning: making q2/2n3009/ a connector
info: 2n3009 ne 2n2219
warning: making q3/2n3009/ a connector
info: edge_1 ne edge_con1
warning: making u$3/edge_1/ a connector
warning: non-bypass capacitor deleted: c1
warning: non-pullup resistor deleted: r1
warning: non-pullup resistor deleted: r3
warning: non-pullup resistor deleted: r5
~/Verilog/bin/smaller.pl M661A.PLD >vv || (rm vv; exit 1)
0 signals were removed:
~/Verilog/bin/smaller.pl vv >M661AX.PLD || (rm M661AX.PLD; exit 1)
0 signals were removed:
~/Verilog/bin/cupl2v.pl M661AX.PLD >vv || (rm vv; exit 1)
mv vv M661A.v
rm M661AX.PLD
