~/Verilog/bin/topld.pl M182A
info: cpol_use ne cpol_use15_5axial
info: cpol_use ne cpol_use15_5axial
info: cpol_use ne cpol_use15_5axial
info: 74h20n ne 7420n
info: 74h20n ne 7420n
info: 74h20n ne 7420n
info: 74h20n ne 7420n
info: 74h30n ne 7430n
info: 74h20n ne 7420n
info: 74h20n ne 7420n
info: 74h20n ne 7420n
info: 74h20n ne 7420n
info: 74h20n ne 7420n
info: 74h30n ne 7430n
info: edge_2connector ne edge_con2
warning: making u$2/edge_2connector/ a connector
~/Verilog/bin/smaller.pl M182A.PLD >vv || (rm vv; exit 1)
0 signals were removed:
~/Verilog/bin/smaller.pl vv >M182AX.PLD || (rm M182AX.PLD; exit 1)
0 signals were removed:
~/Verilog/bin/cupl2v.pl M182AX.PLD >vv || (rm vv; exit 1)
mv vv M182A.v
rm M182AX.PLD
