Release 8.1i - xst I.24
Copyright (c) 1995-2005 Xilinx, Inc.  All rights reserved.
--> Parameter TMPDIR set to ./xst/projnav.tmp
CPU : 0.00 / 0.25 s | Elapsed : 0.00 / 0.00 s
 
--> Parameter xsthdpdir set to ./xst
CPU : 0.00 / 0.25 s | Elapsed : 0.00 / 0.00 s
 
--> Reading design: PDP8_XSA_3S1000.prj

TABLE OF CONTENTS
  1) Synthesis Options Summary
  2) HDL Compilation
  3) HDL Analysis
  4) HDL Synthesis
     4.1) HDL Synthesis Report
  5) Advanced HDL Synthesis
     5.1) Advanced HDL Synthesis Report
  6) Low Level Synthesis
  7) Final Report
     7.1) Device utilization summary
     7.2) TIMING REPORT


=========================================================================
*                      Synthesis Options Summary                        *
=========================================================================
---- Source Parameters
Input File Name                    : "PDP8_XSA_3S1000.prj"
Input Format                       : mixed
Ignore Synthesis Constraint File   : NO

---- Target Parameters
Output File Name                   : "PDP8_XSA_3S1000"
Output Format                      : NGC
Target Device                      : xc3s1000-4-ft256

---- Source Options
Top Module Name                    : PDP8_XSA_3S1000
Automatic FSM Extraction           : YES
FSM Encoding Algorithm             : Auto
FSM Style                          : lut
RAM Extraction                     : Yes
RAM Style                          : Auto
ROM Extraction                     : Yes
Mux Style                          : Auto
Decoder Extraction                 : YES
Priority Encoder Extraction        : YES
Shift Register Extraction          : YES
Logical Shifter Extraction         : YES
XOR Collapsing                     : YES
ROM Style                          : Auto
Mux Extraction                     : YES
Resource Sharing                   : YES
Multiplier Style                   : auto
Automatic Register Balancing       : No

---- Target Options
Add IO Buffers                     : YES
Global Maximum Fanout              : 500
Add Generic Clock Buffer(BUFG)     : 8
Register Duplication               : YES
Slice Packing                      : YES
Pack IO Registers into IOBs        : auto
Equivalent register Removal        : YES

---- General Options
Optimization Goal                  : Speed
Optimization Effort                : 1
Keep Hierarchy                     : NO
RTL Output                         : Yes
Global Optimization                : AllClockNets
Write Timing Constraints           : NO
Hierarchy Separator                : /
Bus Delimiter                      : <>
Case Specifier                     : maintain
Slice Utilization Ratio            : 100
Slice Utilization Ratio Delta      : 5

---- Other Options
lso                                : PDP8_XSA_3S1000.lso
Read Cores                         : YES
cross_clock_analysis               : NO
verilog2001                        : YES
safe_implementation                : No
Optimize Instantiated Primitives   : NO
use_clock_enable                   : Yes
use_sync_set                       : Yes
use_sync_reset                     : Yes

=========================================================================


=========================================================================
*                          HDL Compilation                              *
=========================================================================
WARNING:HDLParsers:3215 - Unit work/PDP8mem is now defined in a different file: was C:/Xilinx/JohnKent+/V126/PDP8mem_B4.vhd, now is C:/Xilinx/JohnKent+/V126/PDP8mem_B16.vhd
WARNING:HDLParsers:3215 - Unit work/PDP8mem/rtl is now defined in a different file: was C:/Xilinx/JohnKent+/V126/PDP8mem_B4.vhd, now is C:/Xilinx/JohnKent+/V126/PDP8mem_B16.vhd
Compiling vhdl file "C:/Xilinx/JohnKent+/V126/PDP8.vhd" in Library work.
Compiling vhdl file "C:/Xilinx/JohnKent+/V126/PDP8cpu.vhd" in Library work.
Architecture rtl of Entity pdp8cpu is up to date.
Compiling vhdl file "C:/Xilinx/JohnKent+/V126/PDP8mem_B16.vhd" in Library work.
Architecture rtl of Entity pdp8mem is up to date.
Compiling vhdl file "C:/Xilinx/JohnKent+/V126/PDP8panel.vhd" in Library work.
Architecture rtl of Entity pdp8panel is up to date.
Compiling vhdl file "C:/Xilinx/JohnKent+/V126/PDP8dk8.vhd" in Library work.
Architecture rtl of Entity pdp8dk8 is up to date.
Compiling vhdl file "C:/Xilinx/JohnKent+/V126/PDP8tty.vhd" in Library work.
Architecture rtl of Entity pdp8tty is up to date.
Compiling vhdl file "C:/Xilinx/JohnKent+/V126/PDP8rdr.vhd" in Library work.
Architecture rtl of Entity pdp8rdr is up to date.
Compiling vhdl file "C:/Xilinx/JohnKent+/V126/XSA-3S1000/PDP8sys.vhd" in Library work.
Architecture struct of Entity pdp8sys is up to date.
Compiling vhdl file "C:/Xilinx/JohnKent+/V126/XSA-3S1000/XSA-3S1000.vhd" in Library work.
Architecture struct of Entity pdp8_xsa_3s1000 is up to date.

=========================================================================
*                            HDL Analysis                               *
=========================================================================
Analyzing Entity <PDP8_XSA_3S1000> (Architecture <struct>).
WARNING:Xst:753 - "C:/Xilinx/JohnKent+/V126/XSA-3S1000/XSA-3S1000.vhd" line 88: Unconnected output port 'clk_fast' of component 'clkdll_divide'.
WARNING:Xst:753 - "C:/Xilinx/JohnKent+/V126/XSA-3S1000/XSA-3S1000.vhd" line 102: Unconnected output port 'TTY1txd' of component 'PDP8sys'.
WARNING:Xst:753 - "C:/Xilinx/JohnKent+/V126/XSA-3S1000/XSA-3S1000.vhd" line 102: Unconnected output port 'TTY1rts' of component 'PDP8sys'.
WARNING:Xst:753 - "C:/Xilinx/JohnKent+/V126/XSA-3S1000/XSA-3S1000.vhd" line 102: Unconnected output port 'Pbusy' of component 'PDP8sys'.
Entity <PDP8_XSA_3S1000> analyzed. Unit <PDP8_XSA_3S1000> generated.

Analyzing generic Entity <clkdll_divide> (Architecture <behavioral>).
	CLOCK_RATIO = 4.000000

WARNING:Xst:766 - "C:/Xilinx/JohnKent+/V126/panel_io/clockgen.vhd" line 49: Generating a Black Box for component <IBUFG>.
WARNING:Xst:753 - "C:/Xilinx/JohnKent+/V126/panel_io/clockgen.vhd" line 51: Unconnected output port 'CLK90' of component 'CLKDLL'.
WARNING:Xst:753 - "C:/Xilinx/JohnKent+/V126/panel_io/clockgen.vhd" line 51: Unconnected output port 'CLK180' of component 'CLKDLL'.
WARNING:Xst:753 - "C:/Xilinx/JohnKent+/V126/panel_io/clockgen.vhd" line 51: Unconnected output port 'CLK270' of component 'CLKDLL'.
WARNING:Xst:753 - "C:/Xilinx/JohnKent+/V126/panel_io/clockgen.vhd" line 51: Unconnected output port 'CLK2X' of component 'CLKDLL'.
WARNING:Xst:753 - "C:/Xilinx/JohnKent+/V126/panel_io/clockgen.vhd" line 51: Unconnected output port 'LOCKED' of component 'CLKDLL'.
WARNING:Xst:766 - "C:/Xilinx/JohnKent+/V126/panel_io/clockgen.vhd" line 51: Generating a Black Box for component <CLKDLL>.
WARNING:Xst:766 - "C:/Xilinx/JohnKent+/V126/panel_io/clockgen.vhd" line 63: Generating a Black Box for component <BUFG>.
WARNING:Xst:766 - "C:/Xilinx/JohnKent+/V126/panel_io/clockgen.vhd" line 64: Generating a Black Box for component <BUFG>.
Entity <clkdll_divide> analyzed. Unit <clkdll_divide> generated.

Analyzing generic Entity <PDP8sys> (Architecture <struct>).
	SYSCLKFREQ = 25000000

	DOTCLKFREQ = 25000000

WARNING:Xst:753 - "C:/Xilinx/JohnKent+/V126/XSA-3S1000/PDP8sys.vhd" line 320: Unconnected output port 'LEDS' of component 'PDP8panel'.
Entity <PDP8sys> analyzed. Unit <PDP8sys> generated.

Analyzing Entity <PDP8cpu> (Architecture <rtl>).
INFO:Xst:1304 - Contents of register <CPUstate<108>> in unit <PDP8cpu> never changes during circuit operation. The register is replaced by logic.
Entity <PDP8cpu> analyzed. Unit <PDP8cpu> generated.

Analyzing Entity <PDP8mem> (Architecture <rtl>).
WARNING:Xst:766 - "C:/Xilinx/JohnKent+/V126/PDP8mem_B16.vhd" line 83: Generating a Black Box for component <RAMB16_S4>.
WARNING:Xst:766 - "C:/Xilinx/JohnKent+/V126/PDP8mem_B16.vhd" line 158: Generating a Black Box for component <RAMB16_S4>.
WARNING:Xst:766 - "C:/Xilinx/JohnKent+/V126/PDP8mem_B16.vhd" line 233: Generating a Black Box for component <RAMB16_S4>.
WARNING:Xst:766 - "C:/Xilinx/JohnKent+/V126/PDP8mem_B16.vhd" line 309: Generating a Black Box for component <RAMB16_S4>.
WARNING:Xst:766 - "C:/Xilinx/JohnKent+/V126/PDP8mem_B16.vhd" line 319: Generating a Black Box for component <RAMB16_S4>.
WARNING:Xst:766 - "C:/Xilinx/JohnKent+/V126/PDP8mem_B16.vhd" line 329: Generating a Black Box for component <RAMB16_S4>.
WARNING:Xst:766 - "C:/Xilinx/JohnKent+/V126/PDP8mem_B16.vhd" line 340: Generating a Black Box for component <RAMB16_S4>.
WARNING:Xst:766 - "C:/Xilinx/JohnKent+/V126/PDP8mem_B16.vhd" line 350: Generating a Black Box for component <RAMB16_S4>.
WARNING:Xst:766 - "C:/Xilinx/JohnKent+/V126/PDP8mem_B16.vhd" line 360: Generating a Black Box for component <RAMB16_S4>.
WARNING:Xst:766 - "C:/Xilinx/JohnKent+/V126/PDP8mem_B16.vhd" line 371: Generating a Black Box for component <RAMB16_S4>.
WARNING:Xst:766 - "C:/Xilinx/JohnKent+/V126/PDP8mem_B16.vhd" line 381: Generating a Black Box for component <RAMB16_S4>.
WARNING:Xst:766 - "C:/Xilinx/JohnKent+/V126/PDP8mem_B16.vhd" line 391: Generating a Black Box for component <RAMB16_S4>.
WARNING:Xst:766 - "C:/Xilinx/JohnKent+/V126/PDP8mem_B16.vhd" line 401: Generating a Black Box for component <RAMB16_S4>.
WARNING:Xst:766 - "C:/Xilinx/JohnKent+/V126/PDP8mem_B16.vhd" line 411: Generating a Black Box for component <RAMB16_S4>.
WARNING:Xst:766 - "C:/Xilinx/JohnKent+/V126/PDP8mem_B16.vhd" line 421: Generating a Black Box for component <RAMB16_S4>.
WARNING:Xst:766 - "C:/Xilinx/JohnKent+/V126/PDP8mem_B16.vhd" line 432: Generating a Black Box for component <RAMB16_S4>.
WARNING:Xst:766 - "C:/Xilinx/JohnKent+/V126/PDP8mem_B16.vhd" line 442: Generating a Black Box for component <RAMB16_S4>.
WARNING:Xst:766 - "C:/Xilinx/JohnKent+/V126/PDP8mem_B16.vhd" line 452: Generating a Black Box for component <RAMB16_S4>.
WARNING:Xst:766 - "C:/Xilinx/JohnKent+/V126/PDP8mem_B16.vhd" line 463: Generating a Black Box for component <RAMB16_S4>.
WARNING:Xst:766 - "C:/Xilinx/JohnKent+/V126/PDP8mem_B16.vhd" line 473: Generating a Black Box for component <RAMB16_S4>.
WARNING:Xst:766 - "C:/Xilinx/JohnKent+/V126/PDP8mem_B16.vhd" line 483: Generating a Black Box for component <RAMB16_S4>.
WARNING:Xst:766 - "C:/Xilinx/JohnKent+/V126/PDP8mem_B16.vhd" line 494: Generating a Black Box for component <RAMB16_S4>.
WARNING:Xst:766 - "C:/Xilinx/JohnKent+/V126/PDP8mem_B16.vhd" line 504: Generating a Black Box for component <RAMB16_S4>.
WARNING:Xst:766 - "C:/Xilinx/JohnKent+/V126/PDP8mem_B16.vhd" line 514: Generating a Black Box for component <RAMB16_S4>.
Entity <PDP8mem> analyzed. Unit <PDP8mem> generated.

Analyzing generic Entity <PDP8panel> (Architecture <rtl>).
	CLKFREQ = 25000000

WARNING:Xst:752 - "C:/Xilinx/JohnKent+/V126/PDP8panel.vhd" line 223: Unconnected input port 'kb_led' of component 'PS2kb' is tied to default value.
Entity <PDP8panel> analyzed. Unit <PDP8panel> generated.

Analyzing Entity <PS2kb> (Architecture <kbscan>).
Entity <PS2kb> analyzed. Unit <PS2kb> generated.

Analyzing generic Entity <VGASYNC> (Architecture <video>).
	HSYNC = 96

	HBPORCH = 48

	HACTIVE = 640

	HFPORCH = 16

	HPOLARITY = <u>1

	VSYNC = 2

	VBPORCH = 31

	VACTIVE = 480

	VFPORCH = 11

	VPOLARITY = <u>1

Entity <VGASYNC> analyzed. Unit <VGASYNC> generated.

Analyzing Entity <chargen> (Architecture <rtl>).
Entity <chargen> analyzed. Unit <chargen> generated.

Analyzing generic Entity <PDP8dk8> (Architecture <rtl>).
	IFREQ = 50

	CLKFREQ = 25000000

Entity <PDP8dk8> analyzed. Unit <PDP8dk8> generated.

Analyzing generic Entity <PDP8tty> (Architecture <rtl>).
	KBaddr = <u>000011

	SCRaddr = <u>000100

	BAUDrate0 = 9600

	BAUDrate1 = 2400

	BAUDrate2 = 1200

	BAUDrate3 = 110

	CLKFREQ = 25000000

WARNING:Xst:819 - "C:/Xilinx/JohnKent+/V126/PDP8tty.vhd" line 227: The following signals are missing in the process sensitivity list:
   ttirun.
Entity <PDP8tty> analyzed. Unit <PDP8tty> generated.

Analyzing generic Entity <PDP8tty.0> (Architecture <rtl>).
	KBaddr = <u>100000

	SCRaddr = <u>100001

	BAUDrate0 = 9600

	BAUDrate1 = 2400

	BAUDrate2 = 1200

	BAUDrate3 = 110

	CLKFREQ = 25000000

WARNING:Xst:819 - "C:/Xilinx/JohnKent+/V126/PDP8tty.vhd" line 227: The following signals are missing in the process sensitivity list:
   ttirun.
Entity <PDP8tty.0> analyzed. Unit <PDP8tty.0> generated.

Analyzing Entity <PDP8rdr> (Architecture <rtl>).
Entity <PDP8rdr> analyzed. Unit <PDP8rdr> generated.


=========================================================================
*                           HDL Synthesis                               *
=========================================================================
INFO:Xst:1304 - Contents of register <led_state> in unit <PS2kb> never changes during circuit operation. The register is replaced by logic.
INFO:Xst:1304 - Contents of register <ttistarting> in unit <PDP8tty_0> never changes during circuit operation. The register is replaced by logic.
INFO:Xst:1304 - Contents of register <ttibuff> in unit <PDP8tty_0> never changes during circuit operation. The register is replaced by logic.
INFO:Xst:1304 - Contents of register <ttishift> in unit <PDP8tty_0> never changes during circuit operation. The register is replaced by logic.
INFO:Xst:1304 - Contents of register <ttidone> in unit <PDP8tty_0> never changes during circuit operation. The register is replaced by logic.
INFO:Xst:1304 - Contents of register <rdrbuffer> in unit <PDP8rdr> never changes during circuit operation. The register is replaced by logic.

Synthesizing Unit <chargen>.
    Related source file is "C:/Xilinx/JohnKent+/V126/panel_io/chargen_slice.vhd".
    Found 16x256-bit ROM for signal <$n0002> created at line 69.
    Found 8-bit register for signal <dout>.
    Found 8-bit 32-to-1 multiplexer for signal <rdata>.
    Summary:
	inferred   1 ROM(s).
	inferred   8 D-type flip-flop(s).
	inferred   8 Multiplexer(s).
Unit <chargen> synthesized.


Synthesizing Unit <VGASYNC>.
    Related source file is "C:/Xilinx/JohnKent+/V126/panel_io/vgasync.vhd".
    Found 1-bit register for signal <VGAhsync>.
    Found 1-bit register for signal <VGAvsync>.
    Found 1-bit register for signal <H_blank>.
    Found 10-bit up counter for signal <h_count>.
    Found 1-bit register for signal <V_blank>.
    Found 10-bit up counter for signal <v_count>.
    Summary:
	inferred   2 Counter(s).
	inferred   4 D-type flip-flop(s).
Unit <VGASYNC> synthesized.


Synthesizing Unit <PS2kb>.
    Related source file is "C:/Xilinx/JohnKent+/V126/panel_io/ps2kb.vhd".
    Found 10-bit register for signal <kb_scancode>.
    Found 1-bit register for signal <kb_done>.
    Found 1-bit 4-to-1 multiplexer for signal <$n0009>.
    Found 10-bit 4-to-1 multiplexer for signal <$n0011>.
    Found 1-bit 4-to-1 multiplexer for signal <$n0012>.
    Found 10-bit 4-to-1 multiplexer for signal <$n0018>.
    Found 1-bit xor2 for signal <$n0037> created at line 79.
    Found 1-bit register for signal <augflag>.
    Found 5-bit register for signal <last_clk>.
    Found 1-bit register for signal <parity>.
    Found 1-bit register for signal <reading>.
    Found 1-bit register for signal <rlsflag>.
    Found 10-bit register for signal <scanshift>.
    Summary:
	inferred  30 D-type flip-flop(s).
	inferred  22 Multiplexer(s).
Unit <PS2kb> synthesized.


Synthesizing Unit <PDP8rdr>.
    Related source file is "C:/Xilinx/JohnKent+/V126/PDP8rdr.vhd".
    Found finite state machine <FSM_0> for signal <rstate>.
    -----------------------------------------------------------------------
    | States             | 3                                              |
    | Transitions        | 6                                              |
    | Inputs             | 3                                              |
    | Outputs            | 3                                              |
    | Clock              | clk (rising_edge)                              |
    | Reset              | reset (negative)                               |
    | Reset type         | asynchronous                                   |
    | Reset State        | 00                                             |
    | Encoding           | automatic                                      |
    | Implementation     | LUT                                            |
    -----------------------------------------------------------------------
    Found 4x1-bit ROM for signal <$n0022>.
    Found 1-bit register for signal <IOskip>.
    Found 12-bit register for signal <IOrdata>.
    Found 2-bit register for signal <IOdevstatus>.
    Found 12-bit 4-to-1 multiplexer for signal <$n0017>.
    Found 1-bit register for signal <io_done>.
    Found 3-bit register for signal <rbuff>.
    Found 1-bit register for signal <rdr_ienable>.
    Found 1-bit register for signal <rdrclear>.
    Found 1-bit register for signal <rdrflag>.
    Found 1-bit register for signal <rdrstart>.
    Summary:
	inferred   1 Finite State Machine(s).
	inferred   1 ROM(s).
	inferred  23 D-type flip-flop(s).
	inferred  12 Multiplexer(s).
Unit <PDP8rdr> synthesized.


Synthesizing Unit <PDP8tty_0>.
    Related source file is "C:/Xilinx/JohnKent+/V126/PDP8tty.vhd".
    Found 1-bit register for signal <IOdone>.
    Found 1-bit register for signal <TXD>.
    Found 1-bit register for signal <IOinterrupt>.
    Found 1-bit register for signal <IOskip>.
    Found 12-bit register for signal <IOrdata>.
    Found 2-bit register for signal <IOdevstatus>.
    Found 2-bit 4-to-1 multiplexer for signal <$n0035>.
    Found 8-bit 4-to-1 multiplexer for signal <$n0048> created at line 262.
    Found 1-bit register for signal <io_done>.
    Found 2-bit register for signal <tticount>.
    Found 1-bit register for signal <ttiflag>.
    Found 1-bit register for signal <ttirun>.
    Found 8-bit register for signal <ttobuff>.
    Found 1-bit register for signal <ttobusy>.
    Found 1-bit register for signal <ttoclr>.
    Found 19-bit up counter for signal <ttocount>.
    Found 1-bit register for signal <ttodone>.
    Found 1-bit register for signal <ttoflag>.
    Found 1-bit register for signal <ttonew>.
    Found 11-bit register for signal <ttoshift>.
    Found 1-bit register for signal <tty_ienable>.
    Summary:
	inferred   1 Counter(s).
	inferred  46 D-type flip-flop(s).
	inferred  10 Multiplexer(s).
Unit <PDP8tty_0> synthesized.


Synthesizing Unit <PDP8tty>.
    Related source file is "C:/Xilinx/JohnKent+/V126/PDP8tty.vhd".
    Found 4x32-bit ROM for signal <BAUD>.
    Found 1-bit register for signal <IOdone>.
    Found 1-bit register for signal <TXD>.
    Found 1-bit register for signal <IOinterrupt>.
    Found 1-bit register for signal <IOskip>.
    Found 12-bit register for signal <IOrdata>.
    Found 2-bit register for signal <IOdevstatus>.
    Found 19-bit 4-to-1 multiplexer for signal <$n0053>.
    Found 8-bit 4-to-1 multiplexer for signal <$n0061> created at line 262.
    Found 19-bit adder for signal <$n0070> created at line 153.
    Found 1-bit 4-to-1 multiplexer for signal <$n0074>.
    Found 20-bit comparator equal for signal <$n0076> created at line 136.
    Found 1-bit 4-to-1 multiplexer for signal <$n0078>.
    Found 20-bit comparator not equal for signal <$n0084> created at line 178.
    Found 20-bit comparator not equal for signal <$n0085> created at line 136.
    Found 20-bit comparator equal for signal <$n0108> created at line 178.
    Found 1-bit register for signal <io_done>.
    Found 8-bit register for signal <ttibuff>.
    Found 19-bit register for signal <tticount>.
    Found 1-bit register for signal <ttidone>.
    Found 1-bit register for signal <ttiflag>.
    Found 1-bit register for signal <ttirun>.
    Found 9-bit register for signal <ttishift>.
    Found 1-bit register for signal <ttistarting>.
    Found 8-bit register for signal <ttobuff>.
    Found 1-bit register for signal <ttobusy>.
    Found 1-bit register for signal <ttoclr>.
    Found 19-bit up counter for signal <ttocount>.
    Found 1-bit register for signal <ttodone>.
    Found 1-bit register for signal <ttoflag>.
    Found 1-bit register for signal <ttonew>.
    Found 11-bit register for signal <ttoshift>.
    Found 1-bit register for signal <tty_ienable>.
    Summary:
	inferred   1 ROM(s).
	inferred   1 Counter(s).
	inferred  75 D-type flip-flop(s).
	inferred   1 Adder/Subtractor(s).
	inferred   4 Comparator(s).
	inferred  29 Multiplexer(s).
Unit <PDP8tty> synthesized.


Synthesizing Unit <PDP8dk8>.
    Related source file is "C:/Xilinx/JohnKent+/V126/PDP8dk8.vhd".
    Found 1-bit register for signal <IOskip>.
    Found 12-bit register for signal <IOrdata>.
    Found 2-bit register for signal <IOdevstatus>.
    Found 1-bit 4-to-1 multiplexer for signal <$n0013>.
    Found 21-bit up counter for signal <clockcounter>.
    Found 1-bit register for signal <clockenable>.
    Found 1-bit register for signal <clockflag>.
    Found 1-bit register for signal <io_done>.
    Summary:
	inferred   1 Counter(s).
	inferred  18 D-type flip-flop(s).
	inferred   1 Multiplexer(s).
Unit <PDP8dk8> synthesized.


Synthesizing Unit <PDP8panel>.
    Related source file is "C:/Xilinx/JohnKent+/V126/PDP8panel.vhd".
WARNING:Xst:647 - Input <CPUstate<93:85>> is never used.
WARNING:Xst:647 - Input <CPUstate<31>> is never used.
WARNING:Xst:647 - Input <CPUstate<29:27>> is never used.
WARNING:Xst:646 - Signal <charbits<0>> is assigned but never used.
    Found 4x1-bit ROM for signal <ir_display>.
    Found 16x6-bit ROM for signal <$n0063>.
    Found 1-bit register for signal <VGAred>.
    Found 1-bit register for signal <VGAblue>.
    Found 5-bit register for signal <CPUcontrol<33:29>>.
    Found 2-bit register for signal <CPUcontrol<1:0>>.
    Found 1-bit register for signal <VGAgreen>.
    Found 1-bit 8-to-1 multiplexer for signal <$n0026> created at line 1099.
    Found 1-bit 4-to-1 multiplexer for signal <$n0034>.
    Found 1-bit 4-to-1 multiplexer for signal <$n0035>.
    Found 1-bit 4-to-1 multiplexer for signal <$n0037>.
    Found 11-bit comparator greater for signal <$n0047> created at line 323.
    Found 10-bit comparator less for signal <$n0052> created at line 1313.
    Found 7-bit comparator greater for signal <$n0299> created at line 982.
    Found 10-bit comparator greater for signal <$n0360> created at line 1125.
    Found 10-bit comparator less for signal <$n0361> created at line 1125.
    Found 10-bit comparator less for signal <$n0362> created at line 1125.
    Found 10-bit comparator greater for signal <$n0363> created at line 1125.
    Found 10-bit comparator less for signal <$n0364> created at line 1125.
    Found 10-bit comparator greater for signal <$n0365> created at line 1134.
    Found 10-bit comparator less for signal <$n0366> created at line 1134.
    Found 10-bit comparator greater for signal <$n0367> created at line 1134.
    Found 10-bit comparator less for signal <$n0368> created at line 1134.
    Found 10-bit comparator greater for signal <$n0369> created at line 1134.
    Found 10-bit comparator less for signal <$n0370> created at line 1134.
    Found 10-bit comparator greater for signal <$n0371> created at line 1134.
    Found 10-bit comparator less for signal <$n0372> created at line 1134.
    Found 10-bit comparator greater for signal <$n0377> created at line 1151.
    Found 10-bit comparator less for signal <$n0378> created at line 1151.
    Found 10-bit comparator greater for signal <$n0379> created at line 1151.
    Found 10-bit comparator less for signal <$n0380> created at line 1151.
    Found 15-bit register for signal <addrkeys>.
    Found 3-bit register for signal <bcolor>.
    Found 3-bit register for signal <ccolor>.
    Found 6-bit register for signal <charsel>.
    Found 1-bit register for signal <enterdata>.
    Found 1-bit register for signal <fg>.
    Found 2-bit register for signal <HaltLatch>.
    Found 1-bit register for signal <kb_state>.
    Found 12-bit register for signal <switches>.
    Found 1-bit register for signal <SwitchHalt>.
    Found 1-bit register for signal <SwitchSStep>.
    Summary:
	inferred   2 ROM(s).
	inferred  56 D-type flip-flop(s).
	inferred  20 Comparator(s).
	inferred   4 Multiplexer(s).
Unit <PDP8panel> synthesized.


Synthesizing Unit <PDP8mem>.
    Related source file is "C:/Xilinx/JohnKent+/V126/PDP8mem_B16.vhd".
    Found 1-bit register for signal <MEMdone>.
    Found 12-bit register for signal <MEMrdata>.
    Found 1-bit xor2 for signal <$n0069> created at line 581.
    Found 1-bit register for signal <ena0>.
    Found 1-bit register for signal <ena1>.
    Found 1-bit register for signal <ena2>.
    Found 1-bit register for signal <ena3>.
    Found 1-bit register for signal <ena4>.
    Found 1-bit register for signal <ena5>.
    Found 1-bit register for signal <ena6>.
    Found 1-bit register for signal <ena7>.
    Found 1-bit register for signal <MEMpending>.
    Found 1-bit register for signal <we>.
    Summary:
	inferred  23 D-type flip-flop(s).
Unit <PDP8mem> synthesized.


Synthesizing Unit <PDP8cpu>.
    Related source file is "C:/Xilinx/JohnKent+/V126/PDP8cpu.vhd".
    Found finite state machine <FSM_1> for signal <R_etat>.
    -----------------------------------------------------------------------
    | States             | 9                                              |
    | Transitions        | 205                                            |
    | Inputs             | 127                                            |
    | Outputs            | 13                                             |
    | Clock              | clk (rising_edge)                              |
    | Clock enable       | $n0085 (positive)                              |
    | Reset              | reset (negative)                               |
    | Reset type         | asynchronous                                   |
    | Reset State        | idle                                           |
    | Power Up State     | idle                                           |
    | Encoding           | automatic                                      |
    | Implementation     | LUT                                            |
    -----------------------------------------------------------------------
    Found 3-bit register for signal <CPUstate<107:105>>.
    Found 1-bit register for signal <IOcaf>.
    Found 15-bit register for signal <MEMaddr>.
    Found 1-bit register for signal <MEMrd>.
    Found 12-bit register for signal <MEMwdata>.
    Found 1-bit register for signal <MEMwr>.
    Found 12-bit register for signal <IOwdata>.
    Found 12-bit adder for signal <$n0027> created at line 389.
    Found 12-bit adder for signal <$n0028> created at line 391.
    Found 15-bit adder for signal <$n0030> created at line 205.
    Found 12-bit adder for signal <$n0031> created at line 449.
    Found 13-bit adder for signal <$n0032> created at line 513.
    Found 13-bit adder for signal <$n0049> created at line 788.
    Found 13-bit adder for signal <$n0057> created at line 672.
    Found 13-bit adder for signal <$n0061> created at line 890.
    Found 13-bit subtractor for signal <$n0065> created at line 937.
    Found 13-bit subtractor for signal <$n0066> created at line 943.
    Found 1-bit 4-to-1 multiplexer for signal <$n0070> created at line 936.
    Found 13-bit 4-to-1 multiplexer for signal <$n0071> created at line 936.
    Found 12-bit adder for signal <$n0072> created at line 958.
    Found 1-bit 4-to-1 multiplexer for signal <$n0073>.
    Found 12-bit adder for signal <$n0075> created at line 995.
    Found 13-bit adder carry in for signal <$n0076> created at line 992.
    Found 12-bit 8-to-1 multiplexer for signal <$n0211>.
    Found 13-bit adder for signal <$n0292> created at line 881.
    Found 12-bit adder for signal <$n0293> created at line 320.
    Found 13-bit adder for signal <$n0296> created at line 950.
    Found 12-bit adder for signal <$n0297> created at line 218.
    Found 4-bit adder for signal <$n0298> created at line 661.
    Found 5-bit adder for signal <$n0299> created at line 905.
    Found 12-bit adder for signal <$n0300>.
    Found 1-bit 4-to-1 multiplexer for signal <$n0309> created at line 714.
    Found 1-bit 4-to-1 multiplexer for signal <$n0310> created at line 714.
    Found 1-bit 4-to-1 multiplexer for signal <$n0315> created at line 714.
    Found 1-bit 4-to-1 multiplexer for signal <$n0316> created at line 714.
    Found 1-bit 4-to-1 multiplexer for signal <$n0317> created at line 714.
    Found 1-bit 4-to-1 multiplexer for signal <$n0318> created at line 714.
    Found 1-bit 4-to-1 multiplexer for signal <$n0319> created at line 714.
    Found 1-bit 4-to-1 multiplexer for signal <$n0320> created at line 714.
    Found 1-bit 4-to-1 multiplexer for signal <$n0321> created at line 714.
    Found 1-bit 4-to-1 multiplexer for signal <$n0322> created at line 714.
    Found 1-bit 4-to-1 multiplexer for signal <$n0323> created at line 714.
    Found 1-bit 4-to-1 multiplexer for signal <$n0324> created at line 714.
    Found 12-bit comparator greatequal for signal <$n0420> created at line 790.
    Found 1-bit xor2 for signal <$n0601> created at line 789.
    Found 1-bit xor2 for signal <$n0726> created at line 761.
    Found 1-bit register for signal <defer>.
    Found 3-bit register for signal <dfld>.
    Found 1-bit register for signal <EAEgtf>.
    Found 1-bit register for signal <EAEmode>.
    Found 5-bit register for signal <EAEop>.
    Found 5-bit register for signal <EAEscnt>.
    Found 1-bit register for signal <fault>.
    Found 3-bit register for signal <ibuf>.
    Found 3-bit register for signal <ifld>.
    Found 1-bit register for signal <iinhibit>.
    Found 6-bit register for signal <io_addr>.
    Found 3-bit register for signal <io_iop>.
    Found 1-bit register for signal <io_start>.
    Found 1-bit register for signal <io_timeout>.
    Found 4-bit register for signal <iocount>.
    Found 3-bit register for signal <ir>.
    Found 13-bit register for signal <lac>.
    Found 1-bit register for signal <lastMdone>.
    Found 2-bit register for signal <laststatus>.
    Found 15-bit register for signal <ma>.
    Found 12-bit register for signal <mb>.
    Found 1-bit register for signal <mbusgrant>.
    Found 12-bit register for signal <mq>.
    Found 1-bit register for signal <mrd>.
    Found 1-bit register for signal <mwr>.
    Found 1-bit register for signal <noshift>.
    Found 12-bit register for signal <pc>.
    Found 3-bit register for signal <pie>.
    Found 1-bit register for signal <run>.
    Found 7-bit register for signal <savfld>.
    Found 1-bit register for signal <ubuf>.
    Found 1-bit register for signal <userflag>.
    Found 1-bit register for signal <userint>.
    Summary:
	inferred   1 Finite State Machine(s).
	inferred 172 D-type flip-flop(s).
	inferred  20 Adder/Subtractor(s).
	inferred   1 Comparator(s).
	inferred  39 Multiplexer(s).
Unit <PDP8cpu> synthesized.


Synthesizing Unit <PDP8sys>.
    Related source file is "C:/Xilinx/JohnKent+/V126/XSA-3S1000/PDP8sys.vhd".
WARNING:Xst:653 - Signal <MEMbusreq> is used but never assigned. Tied to value 1.
WARNING:Xst:646 - Signal <MEMbusgrant> is assigned but never used.
Unit <PDP8sys> synthesized.


Synthesizing Unit <clkdll_divide>.
    Related source file is "C:/Xilinx/JohnKent+/V126/panel_io/clockgen.vhd".
Unit <clkdll_divide> synthesized.


Synthesizing Unit <PDP8_XSA_3S1000>.
    Related source file is "C:/Xilinx/JohnKent+/V126/XSA-3S1000/XSA-3S1000.vhd".
WARNING:Xst:647 - Input <RS232_CTS> is never used.
Unit <PDP8_XSA_3S1000> synthesized.

INFO:Xst:1767 - HDL ADVISOR - Resource sharing has identified that some arithmetic operations in this design can share the same physical resources for reduced device utilization. For improved clock frequency you may try to disable resource sharing.

=========================================================================
HDL Synthesis Report

Macro Statistics
# ROMs                                                 : 5
 16x256-bit ROM                                        : 1
 16x6-bit ROM                                          : 1
 4x1-bit ROM                                           : 2
 4x32-bit ROM                                          : 1
# Adders/Subtractors                                   : 21
 12-bit adder                                          : 8
 13-bit adder                                          : 6
 13-bit adder carry in                                 : 1
 13-bit subtractor                                     : 2
 15-bit adder                                          : 1
 19-bit adder                                          : 1
 4-bit adder                                           : 1
 5-bit adder                                           : 1
# Counters                                             : 5
 10-bit up counter                                     : 2
 19-bit up counter                                     : 2
 21-bit up counter                                     : 1
# Registers                                            : 206
 1-bit register                                        : 166
 10-bit register                                       : 2
 11-bit register                                       : 2
 12-bit register                                       : 9
 15-bit register                                       : 2
 19-bit register                                       : 1
 2-bit register                                        : 7
 3-bit register                                        : 7
 4-bit register                                        : 1
 5-bit register                                        : 2
 6-bit register                                        : 2
 7-bit register                                        : 1
 8-bit register                                        : 3
 9-bit register                                        : 1
# Comparators                                          : 25
 10-bit comparator greater                             : 8
 10-bit comparator less                                : 10
 11-bit comparator greater                             : 1
 12-bit comparator greatequal                          : 1
 20-bit comparator equal                               : 2
 20-bit comparator not equal                           : 2
 7-bit comparator greater                              : 1
# Multiplexers                                         : 31
 1-bit 4-to-1 multiplexer                              : 20
 1-bit 8-to-1 multiplexer                              : 1
 10-bit 4-to-1 multiplexer                             : 2
 12-bit 4-to-1 multiplexer                             : 1
 12-bit 8-to-1 multiplexer                             : 1
 13-bit 4-to-1 multiplexer                             : 1
 19-bit 4-to-1 multiplexer                             : 1
 2-bit 4-to-1 multiplexer                              : 1
 8-bit 32-to-1 multiplexer                             : 1
 8-bit 4-to-1 multiplexer                              : 2
# Xors                                                 : 4
 1-bit xor2                                            : 4

=========================================================================

=========================================================================
*                       Advanced HDL Synthesis                          *
=========================================================================

Analyzing FSM <FSM_1> for best encoding.
Optimizing FSM <PDP8/cpu/R_etat> on signal <R_etat[1:9]> with speed1 encoding.
-----------------------
 State    | Encoding
-----------------------
 idle     | 100000000
 cherche  | 001000000
 decode   | 010000000
 indirect | 000001000
 execute  | 000000100
 opr      | 000100000
 iot      | 000010000
 eaestart | 000000001
 eaestep  | 000000010
-----------------------
Analyzing FSM <FSM_0> for best encoding.
Optimizing FSM <PDP8/ptr/rstate> on signal <rstate[1:2]> with sequential encoding.
-------------------
 State | Encoding
-------------------
 00    | 00
 01    | 01
 10    | 10
-------------------
WARNING:Xst:1293 - FF/Latch  <reading> has a constant value of 1 in block <PS2kb>.
WARNING:Xst:1710 - FF/Latch  <bcolor_2> (without init value) has a constant value of 0 in block <PDP8panel>.
WARNING:Xst:1895 - Due to other FF/Latch trimming, FF/Latch  <bcolor_1> (without init value) has a constant value of 0 in block <PDP8panel>.
WARNING:Xst:1710 - FF/Latch  <ttiflag> (without init value) has a constant value of 0 in block <PDP8tty_0>.
WARNING:Xst:1291 - FF/Latch <dout_0> is unconnected in block <cgen>.
WARNING:Xst:1291 - FF/Latch <TXD> is unconnected in block <tty1>.

=========================================================================
Advanced HDL Synthesis Report

Macro Statistics
# FSMs                                                 : 2
# ROMs                                                 : 5
 16x256-bit ROM                                        : 1
 16x6-bit ROM                                          : 1
 4x1-bit ROM                                           : 2
 4x32-bit ROM                                          : 1
# Adders/Subtractors                                   : 21
 12-bit adder                                          : 8
 13-bit adder                                          : 6
 13-bit adder carry in                                 : 1
 13-bit subtractor                                     : 2
 15-bit adder                                          : 1
 19-bit adder                                          : 1
 4-bit adder                                           : 1
 5-bit adder                                           : 1
# Counters                                             : 5
 10-bit up counter                                     : 2
 19-bit up counter                                     : 2
 21-bit up counter                                     : 1
# Registers                                            : 474
 Flip-Flops                                            : 474
# Comparators                                          : 25
 10-bit comparator greater                             : 8
 10-bit comparator less                                : 10
 11-bit comparator greater                             : 1
 12-bit comparator greatequal                          : 1
 20-bit comparator equal                               : 2
 20-bit comparator not equal                           : 2
 7-bit comparator greater                              : 1
# Multiplexers                                         : 31
 1-bit 4-to-1 multiplexer                              : 20
 1-bit 8-to-1 multiplexer                              : 1
 10-bit 4-to-1 multiplexer                             : 2
 12-bit 4-to-1 multiplexer                             : 1
 12-bit 8-to-1 multiplexer                             : 1
 13-bit 4-to-1 multiplexer                             : 1
 19-bit 4-to-1 multiplexer                             : 1
 2-bit 4-to-1 multiplexer                              : 1
 8-bit 32-to-1 multiplexer                             : 1
 8-bit 4-to-1 multiplexer                              : 2
# Xors                                                 : 4
 1-bit xor2                                            : 4

=========================================================================

=========================================================================
*                         Low Level Synthesis                           *
=========================================================================
WARNING:Xst:1988 - Unit <PDP8tty>: instances <Mcompar__n0076>, <Mcompar__n0085> of unit <LPM_COMPARE_1> and unit <LPM_COMPARE_2> are dual, second instance is removed
WARNING:Xst:1988 - Unit <PDP8tty>: instances <Mcompar__n0084>, <Mcompar__n0108> of unit <LPM_COMPARE_2> and unit <LPM_COMPARE_1> are dual, second instance is removed
WARNING:Xst:1291 - FF/Latch <tty1/tticount_0> is unconnected in block <PDP8sys>.
WARNING:Xst:1291 - FF/Latch <tty1/tticount_1> is unconnected in block <PDP8sys>.
WARNING:Xst:1291 - FF/Latch <cgen/dout_0> is unconnected in block <PDP8panel>.
WARNING:Xst:1710 - FF/Latch  <mbusgrant> (without init value) has a constant value of 0 in block <PDP8cpu>.
Loading device for application Rf_Device from file '3s1000.nph' in environment C:\Xilinx.

Optimizing unit <PDP8_XSA_3S1000> ...

Optimizing unit <PS2kb> ...

Optimizing unit <PDP8mem> ...

Optimizing unit <PDP8sys> ...
WARNING:Xst:1710 - FF/Latch  <tty1/ttirun> (without init value) has a constant value of 1 in block <PDP8sys>.

Optimizing unit <PDP8tty> ...

Optimizing unit <VGASYNC> ...

Optimizing unit <PDP8panel> ...

Optimizing unit <PDP8cpu> ...

Mapping all equations...
WARNING:Xst:1291 - FF/Latch <PDP8/tty1/TXD> is unconnected in block <PDP8_XSA_3S1000>.
Building and optimizing final netlist ...
Found area constraint ratio of 100 (+ 5) on block PDP8_XSA_3S1000, actual ratio is 26.
FlipFlop PDP8/cpu/EAEop_1 has been replicated 1 time(s)
FlipFlop PDP8/cpu/EAEop_2 has been replicated 1 time(s)
FlipFlop PDP8/cpu/EAEop_3 has been replicated 1 time(s)
FlipFlop PDP8/cpu/EAEop_4 has been replicated 1 time(s)
FlipFlop PDP8/cpu/lac_10 has been replicated 1 time(s)
FlipFlop PDP8/cpu/lac_11 has been replicated 1 time(s)
FlipFlop PDP8/cpu/lac_12 has been replicated 1 time(s)
FlipFlop PDP8/cpu/lac_6 has been replicated 1 time(s)
FlipFlop PDP8/cpu/lac_7 has been replicated 1 time(s)
FlipFlop PDP8/cpu/lac_8 has been replicated 1 time(s)
FlipFlop PDP8/cpu/lac_9 has been replicated 1 time(s)
FlipFlop PDP8/cpu/mb_0 has been replicated 1 time(s)
FlipFlop PDP8/cpu/mb_1 has been replicated 1 time(s)
FlipFlop PDP8/cpu/mb_10 has been replicated 2 time(s)
FlipFlop PDP8/cpu/mb_11 has been replicated 2 time(s)
FlipFlop PDP8/cpu/mb_2 has been replicated 1 time(s)
FlipFlop PDP8/cpu/mb_3 has been replicated 2 time(s)
FlipFlop PDP8/cpu/mb_4 has been replicated 2 time(s)
FlipFlop PDP8/cpu/mb_5 has been replicated 1 time(s)
FlipFlop PDP8/cpu/mb_6 has been replicated 3 time(s)
FlipFlop PDP8/cpu/mb_7 has been replicated 2 time(s)
FlipFlop PDP8/cpu/mb_8 has been replicated 3 time(s)
FlipFlop PDP8/cpu/mb_9 has been replicated 3 time(s)
FlipFlop PDP8/panel/charsel_2 has been replicated 4 time(s)
FlipFlop PDP8/panel/charsel_3 has been replicated 4 time(s)
FlipFlop PDP8/panel/charsel_4 has been replicated 4 time(s)
FlipFlop PDP8/panel/charsel_5 has been replicated 4 time(s)
FlipFlop PDP8/panel/sync/h_count_3 has been replicated 4 time(s)
FlipFlop PDP8/panel/sync/h_count_4 has been replicated 4 time(s)
FlipFlop PDP8/panel/sync/h_count_5 has been replicated 4 time(s)
FlipFlop PDP8/panel/sync/h_count_6 has been replicated 4 time(s)
FlipFlop PDP8/panel/sync/h_count_7 has been replicated 4 time(s)
FlipFlop PDP8/panel/sync/h_count_8 has been replicated 4 time(s)
FlipFlop PDP8/panel/sync/h_count_9 has been replicated 3 time(s)
FlipFlop PDP8/panel/sync/v_count_0 has been replicated 2 time(s)
FlipFlop PDP8/panel/sync/v_count_1 has been replicated 1 time(s)
FlipFlop PDP8/panel/sync/v_count_3 has been replicated 2 time(s)
FlipFlop PDP8/panel/sync/v_count_4 has been replicated 2 time(s)
FlipFlop PDP8/panel/sync/v_count_5 has been replicated 2 time(s)
FlipFlop PDP8/panel/sync/v_count_6 has been replicated 1 time(s)
FlipFlop PDP8/panel/sync/v_count_7 has been replicated 2 time(s)
FlipFlop PDP8/panel/sync/v_count_8 has been replicated 1 time(s)

=========================================================================
*                            Final Report                               *
=========================================================================
Final Results
RTL Top Level Output File Name     : PDP8_XSA_3S1000.ngr
Top Level Output File Name         : PDP8_XSA_3S1000
Output Format                      : NGC
Optimization Goal                  : Speed
Keep Hierarchy                     : NO

Design Statistics
# IOs                              : 27

Cell Usage :
# BELS                             : 4144
#      GND                         : 1
#      INV                         : 36
#      LUT1                        : 132
#      LUT1_L                      : 39
#      LUT2                        : 229
#      LUT2_D                      : 58
#      LUT2_L                      : 141
#      LUT3                        : 351
#      LUT3_D                      : 47
#      LUT3_L                      : 165
#      LUT4                        : 1647
#      LUT4_D                      : 144
#      LUT4_L                      : 444
#      MUXCY                       : 306
#      MUXF5                       : 105
#      MUXF6                       : 23
#      MUXF7                       : 10
#      MUXF8                       : 4
#      VCC                         : 1
#      XORCY                       : 261
# FlipFlops/Latches                : 636
#      FD                          : 5
#      FDC                         : 10
#      FDCE                        : 234
#      FDCE_1                      : 10
#      FDCPE                       : 21
#      FDE                         : 181
#      FDE_1                       : 7
#      FDP                         : 11
#      FDPE                        : 21
#      FDPE_1                      : 13
#      FDR                         : 45
#      FDRE                        : 23
#      FDRS                        : 12
#      FDS                         : 43
# RAMS                             : 24
#      RAMB16_S4                   : 24
# Clock Buffers                    : 2
#      BUFG                        : 2
# IO Buffers                       : 26
#      IBUF                        : 4
#      IBUFG                       : 1
#      OBUF                        : 21
# DLLs                             : 1
#      CLKDLL                      : 1
=========================================================================

Device utilization summary:
---------------------------

Selected Device : 3s1000ft256-4 

 Number of Slices:                    1836  out of   7680    23%  
 Number of Slice Flip Flops:           636  out of  15360     4%  
 Number of 4 input LUTs:              3397  out of  15360    22%  
 Number of bonded IOBs:                 26  out of    173    15%  
 Number of BRAMs:                       24  out of     24   100%  
 Number of GCLKs:                        2  out of      8    25%  


=========================================================================
TIMING REPORT

NOTE: THESE TIMING NUMBERS ARE ONLY A SYNTHESIS ESTIMATE.
      FOR ACCURATE TIMING INFORMATION PLEASE REFER TO THE TRACE REPORT
      GENERATED AFTER PLACE-and-ROUTE.

Clock Information:
------------------
-----------------------------------+------------------------+-------+
Clock Signal                       | Clock buffer(FF name)  | Load  |
-----------------------------------+------------------------+-------+
CLK100                             | clks/clkdll_1:CLKDV    | 636   |
-----------------------------------+------------------------+-------+

Timing Summary:
---------------
Speed Grade: -4

   Minimum period: 4.164ns (Maximum Frequency: 240.183MHz)
   Minimum input arrival time before clock: 8.482ns
   Maximum output required time after clock: 9.417ns
   Maximum combinational path delay: No path found

Timing Detail:
--------------
All values displayed in nanoseconds (ns)

=========================================================================
Timing constraint: Default period analysis for Clock 'CLK100'
  Clock period: 4.164ns (frequency: 240.183MHz)
  Total number of paths / destination ports: 111590 / 1223
-------------------------------------------------------------------------
Delay:               8.327ns (Levels of Logic = 6)
  Source:            PDP8/panel/charsel_2_1 (FF)
  Destination:       PDP8/panel/cgen/dout_3 (FF)
  Source Clock:      CLK100 rising 0.3X
  Destination Clock: CLK100 falling 0.3X

  Data Path: PDP8/panel/charsel_2_1 to PDP8/panel/cgen/dout_3
                                Gate     Net
    Cell:in->out      fanout   Delay   Delay  Logical Name (Net Name)
    ----------------------------------------  ------------
     FDS:C->Q              5   0.720   1.260  PDP8/panel/charsel_2_1 (PDP8/panel/charsel_2_1)
     LUT4:I0->O            1   0.551   0.996  PDP8/panel/Mrom_data_cgen/Mrom__n00029 (PDP8/panel/N12)
     LUT3_L:I1->LO         1   0.551   0.168  PDP8/panel/pixel_row<1>_rn_30_SW0 (N15740)
     LUT4:I2->O            1   0.551   0.996  PDP8/panel/pixel_row<1>_rn_30 (PDP8/panel/mux_12_pixel_row<1>_MUXF531)
     LUT3_L:I1->LO         1   0.551   0.000  PDP8/panel/charsel<0>_rn_811_F (N15833)
     MUXF5:I0->O           1   0.360   0.869  PDP8/panel/charsel<0>_rn_811 (PDP8/panel/mux_12_charsel<0>_MUXF77)
     LUT3_L:I2->LO         1   0.551   0.000  PDP8/panel/cgen/Mmux_rdata_cgen/rdata<0>_cgen/rdata<0>_rn_21 (PDP8/panel/cgen/rdata<4>)
     FDE_1:D                   0.203          PDP8/panel/cgen/dout_3
    ----------------------------------------
    Total                      8.327ns (4.038ns logic, 4.289ns route)
                                       (48.5% logic, 51.5% route)

=========================================================================
Timing constraint: Default OFFSET IN BEFORE for Clock 'CLK100'
  Total number of paths / destination ports: 244 / 223
-------------------------------------------------------------------------
Offset:              8.482ns (Levels of Logic = 4)
  Source:            SW2_N (PAD)
  Destination:       PDP8/console/ttocount_18 (FF)
  Destination Clock: CLK100 rising 0.3X

  Data Path: SW2_N to PDP8/console/ttocount_18
                                Gate     Net
    Cell:in->out      fanout   Delay   Delay  Logical Name (Net Name)
    ----------------------------------------  ------------
     IBUF:I->O            41   0.821   2.100  SW2_N_IBUF (SW2_N_IBUF)
     LUT2:I1->O           80   0.551   2.323  PDP8/console/ttocount_18__n00011 (PDP8/tty1/_n0118_INV)
     LUT4:I1->O           14   0.551   1.382  PDP8/console/Ker121 (PDP8/console/N12)
     LUT2:I1->O            1   0.551   0.000  PDP8/console/ttocount_18__n00001 (PDP8/console/ttocount_0_18__n0000)
     FDCPE:D                   0.203          PDP8/console/ttocount_18
    ----------------------------------------
    Total                      8.482ns (2.677ns logic, 5.805ns route)
                                       (31.6% logic, 68.4% route)

=========================================================================
Timing constraint: Default OFFSET OUT AFTER for Clock 'CLK100'
  Total number of paths / destination ports: 13 / 13
-------------------------------------------------------------------------
Offset:              9.417ns (Levels of Logic = 2)
  Source:            PDP8/console/ttirun (FF)
  Destination:       RS232_RTS (PAD)
  Source Clock:      CLK100 rising 0.3X

  Data Path: PDP8/console/ttirun to RS232_RTS
                                Gate     Net
    Cell:in->out      fanout   Delay   Delay  Logical Name (Net Name)
    ----------------------------------------  ------------
     FDPE:C->Q            23   0.720   1.701  PDP8/console/ttirun (PDP8/console/ttirun)
     INV:I->O              1   0.551   0.801  PDP8/console/RTS1_INV_0 (RS232_RTS_OBUF)
     OBUF:I->O                 5.644          RS232_RTS_OBUF (RS232_RTS)
    ----------------------------------------
    Total                      9.417ns (6.915ns logic, 2.502ns route)
                                       (73.4% logic, 26.6% route)

=========================================================================
CPU : 114.48 / 114.77 s | Elapsed : 115.00 / 115.00 s
 
--> 

Total memory usage is 218372 kilobytes

Number of errors   :    0 (   0 filtered)
Number of warnings :   64 (   0 filtered)
Number of infos    :    8 (   0 filtered)

