--------------------------------------------------------------------------------
Release 8.1i Trace I.24
Copyright (c) 1995-2005 Xilinx, Inc.  All rights reserved.

C:\Xilinx\bin\nt\trce.exe -ise XSA-3S1000.ise -intstyle ise -e 3 -l 3 -s 4 -xml
PDP8_XSA_3S1000 PDP8_XSA_3S1000.ncd -o PDP8_XSA_3S1000.twr PDP8_XSA_3S1000.pcf


Design file:              pdp8_xsa_3s1000.ncd
Physical constraint file: pdp8_xsa_3s1000.pcf
Device,speed:             xc3s1000,-4 (PRODUCTION 1.37 2005-11-04)
Report level:             error report

Environment Variable      Effect 
--------------------      ------ 
NONE                      No environment variables were set
--------------------------------------------------------------------------------

INFO:Timing:2752 - To get complete path coverage, use the unconstrained paths
   option. All paths that are not constrained will be reported in the
   unconstrained paths section(s) of the report.

================================================================================
Timing constraint: TS_clk = PERIOD TIMEGRP "CLK100" 10 ns HIGH 50%;

 0 items analyzed, 0 timing errors detected.
--------------------------------------------------------------------------------

================================================================================
Timing constraint: TS_clks_CLKDV = PERIOD TIMEGRP "clks_CLKDV" TS_clk * 4 HIGH 50%;

 112107 items analyzed, 0 timing errors detected. (0 setup errors, 0 hold errors)
 Minimum period is  29.570ns.
--------------------------------------------------------------------------------


All constraints were met.


Data Sheet report:
-----------------
All values displayed in nanoseconds (ns)

Clock to Setup on destination clock CLK100
---------------+---------+---------+---------+---------+
               | Src:Rise| Src:Fall| Src:Rise| Src:Fall|
Source Clock   |Dest:Rise|Dest:Rise|Dest:Fall|Dest:Fall|
---------------+---------+---------+---------+---------+
CLK100         |   18.512|   14.785|   13.789|   17.539|
---------------+---------+---------+---------+---------+


Timing summary:
---------------

Timing errors: 0  Score: 0

Constraints cover 112107 paths, 0 nets, and 13696 connections

Design statistics:
   Minimum period:  29.570ns (Maximum frequency:  33.818MHz)


Analysis completed Tue Mar 06 10:12:58 2007
--------------------------------------------------------------------------------



Peak Memory Usage: 142 MB
