Release 7.1.04i - xst H.42
Copyright (c) 1995-2005 Xilinx, Inc.  All rights reserved.
--> PMSPEC -- Overriding Xilinx file <G:/Xilinx_ISE_7.1i/data/unsupported> with local file <G:/Xilinx_ISE_7.1i/data/unsupported>
Parameter TMPDIR set to __projnav
CPU : 0.00 / 1.45 s | Elapsed : 0.00 / 1.00 s
 
--> Parameter xsthdpdir set to ./xst
CPU : 0.00 / 1.46 s | Elapsed : 0.00 / 1.00 s
 
--> Reading design: pdp8_xsa_3s1000.prj

TABLE OF CONTENTS
  1) Synthesis Options Summary
  2) HDL Compilation
  3) HDL Analysis
  4) HDL Synthesis
  5) Advanced HDL Synthesis
     5.1) HDL Synthesis Report
  6) Low Level Synthesis
  7) Final Report
     7.1) Device utilization summary
     7.2) TIMING REPORT


=========================================================================
*                      Synthesis Options Summary                        *
=========================================================================
---- Source Parameters
Input File Name                    : "pdp8_xsa_3s1000.prj"
Input Format                       : mixed
Ignore Synthesis Constraint File   : NO

---- Target Parameters
Output File Name                   : "pdp8_xsa_3s1000"
Output Format                      : NGC
Target Device                      : xc3s1000-4-ft256

---- Source Options
Top Module Name                    : pdp8_xsa_3s1000
Automatic FSM Extraction           : YES
FSM Encoding Algorithm             : Auto
FSM Style                          : lut
RAM Extraction                     : Yes
RAM Style                          : Auto
ROM Extraction                     : Yes
ROM Style                          : Auto
Mux Extraction                     : YES
Mux Style                          : Auto
Decoder Extraction                 : YES
Priority Encoder Extraction        : YES
Shift Register Extraction          : YES
Logical Shifter Extraction         : YES
XOR Collapsing                     : YES
Resource Sharing                   : YES
Multiplier Style                   : auto
Automatic Register Balancing       : No

---- Target Options
Add IO Buffers                     : YES
Global Maximum Fanout              : 500
Add Generic Clock Buffer(BUFG)     : 8
Register Duplication               : YES
Equivalent register Removal        : YES
Slice Packing                      : YES
Pack IO Registers into IOBs        : auto

---- General Options
Optimization Goal                  : Speed
Optimization Effort                : 1
Keep Hierarchy                     : NO
Global Optimization                : AllClockNets
RTL Output                         : Yes
Write Timing Constraints           : NO
Hierarchy Separator                : _
Bus Delimiter                      : <>
Case Specifier                     : maintain
Slice Utilization Ratio            : 100
Slice Utilization Ratio Delta      : 5

---- Other Options
lso                                : pdp8_xsa_3s1000.lso
Read Cores                         : YES
cross_clock_analysis               : NO
verilog2001                        : YES
safe_implementation                : No
Optimize Instantiated Primitives   : NO
use_clock_enable                   : Yes
use_sync_set                       : Yes
use_sync_reset                     : Yes
enable_auto_floorplanning          : No

=========================================================================


=========================================================================
*                          HDL Compilation                              *
=========================================================================
Compiling vhdl file "G:/Vhdl/PDP8-v_1.24/V124/XSA-3S1000/../panel_io/cgen.vhd" in Library work.
Compiling vhdl file "G:/Vhdl/PDP8-v_1.24/V124/XSA-3S1000/../PDP8.vhd" in Library work.
Compiling vhdl file "G:/Vhdl/PDP8-v_1.24/V124/XSA-3S1000/../panel_io/ps2kb.vhd" in Library work.
Architecture kbscan of Entity ps2kb is up to date.
Compiling vhdl file "G:/Vhdl/PDP8-v_1.24/V124/XSA-3S1000/../panel_io/vgasync.vhd" in Library work.
Architecture video of Entity vgasync is up to date.
Compiling vhdl file "G:/Vhdl/PDP8-v_1.24/V124/XSA-3S1000/../panel_io/chargen_slice.vhd" in Library work.
Entity <chargen> compiled.
Entity <chargen> (Architecture <rtl>) compiled.
Compiling vhdl file "G:/Vhdl/PDP8-v_1.24/V124/XSA-3S1000/../PDP8cpu.vhd" in Library work.
Architecture rtl of Entity pdp8cpu is up to date.
Compiling vhdl file "G:/Vhdl/PDP8-v_1.24/V124/XSA-3S1000/../PDP8mem_B16.vhd" in Library work.
Architecture rtl of Entity pdp8mem is up to date.
Compiling vhdl file "G:/Vhdl/PDP8-v_1.24/V124/XSA-3S1000/../pdp8panel.vhd" in Library work.
Architecture rtl of Entity pdp8panel is up to date.
Compiling vhdl file "G:/Vhdl/PDP8-v_1.24/V124/XSA-3S1000/../PDP8dk8.vhd" in Library work.
Architecture rtl of Entity pdp8dk8 is up to date.
Compiling vhdl file "G:/Vhdl/PDP8-v_1.24/V124/XSA-3S1000/../PDP8tty.vhd" in Library work.
Architecture rtl of Entity pdp8tty is up to date.
Compiling vhdl file "G:/Vhdl/PDP8-v_1.24/V124/XSA-3S1000/../panel_io/clockgen.vhd" in Library work.
Architecture behavioral of Entity clkdll_divide is up to date.
Compiling vhdl file "G:/Vhdl/PDP8-v_1.24/V124/XSA-3S1000/PDP8sys.vhd" in Library work.
Architecture struct of Entity pdp8sys is up to date.
Compiling vhdl file "G:/Vhdl/PDP8-v_1.24/V124/XSA-3S1000/XSA-3S1000.vhd" in Library work.
Architecture struct of Entity pdp8_xsa_3s1000 is up to date.

=========================================================================
*                            HDL Analysis                               *
=========================================================================
Analyzing Entity <pdp8_xsa_3s1000> (Architecture <struct>).
WARNING:Xst:753 - "G:/Vhdl/PDP8-v_1.24/V124/XSA-3S1000/XSA-3S1000.vhd" line 81: Unconnected output port 'clk_fast' of component 'clkdll_divide'.
WARNING:Xst:753 - "G:/Vhdl/PDP8-v_1.24/V124/XSA-3S1000/XSA-3S1000.vhd" line 95: Unconnected output port 'TTY1txd' of component 'PDP8sys'.
Entity <pdp8_xsa_3s1000> analyzed. Unit <pdp8_xsa_3s1000> generated.

Analyzing generic Entity <clkdll_divide> (Architecture <behavioral>).
	CLOCK_RATIO = 4.000000
WARNING:Xst:766 - "G:/Vhdl/PDP8-v_1.24/V124/XSA-3S1000/../panel_io/clockgen.vhd" line 49: Generating a Black Box for component <IBUFG>.
WARNING:Xst:753 - "G:/Vhdl/PDP8-v_1.24/V124/XSA-3S1000/../panel_io/clockgen.vhd" line 51: Unconnected output port 'CLK90' of component 'CLKDLL'.
WARNING:Xst:753 - "G:/Vhdl/PDP8-v_1.24/V124/XSA-3S1000/../panel_io/clockgen.vhd" line 51: Unconnected output port 'CLK180' of component 'CLKDLL'.
WARNING:Xst:753 - "G:/Vhdl/PDP8-v_1.24/V124/XSA-3S1000/../panel_io/clockgen.vhd" line 51: Unconnected output port 'CLK270' of component 'CLKDLL'.
WARNING:Xst:753 - "G:/Vhdl/PDP8-v_1.24/V124/XSA-3S1000/../panel_io/clockgen.vhd" line 51: Unconnected output port 'CLK2X' of component 'CLKDLL'.
WARNING:Xst:753 - "G:/Vhdl/PDP8-v_1.24/V124/XSA-3S1000/../panel_io/clockgen.vhd" line 51: Unconnected output port 'LOCKED' of component 'CLKDLL'.
WARNING:Xst:766 - "G:/Vhdl/PDP8-v_1.24/V124/XSA-3S1000/../panel_io/clockgen.vhd" line 51: Generating a Black Box for component <CLKDLL>.
WARNING:Xst:766 - "G:/Vhdl/PDP8-v_1.24/V124/XSA-3S1000/../panel_io/clockgen.vhd" line 63: Generating a Black Box for component <BUFG>.
WARNING:Xst:766 - "G:/Vhdl/PDP8-v_1.24/V124/XSA-3S1000/../panel_io/clockgen.vhd" line 64: Generating a Black Box for component <BUFG>.
Entity <clkdll_divide> analyzed. Unit <clkdll_divide> generated.

Analyzing generic Entity <PDP8sys> (Architecture <struct>).
	SYSCLKFREQ = 25000000
	DOTCLKFREQ = 25000000
WARNING:Xst:753 - "G:/Vhdl/PDP8-v_1.24/V124/XSA-3S1000/PDP8sys.vhd" line 210: Unconnected output port 'LEDS' of component 'PDP8panel'.
Entity <PDP8sys> analyzed. Unit <PDP8sys> generated.

Analyzing Entity <PDP8cpu> (Architecture <rtl>).
INFO:Xst:1304 - Contents of register <CPUstate<108>> in unit <PDP8cpu> never changes during circuit operation. The register is replaced by logic.
Entity <PDP8cpu> analyzed. Unit <PDP8cpu> generated.

Analyzing Entity <PDP8mem> (Architecture <rtl>).
WARNING:Xst:766 - "G:/Vhdl/PDP8-v_1.24/V124/XSA-3S1000/../PDP8mem_B16.vhd" line 91: Generating a Black Box for component <RAMB16_S4>.
WARNING:Xst:766 - "G:/Vhdl/PDP8-v_1.24/V124/XSA-3S1000/../PDP8mem_B16.vhd" line 169: Generating a Black Box for component <RAMB16_S4>.
WARNING:Xst:766 - "G:/Vhdl/PDP8-v_1.24/V124/XSA-3S1000/../PDP8mem_B16.vhd" line 247: Generating a Black Box for component <RAMB16_S4>.
WARNING:Xst:766 - "G:/Vhdl/PDP8-v_1.24/V124/XSA-3S1000/../PDP8mem_B16.vhd" line 326: Generating a Black Box for component <RAMB16_S4>.
WARNING:Xst:766 - "G:/Vhdl/PDP8-v_1.24/V124/XSA-3S1000/../PDP8mem_B16.vhd" line 336: Generating a Black Box for component <RAMB16_S4>.
WARNING:Xst:766 - "G:/Vhdl/PDP8-v_1.24/V124/XSA-3S1000/../PDP8mem_B16.vhd" line 346: Generating a Black Box for component <RAMB16_S4>.
WARNING:Xst:766 - "G:/Vhdl/PDP8-v_1.24/V124/XSA-3S1000/../PDP8mem_B16.vhd" line 357: Generating a Black Box for component <RAMB16_S4>.
WARNING:Xst:766 - "G:/Vhdl/PDP8-v_1.24/V124/XSA-3S1000/../PDP8mem_B16.vhd" line 367: Generating a Black Box for component <RAMB16_S4>.
WARNING:Xst:766 - "G:/Vhdl/PDP8-v_1.24/V124/XSA-3S1000/../PDP8mem_B16.vhd" line 377: Generating a Black Box for component <RAMB16_S4>.
WARNING:Xst:766 - "G:/Vhdl/PDP8-v_1.24/V124/XSA-3S1000/../PDP8mem_B16.vhd" line 388: Generating a Black Box for component <RAMB16_S4>.
WARNING:Xst:766 - "G:/Vhdl/PDP8-v_1.24/V124/XSA-3S1000/../PDP8mem_B16.vhd" line 398: Generating a Black Box for component <RAMB16_S4>.
WARNING:Xst:766 - "G:/Vhdl/PDP8-v_1.24/V124/XSA-3S1000/../PDP8mem_B16.vhd" line 408: Generating a Black Box for component <RAMB16_S4>.
WARNING:Xst:766 - "G:/Vhdl/PDP8-v_1.24/V124/XSA-3S1000/../PDP8mem_B16.vhd" line 418: Generating a Black Box for component <RAMB16_S4>.
WARNING:Xst:766 - "G:/Vhdl/PDP8-v_1.24/V124/XSA-3S1000/../PDP8mem_B16.vhd" line 428: Generating a Black Box for component <RAMB16_S4>.
WARNING:Xst:766 - "G:/Vhdl/PDP8-v_1.24/V124/XSA-3S1000/../PDP8mem_B16.vhd" line 438: Generating a Black Box for component <RAMB16_S4>.
WARNING:Xst:766 - "G:/Vhdl/PDP8-v_1.24/V124/XSA-3S1000/../PDP8mem_B16.vhd" line 449: Generating a Black Box for component <RAMB16_S4>.
WARNING:Xst:766 - "G:/Vhdl/PDP8-v_1.24/V124/XSA-3S1000/../PDP8mem_B16.vhd" line 459: Generating a Black Box for component <RAMB16_S4>.
WARNING:Xst:766 - "G:/Vhdl/PDP8-v_1.24/V124/XSA-3S1000/../PDP8mem_B16.vhd" line 469: Generating a Black Box for component <RAMB16_S4>.
WARNING:Xst:766 - "G:/Vhdl/PDP8-v_1.24/V124/XSA-3S1000/../PDP8mem_B16.vhd" line 480: Generating a Black Box for component <RAMB16_S4>.
WARNING:Xst:766 - "G:/Vhdl/PDP8-v_1.24/V124/XSA-3S1000/../PDP8mem_B16.vhd" line 490: Generating a Black Box for component <RAMB16_S4>.
WARNING:Xst:766 - "G:/Vhdl/PDP8-v_1.24/V124/XSA-3S1000/../PDP8mem_B16.vhd" line 500: Generating a Black Box for component <RAMB16_S4>.
WARNING:Xst:766 - "G:/Vhdl/PDP8-v_1.24/V124/XSA-3S1000/../PDP8mem_B16.vhd" line 511: Generating a Black Box for component <RAMB16_S4>.
WARNING:Xst:766 - "G:/Vhdl/PDP8-v_1.24/V124/XSA-3S1000/../PDP8mem_B16.vhd" line 521: Generating a Black Box for component <RAMB16_S4>.
WARNING:Xst:766 - "G:/Vhdl/PDP8-v_1.24/V124/XSA-3S1000/../PDP8mem_B16.vhd" line 531: Generating a Black Box for component <RAMB16_S4>.
Entity <PDP8mem> analyzed. Unit <PDP8mem> generated.

Analyzing generic Entity <PDP8panel> (Architecture <rtl>).
	CLKFREQ = 25000000
WARNING:Xst:752 - "G:/Vhdl/PDP8-v_1.24/V124/XSA-3S1000/../pdp8panel.vhd" line 203: Unconnected input port 'kb_led' of component 'PS2kb' is tied to default value.
INFO:Xst:1561 - "G:/Vhdl/PDP8-v_1.24/V124/XSA-3S1000/../pdp8panel.vhd" line 356: Mux is complete : default of case is discarded
INFO:Xst:1561 - "G:/Vhdl/PDP8-v_1.24/V124/XSA-3S1000/../pdp8panel.vhd" line 378: Mux is complete : default of case is discarded
INFO:Xst:1561 - "G:/Vhdl/PDP8-v_1.24/V124/XSA-3S1000/../pdp8panel.vhd" line 400: Mux is complete : default of case is discarded
INFO:Xst:1304 - Contents of register <bblue> in unit <PDP8panel> never changes during circuit operation. The register is replaced by logic.
Entity <PDP8panel> analyzed. Unit <PDP8panel> generated.

Analyzing Entity <PS2kb> (Architecture <kbscan>).
Entity <PS2kb> analyzed. Unit <PS2kb> generated.

Analyzing generic Entity <VGASYNC> (Architecture <video>).
	HSYNC = 96
	HBPORCH = 48
	HACTIVE = 640
	HFPORCH = 16
	HPOLARITY = <u>1
	VSYNC = 2
	VBPORCH = 31
	VACTIVE = 480
	VFPORCH = 11
	VPOLARITY = <u>1
Entity <VGASYNC> analyzed. Unit <VGASYNC> generated.

Analyzing Entity <chargen> (Architecture <rtl>).
Entity <chargen> analyzed. Unit <chargen> generated.

Analyzing generic Entity <PDP8dk8> (Architecture <rtl>).
	IFREQ = 50
	CLKFREQ = 25000000
Entity <PDP8dk8> analyzed. Unit <PDP8dk8> generated.

Analyzing generic Entity <PDP8tty> (Architecture <rtl>).
	KBaddr = <u>000011
	SCRaddr = <u>000100
	BAUDrate0 = 9600
	BAUDrate1 = 2400
	BAUDrate2 = 1200
	BAUDrate3 = 110
	CLKFREQ = 25000000
Entity <PDP8tty> analyzed. Unit <PDP8tty> generated.

Analyzing generic Entity <PDP8tty.0> (Architecture <rtl>).
	KBaddr = <u>100000
	SCRaddr = <u>100001
	BAUDrate0 = 9600
	BAUDrate1 = 2400
	BAUDrate2 = 1200
	BAUDrate3 = 110
	CLKFREQ = 25000000
Entity <PDP8tty.0> analyzed. Unit <PDP8tty.0> generated.


=========================================================================
*                           HDL Synthesis                               *
=========================================================================
INFO:Xst:1304 - Contents of register <led_state> in unit <PS2kb> never changes during circuit operation. The register is replaced by logic.
INFO:Xst:1304 - Contents of register <ttidone> in unit <PDP8tty_0> never changes during circuit operation. The register is replaced by logic.
INFO:Xst:1304 - Contents of register <ttiflag> in unit <PDP8tty_0> never changes during circuit operation. The register is replaced by logic.

Synthesizing Unit <chargen>.
    Related source file is "G:/Vhdl/PDP8-v_1.24/V124/XSA-3S1000/../panel_io/chargen_slice.vhd".
    Found 16x256-bit ROM for signal <$n0003> created at line 68.
    Found 8-bit register for signal <dout>.
    Found 5-bit adder for signal <$n0002> created at line 69.
    Found 8-bit 32-to-1 multiplexer for signal <rdata>.
    Summary:
	inferred   1 ROM(s).
	inferred   8 D-type flip-flop(s).
	inferred   1 Adder/Subtractor(s).
	inferred   8 Multiplexer(s).
Unit <chargen> synthesized.


Synthesizing Unit <VGASYNC>.
    Related source file is "G:/Vhdl/PDP8-v_1.24/V124/XSA-3S1000/../panel_io/vgasync.vhd".
    Found 1-bit register for signal <VGAhsync>.
    Found 1-bit register for signal <VGAvsync>.
    Found 1-bit register for signal <H_blank>.
    Found 10-bit up counter for signal <h_count>.
    Found 1-bit register for signal <V_blank>.
    Found 10-bit up counter for signal <v_count>.
    Summary:
	inferred   2 Counter(s).
	inferred   4 D-type flip-flop(s).
Unit <VGASYNC> synthesized.


Synthesizing Unit <PS2kb>.
    Related source file is "G:/Vhdl/PDP8-v_1.24/V124/XSA-3S1000/../panel_io/ps2kb.vhd".
    Found 10-bit register for signal <kb_scancode>.
    Found 1-bit register for signal <kb_done>.
    Found 1-bit 4-to-1 multiplexer for signal <$n0009>.
    Found 10-bit 4-to-1 multiplexer for signal <$n0011>.
    Found 1-bit 4-to-1 multiplexer for signal <$n0012>.
    Found 10-bit 4-to-1 multiplexer for signal <$n0018>.
    Found 1-bit xor2 for signal <$n0037> created at line 79.
    Found 1-bit register for signal <augflag>.
    Found 5-bit register for signal <last_clk>.
    Found 1-bit register for signal <parity>.
    Found 1-bit register for signal <reading>.
    Found 1-bit register for signal <rlsflag>.
    Found 10-bit register for signal <scanshift>.
    Summary:
	inferred  30 D-type flip-flop(s).
	inferred  22 Multiplexer(s).
Unit <PS2kb> synthesized.


Synthesizing Unit <PDP8tty_0>.
    Related source file is "G:/Vhdl/PDP8-v_1.24/V124/XSA-3S1000/../PDP8tty.vhd".
    Found 1-bit tristate buffer for signal <IOdone>.
    Found 1-bit register for signal <TxD>.
    Found 1-bit tristate buffer for signal <IOinterrupt>.
    Found 1-bit tristate buffer for signal <IOskip>.
    Found 12-bit tristate buffer for signal <IOrdata>.
    Found 2-bit tristate buffer for signal <IOdevstatus>.
    Found 12-bit 4-to-1 multiplexer for signal <$n0036>.
    Found 8-bit 4-to-1 multiplexer for signal <$n0051> created at line 221.
    Found 1-bit 4-to-1 multiplexer for signal <$n0060>.
    Found 1-bit 4-to-1 multiplexer for signal <$n0063>.
    Found 1-bit register for signal <io_done>.
    Found 2-bit register for signal <Mtridata_IOdevstatus> created at line 219.
    Found 1-bit register for signal <Mtridata_IOdone> created at line 166.
    Found 1-bit register for signal <Mtridata_IOinterrupt> created at line 167.
    Found 12-bit register for signal <Mtridata_IOrdata> created at line 224.
    Found 1-bit register for signal <Mtridata_IOskip> created at line 225.
    Found 1-bit register for signal <Mtrien_IOdevstatus> created at line 219.
    Found 1-bit register for signal <Mtrien_IOdone> created at line 166.
    Found 1-bit register for signal <Mtrien_IOinterrupt> created at line 167.
    Found 1-bit register for signal <Mtrien_IOrdata> created at line 224.
    Found 1-bit register for signal <Mtrien_IOskip> created at line 225.
    Found 8-bit register for signal <ttibuff>.
    Found 19-bit up counter for signal <tticount>.
    Found 1-bit register for signal <ttirun>.
    Found 9-bit register for signal <ttishift>.
    Found 1-bit register for signal <ttistarting>.
    Found 8-bit register for signal <ttobuff>.
    Found 1-bit register for signal <ttobusy>.
    Found 1-bit register for signal <ttoclr>.
    Found 19-bit up counter for signal <ttocount>.
    Found 1-bit register for signal <ttodone>.
    Found 1-bit register for signal <ttoflag>.
    Found 1-bit register for signal <ttonew>.
    Found 11-bit register for signal <ttoshift>.
    Found 1-bit register for signal <tty_ienable>.
    Summary:
	inferred   2 Counter(s).
	inferred  68 D-type flip-flop(s).
	inferred  22 Multiplexer(s).
	inferred  17 Tristate(s).
Unit <PDP8tty_0> synthesized.


Synthesizing Unit <PDP8tty>.
    Related source file is "G:/Vhdl/PDP8-v_1.24/V124/XSA-3S1000/../PDP8tty.vhd".
    Found 1-bit tristate buffer for signal <IOdone>.
    Found 1-bit register for signal <TxD>.
    Found 1-bit tristate buffer for signal <IOinterrupt>.
    Found 1-bit tristate buffer for signal <IOskip>.
    Found 12-bit tristate buffer for signal <IOrdata>.
    Found 2-bit tristate buffer for signal <IOdevstatus>.
    Found 12-bit 4-to-1 multiplexer for signal <$n0037>.
    Found 19-bit 4-to-1 multiplexer for signal <$n0045>.
    Found 1-bit 8-to-1 multiplexer for signal <$n0048>.
    Found 20-bit comparator equal for signal <$n0049> created at line 142.
    Found 8-bit 4-to-1 multiplexer for signal <$n0052> created at line 221.
    Found 1-bit 4-to-1 multiplexer for signal <$n0063>.
    Found 1-bit 4-to-1 multiplexer for signal <$n0066>.
    Found 19-bit adder for signal <$n0067> created at line 121.
    Found 1-bit 4-to-1 multiplexer for signal <$n0078>.
    Found 20-bit comparator equal for signal <$n0080> created at line 104.
    Found 1-bit 4-to-1 multiplexer for signal <$n0084>.
    Found 1-bit 4-to-1 multiplexer for signal <$n0086>.
    Found 20-bit comparator not equal for signal <$n0093> created at line 142.
    Found 20-bit comparator not equal for signal <$n0094> created at line 104.
    Found 32-bit 4-to-1 multiplexer for signal <BAUD>.
    Found 1-bit register for signal <io_done>.
    Found 2-bit register for signal <Mtridata_IOdevstatus> created at line 219.
    Found 1-bit register for signal <Mtridata_IOdone> created at line 166.
    Found 1-bit register for signal <Mtridata_IOinterrupt> created at line 167.
    Found 12-bit register for signal <Mtridata_IOrdata> created at line 224.
    Found 1-bit register for signal <Mtridata_IOskip> created at line 225.
    Found 1-bit register for signal <Mtrien_IOdevstatus> created at line 219.
    Found 1-bit register for signal <Mtrien_IOdone> created at line 166.
    Found 1-bit register for signal <Mtrien_IOinterrupt> created at line 167.
    Found 1-bit register for signal <Mtrien_IOrdata> created at line 224.
    Found 1-bit register for signal <Mtrien_IOskip> created at line 225.
    Found 8-bit register for signal <ttibuff>.
    Found 19-bit register for signal <tticount>.
    Found 1-bit register for signal <ttidone>.
    Found 1-bit register for signal <ttiflag>.
    Found 1-bit register for signal <ttirun>.
    Found 9-bit register for signal <ttishift>.
    Found 1-bit register for signal <ttistarting>.
    Found 8-bit register for signal <ttobuff>.
    Found 1-bit register for signal <ttobusy>.
    Found 1-bit register for signal <ttoclr>.
    Found 19-bit up counter for signal <ttocount>.
    Found 1-bit register for signal <ttodone>.
    Found 1-bit register for signal <ttoflag>.
    Found 1-bit register for signal <ttonew>.
    Found 11-bit register for signal <ttoshift>.
    Found 1-bit register for signal <tty_ienable>.
    Summary:
	inferred   1 Counter(s).
	inferred  89 D-type flip-flop(s).
	inferred   1 Adder/Subtractor(s).
	inferred   4 Comparator(s).
	inferred  77 Multiplexer(s).
	inferred  17 Tristate(s).
Unit <PDP8tty> synthesized.


Synthesizing Unit <PDP8dk8>.
    Related source file is "G:/Vhdl/PDP8-v_1.24/V124/XSA-3S1000/../PDP8dk8.vhd".
    Found 1-bit tristate buffer for signal <IOdone>.
    Found 1-bit tristate buffer for signal <IOinterrupt>.
    Found 1-bit tristate buffer for signal <IOskip>.
    Found 12-bit tristate buffer for signal <IOrdata>.
    Found 2-bit tristate buffer for signal <IOdevstatus>.
    Found 21-bit up counter for signal <clockcounter>.
    Found 1-bit register for signal <clockenable>.
    Found 1-bit register for signal <clockflag>.
    Found 1-bit register for signal <io_done>.
    Found 2-bit register for signal <Mtridata_IOdevstatus> created at line 83.
    Found 12-bit register for signal <Mtridata_IOrdata> created at line 88.
    Found 1-bit register for signal <Mtridata_IOskip> created at line 87.
    Found 1-bit register for signal <Mtrien_IOdevstatus> created at line 83.
    Found 1-bit register for signal <Mtrien_IOrdata> created at line 88.
    Found 1-bit register for signal <Mtrien_IOskip> created at line 87.
    Summary:
	inferred   1 Counter(s).
	inferred  21 D-type flip-flop(s).
	inferred  17 Tristate(s).
Unit <PDP8dk8> synthesized.


Synthesizing Unit <PDP8panel>.
    Related source file is "G:/Vhdl/PDP8-v_1.24/V124/XSA-3S1000/../pdp8panel.vhd".
WARNING:Xst:646 - Signal <charbits<0>> is assigned but never used.
    Register <bgreen> equivalent to <bred> has been removed
    Found 16x12-bit ROM for signal <$n0075>.
    Found 1-bit register for signal <VGAred>.
    Found 1-bit register for signal <VGAblue>.
    Found 5-bit register for signal <CPUcontrol<33:29>>.
    Found 2-bit register for signal <CPUcontrol<1:0>>.
    Found 1-bit register for signal <VGAgreen>.
    Found 1-bit 8-to-1 multiplexer for signal <$n0031> created at line 1381.
    Found 1-bit 4-to-1 multiplexer for signal <$n0039>.
    Found 1-bit 8-to-1 multiplexer for signal <$n0040> created at line 1407.
    Found 1-bit 4-to-1 multiplexer for signal <$n0041>.
    Found 10-bit comparator less for signal <$n0055> created at line 1610.
    Found 1-bit 4-to-1 multiplexer for signal <$n0061>.
    Found 1-bit 4-to-1 multiplexer for signal <$n0062>.
    Found 11-bit comparator greater for signal <$n0071> created at line 502.
    Found 7-bit comparator greater for signal <$n0099> created at line 1228.
    Found 10-bit comparator greater for signal <$n0453> created at line 1407.
    Found 10-bit comparator less for signal <$n0454> created at line 1407.
    Found 10-bit comparator less for signal <$n0455> created at line 1407.
    Found 10-bit comparator greater for signal <$n0456> created at line 1407.
    Found 10-bit comparator less for signal <$n0457> created at line 1407.
    Found 10-bit comparator greater for signal <$n0458> created at line 1420.
    Found 10-bit comparator less for signal <$n0459> created at line 1420.
    Found 10-bit comparator greater for signal <$n0460> created at line 1420.
    Found 10-bit comparator less for signal <$n0461> created at line 1420.
    Found 10-bit comparator greater for signal <$n0469> created at line 1435.
    Found 10-bit comparator less for signal <$n0470> created at line 1435.
    Found 10-bit comparator greater for signal <$n0471> created at line 1435.
    Found 10-bit comparator less for signal <$n0472> created at line 1435.
    Found 10-bit comparator greater for signal <$n0473> created at line 1435.
    Found 10-bit comparator less for signal <$n0474> created at line 1435.
    Found 10-bit comparator greater for signal <$n0475> created at line 1435.
    Found 10-bit comparator less for signal <$n0476> created at line 1435.
    Found 10-bit comparator greater for signal <$n0477> created at line 1435.
    Found 10-bit comparator less for signal <$n0478> created at line 1435.
    Found 10-bit comparator greater for signal <$n0479> created at line 1435.
    Found 10-bit comparator less for signal <$n0480> created at line 1435.
    Found 10-bit comparator greater for signal <$n0481> created at line 1435.
    Found 10-bit comparator less for signal <$n0482> created at line 1435.
    Found 15-bit register for signal <addrkeys>.
    Found 1-bit register for signal <bred>.
    Found 1-bit register for signal <cblue>.
    Found 1-bit register for signal <cgreen>.
    Found 6-bit register for signal <charsel>.
    Found 1-bit register for signal <cred>.
    Found 1-bit register for signal <enterdata>.
    Found 1-bit register for signal <fg>.
    Found 2-bit register for signal <HaltLatch>.
    Found 1-bit register for signal <kb_state>.
    Found 12-bit register for signal <switches>.
    Found 1-bit register for signal <SwitchHalt>.
    Found 1-bit register for signal <SwitchSStep>.
    Summary:
	inferred   1 ROM(s).
	inferred  54 D-type flip-flop(s).
	inferred  26 Comparator(s).
	inferred   6 Multiplexer(s).
Unit <PDP8panel> synthesized.


Synthesizing Unit <PDP8mem>.
    Related source file is "G:/Vhdl/PDP8-v_1.24/V124/XSA-3S1000/../PDP8mem_B16.vhd".
WARNING:Xst:647 - Input <MEMromselect> is never used.
WARNING:Xst:1780 - Signal <zero_nibble> is never used or assigned.
WARNING:Xst:1780 - Signal <enarom> is never used or assigned.
    Found 1-bit tristate buffer for signal <MEMdone>.
    Found 12-bit tristate buffer for signal <MEMrdata>.
    Found 1-bit xor2 for signal <$n0038> created at line 594.
    Found 1-bit register for signal <ena0>.
    Found 1-bit register for signal <ena1>.
    Found 1-bit register for signal <ena2>.
    Found 1-bit register for signal <ena3>.
    Found 1-bit register for signal <ena4>.
    Found 1-bit register for signal <ena5>.
    Found 1-bit register for signal <ena6>.
    Found 1-bit register for signal <ena7>.
    Found 1-bit register for signal <MEMpending>.
    Found 1-bit register for signal <Mtridata_MEMdone> created at line 555.
    Found 12-bit register for signal <Mtridata_MEMrdata> created at line 556.
    Found 1-bit register for signal <Mtrien_MEMdone> created at line 555.
    Found 1-bit register for signal <Mtrien_MEMrdata> created at line 556.
    Found 1-bit register for signal <we>.
    Summary:
	inferred  25 D-type flip-flop(s).
	inferred  13 Tristate(s).
Unit <PDP8mem> synthesized.


Synthesizing Unit <PDP8cpu>.
    Related source file is "G:/Vhdl/PDP8-v_1.24/V124/XSA-3S1000/../PDP8cpu.vhd".
    Found finite state machine <FSM_0> for signal <R_etat>.
    -----------------------------------------------------------------------
    | States             | 9                                              |
    | Transitions        | 205                                            |
    | Inputs             | 127                                            |
    | Outputs            | 9                                              |
    | Clock              | clk (rising_edge)                              |
    | Clock enable       | $n0070 (positive)                              |
    | Reset              | reset (negative)                               |
    | Reset type         | asynchronous                                   |
    | Reset State        | idle                                           |
    | Power Up State     | idle                                           |
    | Encoding           | automatic                                      |
    | Implementation     | LUT                                            |
    -----------------------------------------------------------------------
    Found 3-bit register for signal <CPUstate<107:105>>.
    Found 1-bit tristate buffer for signal <IOcaf>.
    Found 15-bit tristate buffer for signal <MEMaddr>.
    Found 1-bit tristate buffer for signal <MEMrd>.
    Found 12-bit tristate buffer for signal <MEMwdata>.
    Found 1-bit tristate buffer for signal <MEMwr>.
    Found 12-bit register for signal <IOwdata>.
    Found 12-bit adder for signal <$n0018> created at line 374.
    Found 12-bit adder for signal <$n0019> created at line 376.
    Found 15-bit adder for signal <$n0021> created at line 201.
    Found 12-bit adder for signal <$n0022> created at line 434.
    Found 13-bit adder for signal <$n0023> created at line 498.
    Found 13-bit adder for signal <$n0040> created at line 773.
    Found 13-bit adder for signal <$n0048> created at line 657.
    Found 13-bit adder for signal <$n0052> created at line 875.
    Found 13-bit subtractor for signal <$n0054> created at line 912.
    Found 13-bit subtractor for signal <$n0055> created at line 918.
    Found 1-bit 4-to-1 multiplexer for signal <$n0059> created at line 911.
    Found 13-bit 4-to-1 multiplexer for signal <$n0060> created at line 911.
    Found 12-bit adder for signal <$n0061> created at line 933.
    Found 1-bit 4-to-1 multiplexer for signal <$n0062>.
    Found 12-bit adder for signal <$n0064> created at line 970.
    Found 13-bit adder carry in for signal <$n0065> created at line 967.
    Found 12-bit 8-to-1 multiplexer for signal <$n0192>.
    Found 13-bit adder for signal <$n0274> created at line 866.
    Found 12-bit adder for signal <$n0275> created at line 305.
    Found 13-bit adder for signal <$n0278> created at line 925.
    Found 12-bit adder for signal <$n0279> created at line 214.
    Found 4-bit adder for signal <$n0280> created at line 646.
    Found 5-bit adder for signal <$n0281> created at line 894.
    Found 12-bit adder for signal <$n0282>.
    Found 1-bit 4-to-1 multiplexer for signal <$n0296> created at line 699.
    Found 1-bit 4-to-1 multiplexer for signal <$n0297> created at line 699.
    Found 1-bit 4-to-1 multiplexer for signal <$n0301> created at line 699.
    Found 1-bit 4-to-1 multiplexer for signal <$n0302> created at line 699.
    Found 1-bit 4-to-1 multiplexer for signal <$n0303> created at line 699.
    Found 1-bit 4-to-1 multiplexer for signal <$n0304> created at line 699.
    Found 1-bit 4-to-1 multiplexer for signal <$n0305> created at line 699.
    Found 1-bit 4-to-1 multiplexer for signal <$n0306> created at line 699.
    Found 1-bit 4-to-1 multiplexer for signal <$n0307> created at line 699.
    Found 1-bit 4-to-1 multiplexer for signal <$n0308> created at line 699.
    Found 1-bit 4-to-1 multiplexer for signal <$n0309> created at line 699.
    Found 1-bit 4-to-1 multiplexer for signal <$n0310> created at line 699.
    Found 12-bit comparator greatequal for signal <$n0407> created at line 775.
    Found 1-bit xor2 for signal <$n0588> created at line 774.
    Found 1-bit xor2 for signal <$n0710> created at line 746.
    Found 1-bit register for signal <defer>.
    Found 3-bit register for signal <dfld>.
    Found 1-bit register for signal <EAEgtf>.
    Found 1-bit register for signal <EAEmode>.
    Found 5-bit register for signal <EAEop>.
    Found 5-bit register for signal <EAEscnt>.
    Found 1-bit register for signal <fault>.
    Found 3-bit register for signal <ibuf>.
    Found 3-bit register for signal <ifld>.
    Found 1-bit register for signal <iinhibit>.
    Found 6-bit register for signal <io_addr>.
    Found 3-bit register for signal <io_iop>.
    Found 1-bit register for signal <io_start>.
    Found 1-bit register for signal <io_timeout>.
    Found 4-bit register for signal <iocount>.
    Found 3-bit register for signal <ir>.
    Found 13-bit register for signal <lac>.
    Found 1-bit register for signal <lastMdone>.
    Found 2-bit register for signal <laststatus>.
    Found 15-bit register for signal <ma>.
    Found 12-bit register for signal <mb>.
    Found 1-bit register for signal <mbusgrant>.
    Found 12-bit register for signal <mq>.
    Found 1-bit register for signal <mrd>.
    Found 1-bit register for signal <Mtridata_IOcaf> created at line 154.
    Found 15-bit register for signal <Mtridata_MEMaddr> created at line 121.
    Found 1-bit register for signal <Mtridata_MEMrd> created at line 118.
    Found 12-bit register for signal <Mtridata_MEMwdata> created at line 120.
    Found 1-bit register for signal <Mtridata_MEMwr> created at line 119.
    Found 1-bit register for signal <Mtrien_IOcaf> created at line 154.
    Found 1-bit register for signal <Mtrien_MEMaddr> created at line 121.
    Found 1-bit register for signal <Mtrien_MEMrd> created at line 118.
    Found 1-bit register for signal <Mtrien_MEMwdata> created at line 120.
    Found 1-bit register for signal <Mtrien_MEMwr> created at line 119.
    Found 1-bit register for signal <mwr>.
    Found 1-bit register for signal <noshift>.
    Found 12-bit register for signal <pc>.
    Found 3-bit register for signal <pie>.
    Found 1-bit register for signal <run>.
    Found 7-bit register for signal <savfld>.
    Found 1-bit register for signal <ubuf>.
    Found 1-bit register for signal <userflag>.
    Found 1-bit register for signal <userint>.
    Summary:
	inferred   1 Finite State Machine(s).
	inferred 177 D-type flip-flop(s).
	inferred  20 Adder/Subtractor(s).
	inferred   1 Comparator(s).
	inferred  39 Multiplexer(s).
	inferred  30 Tristate(s).
Unit <PDP8cpu> synthesized.


Synthesizing Unit <PDP8sys>.
    Related source file is "G:/Vhdl/PDP8-v_1.24/V124/XSA-3S1000/PDP8sys.vhd".
WARNING:Xst:653 - Signal <MEMbusreq> is used but never assigned. Tied to value 1.
WARNING:Xst:646 - Signal <MEMbusgrant> is assigned but never used.
WARNING:Xst:653 - Signal <MEMromselect> is used but never assigned. Tied to value 001.
Unit <PDP8sys> synthesized.


Synthesizing Unit <clkdll_divide>.
    Related source file is "G:/Vhdl/PDP8-v_1.24/V124/XSA-3S1000/../panel_io/clockgen.vhd".
WARNING:Xst:653 - Signal <gnd> is used but never assigned. Tied to value 0.
Unit <clkdll_divide> synthesized.


Synthesizing Unit <pdp8_xsa_3s1000>.
    Related source file is "G:/Vhdl/PDP8-v_1.24/V124/XSA-3S1000/XSA-3S1000.vhd".
WARNING:Xst:647 - Input <SW3_N> is never used.
WARNING:Xst:653 - Signal <DIP_SW1> is used but never assigned. Tied to value 00001001.
Unit <pdp8_xsa_3s1000> synthesized.

INFO:Xst:1767 - HDL ADVISOR - Resource sharing has identified that some arithmetic operations in this design can share the same physical resources for reduced device utilization. For improved clock frequency you may try to disable resource sharing.

=========================================================================
*                       Advanced HDL Synthesis                          *
=========================================================================

Advanced RAM inference ...
Advanced multiplier inference ...
Advanced Registered AddSub inference ...
Analyzing FSM <FSM_0> for best encoding.
Optimizing FSM <FSM_0> on signal <R_etat[1:9]> with speed1 encoding.
-----------------------
 State    | Encoding
-----------------------
 idle     | 100000000
 cherche  | 001000000
 decode   | 010000000
 indirect | 000001000
 execute  | 000000100
 opr      | 000100000
 iot      | 000010000
 eaestart | 000000001
 eaestep  | 000000010
-----------------------
Dynamic shift register inference ...

=========================================================================
HDL Synthesis Report

Macro Statistics
# FSMs                             : 1
# ROMs                             : 2
 16x12-bit ROM                     : 1
 16x256-bit ROM                    : 1
# Adders/Subtractors               : 22
 12-bit adder                      : 8
 13-bit adder                      : 6
 13-bit adder carry in             : 1
 13-bit subtractor                 : 2
 15-bit adder                      : 1
 19-bit adder                      : 1
 4-bit adder                       : 1
 5-bit adder                       : 2
# Counters                         : 6
 10-bit up counter                 : 2
 19-bit up counter                 : 3
 21-bit up counter                 : 1
# Registers                        : 224
 1-bit register                    : 187
 10-bit register                   : 2
 11-bit register                   : 2
 12-bit register                   : 8
 15-bit register                   : 2
 19-bit register                   : 1
 2-bit register                    : 5
 3-bit register                    : 5
 4-bit register                    : 1
 5-bit register                    : 1
 6-bit register                    : 2
 7-bit register                    : 1
 8-bit register                    : 5
 9-bit register                    : 2
# Comparators                      : 31
 10-bit comparator greater         : 11
 10-bit comparator less            : 13
 11-bit comparator greater         : 1
 12-bit comparator greatequal      : 1
 20-bit comparator equal           : 2
 20-bit comparator not equal       : 2
 7-bit comparator greater          : 1
# Multiplexers                     : 39
 1-bit 4-to-1 multiplexer          : 25
 1-bit 8-to-1 multiplexer          : 3
 10-bit 4-to-1 multiplexer         : 2
 12-bit 4-to-1 multiplexer         : 2
 12-bit 8-to-1 multiplexer         : 1
 13-bit 4-to-1 multiplexer         : 1
 19-bit 4-to-1 multiplexer         : 1
 32-bit 4-to-1 multiplexer         : 1
 8-bit 32-to-1 multiplexer         : 1
 8-bit 4-to-1 multiplexer          : 2
# Tristates                        : 22
 1-bit tristate buffer             : 13
 12-bit tristate buffer            : 5
 15-bit tristate buffer            : 1
 2-bit tristate buffer             : 3
# Xors                             : 4
 1-bit xor2                        : 4

=========================================================================

=========================================================================
*                         Low Level Synthesis                           *
=========================================================================
WARNING:Xst:1710 - FF/Latch  <Mtridata_MEMdone> (without init value) has a constant value of 0 in block <PDP8mem>.
WARNING:Xst:1710 - FF/Latch  <Mtridata_IOinterrupt> (without init value) has a constant value of 0 in block <PDP8tty>.
WARNING:Xst:1895 - Due to other FF/Latch trimming, FF/Latch  <Mtridata_IOdone> (without init value) has a constant value of 0 in block <PDP8tty>.
WARNING:Xst:638 - in unit PDP8tty Conflict on KEEP property on signal Mtridata_IOinterrupt and Mtridata_IOdone Mtridata_IOdone signal will be lost.
WARNING:Xst:1710 - FF/Latch  <Mtridata_IOinterrupt> (without init value) has a constant value of 0 in block <PDP8tty_0>.
WARNING:Xst:1895 - Due to other FF/Latch trimming, FF/Latch  <ttibuff_0> (without init value) has a constant value of 0 in block <PDP8tty_0>.
WARNING:Xst:1895 - Due to other FF/Latch trimming, FF/Latch  <Mtridata_IOdone> (without init value) has a constant value of 0 in block <PDP8tty_0>.
WARNING:Xst:1895 - Due to other FF/Latch trimming, FF/Latch  <ttibuff_7> (without init value) has a constant value of 0 in block <PDP8tty_0>.
WARNING:Xst:1895 - Due to other FF/Latch trimming, FF/Latch  <ttibuff_6> (without init value) has a constant value of 0 in block <PDP8tty_0>.
WARNING:Xst:1895 - Due to other FF/Latch trimming, FF/Latch  <ttibuff_5> (without init value) has a constant value of 0 in block <PDP8tty_0>.
WARNING:Xst:1895 - Due to other FF/Latch trimming, FF/Latch  <ttibuff_4> (without init value) has a constant value of 0 in block <PDP8tty_0>.
WARNING:Xst:1895 - Due to other FF/Latch trimming, FF/Latch  <ttibuff_3> (without init value) has a constant value of 0 in block <PDP8tty_0>.
WARNING:Xst:1895 - Due to other FF/Latch trimming, FF/Latch  <ttibuff_2> (without init value) has a constant value of 0 in block <PDP8tty_0>.
WARNING:Xst:1895 - Due to other FF/Latch trimming, FF/Latch  <ttibuff_1> (without init value) has a constant value of 0 in block <PDP8tty_0>.
WARNING:Xst:638 - in unit PDP8tty_0 Conflict on KEEP property on signal Mtridata_IOinterrupt and Mtridata_IOdone Mtridata_IOdone signal will be lost.
WARNING:Xst:1293 - FF/Latch  <reading> has a constant value of 1 in block <PS2kb>.
WARNING:Xst:1710 - FF/Latch  <Mtridata_IOcaf> (without init value) has a constant value of 0 in block <PDP8cpu>.
WARNING:Xst:1291 - FF/Latch <TxD> is unconnected in block <tty1>.
WARNING:Xst:1291 - FF/Latch <dout_0> is unconnected in block <cgen>.
WARNING:Xst:1291 - FF/Latch <cgen_dout_0> is unconnected in block <PDP8panel>.
WARNING:Xst:637 - Naming conflict between signal N3 of unit MUX_BLOCK and signal MUX_BLOCK_N3 of unit PDP8panel : renaming MUX_BLOCK_N3 to MUX_BLOCK_N312.
WARNING:Xst:637 - Naming conflict between signal N0 of unit MUX_BLOCK and signal MUX_BLOCK_N0 of unit PDP8panel : renaming MUX_BLOCK_N0 to MUX_BLOCK_N01.
WARNING:Xst:637 - Naming conflict between signal N2 of unit MUX_BLOCK and signal MUX_BLOCK_N2 of unit PDP8panel : renaming MUX_BLOCK_N2 to MUX_BLOCK_N212.
WARNING:Xst:1710 - FF/Latch  <mbusgrant> (without init value) has a constant value of 0 in block <PDP8cpu>.
WARNING:Xst:2042 - Unit PDP8mem: 13 internal tristates are replaced by logic (pull-up yes): MEMdone, MEMrdata<0>, MEMrdata<10>, MEMrdata<11>, MEMrdata<1>, MEMrdata<2>, MEMrdata<3>, MEMrdata<4>, MEMrdata<5>, MEMrdata<6>, MEMrdata<7>, MEMrdata<8>, MEMrdata<9>.
WARNING:Xst:2042 - Unit PDP8dk8: 17 internal tristates are replaced by logic (pull-up yes): IOdevstatus<0>, IOdevstatus<1>, IOdone, IOinterrupt, IOrdata<0>, IOrdata<10>, IOrdata<11>, IOrdata<1>, IOrdata<2>, IOrdata<3>, IOrdata<4>, IOrdata<5>, IOrdata<6>, IOrdata<7>, IOrdata<8>, IOrdata<9>, IOskip.
WARNING:Xst:2042 - Unit PDP8tty: 17 internal tristates are replaced by logic (pull-up yes): IOdevstatus<0>, IOdevstatus<1>, IOdone, IOinterrupt, IOrdata<0>, IOrdata<10>, IOrdata<11>, IOrdata<1>, IOrdata<2>, IOrdata<3>, IOrdata<4>, IOrdata<5>, IOrdata<6>, IOrdata<7>, IOrdata<8>, IOrdata<9>, IOskip.
WARNING:Xst:2042 - Unit PDP8cpu: 30 internal tristates are replaced by logic (pull-up yes): IOcaf, MEMaddr<0>, MEMaddr<10>, MEMaddr<11>, MEMaddr<12>, MEMaddr<13>, MEMaddr<14>, MEMaddr<1>, MEMaddr<2>, MEMaddr<3>, MEMaddr<4>, MEMaddr<5>, MEMaddr<6>, MEMaddr<7>, MEMaddr<8>, MEMaddr<9>, MEMrd, MEMwdata<0>, MEMwdata<10>, MEMwdata<11>, MEMwdata<1>, MEMwdata<2>, MEMwdata<3>, MEMwdata<4>, MEMwdata<5>, MEMwdata<6>, MEMwdata<7>, MEMwdata<8>, MEMwdata<9>, MEMwr.
WARNING:Xst:2042 - Unit PDP8tty_0: 17 internal tristates are replaced by logic (pull-up yes): IOdevstatus<0>, IOdevstatus<1>, IOdone, IOinterrupt, IOrdata<0>, IOrdata<10>, IOrdata<11>, IOrdata<1>, IOrdata<2>, IOrdata<3>, IOrdata<4>, IOrdata<5>, IOrdata<6>, IOrdata<7>, IOrdata<8>, IOrdata<9>, IOskip.
WARNING:Xst:1291 - FF/Latch <PDP8_tty1_TxD> is unconnected in block <pdp8_xsa_3s1000>.

Optimizing unit <pdp8_xsa_3s1000> ...

Optimizing unit <PS2kb> ...

Optimizing unit <PDP8mem> ...

Optimizing unit <PDP8panel> ...

Optimizing unit <VGASYNC> ...

Optimizing unit <PDP8cpu> ...
Loading device for application Rf_Device from file '3s1000.nph' in environment G:/Xilinx_ISE_7.1i.

Mapping all equations...
Building and optimizing final netlist ...
Found area constraint ratio of 100 (+ 5) on block pdp8_xsa_3s1000, actual ratio is 25.
FlipFlop PDP8_cpu_EAEmode has been replicated 1 time(s)
FlipFlop PDP8_cpu_EAEop_1 has been replicated 2 time(s)
FlipFlop PDP8_cpu_EAEop_2 has been replicated 1 time(s)
FlipFlop PDP8_cpu_EAEop_3 has been replicated 2 time(s)
FlipFlop PDP8_cpu_EAEop_4 has been replicated 2 time(s)
FlipFlop PDP8_cpu_R_etat_FFd2 has been replicated 2 time(s)
FlipFlop PDP8_cpu_R_etat_FFd6 has been replicated 1 time(s)
FlipFlop PDP8_cpu_R_etat_FFd7 has been replicated 1 time(s)
FlipFlop PDP8_cpu_R_etat_FFd8 has been replicated 1 time(s)
FlipFlop PDP8_cpu_ir_0 has been replicated 1 time(s)
FlipFlop PDP8_cpu_ir_1 has been replicated 1 time(s)
FlipFlop PDP8_cpu_lac_11 has been replicated 1 time(s)
FlipFlop PDP8_cpu_lac_12 has been replicated 3 time(s)
FlipFlop PDP8_cpu_lac_4 has been replicated 1 time(s)
FlipFlop PDP8_cpu_lac_6 has been replicated 1 time(s)
FlipFlop PDP8_cpu_lac_7 has been replicated 1 time(s)
FlipFlop PDP8_cpu_lac_9 has been replicated 1 time(s)
FlipFlop PDP8_cpu_mb_0 has been replicated 3 time(s)
FlipFlop PDP8_cpu_mb_1 has been replicated 2 time(s)
FlipFlop PDP8_cpu_mb_10 has been replicated 2 time(s)
FlipFlop PDP8_cpu_mb_11 has been replicated 4 time(s)
FlipFlop PDP8_cpu_mb_2 has been replicated 1 time(s)
FlipFlop PDP8_cpu_mb_3 has been replicated 2 time(s)
FlipFlop PDP8_cpu_mb_4 has been replicated 2 time(s)
FlipFlop PDP8_cpu_mb_5 has been replicated 1 time(s)
FlipFlop PDP8_cpu_mb_6 has been replicated 3 time(s)
FlipFlop PDP8_cpu_mb_7 has been replicated 4 time(s)
FlipFlop PDP8_cpu_mb_8 has been replicated 3 time(s)
FlipFlop PDP8_cpu_mb_9 has been replicated 2 time(s)
FlipFlop PDP8_panel_charsel_2 has been replicated 9 time(s)
FlipFlop PDP8_panel_charsel_3 has been replicated 5 time(s)
FlipFlop PDP8_panel_charsel_4 has been replicated 13 time(s)
FlipFlop PDP8_panel_charsel_5 has been replicated 9 time(s)
FlipFlop PDP8_panel_sync_h_count_3 has been replicated 5 time(s)
FlipFlop PDP8_panel_sync_h_count_4 has been replicated 5 time(s)
FlipFlop PDP8_panel_sync_h_count_5 has been replicated 5 time(s)
FlipFlop PDP8_panel_sync_h_count_6 has been replicated 6 time(s)
FlipFlop PDP8_panel_sync_h_count_7 has been replicated 5 time(s)
FlipFlop PDP8_panel_sync_h_count_8 has been replicated 5 time(s)
FlipFlop PDP8_panel_sync_h_count_9 has been replicated 4 time(s)
FlipFlop PDP8_panel_sync_v_count_0 has been replicated 3 time(s)
FlipFlop PDP8_panel_sync_v_count_1 has been replicated 1 time(s)
FlipFlop PDP8_panel_sync_v_count_2 has been replicated 1 time(s)
FlipFlop PDP8_panel_sync_v_count_3 has been replicated 3 time(s)
FlipFlop PDP8_panel_sync_v_count_4 has been replicated 3 time(s)
FlipFlop PDP8_panel_sync_v_count_5 has been replicated 3 time(s)
FlipFlop PDP8_panel_sync_v_count_6 has been replicated 3 time(s)
FlipFlop PDP8_panel_sync_v_count_7 has been replicated 3 time(s)
FlipFlop PDP8_panel_sync_v_count_8 has been replicated 3 time(s)
FlipFlop PDP8_panel_sync_v_count_9 has been replicated 1 time(s)

=========================================================================
*                            Final Report                               *
=========================================================================
Final Results
RTL Top Level Output File Name     : pdp8_xsa_3s1000.ngr
Top Level Output File Name         : pdp8_xsa_3s1000
Output Format                      : NGC
Optimization Goal                  : Speed
Keep Hierarchy                     : NO

Design Statistics
# IOs                              : 26

Macro Statistics :
# ROMs                             : 2
#      16x12-bit ROM               : 1
#      16x256-bit ROM              : 1
# Registers                        : 217
#      1-bit register              : 178
#      10-bit register             : 4
#      11-bit register             : 2
#      12-bit register             : 8
#      15-bit register             : 2
#      19-bit register             : 1
#      2-bit register              : 5
#      3-bit register              : 5
#      4-bit register              : 1
#      5-bit register              : 1
#      6-bit register              : 2
#      7-bit register              : 1
#      8-bit register              : 5
#      9-bit register              : 2
# Counters                         : 4
#      19-bit up counter           : 3
#      21-bit up counter           : 1
# Multiplexers                     : 39
#      1-bit 4-to-1 multiplexer    : 25
#      1-bit 8-to-1 multiplexer    : 3
#      10-bit 4-to-1 multiplexer   : 2
#      12-bit 4-to-1 multiplexer   : 2
#      12-bit 8-to-1 multiplexer   : 1
#      13-bit 4-to-1 multiplexer   : 1
#      19-bit 4-to-1 multiplexer   : 1
#      32-bit 4-to-1 multiplexer   : 1
#      8-bit 32-to-1 multiplexer   : 1
#      8-bit 4-to-1 multiplexer    : 2
# Tristates                        : 22
#      1-bit tristate buffer       : 13
#      12-bit tristate buffer      : 5
#      15-bit tristate buffer      : 1
#      2-bit tristate buffer       : 3
# Adders/Subtractors               : 21
#      10-bit adder                : 2
#      12-bit adder                : 8
#      13-bit adder                : 6
#      13-bit adder carry in       : 1
#      13-bit subtractor           : 2
#      15-bit adder                : 1
#      19-bit adder                : 1
# Comparators                      : 31
#      10-bit comparator greater   : 11
#      10-bit comparator less      : 13
#      11-bit comparator greater   : 1
#      12-bit comparator greatequal: 1
#      20-bit comparator equal     : 2
#      20-bit comparator not equal : 2
#      7-bit comparator greater    : 1

Cell Usage :
# BELS                             : 4109
#      GND                         : 1
#      INV                         : 38
#      LUT1                        : 77
#      LUT1_L                      : 62
#      LUT2                        : 232
#      LUT2_D                      : 42
#      LUT2_L                      : 161
#      LUT3                        : 353
#      LUT3_D                      : 45
#      LUT3_L                      : 223
#      LUT4                        : 1463
#      LUT4_D                      : 146
#      LUT4_L                      : 458
#      MUXCY                       : 332
#      MUXF5                       : 133
#      MUXF6                       : 21
#      MUXF7                       : 10
#      MUXF8                       : 4
#      VCC                         : 1
#      XORCY                       : 307
# FlipFlops/Latches                : 712
#      FD                          : 36
#      FDC                         : 5
#      FDCE                        : 199
#      FDCE_1                      : 10
#      FDCPE                       : 2
#      FDE                         : 278
#      FDE_1                       : 19
#      FDP                         : 11
#      FDPE                        : 15
#      FDPE_1                      : 2
#      FDR                         : 55
#      FDRE                        : 34
#      FDRS                        : 22
#      FDS                         : 24
# RAMS                             : 24
#      RAMB16_S4                   : 24
# Clock Buffers                    : 2
#      BUFG                        : 2
# IO Buffers                       : 25
#      IBUF                        : 4
#      IBUFG                       : 1
#      OBUF                        : 20
# DLLs                             : 1
#      CLKDLL                      : 1
=========================================================================

Device utilization summary:
---------------------------

Selected Device : 3s1000ft256-4 

 Number of Slices:                    1764  out of   7680    22%  
 Number of Slice Flip Flops:           712  out of  15360     4%  
 Number of 4 input LUTs:              3262  out of  15360    21%  
 Number of bonded IOBs:                 26  out of    173    15%  
 Number of BRAMs:                       24  out of     24   100%  
 Number of GCLKs:                        2  out of      8    25%  


=========================================================================
TIMING REPORT

NOTE: THESE TIMING NUMBERS ARE ONLY A SYNTHESIS ESTIMATE.
      FOR ACCURATE TIMING INFORMATION PLEASE REFER TO THE TRACE REPORT
      GENERATED AFTER PLACE-and-ROUTE.

Clock Information:
------------------
-----------------------------------+------------------------+-------+
Clock Signal                       | Clock buffer(FF name)  | Load  |
-----------------------------------+------------------------+-------+
CLK100                             | clks_clkdll_1:CLKDV    | 712   |
-----------------------------------+------------------------+-------+

Timing Summary:
---------------
Speed Grade: -4

   Minimum period: 4.193ns (Maximum Frequency: 238.493MHz)
   Minimum input arrival time before clock: 8.491ns
   Maximum output required time after clock: 7.271ns
   Maximum combinational path delay: No path found

Timing Detail:
--------------
All values displayed in nanoseconds (ns)

=========================================================================
Timing constraint: Default period analysis for Clock 'CLK100'
  Clock period: 4.193ns (frequency: 238.493MHz)
  Total number of paths / destination ports: 135709 / 1396
-------------------------------------------------------------------------
Delay:               8.386ns (Levels of Logic = 6)
  Source:            PDP8_panel_charsel_2_1 (FF)
  Destination:       PDP8_panel_cgen_dout_3 (FF)
  Source Clock:      CLK100 rising 0.3X
  Destination Clock: CLK100 falling 0.3X

  Data Path: PDP8_panel_charsel_2_1 to PDP8_panel_cgen_dout_3
                                Gate     Net
    Cell:in->out      fanout   Delay   Delay  Logical Name (Net Name)
    ----------------------------------------  ------------
     FDS:C->Q             14   0.720   1.526  PDP8_panel_charsel_2_1 (PDP8_panel_charsel_2_1)
     LUT4:I0->O            2   0.551   1.072  PDP8_panel_cgen_Mrom__n0003_inst_lut4_911 (PDP8_panel_cgen_rvect<164>)
     LUT4_L:I1->LO         1   0.551   0.000  PDP8_panel_cgen__n0009<1>_rn_17_G (N16408)
     MUXF5:I1->O           2   0.360   1.072  PDP8_panel_cgen__n0009<1>_rn_17 (PDP8_panel_MUX_BLOCK_cgen__n0009<1>_MUXF518)
     LUT3_L:I1->LO         1   0.551   0.000  PDP8_panel_cgen__n0009<3>_rn_31_G (N16396)
     MUXF5:I1->O           1   0.360   0.869  PDP8_panel_cgen__n0009<3>_rn_31 (PDP8_panel_MUX_BLOCK_cgen__n0009<3>_MUXF74)
     LUT3_L:I2->LO         1   0.551   0.000  PDP8_panel_cgen_Mmux_rdata_cgen_rdata<1>_cgen_rdata<1>_rn_01 (PDP8_panel_cgen_rdata<3>)
     FDE_1:D                   0.203          PDP8_panel_cgen_dout_3
    ----------------------------------------
    Total                      8.386ns (3.847ns logic, 4.539ns route)
                                       (45.9% logic, 54.1% route)

=========================================================================
Timing constraint: Default OFFSET IN BEFORE for Clock 'CLK100'
  Total number of paths / destination ports: 322 / 284
-------------------------------------------------------------------------
Offset:              8.491ns (Levels of Logic = 3)
  Source:            SW2_N (PAD)
  Destination:       PDP8_tty1_ttocount_16 (FF)
  Destination Clock: CLK100 rising 0.3X

  Data Path: SW2_N to PDP8_tty1_ttocount_16
                                Gate     Net
    Cell:in->out      fanout   Delay   Delay  Logical Name (Net Name)
    ----------------------------------------  ------------
     IBUF:I->O            40   0.821   2.238  SW2_N_IBUF (SW2_N_IBUF)
     LUT2:I0->O           47   0.551   2.278  PDP8_tty1__n00931 (PDP8_tty1__n0093)
     LUT4:I0->O           19   0.551   1.450  PDP8_console__n00501 (PDP8_console__n0050)
     FDE:CE                    0.602          PDP8_console_ttocount_0
    ----------------------------------------
    Total                      8.491ns (2.525ns logic, 5.966ns route)
                                       (29.7% logic, 70.3% route)

=========================================================================
Timing constraint: Default OFFSET OUT AFTER for Clock 'CLK100'
  Total number of paths / destination ports: 12 / 12
-------------------------------------------------------------------------
Offset:              7.271ns (Levels of Logic = 1)
  Source:            PDP8_panel_VGAblue (FF)
  Destination:       VGA_BLUE<2> (PAD)
  Source Clock:      CLK100 rising 0.3X

  Data Path: PDP8_panel_VGAblue to VGA_BLUE<2>
                                Gate     Net
    Cell:in->out      fanout   Delay   Delay  Logical Name (Net Name)
    ----------------------------------------  ------------
     FDR:C->Q              3   0.720   0.907  PDP8_panel_VGAblue (PDP8_panel_VGAblue)
     OBUF:I->O                 5.644          VGA_BLUE_1_OBUF (VGA_BLUE<1>)
    ----------------------------------------
    Total                      7.271ns (6.364ns logic, 0.907ns route)
                                       (87.5% logic, 12.5% route)

=========================================================================
CPU : 486.41 / 488.05 s | Elapsed : 487.00 / 488.00 s
 
--> 

Total memory usage is 183356 kilobytes

Number of errors   :    0 (   0 filtered)
Number of warnings :   77 (   0 filtered)
Number of infos    :    9 (   0 filtered)

