~/Verilog/bin/topld.pl M843E
warning: making aj2/ma01_1/ a connector
warning: making ak2/ma01_1/ a connector
warning: making al2/ma01_1/ a connector
info: cpol_use ne cpol_use20_8axial
info: cpol_use ne cpol_use20_8axial
info: cpol_use ne cpol_use20_8axial
info: d664 ne diode_do35_10
warning: making d1/d664/ a connector
info: rcl_l_00_05 ne ma01_1
warning: making dl1/rcl_l_00_05/ a connector
info: 7402n ne dil14
info: 7475n ne dil14
info: sp314n ne dil14
info: n8881n ne dil14
info: 7440n ne dil14
info: n8881n ne dil14
info: sp314n ne dil14
info: n8881n ne dil14
info: 7475n ne dil14
info: 7450n ne dil14
info: dec8251 ne ma01_1
info: n8881n ne dil14
info: n8881n ne dil14
info: 7420n ne dil14
info: 7400n ne dil14
info: sp380n ne dil14
info: 7410n ne dil14
info: 7410n ne dil14
info: sp380n ne dil14
info: sp380n ne dil14
info: dec8251 ne ma01_1
info: 7400n ne dil14
info: n8881n ne dil14
info: 9601 ne ma01_1
warning: making e32/9601/ a connector
info: n8881n ne dil14
info: 7420n ne dil14
info: 7402n ne dil14
info: 7404n ne dil14
info: n8881n ne dil14
info: 7475n ne dil14
info: 7440n ne dil14
info: sp380n ne dil14
info: sp380n ne dil14
info: n8881n ne dil14
info: 7400n ne dil14
info: 9601 ne ma01_1
warning: making e43/9601/ a connector
info: n8881n ne dil14
info: 7400n ne dil14
info: 7404n ne dil14
info: n8881n ne dil14
info: omnibus ne quad
warning: making edge/omnibus/ a connector
info: dec40pinsh ne dec40pinh
warning: making j1/dec40pinsh/ a connector
warning: non-bypass capacitor deleted: c44
warning: non-bypass capacitor deleted: c48
warning: non-bypass capacitor deleted: c49
warning: non-bypass capacitor deleted: c50
warning: non-bypass capacitor deleted: c51
warning: non-bypass capacitor deleted: c52
unexpected OC output: cdone at /home/vrs/Verilog/bin/topld.pl line 2071, <INPUT> line 2193.
unexpected OC output: n_t_55x at /home/vrs/Verilog/bin/topld.pl line 2071, <INPUT> line 2193.
unexpected OC output: drdy at /home/vrs/Verilog/bin/topld.pl line 2071, <INPUT> line 2193.
unexpected OC output: rcrb at /home/vrs/Verilog/bin/topld.pl line 2071, <INPUT> line 2285.
unexpected OC output: n_t_134x at /home/vrs/Verilog/bin/topld.pl line 2071, <INPUT> line 2285.
unexpected OC output: rcrb at /home/vrs/Verilog/bin/topld.pl line 2071, <INPUT> line 2285.
unexpected OC output: zone5 at /home/vrs/Verilog/bin/topld.pl line 2071, <INPUT> line 2370.
unexpected OC output: data04_l at /home/vrs/Verilog/bin/topld.pl line 2071, <INPUT> line 2370.
unexpected OC output: cerr at /home/vrs/Verilog/bin/topld.pl line 2071, <INPUT> line 2370.
unexpected OC output: p3_bd7 at /home/vrs/Verilog/bin/topld.pl line 2071, <INPUT> line 2370.
unexpected OC output: transit at /home/vrs/Verilog/bin/topld.pl line 2071, <INPUT> line 2413.
unexpected OC output: p3_bd6 at /home/vrs/Verilog/bin/topld.pl line 2071, <INPUT> line 2413.
unexpected OC output: drdy at /home/vrs/Verilog/bin/topld.pl line 2071, <INPUT> line 2413.
unexpected OC output: zone3 at /home/vrs/Verilog/bin/topld.pl line 2071, <INPUT> line 2456.
unexpected OC output: p3_bd0 at /home/vrs/Verilog/bin/topld.pl line 2071, <INPUT> line 2456.
unexpected OC output: rcrc at /home/vrs/Verilog/bin/topld.pl line 2071, <INPUT> line 2456.
unexpected OC output: rdy at /home/vrs/Verilog/bin/topld.pl line 2071, <INPUT> line 2513.
unexpected OC output: p4_bts1 at /home/vrs/Verilog/bin/topld.pl line 2071, <INPUT> line 2513.
unexpected OC output: n_t_42x at /home/vrs/Verilog/bin/topld.pl line 2071, <INPUT> line 2513.
unexpected OC output: zone10 at /home/vrs/Verilog/bin/topld.pl line 2071, <INPUT> line 2537.
unexpected OC output: p3_btp2 at /home/vrs/Verilog/bin/topld.pl line 2071, <INPUT> line 2537.
unexpected OC output: rcra at /home/vrs/Verilog/bin/topld.pl line 2071, <INPUT> line 2537.
unexpected OC output: rcr at /home/vrs/Verilog/bin/topld.pl line 2071, <INPUT> line 2707.
unexpected OC output: p4_rusr_l at /home/vrs/Verilog/bin/topld.pl line 2071, <INPUT> line 2707.
unexpected OC output: iot63 at /home/vrs/Verilog/bin/topld.pl line 2071, <INPUT> line 2707.
unexpected OC output: bcd1 at /home/vrs/Verilog/bin/topld.pl line 2071, <INPUT> line 2739.
unexpected OC output: n_t_97x at /home/vrs/Verilog/bin/topld.pl line 2071, <INPUT> line 2739.
unexpected OC output: bcd2 at /home/vrs/Verilog/bin/topld.pl line 2071, <INPUT> line 2739.
unexpected OC output: zone7 at /home/vrs/Verilog/bin/topld.pl line 2071, <INPUT> line 2806.
unexpected OC output: p6_ebm_l at /home/vrs/Verilog/bin/topld.pl line 2071, <INPUT> line 2806.
unexpected OC output: rcrc at /home/vrs/Verilog/bin/topld.pl line 2071, <INPUT> line 2806.
unexpected OC output: n_t_21x at /home/vrs/Verilog/bin/topld.pl line 2071, <INPUT> line 2872.
unexpected OC output: pause_l at /home/vrs/Verilog/bin/topld.pl line 2071, <INPUT> line 2872.
unexpected OC output: rcra at /home/vrs/Verilog/bin/topld.pl line 2071, <INPUT> line 2872.
warning: non-pullup resistor deleted: r1
warning: non-pullup resistor deleted: r2
warning: non-pullup resistor deleted: r8
warning: non-pullup resistor deleted: r9
~/Verilog/bin/smaller.pl M843E.PLD >vv || (rm vv; exit 1)
37 signals were removed:
  bcd1_l: !bcd1
  btp3: !tp3_l
  cdone_l: !cdone
  data05_l: !dclr
  drdy_l: !drdy
  init_or_eot_l: !rdy
  iot63_l: !iot63
  md10p: !iot67
  n3v: 'b'1
  n_t_107x: !trbl
  n_t_179x: !n_t_22x
  n_t_27x: !n_t_28x
  n_t_29x: !rd_hole4
  n_t_39x: !ena_pun_buffr_l
  n_t_42x: !rcsf_l
  n_t_43x: !rdy2_l
  n_t_44x: !n_t_3x
  n_t_55x: !int
  p3_bm5: !md05_l
  p3_bm9_l: !p3_bm4
  rcsi: !rcsi_l
  rdy: !rdy1_l
  read_l: !rd6_l
  tp3_l: !tp3
  transit_l: !transit
  zone10_l: !zone10
  zone11_l: !zone11
  zone12_l: !zone12
  zone1_l: !zone1
  zone2_l: !zone2
  zone3_l: !zone3
  zone4_l: !zone4
  zone5_l: !zone5
  zone6_l: !zone6
  zone7_l: !zone7
  zone8_l: !zone8
  zone9_l: !zone9
~/Verilog/bin/smaller.pl vv >M843EX.PLD || (rm M843EX.PLD; exit 1)
1 signals were removed:
  tp3_l: !tp3
~/Verilog/bin/cupl2v.pl M843EX.PLD >vv || (rm vv; exit 1)
mv vv M843E.v
rm M843EX.PLD
