~/Verilog/bin/topld.pl M102X
info: 1n4154 ne 1n4148do35_10
warning: making d1/1n4154/ a connector
info: 1n4154 ne 1n4148do35_10
warning: making d10/1n4154/ a connector
info: 1n4154 ne 1n4148do35_10
warning: making d11/1n4154/ a connector
info: 1n4154 ne 1n4148do35_10
warning: making d12/1n4154/ a connector
info: 1n4154 ne 1n4148do35_10
warning: making d13/1n4154/ a connector
info: 1n4154 ne 1n4148do35_10
warning: making d14/1n4154/ a connector
info: 1n4154 ne 1n4148do35_10
warning: making d15/1n4154/ a connector
info: 1n4154 ne 1n4148do35_10
warning: making d16/1n4154/ a connector
info: 1n4154 ne 1n4148do35_10
warning: making d17/1n4154/ a connector
info: 1n4154 ne 1n4148do35_10
warning: making d18/1n4154/ a connector
info: 1n4154 ne 1n4148do35_10
warning: making d19/1n4154/ a connector
info: 1n4154 ne 1n4148do35_10
warning: making d2/1n4154/ a connector
info: 1n4154 ne 1n4148do35_10
warning: making d20/1n4154/ a connector
info: 1n4154 ne 1n4148do35_10
warning: making d21/1n4154/ a connector
info: 1n4154 ne 1n4148do35_10
warning: making d24/1n4154/ a connector
info: 1n4154 ne 1n4148do35_10
warning: making d25/1n4154/ a connector
info: 1n4154 ne 1n4148do35_10
warning: making d26/1n4154/ a connector
info: 1n914 ne 1n4148do35_10
warning: making d27/1n914/ a connector
info: 1n914 ne 1n4148do35_10
warning: making d28/1n914/ a connector
info: 1n914 ne 1n4148do35_10
warning: making d29/1n914/ a connector
info: 1n4154 ne 1n4148do35_10
warning: making d3/1n4154/ a connector
info: 1n914 ne 1n4148do35_10
warning: making d30/1n914/ a connector
info: 1n4154 ne 1n4148do35_10
warning: making d4/1n4154/ a connector
info: 1n4154 ne 1n4148do35_10
warning: making d5/1n4154/ a connector
info: 1n4154 ne 1n4148do35_10
warning: making d6/1n4154/ a connector
info: 1n4154 ne 1n4148do35_10
warning: making d7/1n4154/ a connector
info: 1n4154 ne 1n4148do35_10
warning: making d8/1n4154/ a connector
info: 1n4154 ne 1n4148do35_10
warning: making d9/1n4154/ a connector
info: 74h40n ne 7420n
warning: making e1/sn74h40/ a connector
info: 74h40n ne 7420n
warning: making e2/sn74h40/ a connector
info: 74h40n ne 7420n
warning: making e3/sn74h40/ a connector
info: 7400n ne dil14
info: pn3569 ne _npn_to39_ebc
warning: making q1/pn3569/ a connector
info: pn3569 ne _npn_to39_ebc
warning: making q2/pn3569/ a connector
info: pn3569 ne _npn_to39_ebc
warning: making q3/pn3569/ a connector
info: pn3569 ne _npn_to39_ebc
warning: making q4/pn3569/ a connector
info: pn3569 ne _npn_to39_ebc
warning: making q5/pn3569/ a connector
info: pn3569 ne _npn_to39_ebc
warning: making q6/pn3569/ a connector
info: pn3640 ne _pnp_to39_ebc
warning: making q7/pn3640/ a connector
info: pn3569 ne _npn_to39_ebc
warning: making q8/pn3569/ a connector
info: single ne edge_con2
warning: making u$8/single/ a connector
warning: non-bypass capacitor deleted: c5
warning: non-bypass capacitor deleted: c6
warning: non-bypass capacitor deleted: c7
warning: non-bypass capacitor deleted: c8
warning: non-pullup resistor deleted: r2
warning: non-pullup resistor deleted: r3
warning: non-pullup resistor deleted: r5
warning: non-pullup resistor deleted: r6
warning: non-pullup resistor deleted: r8
warning: non-pullup resistor deleted: r9
warning: non-pullup resistor deleted: r11
warning: non-pullup resistor deleted: r12
warning: non-pullup resistor deleted: r14
warning: non-pullup resistor deleted: r15
warning: non-pullup resistor deleted: r19
warning: non-pullup resistor deleted: r21
warning: non-pullup resistor deleted: r23
warning: non-pullup resistor deleted: r24
warning: non-pullup resistor deleted: r25
warning: non-pullup resistor deleted: r27
warning: non-pullup resistor deleted: r30
