~/Verilator/bin/topld.pl M707X
info: 1n914 ne 1n4148do35_10
warning: making d1/1n914/ a connector
info: 1n914 ne 1n4148do35_10
warning: making d2/1n914/ a connector
info: 7430n ne dil14
info: 7440n ne 7420n
info: 7400n ne dil14
info: 7410n ne dil14
info: 7400n ne dil14
info: 7400n ne dil14
info: 7400n ne dil14
info: 7400n ne dil14
info: 7400n ne dil14
info: 7430n ne dil14
info: pn3569 ne _npn_to39_ebc
warning: making q1/pn3569/ a connector
info: pn3569 ne _npn_to39_ebc
warning: making q2/pn3569/ a connector
info: 6534b ne _pnp_to39_ebc
warning: making q3/6534b/ a connector
info: double ne edge_con4
warning: making u$2/double/ a connector
warning: non-bypass capacitor deleted: c19
warning: non-pullup resistor deleted: r5
warning: non-pullup resistor deleted: r9
warning: non-pullup resistor deleted: r12
