
 25-FEB-76

FRUN.SV  	0007	25	6-OCT-72
FORLIB.RL	0040	189	29-JUN-72
LOGOUT.BI	0335	1	15-OCT-72
QUIT.BI  	0336	1	3-OCT-72
PASS3.SV 	0337	8	10-OCT-72
F4.SV    	0347	20	10-OCT-72
LIBRA.SV 	0373	11	2-NOV-70
PASS2O.SV	0406	5	10-OCT-72
LOAD.SV  	0413	16	10-OCT-72
PASS2.SV 	0433	20	10-OCT-72
DJKKA8.SV	0457	10	13-NOV-71
FCODE.SV 	0471	20	10-OCT-72
FCOMP.SV 	0515	20	10-OCT-72
FCODEO.SV	0541	5	10-OCT-72
VENUS1.SV	0546	8	28-JUN-76
VENUS.SV 	0556	2	15-SEP-76
USERA.SV 	0560	8	2-OCT-72
TECOW.SV 	0570	12	30-OCT-76
BLMSI.SV 	0604	37	2-SEP-72
TODAY.   	0651	1	3-FEB-73
LOGIN.BI 	0652	1	15-OCT-72
BESETZ.TE	0653	8	29-NOV-71
VT100.TX 	0663	5	9-SEP-72
M8SI.BI  	0670	1	30-OCT-72
GENSI.BI 	0671	7	3-OCT-72
MONDUM.SV	0700	5	3-OCT-72
CONSI.PA 	0705	6	3-OCT-72
LIBSET.SV	0713	5	13-OCT-72
LOADER.SV	0720	12	13-OCT-72
SABR.SV  	0734	24	13-OCT-72
FORT.SV  	0764	25	13-OCT-72
WI.TE    	1015	2	18-OCT-72
LPTSPL.SV	1017	2	15-OCT-72
SPOOL.LP 	1021	64	3-OCT-72
M.BN     	1121	41	3-OCT-72
BS.TK    	1172	42	6-MAY-73
ACID.SV  	1244	30	8-OCT-72
RTES.SV  	1302	30	8-OCT-72
<empty>  	1340	1	

