
 18-AUG-76

MULTI8.SY	0007	50	5-FEB-73
OS8V40.SY	0071	50	5-FEB-73
ABSLDR.SV	0153	6	9-JUL-71
CCL.SV   	0161	40	18-OCT-72
RESORC.SV	0231	16	15-JAN-72
BOOT.SV  	0251	5	3-MAR-72
RXCOPY.SV	0256	9	1-JUL-71
FUTIL.SV 	0267	27	1-JUL-71
PAL8.SV  	0322	19	1-JUL-71
EDIT.SV  	0345	10	31-AUG-71
FOTP.SV  	0357	8	24-JAN-72
DPF.SV   	0367	31	29-FEB-72
DIRECT.SV	0426	7	3-FEB-72
HELP.SV  	0435	8	9-JUL-71
BATCH.SV 	0445	17	3-FEB-72
TECO.IN  	0466	1	26-NOV-71
PIP.SV   	0467	11	24-JAN-72
OCOMP.SV 	0502	8	13-OCT-72
VTEDIT.TE	0512	5	2-OCT-72
TECO.SV  	0517	32	31-OCT-72
TECHLP.TX	0557	26	4-DEC-71
SET.SV   	0611	17	4-FEB-72
TDCOPY.SV	0632	7	5-JUL-69
TDFRMT.SV	0641	9	5-JUL-69
BLDSI.SV 	0652	37	2-SEP-72
FRTS.SV  	0717	25	11-SEP-72
SRCCOM.SV	0750	5	9-JUL-71
BITMAP.SV	0755	5	1-JUL-71
CREF.SV  	0762	14	9-JUL-71
KREF.SV  	1000	12	19-JAN-71
MACREL.SV	1014	83	19-JAN-71
LINK.SV  	1137	55	19-JAN-71
CHECK8.SV	1226	15	25-NOV-71
GLOBL.SV 	1245	4	14-FEB-71
DHKMC8.SV	1251	14	14-NOV-71
SHSAVE.SV	1267	6	16-NOV-71
RALF.SV  	1275	19	10-OCT-72
DHKMA8.SV	1320	17	13-NOV-71

