
 25-FEB-76

BATCH.SV 	0007	17	3-FEB-72
DINODA.RA	0030	14	3-OCT-72
SCINP.RA 	0046	11	30-SEP-72
MULTI8.RA	0061	8	29-MAY-72
IANDOR.RA	0071	5	22-SEP-72
BCDBIN.RA	0076	7	11-SEP-72
USR8.RA  	0105	36	29-JUN-72
USRS.RA  	0151	29	5-SEP-72
USRTES.FT	0206	14	3-OCT-72
USR.BI   	0224	1	3-OCT-72
TORQT.BI 	0225	1	14-APR-73
MS1T.BI  	0226	1	19-MAY-73
SCTEST.BI	0227	1	27-JAN-73
DITEST.BI	0230	1	27-JAN-73
DATEST.BI	0231	1	27-JAN-73
DVINP.RA 	0232	11	4-FEB-73
DVTEST.BI	0245	1	4-FEB-73
DATEST.FT	0246	1	11-FEB-73
DITEST.FT	0247	1	11-FEB-73
DOTEST.BI	0250	1	11-FEB-73
SCTEST.FT	0251	1	9-FEB-73
DOTEST.FT	0252	1	11-FEB-73
INIT1.BI 	0253	1	18-FEB-73
TORQ1.BI 	0254	1	13-FEB-73
OUTA1.BI 	0255	1	16-FEB-73
OUTB1.BI 	0256	1	16-FEB-73
MSERR1.BI	0257	1	18-FEB-73
TEMPA1.BI	0260	1	18-FEB-73
MEAS1.BI 	0261	1	18-FEB-73
TPERR1.BI	0262	1	18-FEB-73
TEMPB1.BI	0263	1	18-FEB-73
MS1.BI   	0264	1	19-FEB-73
OUTB1.RL 	0265	4	21-MAY-73
MS2.BI   	0271	1	3-MAR-73
DINODA.RL	0272	2	3-MAR-73
SCINP.RL 	0274	2	3-MAR-73
BCDBIN.RL	0276	2	3-MAR-73
USR8.RL  	0300	3	3-MAR-73
DVINP.RL 	0303	2	3-MAR-73
USR3.RL  	0305	4	3-MAR-73
MEAST.BI 	0311	1	14-APR-73
MS2T.BI  	0312	1	14-APR-73
TPERR1.FT	0313	4	14-APR-73
TPERR1.RL	0317	5	14-APR-73
MSERR1.FT	0324	4	14-APR-73
MSERR1.RL	0330	6	14-APR-73
TEMPB1.RL	0336	7	21-MAY-73
OUTA1.FT 	0345	3	21-MAY-73
MS1.LD   	0350	59	10-JUN-73
TEMPA1.FT	0443	9	21-MAY-73
TEMPB1.FT	0454	4	21-MAY-73
TEMPA1.RL	0460	10	21-MAY-73
TORQ1.FT 	0472	1	21-MAY-73
TORQ1.RL 	0473	2	21-MAY-73
OUTB1.FT 	0475	3	21-MAY-73
INIT1.LD 	0500	32	10-JUN-73
MEAS1.FT 	0540	8	22-MAY-73
MEAS1.RL 	0550	9	22-MAY-73
OUTA1.RL 	0561	5	10-JUN-73
TORQT.FT 	0566	1	10-JUN-73
MEAST.FT 	0567	5	10-JUN-73
INIT1.FT 	0574	27	10-JUN-73
INIT1.RL 	0627	32	10-JUN-73
DVTEST.FT	0667	1	10-JUN-73
DVTEST.LD	0670	4	10-JUN-73
DVTEST.RL	0674	2	10-JUN-73
ABEICH.FO	0676	4	3-OCT-72
ABTAB.FO 	0702	5	26-FEB-73
<empty>  	0707	282	

