
 25-FEB-76

ABSLDR.SV	0070	6	9-JUL-71
CCL.SV   	0076	40	18-OCT-72
RESORC.SV	0146	16	15-JAN-72
BOOT.SV  	0166	5	3-MAR-72
DIRECT.SV	0173	7	3-FEB-72
HELP.SV  	0202	8	9-JUL-71
PIP.SV   	0212	11	24-JAN-72
FUTIL.SV 	0225	27	1-JUL-71
FOTP.SV  	0260	8	24-JAN-72
PAL8.SV  	0270	19	1-JUL-71
BATCH.SV 	0313	17	3-FEB-72
VTEDIT.TE	0334	5	2-OCT-72
EDIT.SV  	0341	10	31-AUG-71
TECO.IN  	0353	1	26-NOV-71
TECO.SV  	0354	32	31-OCT-72
SET.SV   	0414	17	4-FEB-72
TECHLP.TX	0435	26	4-DEC-71
TDCOPY.SV	0467	7	5-JUL-69
TDFRMT.SV	0476	9	5-JUL-69
RXCOPY.SV	0507	9	1-JUL-71
OCOMP.SV 	0520	8	13-OCT-72
BLDSI.SV 	0530	37	2-SEP-72
BLMSI.SV 	0575	37	2-SEP-72
DPF.SV   	0642	31	29-FEB-72
SRCCOM.SV	0701	5	9-JUL-71
BITMAP.SV	0706	5	1-JUL-71
CREF.SV  	0713	14	9-JUL-71
KREF.SV  	0731	12	19-JAN-71
FRTS.SV  	0745	25	11-SEP-72
MACREL.SV	0776	83	19-JAN-71
LINK.SV  	1121	55	19-JAN-71
CHECK8.SV	1210	15	25-NOV-71
GLOBL.SV 	1227	4	14-FEB-71
PASS3.SV 	1233	8	10-OCT-72
PASS2.SV 	1243	20	10-OCT-72
RALF.SV  	1267	19	10-OCT-72
SHSAVE.SV	1312	6	16-NOV-71
<empty>  	1320	17	

