
 25-FEB-76

FRUN.SV  	0007	25	6-OCT-72
F4.SV    	0040	20	10-OCT-72
LIBRA.SV 	0064	11	2-NOV-70
PASS2O.SV	0077	5	10-OCT-72
LOAD.SV  	0104	16	10-OCT-72
FCOMP.SV 	0124	20	10-OCT-72
FCODE.SV 	0150	20	10-OCT-72
FCODEO.SV	0174	5	10-OCT-72
LIBSET.SV	0201	5	13-OCT-72
LOADER.SV	0206	12	13-OCT-72
SABR.SV  	0222	24	13-OCT-72
FORT.SV  	0252	25	13-OCT-72
WI.TE    	0303	2	18-OCT-72
TECO.TE  	0305	1	30-OCT-72
BLDTD.SV 	0306	37	27-FEB-73
LPTSPL.SV	0353	2	15-OCT-72
HELP.HL  	0355	76	30-OCT-72
LOGOUT.BI	0471	1	15-OCT-72
LOGIN.BI 	0472	1	15-OCT-72
QUIT.BI  	0473	1	3-OCT-72
DHKMA8.SV	0474	17	13-NOV-71
DJKKA8.SV	0515	10	13-NOV-71
DHKMC8.SV	0527	14	14-NOV-71
RTES.SV  	0545	30	8-OCT-72
FORLIB.RL	0603	189	29-JUN-72
LIB8.RL  	1100	30	13-OCT-72
ACID.SV  	1136	30	8-OCT-72
M43TST.SV	1174	12	17-NOV-74
VENUS.SV 	1210	2	15-SEP-76
VENUS1.SV	1212	8	28-JUN-76
USERA.SV 	1222	8	2-OCT-72
TECOW.SV 	1232	12	30-OCT-76
TDBLKP.SV	1246	11	23-NOV-69
TODAY.   	1261	1	14-JUN-73
VT100.TX 	1262	5	9-SEP-72
BESETZ.TE	1267	8	29-NOV-71
GENSI.BI 	1277	7	3-OCT-72
M8SI.BI  	1306	1	30-OCT-72
MONDUM.SV	1307	5	14-JUN-73
<empty>  	1314	21	

