
 25-FEB-76

ABSLDR.SV	0007	5	15-JAN-74
AD8AW.SV 	0014	16	10-MAR-70
ASSIGN.BI	0034	1	24-FEB-69
AD8A.SV  	0035	16	10-MAR-70
BATCH.SV 	0055	10	8-NOV-76
BITMAP.SV	0067	5	18-JAN-74
BASIC.SV 	0074	9	2-SEP-75
BUILD.SV 	0105	33	2-SEP-75
BASIC.UF 	0146	4	2-SEP-75
BOOT.SV  	0152	5	26-AUG-75
BASIC.FF 	0157	4	18-JAN-74
BCOMP.SV 	0163	17	2-SEP-75
BASIC.SF 	0204	4	1-SEP-75
BASIC.AF 	0210	4	2-SEP-75
BLV3SD.SV	0214	33	23-NOV-69
BLOAD.SV 	0255	7	2-SEP-75
BRTS.SV  	0264	15	30-SEP-75
BLV3TD.SV	0303	33	15-AUG-69
BOOT.RT  	0344	1	17-MAR-70
BLV3SI.SV	0345	33	9-MAR-70
CAMP.SV  	0406	8	18-JAN-74
COSMOS.SV	0416	2	25-SEP-74
CREF.SV  	0420	13	2-SEP-75
CCL.SV   	0435	16	10-JAN-70
DK8EP.SV 	0455	15	10-MAR-70
DR8DA.SV 	0474	10	13-MAR-75
DISASM.SV	0506	10	17-OCT-74
DIRECT.SV	0520	7	1-SEP-75
DATE.SV  	0527	32	6-SEP-75
DR8EA.SV 	0567	10	21-FEB-75
DIRV82.SV	0601	6	10-MAR-75
EPIC.SV  	0607	14	18-JAN-74
EDIT.SV  	0625	10	1-SEP-75
EDU30.SV 	0637	77	8-JUL-74
ESCAPE.SV	0754	2	8-JUL-74
EFOS8.SV 	0756	32	20-APR-69
FCARIT.SV	1016	3	2-DEC-74
FOTP.SV  	1021	8	1-SEP-75
FOCN.SV  	1031	28	24-SEP-74
FORT.SV  	1065	25	1-SEP-75
FOCNEW.SV	1116	37	6-SEP-75
FOCD.SV  	1163	27	18-FEB-75
FOC875.SV	1216	37	11-SEP-75
<empty>  	1263	46	

