
 25-FEB-76

FORLIB.RL	0007	209	2-SEP-75
F4.SV    	0330	20	2-SEP-75
FOCHAL.SV	0354	37	5-APR-69
FOS8.SV  	0421	32	15-APR-69
FRTS.SV  	0461	26	9-MAY-69
FRTSLC.SV	0513	26	24-APR-69
GENIOX.RL	0545	3	18-JAN-74
IMAGE.SV 	0550	4	17-NOV-74
KFOS8.SV 	0554	32	23-NOV-69
LIBRA.SV 	0614	11	2-SEP-75
LIB8.RL  	0627	29	18-JAN-74
LOADER.SV	0664	12	2-SEP-75
LOAD.SV  	0700	15	8-SEP-75
LIBSET.SV	0717	5	29-JUL-74
MSBAT.SV 	0724	23	18-JAN-74
M43TST.SV	0753	12	17-NOV-74
MCPIP.SV 	0767	13	1-SEP-75
NUDATE.SV	1004	3	7-JAN-70
OS8BS.SV 	1007	4	17-MAR-70
OS8S.SV  	1013	4	17-MAR-70
OS8FS.SV 	1017	4	17-MAR-70
PASS2.SV 	1023	20	2-SEP-75
PIP10.SV 	1047	17	18-JAN-74
PASS3.SV 	1070	8	22-MAY-74
PIP.SV   	1100	11	2-SEP-75
PASS2O.SV	1113	5	2-SEP-75
PAL8.SV  	1120	16	16-OCT-75
QPIP.SV  	1140	8	24-SEP-74
RESORC.SV	1150	10	22-AUG-75
RALF.SV  	1162	19	22-MAY-74
RESEQ.BA 	1205	6	22-OCT-74
RTS8.SV  	1213	30	27-NOV-76
SABR.SV  	1251	24	2-SEP-75
SYSBCK.BI	1301	2	22-MAR-76
SRCCOM.SV	1303	5	18-JAN-74
SPY.SV   	1310	3	8-JUL-74
STECO.SV 	1313	12	30-OCT-76
<empty>  	1327	10	

