
 25-FEB-76

AD8AW.SV 	0007	16	10-MAR-70
AD8A.SV  	0027	16	10-MAR-70
BOOT.SV  	0047	5	26-AUG-75
BLV3SD.SV	0054	33	23-NOV-69
BLV3TD.SV	0115	33	15-AUG-69
BOOT.RT  	0156	1	17-MAR-70
BLV3SI.SV	0157	33	9-MAR-70
DK8EP.SV 	0220	15	10-MAR-70
DR8DA.SV 	0237	10	13-MAR-75
DISASM.SV	0251	10	17-OCT-74
DATE.SV  	0263	32	6-SEP-75
DR8EA.SV 	0323	10	21-FEB-75
DIRV82.SV	0335	6	10-MAR-75
ESCAPE.SV	0343	2	8-JUL-74
EFOS8.SV 	0345	32	20-APR-69
FCARIT.SV	0405	3	2-DEC-74
FOCN.SV  	0410	28	24-SEP-74
FOCD.SV  	0444	27	18-FEB-75
FOCHAL.SV	0477	37	5-APR-69
FOS8.SV  	0544	32	15-APR-69
FRTSLC.SV	0604	26	24-APR-69
GENIOX.RL	0636	3	18-JAN-74
IMAGE.SV 	0641	4	17-NOV-74
KFOS8.SV 	0645	32	23-NOV-69
MSBAT.SV 	0705	23	18-JAN-74
M43TST.SV	0734	12	17-NOV-74
NUDATE.SV	0750	3	7-JAN-70
QPIP.SV  	0753	8	24-SEP-74
RESORC.SV	0763	10	22-AUG-75
SYSBCK.BI	0775	2	22-MAR-76
SPY.SV   	0777	3	8-JUL-74
TD8ETE.SV	1002	17	28-OCT-69
XDDT.SV  	1023	10	3-JAN-75
BLV3SF.SV	1035	33	10-APR-70
MNRX8E.SV	1076	19	10-APR-70
<empty>  	1121	144	

