~/Verilog/bin/topld.pl M930C
info: 390 ne 15r
warning: making rn1/390/ a connector
info: 120 ne 15r
warning: making rn2/120/ a connector
info: 390 ne 15r
warning: making rn3/390/ a connector
info: 120 ne 15r
warning: making rn4/120/ a connector
info: 390 ne 15r
warning: making rn5/390/ a connector
info: 120 ne 15r
warning: making rn6/120/ a connector
info: 390 ne 15r
warning: making rn7/390/ a connector
info: 120 ne 15r
warning: making rn8/120/ a connector
info: double ne edge_con4
warning: making u$1/double/ a connector
warning: non-bypass capacitor deleted: c6
warning: non-bypass capacitor deleted: c7
~/Verilog/bin/smaller.pl M930C.PLD >vv || (rm vv; exit 1)
0 signals were removed:
~/Verilog/bin/smaller.pl vv >M930CX.PLD || (rm M930CX.PLD; exit 1)
0 signals were removed:
~/Verilog/bin/cupl2v.pl M930CX.PLD >vv || (rm vv; exit 1)
mv vv M930C.v
rm M930CX.PLD
