~/Verilog/bin/topld.pl M514H
info: cpol_use ne cpol_use20_8axial
info: cpol_use ne cpol_use20_8axial
info: 1n746a ne zener_diodedo35z10
warning: making d1/1n746a/ a connector
info: 1n645 ne 1n4148do35_10
warning: making d10/1n645/ a connector
info: 1n994 ne 1n4148do35_10
warning: making d2/1n994/ a connector
info: 1n994 ne 1n4148do35_10
warning: making d3/1n994/ a connector
info: 1n994 ne 1n4148do35_10
warning: making d4/1n994/ a connector
info: 1n994 ne 1n4148do35_10
warning: making d5/1n994/ a connector
info: 1n994 ne 1n4148do35_10
warning: making d6/1n994/ a connector
info: 1n994 ne 1n4148do35_10
warning: making d7/1n994/ a connector
info: 1n994 ne 1n4148do35_10
warning: making d8/1n994/ a connector
info: 1n994 ne 1n4148do35_10
warning: making d9/1n994/ a connector
info: 7440n ne 7420n
info: 7400n ne dil14
info: 9601 ne dil14
warning: making e3/9601/ a connector
info: 7486n ne dil14
info: sp384n ne dil14
info: dec2904 ne 2n3635
warning: making q1/dec2904/ a connector
info: 2n3009 ne 2n3439
warning: making q10/2n3009/ a connector
info: 2n3009 ne 2n3439
warning: making q11/2n3009/ a connector
info: 2n3009 ne 2n3439
warning: making q12/2n3009/ a connector
info: mps6534 ne 2n3635
warning: making q13/mps6534/ a connector
info: mps6534 ne 2n3635
warning: making q15/mps6534/ a connector
info: 2n3009 ne 2n3439
warning: making q16/2n3009/ a connector
info: 2n3009 ne 2n3439
warning: making q17/2n3009/ a connector
info: mps6534 ne 2n3635
warning: making q18/mps6534/ a connector
info: 2n3009 ne 2n3439
warning: making q19/2n3009/ a connector
info: 2n3009 ne 2n3439
warning: making q2/2n3009/ a connector
info: 2n3009 ne 2n3439
warning: making q20/2n3009/ a connector
info: mps6534 ne 2n3635
warning: making q21/mps6534/ a connector
info: 2n3009 ne 2n3439
warning: making q22/2n3009/ a connector
info: 2n3009 ne 2n3439
warning: making q23/2n3009/ a connector
info: 2n3009 ne 2n3439
warning: making q24/2n3009/ a connector
info: 2n3009 ne 2n3439
warning: making q25/2n3009/ a connector
info: 2n3009 ne 2n3439
warning: making q26/2n3009/ a connector
info: 2n3009 ne 2n3439
warning: making q27/2n3009/ a connector
info: 2n3009 ne 2n3439
warning: making q28/2n3009/ a connector
info: 2n3009 ne 2n3439
warning: making q29/2n3009/ a connector
info: 2n3009 ne 2n3439
warning: making q3/2n3009/ a connector
info: 2n3009 ne 2n3439
warning: making q30/2n3009/ a connector
info: dec1008 ne 2n3439
warning: making q31/dec1008/ a connector
info: 2n3009 ne 2n3439
warning: making q4/2n3009/ a connector
info: 2n3009 ne 2n3439
warning: making q5/2n3009/ a connector
info: 2n3009 ne 2n3439
warning: making q6/2n3009/ a connector
info: 2n3009 ne 2n3439
warning: making q7/2n3009/ a connector
info: 120 ne 2w
warning: making r5/120/ a connector
info: 68 ne 2w
warning: making r6/68/ a connector
info: double ne dil14
warning: making u$1/double/ a connector
warning: non-bypass capacitor deleted: c1
warning: non-bypass capacitor deleted: c2
warning: non-bypass capacitor deleted: c4
warning: non-bypass capacitor deleted: c5
warning: non-bypass capacitor deleted: c6
warning: non-bypass capacitor deleted: c7
warning: non-bypass capacitor deleted: c8
warning: non-bypass capacitor deleted: c9
warning: non-bypass capacitor deleted: c15
warning: non-bypass capacitor deleted: c16
warning: non-bypass capacitor deleted: c17
warning: non-bypass capacitor deleted: c18
warning: non-bypass capacitor deleted: c19
warning: non-bypass capacitor deleted: c20
warning: non-pullup resistor deleted: r1
warning: non-pullup resistor deleted: r3
warning: non-pullup resistor deleted: r10
warning: non-pullup resistor deleted: r14
warning: non-pullup resistor deleted: r18
warning: non-pullup resistor deleted: r28
warning: non-pullup resistor deleted: r29
warning: non-pullup resistor deleted: r31
warning: non-pullup resistor deleted: r32
warning: non-pullup resistor deleted: r33
warning: non-pullup resistor deleted: r35
warning: non-pullup resistor deleted: r36
warning: non-pullup resistor deleted: r37
warning: non-pullup resistor deleted: r43
warning: non-pullup resistor deleted: r44
warning: non-pullup resistor deleted: r45
warning: non-pullup resistor deleted: r48
warning: non-pullup resistor deleted: r49
warning: non-pullup resistor deleted: r50
warning: non-pullup resistor deleted: r53
warning: non-pullup resistor deleted: r54
warning: non-pullup resistor deleted: r55
warning: non-pullup resistor deleted: r65
warning: non-pullup resistor deleted: r66
warning: non-pullup resistor deleted: r67
warning: non-pullup resistor deleted: r69
warning: non-pullup resistor deleted: r72
