Circuit: * C:\cygwin\home\Vince\LTSpice\B684X.asc

WARNING: Less than two connections to node V2.  This node is used by R助$2V2.
WARNING: Less than two connections to node U2.  This node is used by R助$2U2.
WARNING: Less than two connections to node R2.  This node is used by R助$2R2.
WARNING: Less than two connections to node P2.  This node is used by R助$2P2.
WARNING: Less than two connections to node N2.  This node is used by R助$2N2.
WARNING: Less than two connections to node M2.  This node is used by R助$2M2.
WARNING: Less than two connections to node L2.  This node is used by R助$2L2.
WARNING: Less than two connections to node K2.  This node is used by R助$2K2.
WARNING: Less than two connections to node F2.  This node is used by R助$2F2.
WARNING: Less than two connections to node E2.  This node is used by R助$2E2.
WARNING: Less than two connections to node D2.  This node is used by R助$2D2.
WARNING: Less than two connections to node C2.  This node is used by R助$2C2.
WARNING: Less than two connections to node B2.  This node is used by R助$2B2.
WARNING: Less than two connections to node A2.  This node is used by R助$2A2.
.OP point found by inspection.

Date: Sun May 28 10:48:34 2017
Total elapsed time: 0.693 seconds.

tnom = 27
temp = 27
method = modified trap
totiter = 2096
traniter = 2096
tranpoints = 1049
accept = 1049
rejected = 0
matrix size = 90
fillins = 90
solver = Normal
Thread vector: 8.7/5.5[2] 3.9/2.2[2] 1.0/19.6[1] 1.0/1.1[1]  2592/500
Matrix Compiler1: 11.83 KB object code size  6.1/2.8/[1.1]
Matrix Compiler2: 8.91 KB object code size  0.6/1.3/[0.6]

