~/Verilog/bin/topld.pl M594B
info: cpol_use ne cpol_use20_8axial
info: cpol_use ne cpol_use20_8axial
info: 1n758a ne zener_diodedo35z10
warning: making d1/1n758a/ a connector
info: 1n758a ne zener_diodedo35z10
warning: making d2/1n758a/ a connector
info: 7404n ne dil14
info: 1489n ne dil14
warning: making e2/1489n/ a connector
info: 1489n ne dil14
warning: making e3/1489n/ a connector
info: 7404n ne dil14
info: 1488n ne dil14
warning: making e5/1488n/ a connector
info: 7404n ne dil14
info: 1488n ne dil14
warning: making e7/1488n/ a connector
info: 2n2904a ne _pnp_to5
warning: making q1/2n2904a/ a connector
info: dec2219 ne _npn_to5
warning: making q2/dec2219/ a connector
info: single ne e12_8
warning: making u$2/single/ a connector
warning: non-bypass capacitor deleted: c6
warning: non-bypass capacitor deleted: c7
warning: non-bypass capacitor deleted: c8
warning: non-bypass capacitor deleted: c9
warning: non-bypass capacitor deleted: c10
warning: non-bypass capacitor deleted: c11
warning: non-bypass capacitor deleted: c12
warning: non-bypass capacitor deleted: c13
warning: non-bypass capacitor deleted: c14
warning: non-bypass capacitor deleted: c15
warning: non-bypass capacitor deleted: c16
warning: non-bypass capacitor deleted: c17
warning: non-bypass capacitor deleted: c18
warning: non-bypass capacitor deleted: c19
warning: non-bypass capacitor deleted: c20
warning: non-bypass capacitor deleted: c21
warning: non-pullup resistor deleted: r1
warning: non-pullup resistor deleted: r2
warning: non-pullup resistor deleted: r3
warning: non-pullup resistor deleted: r4
warning: non-pullup resistor deleted: r5
warning: non-pullup resistor deleted: r6
warning: non-pullup resistor deleted: r7
warning: non-pullup resistor deleted: r8
warning: non-pullup resistor deleted: r9
warning: non-pullup resistor deleted: r10
