   1               /       RX01, ETC. UTILITY
   2               
   3               /       MASTER UTILITY PROGRAM FOR ALL RX01/RX02 AND COMPATIBLES.
   4               
   5               /       LAST EDIT:      24-MAR-1986     05:00:00        CJL
   6               
   7               /       MUST BE ASSEMBLED WITH '/J' SWITCH SET.
   8               
   9                       *0200
  10               
  11 000200  1210  START,  TAD     MESS
  12 000201  6041          TSF
  13 000202  5201          JMP     .-1
  14 000203  6046          TLS
  15 000204  7650          SNA CLA
  16 000205  5777          JMP I   (7600)
  17 000206  2200          ISZ     START
  18 000207  5200          JMP     START
  19               
  20 000210  4000  MESS,   4000
  21 000211  0322          "R
  22 000212  0330          "X
  23 000213  0325          "U
  24 000214  0324          "T
  25 000215  0311          "I
  26 000216  0314          "L
  27 000217  0240          " 
  28 000220  0316          "N
  29 000221  0357          "O+40
  30 000222  0364          "T+40
  31 000223  0240          " 
  32 000224  0351          "I+40
  33 000225  0355          "M+40
  34 000226  0360          "P+40
  35 000227  0354          "L+40
  36 000230  0345          "E+40
  37 000231  0355          "M+40
  38 000232  0345          "E+40
  39 000233  0356          "N+40
  40 000234  0364          "T+40
  41 000235  0345          "E+40
  42 000236  0344          "D+40
  43 000237  0240          " 
  44 000240  0331          "Y
  45 000241  0345          "E+40
  46 000242  0364          "T+40
  47 000243  0241          "!
  48 000244  0215          215
  49 000245  0212          212
  50 000246  0000          0                       /THIS ENDS THE LIST
  51               
  52 000377  7600          PAGE
  53               
  54                       $                       /THAT'S ALL FOLK!

MESS    0210
START   0200
