   1               /       CLEAR FIELD ZERO
   2               
   3               /       USED WITH OS/8 ABSLDR TO PRECLEAR CORE IMAGE AND STANDARDIZE LENGTH.
   4               
   5               /       LAST EDIT:      08-APR-1987     23:00:00        CJL
   6               
   7                       FIELD   0               /CLEARING FIELD ZERO
   8               
   9                       *0000                   /START AT THE BEGINNING
  10               
  11 000000  0000          ZBLOCK  7600-.          /CLEAR OUT ALL AVAILABLE FIELD ZERO MEMORY
     000001  0000  
     000002  0000  
     000003  0000  
     000004  0000  
     000005  0000  
     000006  0000  
     000007  0000  
     000010  0000  
     000011  0000  
     000012  0000  
     000013  0000  
     000014  0000  
     000015  0000  
     000016  0000  
     000017  0000  
     000020  0000  
     000021  0000  
     000022  0000  
     000023  0000  
     000024  0000  
     000025  0000  
     000026  0000  
     000027  0000  
     000030  0000  
     000031  0000  
     000032  0000  
     000033  0000  
     000034  0000  
     000035  0000  
     000036  0000  
     000037  0000  
     000040  0000  
     000041  0000  
     000042  0000  
     000043  0000  
     000044  0000  
     000045  0000  
     000046  0000  
     000047  0000  
     000050  0000  
     000051  0000  
     000052  0000  
     000053  0000  
     000054  0000  
     000055  0000  
     000056  0000  
     000057  0000  
     000060  0000  
     000061  0000  
     000062  0000  
     000063  0000  
     000064  0000  
     000065  0000  
     000066  0000  
     000067  0000  
     000070  0000  
     000071  0000  
     000072  0000  
     000073  0000  
     000074  0000  
     000075  0000  
     000076  0000  
     000077  0000  
     000100  0000  
     000101  0000  
     000102  0000  
     000103  0000  
     000104  0000  
     000105  0000  
     000106  0000  
     000107  0000  
     000110  0000  
     000111  0000  
     000112  0000  
     000113  0000  
     000114  0000  
     000115  0000  
     000116  0000  
     000117  0000  
     000120  0000  
     000121  0000  
     000122  0000  
     000123  0000  
     000124  0000  
     000125  0000  
     000126  0000  
     000127  0000  
     000130  0000  
     000131  0000  
     000132  0000  
     000133  0000  
     000134  0000  
     000135  0000  
     000136  0000  
     000137  0000  
     000140  0000  
     000141  0000  
     000142  0000  
     000143  0000  
     000144  0000  
     000145  0000  
     000146  0000  
     000147  0000  
     000150  0000  
     000151  0000  
     000152  0000  
     000153  0000  
     000154  0000  
     000155  0000  
     000156  0000  
     000157  0000  
     000160  0000  
     000161  0000  
     000162  0000  
     000163  0000  
     000164  0000  
     000165  0000  
     000166  0000  
     000167  0000  
     000170  0000  
     000171  0000  
     000172  0000  
     000173  0000  
     000174  0000  
     000175  0000  
     000176  0000  
     000177  0000  
     000200  0000  
     000201  0000  
     000202  0000  
     000203  0000  
     000204  0000  
     000205  0000  
     000206  0000  
     000207  0000  
     000210  0000  
     000211  0000  
     000212  0000  
     000213  0000  
     000214  0000  
     000215  0000  
     000216  0000  
     000217  0000  
     000220  0000  
     000221  0000  
     000222  0000  
     000223  0000  
     000224  0000  
     000225  0000  
     000226  0000  
     000227  0000  
     000230  0000  
     000231  0000  
     000232  0000  
     000233  0000  
     000234  0000  
     000235  0000  
     000236  0000  
     000237  0000  
     000240  0000  
     000241  0000  
     000242  0000  
     000243  0000  
     000244  0000  
     000245  0000  
     000246  0000  
     000247  0000  
     000250  0000  
     000251  0000  
     000252  0000  
     000253  0000  
     000254  0000  
     000255  0000  
     000256  0000  
     000257  0000  
     000260  0000  
     000261  0000  
     000262  0000  
     000263  0000  
     000264  0000  
     000265  0000  
     000266  0000  
     000267  0000  
     000270  0000  
     000271  0000  
     000272  0000  
     000273  0000  
     000274  0000  
     000275  0000  
     000276  0000  
     000277  0000  
     000300  0000  
     000301  0000  
     000302  0000  
     000303  0000  
     000304  0000  
     000305  0000  
     000306  0000  
     000307  0000  
     000310  0000  
     000311  0000  
     000312  0000  
     000313  0000  
     000314  0000  
     000315  0000  
     000316  0000  
     000317  0000  
     000320  0000  
     000321  0000  
     000322  0000  
     000323  0000  
     000324  0000  
     000325  0000  
     000326  0000  
     000327  0000  
     000330  0000  
     000331  0000  
     000332  0000  
     000333  0000  
     000334  0000  
     000335  0000  
     000336  0000  
     000337  0000  
     000340  0000  
     000341  0000  
     000342  0000  
     000343  0000  
     000344  0000  
     000345  0000  
     000346  0000  
     000347  0000  
     000350  0000  
     000351  0000  
     000352  0000  
     000353  0000  
     000354  0000  
     000355  0000  
     000356  0000  
     000357  0000  
     000360  0000  
     000361  0000  
     000362  0000  
     000363  0000  
     000364  0000  
     000365  0000  
     000366  0000  
     000367  0000  
     000370  0000  
     000371  0000  
     000372  0000  
     000373  0000  
     000374  0000  
     000375  0000  
     000376  0000  
     000377  0000  
     000400  0000  
     000401  0000  
     000402  0000  
     000403  0000  
     000404  0000  
     000405  0000  
     000406  0000  
     000407  0000  
     000410  0000  
     000411  0000  
     000412  0000  
     000413  0000  
     000414  0000  
     000415  0000  
     000416  0000  
     000417  0000  
     000420  0000  
     000421  0000  
     000422  0000  
     000423  0000  
     000424  0000  
     000425  0000  
     000426  0000  
     000427  0000  
     000430  0000  
     000431  0000  
     000432  0000  
     000433  0000  
     000434  0000  
     000435  0000  
     000436  0000  
     000437  0000  
     000440  0000  
     000441  0000  
     000442  0000  
     000443  0000  
     000444  0000  
     000445  0000  
     000446  0000  
     000447  0000  
     000450  0000  
     000451  0000  
     000452  0000  
     000453  0000  
     000454  0000  
     000455  0000  
     000456  0000  
     000457  0000  
     000460  0000  
     000461  0000  
     000462  0000  
     000463  0000  
     000464  0000  
     000465  0000  
     000466  0000  
     000467  0000  
     000470  0000  
     000471  0000  
     000472  0000  
     000473  0000  
     000474  0000  
     000475  0000  
     000476  0000  
     000477  0000  
     000500  0000  
     000501  0000  
     000502  0000  
     000503  0000  
     000504  0000  
     000505  0000  
     000506  0000  
     000507  0000  
     000510  0000  
     000511  0000  
     000512  0000  
     000513  0000  
     000514  0000  
     000515  0000  
     000516  0000  
     000517  0000  
     000520  0000  
     000521  0000  
     000522  0000  
     000523  0000  
     000524  0000  
     000525  0000  
     000526  0000  
     000527  0000  
     000530  0000  
     000531  0000  
     000532  0000  
     000533  0000  
     000534  0000  
     000535  0000  
     000536  0000  
     000537  0000  
     000540  0000  
     000541  0000  
     000542  0000  
     000543  0000  
     000544  0000  
     000545  0000  
     000546  0000  
     000547  0000  
     000550  0000  
     000551  0000  
     000552  0000  
     000553  0000  
     000554  0000  
     000555  0000  
     000556  0000  
     000557  0000  
     000560  0000  
     000561  0000  
     000562  0000  
     000563  0000  
     000564  0000  
     000565  0000  
     000566  0000  
     000567  0000  
     000570  0000  
     000571  0000  
     000572  0000  
     000573  0000  
     000574  0000  
     000575  0000  
     000576  0000  
     000577  0000  
     000600  0000  
     000601  0000  
     000602  0000  
     000603  0000  
     000604  0000  
     000605  0000  
     000606  0000  
     000607  0000  
     000610  0000  
     000611  0000  
     000612  0000  
     000613  0000  
     000614  0000  
     000615  0000  
     000616  0000  
     000617  0000  
     000620  0000  
     000621  0000  
     000622  0000  
     000623  0000  
     000624  0000  
     000625  0000  
     000626  0000  
     000627  0000  
     000630  0000  
     000631  0000  
     000632  0000  
     000633  0000  
     000634  0000  
     000635  0000  
     000636  0000  
     000637  0000  
     000640  0000  
     000641  0000  
     000642  0000  
     000643  0000  
     000644  0000  
     000645  0000  
     000646  0000  
     000647  0000  
     000650  0000  
     000651  0000  
     000652  0000  
     000653  0000  
     000654  0000  
     000655  0000  
     000656  0000  
     000657  0000  
     000660  0000  
     000661  0000  
     000662  0000  
     000663  0000  
     000664  0000  
     000665  0000  
     000666  0000  
     000667  0000  
     000670  0000  
     000671  0000  
     000672  0000  
     000673  0000  
     000674  0000  
     000675  0000  
     000676  0000  
     000677  0000  
     000700  0000  
     000701  0000  
     000702  0000  
     000703  0000  
     000704  0000  
     000705  0000  
     000706  0000  
     000707  0000  
     000710  0000  
     000711  0000  
     000712  0000  
     000713  0000  
     000714  0000  
     000715  0000  
     000716  0000  
     000717  0000  
     000720  0000  
     000721  0000  
     000722  0000  
     000723  0000  
     000724  0000  
     000725  0000  
     000726  0000  
     000727  0000  
     000730  0000  
     000731  0000  
     000732  0000  
     000733  0000  
     000734  0000  
     000735  0000  
     000736  0000  
     000737  0000  
     000740  0000  
     000741  0000  
     000742  0000  
     000743  0000  
     000744  0000  
     000745  0000  
     000746  0000  
     000747  0000  
     000750  0000  
     000751  0000  
     000752  0000  
     000753  0000  
     000754  0000  
     000755  0000  
     000756  0000  
     000757  0000  
     000760  0000  
     000761  0000  
     000762  0000  
     000763  0000  
     000764  0000  
     000765  0000  
     000766  0000  
     000767  0000  
     000770  0000  
     000771  0000  
     000772  0000  
     000773  0000  
     000774  0000  
     000775  0000  
     000776  0000  
     000777  0000  
     001000  0000  
     001001  0000  
     001002  0000  
     001003  0000  
     001004  0000  
     001005  0000  
     001006  0000  
     001007  0000  
     001010  0000  
     001011  0000  
     001012  0000  
     001013  0000  
     001014  0000  
     001015  0000  
     001016  0000  
     001017  0000  
     001020  0000  
     001021  0000  
     001022  0000  
     001023  0000  
     001024  0000  
     001025  0000  
     001026  0000  
     001027  0000  
     001030  0000  
     001031  0000  
     001032  0000  
     001033  0000  
     001034  0000  
     001035  0000  
     001036  0000  
     001037  0000  
     001040  0000  
     001041  0000  
     001042  0000  
     001043  0000  
     001044  0000  
     001045  0000  
     001046  0000  
     001047  0000  
     001050  0000  
     001051  0000  
     001052  0000  
     001053  0000  
     001054  0000  
     001055  0000  
     001056  0000  
     001057  0000  
     001060  0000  
     001061  0000  
     001062  0000  
     001063  0000  
     001064  0000  
     001065  0000  
     001066  0000  
     001067  0000  
     001070  0000  
     001071  0000  
     001072  0000  
     001073  0000  
     001074  0000  
     001075  0000  
     001076  0000  
     001077  0000  
     001100  0000  
     001101  0000  
     001102  0000  
     001103  0000  
     001104  0000  
     001105  0000  
     001106  0000  
     001107  0000  
     001110  0000  
     001111  0000  
     001112  0000  
     001113  0000  
     001114  0000  
     001115  0000  
     001116  0000  
     001117  0000  
     001120  0000  
     001121  0000  
     001122  0000  
     001123  0000  
     001124  0000  
     001125  0000  
     001126  0000  
     001127  0000  
     001130  0000  
     001131  0000  
     001132  0000  
     001133  0000  
     001134  0000  
     001135  0000  
     001136  0000  
     001137  0000  
     001140  0000  
     001141  0000  
     001142  0000  
     001143  0000  
     001144  0000  
     001145  0000  
     001146  0000  
     001147  0000  
     001150  0000  
     001151  0000  
     001152  0000  
     001153  0000  
     001154  0000  
     001155  0000  
     001156  0000  
     001157  0000  
     001160  0000  
     001161  0000  
     001162  0000  
     001163  0000  
     001164  0000  
     001165  0000  
     001166  0000  
     001167  0000  
     001170  0000  
     001171  0000  
     001172  0000  
     001173  0000  
     001174  0000  
     001175  0000  
     001176  0000  
     001177  0000  
     001200  0000  
     001201  0000  
     001202  0000  
     001203  0000  
     001204  0000  
     001205  0000  
     001206  0000  
     001207  0000  
     001210  0000  
     001211  0000  
     001212  0000  
     001213  0000  
     001214  0000  
     001215  0000  
     001216  0000  
     001217  0000  
     001220  0000  
     001221  0000  
     001222  0000  
     001223  0000  
     001224  0000  
     001225  0000  
     001226  0000  
     001227  0000  
     001230  0000  
     001231  0000  
     001232  0000  
     001233  0000  
     001234  0000  
     001235  0000  
     001236  0000  
     001237  0000  
     001240  0000  
     001241  0000  
     001242  0000  
     001243  0000  
     001244  0000  
     001245  0000  
     001246  0000  
     001247  0000  
     001250  0000  
     001251  0000  
     001252  0000  
     001253  0000  
     001254  0000  
     001255  0000  
     001256  0000  
     001257  0000  
     001260  0000  
     001261  0000  
     001262  0000  
     001263  0000  
     001264  0000  
     001265  0000  
     001266  0000  
     001267  0000  
     001270  0000  
     001271  0000  
     001272  0000  
     001273  0000  
     001274  0000  
     001275  0000  
     001276  0000  
     001277  0000  
     001300  0000  
     001301  0000  
     001302  0000  
     001303  0000  
     001304  0000  
     001305  0000  
     001306  0000  
     001307  0000  
     001310  0000  
     001311  0000  
     001312  0000  
     001313  0000  
     001314  0000  
     001315  0000  
     001316  0000  
     001317  0000  
     001320  0000  
     001321  0000  
     001322  0000  
     001323  0000  
     001324  0000  
     001325  0000  
     001326  0000  
     001327  0000  
     001330  0000  
     001331  0000  
     001332  0000  
     001333  0000  
     001334  0000  
     001335  0000  
     001336  0000  
     001337  0000  
     001340  0000  
     001341  0000  
     001342  0000  
     001343  0000  
     001344  0000  
     001345  0000  
     001346  0000  
     001347  0000  
     001350  0000  
     001351  0000  
     001352  0000  
     001353  0000  
     001354  0000  
     001355  0000  
     001356  0000  
     001357  0000  
     001360  0000  
     001361  0000  
     001362  0000  
     001363  0000  
     001364  0000  
     001365  0000  
     001366  0000  
     001367  0000  
     001370  0000  
     001371  0000  
     001372  0000  
     001373  0000  
     001374  0000  
     001375  0000  
     001376  0000  
     001377  0000  
     001400  0000  
     001401  0000  
     001402  0000  
     001403  0000  
     001404  0000  
     001405  0000  
     001406  0000  
     001407  0000  
     001410  0000  
     001411  0000  
     001412  0000  
     001413  0000  
     001414  0000  
     001415  0000  
     001416  0000  
     001417  0000  
     001420  0000  
     001421  0000  
     001422  0000  
     001423  0000  
     001424  0000  
     001425  0000  
     001426  0000  
     001427  0000  
     001430  0000  
     001431  0000  
     001432  0000  
     001433  0000  
     001434  0000  
     001435  0000  
     001436  0000  
     001437  0000  
     001440  0000  
     001441  0000  
     001442  0000  
     001443  0000  
     001444  0000  
     001445  0000  
     001446  0000  
     001447  0000  
     001450  0000  
     001451  0000  
     001452  0000  
     001453  0000  
     001454  0000  
     001455  0000  
     001456  0000  
     001457  0000  
     001460  0000  
     001461  0000  
     001462  0000  
     001463  0000  
     001464  0000  
     001465  0000  
     001466  0000  
     001467  0000  
     001470  0000  
     001471  0000  
     001472  0000  
     001473  0000  
     001474  0000  
     001475  0000  
     001476  0000  
     001477  0000  
     001500  0000  
     001501  0000  
     001502  0000  
     001503  0000  
     001504  0000  
     001505  0000  
     001506  0000  
     001507  0000  
     001510  0000  
     001511  0000  
     001512  0000  
     001513  0000  
     001514  0000  
     001515  0000  
     001516  0000  
     001517  0000  
     001520  0000  
     001521  0000  
     001522  0000  
     001523  0000  
     001524  0000  
     001525  0000  
     001526  0000  
     001527  0000  
     001530  0000  
     001531  0000  
     001532  0000  
     001533  0000  
     001534  0000  
     001535  0000  
     001536  0000  
     001537  0000  
     001540  0000  
     001541  0000  
     001542  0000  
     001543  0000  
     001544  0000  
     001545  0000  
     001546  0000  
     001547  0000  
     001550  0000  
     001551  0000  
     001552  0000  
     001553  0000  
     001554  0000  
     001555  0000  
     001556  0000  
     001557  0000  
     001560  0000  
     001561  0000  
     001562  0000  
     001563  0000  
     001564  0000  
     001565  0000  
     001566  0000  
     001567  0000  
     001570  0000  
     001571  0000  
     001572  0000  
     001573  0000  
     001574  0000  
     001575  0000  
     001576  0000  
     001577  0000  
     001600  0000  
     001601  0000  
     001602  0000  
     001603  0000  
     001604  0000  
     001605  0000  
     001606  0000  
     001607  0000  
     001610  0000  
     001611  0000  
     001612  0000  
     001613  0000  
     001614  0000  
     001615  0000  
     001616  0000  
     001617  0000  
     001620  0000  
     001621  0000  
     001622  0000  
     001623  0000  
     001624  0000  
     001625  0000  
     001626  0000  
     001627  0000  
     001630  0000  
     001631  0000  
     001632  0000  
     001633  0000  
     001634  0000  
     001635  0000  
     001636  0000  
     001637  0000  
     001640  0000  
     001641  0000  
     001642  0000  
     001643  0000  
     001644  0000  
     001645  0000  
     001646  0000  
     001647  0000  
     001650  0000  
     001651  0000  
     001652  0000  
     001653  0000  
     001654  0000  
     001655  0000  
     001656  0000  
     001657  0000  
     001660  0000  
     001661  0000  
     001662  0000  
     001663  0000  
     001664  0000  
     001665  0000  
     001666  0000  
     001667  0000  
     001670  0000  
     001671  0000  
     001672  0000  
     001673  0000  
     001674  0000  
     001675  0000  
     001676  0000  
     001677  0000  
     001700  0000  
     001701  0000  
     001702  0000  
     001703  0000  
     001704  0000  
     001705  0000  
     001706  0000  
     001707  0000  
     001710  0000  
     001711  0000  
     001712  0000  
     001713  0000  
     001714  0000  
     001715  0000  
     001716  0000  
     001717  0000  
     001720  0000  
     001721  0000  
     001722  0000  
     001723  0000  
     001724  0000  
     001725  0000  
     001726  0000  
     001727  0000  
     001730  0000  
     001731  0000  
     001732  0000  
     001733  0000  
     001734  0000  
     001735  0000  
     001736  0000  
     001737  0000  
     001740  0000  
     001741  0000  
     001742  0000  
     001743  0000  
     001744  0000  
     001745  0000  
     001746  0000  
     001747  0000  
     001750  0000  
     001751  0000  
     001752  0000  
     001753  0000  
     001754  0000  
     001755  0000  
     001756  0000  
     001757  0000  
     001760  0000  
     001761  0000  
     001762  0000  
     001763  0000  
     001764  0000  
     001765  0000  
     001766  0000  
     001767  0000  
     001770  0000  
     001771  0000  
     001772  0000  
     001773  0000  
     001774  0000  
     001775  0000  
     001776  0000  
     001777  0000  
     002000  0000  
     002001  0000  
     002002  0000  
     002003  0000  
     002004  0000  
     002005  0000  
     002006  0000  
     002007  0000  
     002010  0000  
     002011  0000  
     002012  0000  
     002013  0000  
     002014  0000  
     002015  0000  
     002016  0000  
     002017  0000  
     002020  0000  
     002021  0000  
     002022  0000  
     002023  0000  
     002024  0000  
     002025  0000  
     002026  0000  
     002027  0000  
     002030  0000  
     002031  0000  
     002032  0000  
     002033  0000  
     002034  0000  
     002035  0000  
     002036  0000  
     002037  0000  
     002040  0000  
     002041  0000  
     002042  0000  
     002043  0000  
     002044  0000  
     002045  0000  
     002046  0000  
     002047  0000  
     002050  0000  
     002051  0000  
     002052  0000  
     002053  0000  
     002054  0000  
     002055  0000  
     002056  0000  
     002057  0000  
     002060  0000  
     002061  0000  
     002062  0000  
     002063  0000  
     002064  0000  
     002065  0000  
     002066  0000  
     002067  0000  
     002070  0000  
     002071  0000  
     002072  0000  
     002073  0000  
     002074  0000  
     002075  0000  
     002076  0000  
     002077  0000  
     002100  0000  
     002101  0000  
     002102  0000  
     002103  0000  
     002104  0000  
     002105  0000  
     002106  0000  
     002107  0000  
     002110  0000  
     002111  0000  
     002112  0000  
     002113  0000  
     002114  0000  
     002115  0000  
     002116  0000  
     002117  0000  
     002120  0000  
     002121  0000  
     002122  0000  
     002123  0000  
     002124  0000  
     002125  0000  
     002126  0000  
     002127  0000  
     002130  0000  
     002131  0000  
     002132  0000  
     002133  0000  
     002134  0000  
     002135  0000  
     002136  0000  
     002137  0000  
     002140  0000  
     002141  0000  
     002142  0000  
     002143  0000  
     002144  0000  
     002145  0000  
     002146  0000  
     002147  0000  
     002150  0000  
     002151  0000  
     002152  0000  
     002153  0000  
     002154  0000  
     002155  0000  
     002156  0000  
     002157  0000  
     002160  0000  
     002161  0000  
     002162  0000  
     002163  0000  
     002164  0000  
     002165  0000  
     002166  0000  
     002167  0000  
     002170  0000  
     002171  0000  
     002172  0000  
     002173  0000  
     002174  0000  
     002175  0000  
     002176  0000  
     002177  0000  
     002200  0000  
     002201  0000  
     002202  0000  
     002203  0000  
     002204  0000  
     002205  0000  
     002206  0000  
     002207  0000  
     002210  0000  
     002211  0000  
     002212  0000  
     002213  0000  
     002214  0000  
     002215  0000  
     002216  0000  
     002217  0000  
     002220  0000  
     002221  0000  
     002222  0000  
     002223  0000  
     002224  0000  
     002225  0000  
     002226  0000  
     002227  0000  
     002230  0000  
     002231  0000  
     002232  0000  
     002233  0000  
     002234  0000  
     002235  0000  
     002236  0000  
     002237  0000  
     002240  0000  
     002241  0000  
     002242  0000  
     002243  0000  
     002244  0000  
     002245  0000  
     002246  0000  
     002247  0000  
     002250  0000  
     002251  0000  
     002252  0000  
     002253  0000  
     002254  0000  
     002255  0000  
     002256  0000  
     002257  0000  
     002260  0000  
     002261  0000  
     002262  0000  
     002263  0000  
     002264  0000  
     002265  0000  
     002266  0000  
     002267  0000  
     002270  0000  
     002271  0000  
     002272  0000  
     002273  0000  
     002274  0000  
     002275  0000  
     002276  0000  
     002277  0000  
     002300  0000  
     002301  0000  
     002302  0000  
     002303  0000  
     002304  0000  
     002305  0000  
     002306  0000  
     002307  0000  
     002310  0000  
     002311  0000  
     002312  0000  
     002313  0000  
     002314  0000  
     002315  0000  
     002316  0000  
     002317  0000  
     002320  0000  
     002321  0000  
     002322  0000  
     002323  0000  
     002324  0000  
     002325  0000  
     002326  0000  
     002327  0000  
     002330  0000  
     002331  0000  
     002332  0000  
     002333  0000  
     002334  0000  
     002335  0000  
     002336  0000  
     002337  0000  
     002340  0000  
     002341  0000  
     002342  0000  
     002343  0000  
     002344  0000  
     002345  0000  
     002346  0000  
     002347  0000  
     002350  0000  
     002351  0000  
     002352  0000  
     002353  0000  
     002354  0000  
     002355  0000  
     002356  0000  
     002357  0000  
     002360  0000  
     002361  0000  
     002362  0000  
     002363  0000  
     002364  0000  
     002365  0000  
     002366  0000  
     002367  0000  
     002370  0000  
     002371  0000  
     002372  0000  
     002373  0000  
     002374  0000  
     002375  0000  
     002376  0000  
     002377  0000  
     002400  0000  
     002401  0000  
     002402  0000  
     002403  0000  
     002404  0000  
     002405  0000  
     002406  0000  
     002407  0000  
     002410  0000  
     002411  0000  
     002412  0000  
     002413  0000  
     002414  0000  
     002415  0000  
     002416  0000  
     002417  0000  
     002420  0000  
     002421  0000  
     002422  0000  
     002423  0000  
     002424  0000  
     002425  0000  
     002426  0000  
     002427  0000  
     002430  0000  
     002431  0000  
     002432  0000  
     002433  0000  
     002434  0000  
     002435  0000  
     002436  0000  
     002437  0000  
     002440  0000  
     002441  0000  
     002442  0000  
     002443  0000  
     002444  0000  
     002445  0000  
     002446  0000  
     002447  0000  
     002450  0000  
     002451  0000  
     002452  0000  
     002453  0000  
     002454  0000  
     002455  0000  
     002456  0000  
     002457  0000  
     002460  0000  
     002461  0000  
     002462  0000  
     002463  0000  
     002464  0000  
     002465  0000  
     002466  0000  
     002467  0000  
     002470  0000  
     002471  0000  
     002472  0000  
     002473  0000  
     002474  0000  
     002475  0000  
     002476  0000  
     002477  0000  
     002500  0000  
     002501  0000  
     002502  0000  
     002503  0000  
     002504  0000  
     002505  0000  
     002506  0000  
     002507  0000  
     002510  0000  
     002511  0000  
     002512  0000  
     002513  0000  
     002514  0000  
     002515  0000  
     002516  0000  
     002517  0000  
     002520  0000  
     002521  0000  
     002522  0000  
     002523  0000  
     002524  0000  
     002525  0000  
     002526  0000  
     002527  0000  
     002530  0000  
     002531  0000  
     002532  0000  
     002533  0000  
     002534  0000  
     002535  0000  
     002536  0000  
     002537  0000  
     002540  0000  
     002541  0000  
     002542  0000  
     002543  0000  
     002544  0000  
     002545  0000  
     002546  0000  
     002547  0000  
     002550  0000  
     002551  0000  
     002552  0000  
     002553  0000  
     002554  0000  
     002555  0000  
     002556  0000  
     002557  0000  
     002560  0000  
     002561  0000  
     002562  0000  
     002563  0000  
     002564  0000  
     002565  0000  
     002566  0000  
     002567  0000  
     002570  0000  
     002571  0000  
     002572  0000  
     002573  0000  
     002574  0000  
     002575  0000  
     002576  0000  
     002577  0000  
     002600  0000  
     002601  0000  
     002602  0000  
     002603  0000  
     002604  0000  
     002605  0000  
     002606  0000  
     002607  0000  
     002610  0000  
     002611  0000  
     002612  0000  
     002613  0000  
     002614  0000  
     002615  0000  
     002616  0000  
     002617  0000  
     002620  0000  
     002621  0000  
     002622  0000  
     002623  0000  
     002624  0000  
     002625  0000  
     002626  0000  
     002627  0000  
     002630  0000  
     002631  0000  
     002632  0000  
     002633  0000  
     002634  0000  
     002635  0000  
     002636  0000  
     002637  0000  
     002640  0000  
     002641  0000  
     002642  0000  
     002643  0000  
     002644  0000  
     002645  0000  
     002646  0000  
     002647  0000  
     002650  0000  
     002651  0000  
     002652  0000  
     002653  0000  
     002654  0000  
     002655  0000  
     002656  0000  
     002657  0000  
     002660  0000  
     002661  0000  
     002662  0000  
     002663  0000  
     002664  0000  
     002665  0000  
     002666  0000  
     002667  0000  
     002670  0000  
     002671  0000  
     002672  0000  
     002673  0000  
     002674  0000  
     002675  0000  
     002676  0000  
     002677  0000  
     002700  0000  
     002701  0000  
     002702  0000  
     002703  0000  
     002704  0000  
     002705  0000  
     002706  0000  
     002707  0000  
     002710  0000  
     002711  0000  
     002712  0000  
     002713  0000  
     002714  0000  
     002715  0000  
     002716  0000  
     002717  0000  
     002720  0000  
     002721  0000  
     002722  0000  
     002723  0000  
     002724  0000  
     002725  0000  
     002726  0000  
     002727  0000  
     002730  0000  
     002731  0000  
     002732  0000  
     002733  0000  
     002734  0000  
     002735  0000  
     002736  0000  
     002737  0000  
     002740  0000  
     002741  0000  
     002742  0000  
     002743  0000  
     002744  0000  
     002745  0000  
     002746  0000  
     002747  0000  
     002750  0000  
     002751  0000  
     002752  0000  
     002753  0000  
     002754  0000  
     002755  0000  
     002756  0000  
     002757  0000  
     002760  0000  
     002761  0000  
     002762  0000  
     002763  0000  
     002764  0000  
     002765  0000  
     002766  0000  
     002767  0000  
     002770  0000  
     002771  0000  
     002772  0000  
     002773  0000  
     002774  0000  
     002775  0000  
     002776  0000  
     002777  0000  
     003000  0000  
     003001  0000  
     003002  0000  
     003003  0000  
     003004  0000  
     003005  0000  
     003006  0000  
     003007  0000  
     003010  0000  
     003011  0000  
     003012  0000  
     003013  0000  
     003014  0000  
     003015  0000  
     003016  0000  
     003017  0000  
     003020  0000  
     003021  0000  
     003022  0000  
     003023  0000  
     003024  0000  
     003025  0000  
     003026  0000  
     003027  0000  
     003030  0000  
     003031  0000  
     003032  0000  
     003033  0000  
     003034  0000  
     003035  0000  
     003036  0000  
     003037  0000  
     003040  0000  
     003041  0000  
     003042  0000  
     003043  0000  
     003044  0000  
     003045  0000  
     003046  0000  
     003047  0000  
     003050  0000  
     003051  0000  
     003052  0000  
     003053  0000  
     003054  0000  
     003055  0000  
     003056  0000  
     003057  0000  
     003060  0000  
     003061  0000  
     003062  0000  
     003063  0000  
     003064  0000  
     003065  0000  
     003066  0000  
     003067  0000  
     003070  0000  
     003071  0000  
     003072  0000  
     003073  0000  
     003074  0000  
     003075  0000  
     003076  0000  
     003077  0000  
     003100  0000  
     003101  0000  
     003102  0000  
     003103  0000  
     003104  0000  
     003105  0000  
     003106  0000  
     003107  0000  
     003110  0000  
     003111  0000  
     003112  0000  
     003113  0000  
     003114  0000  
     003115  0000  
     003116  0000  
     003117  0000  
     003120  0000  
     003121  0000  
     003122  0000  
     003123  0000  
     003124  0000  
     003125  0000  
     003126  0000  
     003127  0000  
     003130  0000  
     003131  0000  
     003132  0000  
     003133  0000  
     003134  0000  
     003135  0000  
     003136  0000  
     003137  0000  
     003140  0000  
     003141  0000  
     003142  0000  
     003143  0000  
     003144  0000  
     003145  0000  
     003146  0000  
     003147  0000  
     003150  0000  
     003151  0000  
     003152  0000  
     003153  0000  
     003154  0000  
     003155  0000  
     003156  0000  
     003157  0000  
     003160  0000  
     003161  0000  
     003162  0000  
     003163  0000  
     003164  0000  
     003165  0000  
     003166  0000  
     003167  0000  
     003170  0000  
     003171  0000  
     003172  0000  
     003173  0000  
     003174  0000  
     003175  0000  
     003176  0000  
     003177  0000  
     003200  0000  
     003201  0000  
     003202  0000  
     003203  0000  
     003204  0000  
     003205  0000  
     003206  0000  
     003207  0000  
     003210  0000  
     003211  0000  
     003212  0000  
     003213  0000  
     003214  0000  
     003215  0000  
     003216  0000  
     003217  0000  
     003220  0000  
     003221  0000  
     003222  0000  
     003223  0000  
     003224  0000  
     003225  0000  
     003226  0000  
     003227  0000  
     003230  0000  
     003231  0000  
     003232  0000  
     003233  0000  
     003234  0000  
     003235  0000  
     003236  0000  
     003237  0000  
     003240  0000  
     003241  0000  
     003242  0000  
     003243  0000  
     003244  0000  
     003245  0000  
     003246  0000  
     003247  0000  
     003250  0000  
     003251  0000  
     003252  0000  
     003253  0000  
     003254  0000  
     003255  0000  
     003256  0000  
     003257  0000  
     003260  0000  
     003261  0000  
     003262  0000  
     003263  0000  
     003264  0000  
     003265  0000  
     003266  0000  
     003267  0000  
     003270  0000  
     003271  0000  
     003272  0000  
     003273  0000  
     003274  0000  
     003275  0000  
     003276  0000  
     003277  0000  
     003300  0000  
     003301  0000  
     003302  0000  
     003303  0000  
     003304  0000  
     003305  0000  
     003306  0000  
     003307  0000  
     003310  0000  
     003311  0000  
     003312  0000  
     003313  0000  
     003314  0000  
     003315  0000  
     003316  0000  
     003317  0000  
     003320  0000  
     003321  0000  
     003322  0000  
     003323  0000  
     003324  0000  
     003325  0000  
     003326  0000  
     003327  0000  
     003330  0000  
     003331  0000  
     003332  0000  
     003333  0000  
     003334  0000  
     003335  0000  
     003336  0000  
     003337  0000  
     003340  0000  
     003341  0000  
     003342  0000  
     003343  0000  
     003344  0000  
     003345  0000  
     003346  0000  
     003347  0000  
     003350  0000  
     003351  0000  
     003352  0000  
     003353  0000  
     003354  0000  
     003355  0000  
     003356  0000  
     003357  0000  
     003360  0000  
     003361  0000  
     003362  0000  
     003363  0000  
     003364  0000  
     003365  0000  
     003366  0000  
     003367  0000  
     003370  0000  
     003371  0000  
     003372  0000  
     003373  0000  
     003374  0000  
     003375  0000  
     003376  0000  
     003377  0000  
     003400  0000  
     003401  0000  
     003402  0000  
     003403  0000  
     003404  0000  
     003405  0000  
     003406  0000  
     003407  0000  
     003410  0000  
     003411  0000  
     003412  0000  
     003413  0000  
     003414  0000  
     003415  0000  
     003416  0000  
     003417  0000  
     003420  0000  
     003421  0000  
     003422  0000  
     003423  0000  
     003424  0000  
     003425  0000  
     003426  0000  
     003427  0000  
     003430  0000  
     003431  0000  
     003432  0000  
     003433  0000  
     003434  0000  
     003435  0000  
     003436  0000  
     003437  0000  
     003440  0000  
     003441  0000  
     003442  0000  
     003443  0000  
     003444  0000  
     003445  0000  
     003446  0000  
     003447  0000  
     003450  0000  
     003451  0000  
     003452  0000  
     003453  0000  
     003454  0000  
     003455  0000  
     003456  0000  
     003457  0000  
     003460  0000  
     003461  0000  
     003462  0000  
     003463  0000  
     003464  0000  
     003465  0000  
     003466  0000  
     003467  0000  
     003470  0000  
     003471  0000  
     003472  0000  
     003473  0000  
     003474  0000  
     003475  0000  
     003476  0000  
     003477  0000  
     003500  0000  
     003501  0000  
     003502  0000  
     003503  0000  
     003504  0000  
     003505  0000  
     003506  0000  
     003507  0000  
     003510  0000  
     003511  0000  
     003512  0000  
     003513  0000  
     003514  0000  
     003515  0000  
     003516  0000  
     003517  0000  
     003520  0000  
     003521  0000  
     003522  0000  
     003523  0000  
     003524  0000  
     003525  0000  
     003526  0000  
     003527  0000  
     003530  0000  
     003531  0000  
     003532  0000  
     003533  0000  
     003534  0000  
     003535  0000  
     003536  0000  
     003537  0000  
     003540  0000  
     003541  0000  
     003542  0000  
     003543  0000  
     003544  0000  
     003545  0000  
     003546  0000  
     003547  0000  
     003550  0000  
     003551  0000  
     003552  0000  
     003553  0000  
     003554  0000  
     003555  0000  
     003556  0000  
     003557  0000  
     003560  0000  
     003561  0000  
     003562  0000  
     003563  0000  
     003564  0000  
     003565  0000  
     003566  0000  
     003567  0000  
     003570  0000  
     003571  0000  
     003572  0000  
     003573  0000  
     003574  0000  
     003575  0000  
     003576  0000  
     003577  0000  
     003600  0000  
     003601  0000  
     003602  0000  
     003603  0000  
     003604  0000  
     003605  0000  
     003606  0000  
     003607  0000  
     003610  0000  
     003611  0000  
     003612  0000  
     003613  0000  
     003614  0000  
     003615  0000  
     003616  0000  
     003617  0000  
     003620  0000  
     003621  0000  
     003622  0000  
     003623  0000  
     003624  0000  
     003625  0000  
     003626  0000  
     003627  0000  
     003630  0000  
     003631  0000  
     003632  0000  
     003633  0000  
     003634  0000  
     003635  0000  
     003636  0000  
     003637  0000  
     003640  0000  
     003641  0000  
     003642  0000  
     003643  0000  
     003644  0000  
     003645  0000  
     003646  0000  
     003647  0000  
     003650  0000  
     003651  0000  
     003652  0000  
     003653  0000  
     003654  0000  
     003655  0000  
     003656  0000  
     003657  0000  
     003660  0000  
     003661  0000  
     003662  0000  
     003663  0000  
     003664  0000  
     003665  0000  
     003666  0000  
     003667  0000  
     003670  0000  
     003671  0000  
     003672  0000  
     003673  0000  
     003674  0000  
     003675  0000  
     003676  0000  
     003677  0000  
     003700  0000  
     003701  0000  
     003702  0000  
     003703  0000  
     003704  0000  
     003705  0000  
     003706  0000  
     003707  0000  
     003710  0000  
     003711  0000  
     003712  0000  
     003713  0000  
     003714  0000  
     003715  0000  
     003716  0000  
     003717  0000  
     003720  0000  
     003721  0000  
     003722  0000  
     003723  0000  
     003724  0000  
     003725  0000  
     003726  0000  
     003727  0000  
     003730  0000  
     003731  0000  
     003732  0000  
     003733  0000  
     003734  0000  
     003735  0000  
     003736  0000  
     003737  0000  
     003740  0000  
     003741  0000  
     003742  0000  
     003743  0000  
     003744  0000  
     003745  0000  
     003746  0000  
     003747  0000  
     003750  0000  
     003751  0000  
     003752  0000  
     003753  0000  
     003754  0000  
     003755  0000  
     003756  0000  
     003757  0000  
     003760  0000  
     003761  0000  
     003762  0000  
     003763  0000  
     003764  0000  
     003765  0000  
     003766  0000  
     003767  0000  
     003770  0000  
     003771  0000  
     003772  0000  
     003773  0000  
     003774  0000  
     003775  0000  
     003776  0000  
     003777  0000  
     004000  0000  
     004001  0000  
     004002  0000  
     004003  0000  
     004004  0000  
     004005  0000  
     004006  0000  
     004007  0000  
     004010  0000  
     004011  0000  
     004012  0000  
     004013  0000  
     004014  0000  
     004015  0000  
     004016  0000  
     004017  0000  
     004020  0000  
     004021  0000  
     004022  0000  
     004023  0000  
     004024  0000  
     004025  0000  
     004026  0000  
     004027  0000  
     004030  0000  
     004031  0000  
     004032  0000  
     004033  0000  
     004034  0000  
     004035  0000  
     004036  0000  
     004037  0000  
     004040  0000  
     004041  0000  
     004042  0000  
     004043  0000  
     004044  0000  
     004045  0000  
     004046  0000  
     004047  0000  
     004050  0000  
     004051  0000  
     004052  0000  
     004053  0000  
     004054  0000  
     004055  0000  
     004056  0000  
     004057  0000  
     004060  0000  
     004061  0000  
     004062  0000  
     004063  0000  
     004064  0000  
     004065  0000  
     004066  0000  
     004067  0000  
     004070  0000  
     004071  0000  
     004072  0000  
     004073  0000  
     004074  0000  
     004075  0000  
     004076  0000  
     004077  0000  
     004100  0000  
     004101  0000  
     004102  0000  
     004103  0000  
     004104  0000  
     004105  0000  
     004106  0000  
     004107  0000  
     004110  0000  
     004111  0000  
     004112  0000  
     004113  0000  
     004114  0000  
     004115  0000  
     004116  0000  
     004117  0000  
     004120  0000  
     004121  0000  
     004122  0000  
     004123  0000  
     004124  0000  
     004125  0000  
     004126  0000  
     004127  0000  
     004130  0000  
     004131  0000  
     004132  0000  
     004133  0000  
     004134  0000  
     004135  0000  
     004136  0000  
     004137  0000  
     004140  0000  
     004141  0000  
     004142  0000  
     004143  0000  
     004144  0000  
     004145  0000  
     004146  0000  
     004147  0000  
     004150  0000  
     004151  0000  
     004152  0000  
     004153  0000  
     004154  0000  
     004155  0000  
     004156  0000  
     004157  0000  
     004160  0000  
     004161  0000  
     004162  0000  
     004163  0000  
     004164  0000  
     004165  0000  
     004166  0000  
     004167  0000  
     004170  0000  
     004171  0000  
     004172  0000  
     004173  0000  
     004174  0000  
     004175  0000  
     004176  0000  
     004177  0000  
     004200  0000  
     004201  0000  
     004202  0000  
     004203  0000  
     004204  0000  
     004205  0000  
     004206  0000  
     004207  0000  
     004210  0000  
     004211  0000  
     004212  0000  
     004213  0000  
     004214  0000  
     004215  0000  
     004216  0000  
     004217  0000  
     004220  0000  
     004221  0000  
     004222  0000  
     004223  0000  
     004224  0000  
     004225  0000  
     004226  0000  
     004227  0000  
     004230  0000  
     004231  0000  
     004232  0000  
     004233  0000  
     004234  0000  
     004235  0000  
     004236  0000  
     004237  0000  
     004240  0000  
     004241  0000  
     004242  0000  
     004243  0000  
     004244  0000  
     004245  0000  
     004246  0000  
     004247  0000  
     004250  0000  
     004251  0000  
     004252  0000  
     004253  0000  
     004254  0000  
     004255  0000  
     004256  0000  
     004257  0000  
     004260  0000  
     004261  0000  
     004262  0000  
     004263  0000  
     004264  0000  
     004265  0000  
     004266  0000  
     004267  0000  
     004270  0000  
     004271  0000  
     004272  0000  
     004273  0000  
     004274  0000  
     004275  0000  
     004276  0000  
     004277  0000  
     004300  0000  
     004301  0000  
     004302  0000  
     004303  0000  
     004304  0000  
     004305  0000  
     004306  0000  
     004307  0000  
     004310  0000  
     004311  0000  
     004312  0000  
     004313  0000  
     004314  0000  
     004315  0000  
     004316  0000  
     004317  0000  
     004320  0000  
     004321  0000  
     004322  0000  
     004323  0000  
     004324  0000  
     004325  0000  
     004326  0000  
     004327  0000  
     004330  0000  
     004331  0000  
     004332  0000  
     004333  0000  
     004334  0000  
     004335  0000  
     004336  0000  
     004337  0000  
     004340  0000  
     004341  0000  
     004342  0000  
     004343  0000  
     004344  0000  
     004345  0000  
     004346  0000  
     004347  0000  
     004350  0000  
     004351  0000  
     004352  0000  
     004353  0000  
     004354  0000  
     004355  0000  
     004356  0000  
     004357  0000  
     004360  0000  
     004361  0000  
     004362  0000  
     004363  0000  
     004364  0000  
     004365  0000  
     004366  0000  
     004367  0000  
     004370  0000  
     004371  0000  
     004372  0000  
     004373  0000  
     004374  0000  
     004375  0000  
     004376  0000  
     004377  0000  
     004400  0000  
     004401  0000  
     004402  0000  
     004403  0000  
     004404  0000  
     004405  0000  
     004406  0000  
     004407  0000  
     004410  0000  
     004411  0000  
     004412  0000  
     004413  0000  
     004414  0000  
     004415  0000  
     004416  0000  
     004417  0000  
     004420  0000  
     004421  0000  
     004422  0000  
     004423  0000  
     004424  0000  
     004425  0000  
     004426  0000  
     004427  0000  
     004430  0000  
     004431  0000  
     004432  0000  
     004433  0000  
     004434  0000  
     004435  0000  
     004436  0000  
     004437  0000  
     004440  0000  
     004441  0000  
     004442  0000  
     004443  0000  
     004444  0000  
     004445  0000  
     004446  0000  
     004447  0000  
     004450  0000  
     004451  0000  
     004452  0000  
     004453  0000  
     004454  0000  
     004455  0000  
     004456  0000  
     004457  0000  
     004460  0000  
     004461  0000  
     004462  0000  
     004463  0000  
     004464  0000  
     004465  0000  
     004466  0000  
     004467  0000  
     004470  0000  
     004471  0000  
     004472  0000  
     004473  0000  
     004474  0000  
     004475  0000  
     004476  0000  
     004477  0000  
     004500  0000  
     004501  0000  
     004502  0000  
     004503  0000  
     004504  0000  
     004505  0000  
     004506  0000  
     004507  0000  
     004510  0000  
     004511  0000  
     004512  0000  
     004513  0000  
     004514  0000  
     004515  0000  
     004516  0000  
     004517  0000  
     004520  0000  
     004521  0000  
     004522  0000  
     004523  0000  
     004524  0000  
     004525  0000  
     004526  0000  
     004527  0000  
     004530  0000  
     004531  0000  
     004532  0000  
     004533  0000  
     004534  0000  
     004535  0000  
     004536  0000  
     004537  0000  
     004540  0000  
     004541  0000  
     004542  0000  
     004543  0000  
     004544  0000  
     004545  0000  
     004546  0000  
     004547  0000  
     004550  0000  
     004551  0000  
     004552  0000  
     004553  0000  
     004554  0000  
     004555  0000  
     004556  0000  
     004557  0000  
     004560  0000  
     004561  0000  
     004562  0000  
     004563  0000  
     004564  0000  
     004565  0000  
     004566  0000  
     004567  0000  
     004570  0000  
     004571  0000  
     004572  0000  
     004573  0000  
     004574  0000  
     004575  0000  
     004576  0000  
     004577  0000  
     004600  0000  
     004601  0000  
     004602  0000  
     004603  0000  
     004604  0000  
     004605  0000  
     004606  0000  
     004607  0000  
     004610  0000  
     004611  0000  
     004612  0000  
     004613  0000  
     004614  0000  
     004615  0000  
     004616  0000  
     004617  0000  
     004620  0000  
     004621  0000  
     004622  0000  
     004623  0000  
     004624  0000  
     004625  0000  
     004626  0000  
     004627  0000  
     004630  0000  
     004631  0000  
     004632  0000  
     004633  0000  
     004634  0000  
     004635  0000  
     004636  0000  
     004637  0000  
     004640  0000  
     004641  0000  
     004642  0000  
     004643  0000  
     004644  0000  
     004645  0000  
     004646  0000  
     004647  0000  
     004650  0000  
     004651  0000  
     004652  0000  
     004653  0000  
     004654  0000  
     004655  0000  
     004656  0000  
     004657  0000  
     004660  0000  
     004661  0000  
     004662  0000  
     004663  0000  
     004664  0000  
     004665  0000  
     004666  0000  
     004667  0000  
     004670  0000  
     004671  0000  
     004672  0000  
     004673  0000  
     004674  0000  
     004675  0000  
     004676  0000  
     004677  0000  
     004700  0000  
     004701  0000  
     004702  0000  
     004703  0000  
     004704  0000  
     004705  0000  
     004706  0000  
     004707  0000  
     004710  0000  
     004711  0000  
     004712  0000  
     004713  0000  
     004714  0000  
     004715  0000  
     004716  0000  
     004717  0000  
     004720  0000  
     004721  0000  
     004722  0000  
     004723  0000  
     004724  0000  
     004725  0000  
     004726  0000  
     004727  0000  
     004730  0000  
     004731  0000  
     004732  0000  
     004733  0000  
     004734  0000  
     004735  0000  
     004736  0000  
     004737  0000  
     004740  0000  
     004741  0000  
     004742  0000  
     004743  0000  
     004744  0000  
     004745  0000  
     004746  0000  
     004747  0000  
     004750  0000  
     004751  0000  
     004752  0000  
     004753  0000  
     004754  0000  
     004755  0000  
     004756  0000  
     004757  0000  
     004760  0000  
     004761  0000  
     004762  0000  
     004763  0000  
     004764  0000  
     004765  0000  
     004766  0000  
     004767  0000  
     004770  0000  
     004771  0000  
     004772  0000  
     004773  0000  
     004774  0000  
     004775  0000  
     004776  0000  
     004777  0000  
     005000  0000  
     005001  0000  
     005002  0000  
     005003  0000  
     005004  0000  
     005005  0000  
     005006  0000  
     005007  0000  
     005010  0000  
     005011  0000  
     005012  0000  
     005013  0000  
     005014  0000  
     005015  0000  
     005016  0000  
     005017  0000  
     005020  0000  
     005021  0000  
     005022  0000  
     005023  0000  
     005024  0000  
     005025  0000  
     005026  0000  
     005027  0000  
     005030  0000  
     005031  0000  
     005032  0000  
     005033  0000  
     005034  0000  
     005035  0000  
     005036  0000  
     005037  0000  
     005040  0000  
     005041  0000  
     005042  0000  
     005043  0000  
     005044  0000  
     005045  0000  
     005046  0000  
     005047  0000  
     005050  0000  
     005051  0000  
     005052  0000  
     005053  0000  
     005054  0000  
     005055  0000  
     005056  0000  
     005057  0000  
     005060  0000  
     005061  0000  
     005062  0000  
     005063  0000  
     005064  0000  
     005065  0000  
     005066  0000  
     005067  0000  
     005070  0000  
     005071  0000  
     005072  0000  
     005073  0000  
     005074  0000  
     005075  0000  
     005076  0000  
     005077  0000  
     005100  0000  
     005101  0000  
     005102  0000  
     005103  0000  
     005104  0000  
     005105  0000  
     005106  0000  
     005107  0000  
     005110  0000  
     005111  0000  
     005112  0000  
     005113  0000  
     005114  0000  
     005115  0000  
     005116  0000  
     005117  0000  
     005120  0000  
     005121  0000  
     005122  0000  
     005123  0000  
     005124  0000  
     005125  0000  
     005126  0000  
     005127  0000  
     005130  0000  
     005131  0000  
     005132  0000  
     005133  0000  
     005134  0000  
     005135  0000  
     005136  0000  
     005137  0000  
     005140  0000  
     005141  0000  
     005142  0000  
     005143  0000  
     005144  0000  
     005145  0000  
     005146  0000  
     005147  0000  
     005150  0000  
     005151  0000  
     005152  0000  
     005153  0000  
     005154  0000  
     005155  0000  
     005156  0000  
     005157  0000  
     005160  0000  
     005161  0000  
     005162  0000  
     005163  0000  
     005164  0000  
     005165  0000  
     005166  0000  
     005167  0000  
     005170  0000  
     005171  0000  
     005172  0000  
     005173  0000  
     005174  0000  
     005175  0000  
     005176  0000  
     005177  0000  
     005200  0000  
     005201  0000  
     005202  0000  
     005203  0000  
     005204  0000  
     005205  0000  
     005206  0000  
     005207  0000  
     005210  0000  
     005211  0000  
     005212  0000  
     005213  0000  
     005214  0000  
     005215  0000  
     005216  0000  
     005217  0000  
     005220  0000  
     005221  0000  
     005222  0000  
     005223  0000  
     005224  0000  
     005225  0000  
     005226  0000  
     005227  0000  
     005230  0000  
     005231  0000  
     005232  0000  
     005233  0000  
     005234  0000  
     005235  0000  
     005236  0000  
     005237  0000  
     005240  0000  
     005241  0000  
     005242  0000  
     005243  0000  
     005244  0000  
     005245  0000  
     005246  0000  
     005247  0000  
     005250  0000  
     005251  0000  
     005252  0000  
     005253  0000  
     005254  0000  
     005255  0000  
     005256  0000  
     005257  0000  
     005260  0000  
     005261  0000  
     005262  0000  
     005263  0000  
     005264  0000  
     005265  0000  
     005266  0000  
     005267  0000  
     005270  0000  
     005271  0000  
     005272  0000  
     005273  0000  
     005274  0000  
     005275  0000  
     005276  0000  
     005277  0000  
     005300  0000  
     005301  0000  
     005302  0000  
     005303  0000  
     005304  0000  
     005305  0000  
     005306  0000  
     005307  0000  
     005310  0000  
     005311  0000  
     005312  0000  
     005313  0000  
     005314  0000  
     005315  0000  
     005316  0000  
     005317  0000  
     005320  0000  
     005321  0000  
     005322  0000  
     005323  0000  
     005324  0000  
     005325  0000  
     005326  0000  
     005327  0000  
     005330  0000  
     005331  0000  
     005332  0000  
     005333  0000  
     005334  0000  
     005335  0000  
     005336  0000  
     005337  0000  
     005340  0000  
     005341  0000  
     005342  0000  
     005343  0000  
     005344  0000  
     005345  0000  
     005346  0000  
     005347  0000  
     005350  0000  
     005351  0000  
     005352  0000  
     005353  0000  
     005354  0000  
     005355  0000  
     005356  0000  
     005357  0000  
     005360  0000  
     005361  0000  
     005362  0000  
     005363  0000  
     005364  0000  
     005365  0000  
     005366  0000  
     005367  0000  
     005370  0000  
     005371  0000  
     005372  0000  
     005373  0000  
     005374  0000  
     005375  0000  
     005376  0000  
     005377  0000  
     005400  0000  
     005401  0000  
     005402  0000  
     005403  0000  
     005404  0000  
     005405  0000  
     005406  0000  
     005407  0000  
     005410  0000  
     005411  0000  
     005412  0000  
     005413  0000  
     005414  0000  
     005415  0000  
     005416  0000  
     005417  0000  
     005420  0000  
     005421  0000  
     005422  0000  
     005423  0000  
     005424  0000  
     005425  0000  
     005426  0000  
     005427  0000  
     005430  0000  
     005431  0000  
     005432  0000  
     005433  0000  
     005434  0000  
     005435  0000  
     005436  0000  
     005437  0000  
     005440  0000  
     005441  0000  
     005442  0000  
     005443  0000  
     005444  0000  
     005445  0000  
     005446  0000  
     005447  0000  
     005450  0000  
     005451  0000  
     005452  0000  
     005453  0000  
     005454  0000  
     005455  0000  
     005456  0000  
     005457  0000  
     005460  0000  
     005461  0000  
     005462  0000  
     005463  0000  
     005464  0000  
     005465  0000  
     005466  0000  
     005467  0000  
     005470  0000  
     005471  0000  
     005472  0000  
     005473  0000  
     005474  0000  
     005475  0000  
     005476  0000  
     005477  0000  
     005500  0000  
     005501  0000  
     005502  0000  
     005503  0000  
     005504  0000  
     005505  0000  
     005506  0000  
     005507  0000  
     005510  0000  
     005511  0000  
     005512  0000  
     005513  0000  
     005514  0000  
     005515  0000  
     005516  0000  
     005517  0000  
     005520  0000  
     005521  0000  
     005522  0000  
     005523  0000  
     005524  0000  
     005525  0000  
     005526  0000  
     005527  0000  
     005530  0000  
     005531  0000  
     005532  0000  
     005533  0000  
     005534  0000  
     005535  0000  
     005536  0000  
     005537  0000  
     005540  0000  
     005541  0000  
     005542  0000  
     005543  0000  
     005544  0000  
     005545  0000  
     005546  0000  
     005547  0000  
     005550  0000  
     005551  0000  
     005552  0000  
     005553  0000  
     005554  0000  
     005555  0000  
     005556  0000  
     005557  0000  
     005560  0000  
     005561  0000  
     005562  0000  
     005563  0000  
     005564  0000  
     005565  0000  
     005566  0000  
     005567  0000  
     005570  0000  
     005571  0000  
     005572  0000  
     005573  0000  
     005574  0000  
     005575  0000  
     005576  0000  
     005577  0000  
     005600  0000  
     005601  0000  
     005602  0000  
     005603  0000  
     005604  0000  
     005605  0000  
     005606  0000  
     005607  0000  
     005610  0000  
     005611  0000  
     005612  0000  
     005613  0000  
     005614  0000  
     005615  0000  
     005616  0000  
     005617  0000  
     005620  0000  
     005621  0000  
     005622  0000  
     005623  0000  
     005624  0000  
     005625  0000  
     005626  0000  
     005627  0000  
     005630  0000  
     005631  0000  
     005632  0000  
     005633  0000  
     005634  0000  
     005635  0000  
     005636  0000  
     005637  0000  
     005640  0000  
     005641  0000  
     005642  0000  
     005643  0000  
     005644  0000  
     005645  0000  
     005646  0000  
     005647  0000  
     005650  0000  
     005651  0000  
     005652  0000  
     005653  0000  
     005654  0000  
     005655  0000  
     005656  0000  
     005657  0000  
     005660  0000  
     005661  0000  
     005662  0000  
     005663  0000  
     005664  0000  
     005665  0000  
     005666  0000  
     005667  0000  
     005670  0000  
     005671  0000  
     005672  0000  
     005673  0000  
     005674  0000  
     005675  0000  
     005676  0000  
     005677  0000  
     005700  0000  
     005701  0000  
     005702  0000  
     005703  0000  
     005704  0000  
     005705  0000  
     005706  0000  
     005707  0000  
     005710  0000  
     005711  0000  
     005712  0000  
     005713  0000  
     005714  0000  
     005715  0000  
     005716  0000  
     005717  0000  
     005720  0000  
     005721  0000  
     005722  0000  
     005723  0000  
     005724  0000  
     005725  0000  
     005726  0000  
     005727  0000  
     005730  0000  
     005731  0000  
     005732  0000  
     005733  0000  
     005734  0000  
     005735  0000  
     005736  0000  
     005737  0000  
     005740  0000  
     005741  0000  
     005742  0000  
     005743  0000  
     005744  0000  
     005745  0000  
     005746  0000  
     005747  0000  
     005750  0000  
     005751  0000  
     005752  0000  
     005753  0000  
     005754  0000  
     005755  0000  
     005756  0000  
     005757  0000  
     005760  0000  
     005761  0000  
     005762  0000  
     005763  0000  
     005764  0000  
     005765  0000  
     005766  0000  
     005767  0000  
     005770  0000  
     005771  0000  
     005772  0000  
     005773  0000  
     005774  0000  
     005775  0000  
     005776  0000  
     005777  0000  
     006000  0000  
     006001  0000  
     006002  0000  
     006003  0000  
     006004  0000  
     006005  0000  
     006006  0000  
     006007  0000  
     006010  0000  
     006011  0000  
     006012  0000  
     006013  0000  
     006014  0000  
     006015  0000  
     006016  0000  
     006017  0000  
     006020  0000  
     006021  0000  
     006022  0000  
     006023  0000  
     006024  0000  
     006025  0000  
     006026  0000  
     006027  0000  
     006030  0000  
     006031  0000  
     006032  0000  
     006033  0000  
     006034  0000  
     006035  0000  
     006036  0000  
     006037  0000  
     006040  0000  
     006041  0000  
     006042  0000  
     006043  0000  
     006044  0000  
     006045  0000  
     006046  0000  
     006047  0000  
     006050  0000  
     006051  0000  
     006052  0000  
     006053  0000  
     006054  0000  
     006055  0000  
     006056  0000  
     006057  0000  
     006060  0000  
     006061  0000  
     006062  0000  
     006063  0000  
     006064  0000  
     006065  0000  
     006066  0000  
     006067  0000  
     006070  0000  
     006071  0000  
     006072  0000  
     006073  0000  
     006074  0000  
     006075  0000  
     006076  0000  
     006077  0000  
     006100  0000  
     006101  0000  
     006102  0000  
     006103  0000  
     006104  0000  
     006105  0000  
     006106  0000  
     006107  0000  
     006110  0000  
     006111  0000  
     006112  0000  
     006113  0000  
     006114  0000  
     006115  0000  
     006116  0000  
     006117  0000  
     006120  0000  
     006121  0000  
     006122  0000  
     006123  0000  
     006124  0000  
     006125  0000  
     006126  0000  
     006127  0000  
     006130  0000  
     006131  0000  
     006132  0000  
     006133  0000  
     006134  0000  
     006135  0000  
     006136  0000  
     006137  0000  
     006140  0000  
     006141  0000  
     006142  0000  
     006143  0000  
     006144  0000  
     006145  0000  
     006146  0000  
     006147  0000  
     006150  0000  
     006151  0000  
     006152  0000  
     006153  0000  
     006154  0000  
     006155  0000  
     006156  0000  
     006157  0000  
     006160  0000  
     006161  0000  
     006162  0000  
     006163  0000  
     006164  0000  
     006165  0000  
     006166  0000  
     006167  0000  
     006170  0000  
     006171  0000  
     006172  0000  
     006173  0000  
     006174  0000  
     006175  0000  
     006176  0000  
     006177  0000  
     006200  0000  
     006201  0000  
     006202  0000  
     006203  0000  
     006204  0000  
     006205  0000  
     006206  0000  
     006207  0000  
     006210  0000  
     006211  0000  
     006212  0000  
     006213  0000  
     006214  0000  
     006215  0000  
     006216  0000  
     006217  0000  
     006220  0000  
     006221  0000  
     006222  0000  
     006223  0000  
     006224  0000  
     006225  0000  
     006226  0000  
     006227  0000  
     006230  0000  
     006231  0000  
     006232  0000  
     006233  0000  
     006234  0000  
     006235  0000  
     006236  0000  
     006237  0000  
     006240  0000  
     006241  0000  
     006242  0000  
     006243  0000  
     006244  0000  
     006245  0000  
     006246  0000  
     006247  0000  
     006250  0000  
     006251  0000  
     006252  0000  
     006253  0000  
     006254  0000  
     006255  0000  
     006256  0000  
     006257  0000  
     006260  0000  
     006261  0000  
     006262  0000  
     006263  0000  
     006264  0000  
     006265  0000  
     006266  0000  
     006267  0000  
     006270  0000  
     006271  0000  
     006272  0000  
     006273  0000  
     006274  0000  
     006275  0000  
     006276  0000  
     006277  0000  
     006300  0000  
     006301  0000  
     006302  0000  
     006303  0000  
     006304  0000  
     006305  0000  
     006306  0000  
     006307  0000  
     006310  0000  
     006311  0000  
     006312  0000  
     006313  0000  
     006314  0000  
     006315  0000  
     006316  0000  
     006317  0000  
     006320  0000  
     006321  0000  
     006322  0000  
     006323  0000  
     006324  0000  
     006325  0000  
     006326  0000  
     006327  0000  
     006330  0000  
     006331  0000  
     006332  0000  
     006333  0000  
     006334  0000  
     006335  0000  
     006336  0000  
     006337  0000  
     006340  0000  
     006341  0000  
     006342  0000  
     006343  0000  
     006344  0000  
     006345  0000  
     006346  0000  
     006347  0000  
     006350  0000  
     006351  0000  
     006352  0000  
     006353  0000  
     006354  0000  
     006355  0000  
     006356  0000  
     006357  0000  
     006360  0000  
     006361  0000  
     006362  0000  
     006363  0000  
     006364  0000  
     006365  0000  
     006366  0000  
     006367  0000  
     006370  0000  
     006371  0000  
     006372  0000  
     006373  0000  
     006374  0000  
     006375  0000  
     006376  0000  
     006377  0000  
     006400  0000  
     006401  0000  
     006402  0000  
     006403  0000  
     006404  0000  
     006405  0000  
     006406  0000  
     006407  0000  
     006410  0000  
     006411  0000  
     006412  0000  
     006413  0000  
     006414  0000  
     006415  0000  
     006416  0000  
     006417  0000  
     006420  0000  
     006421  0000  
     006422  0000  
     006423  0000  
     006424  0000  
     006425  0000  
     006426  0000  
     006427  0000  
     006430  0000  
     006431  0000  
     006432  0000  
     006433  0000  
     006434  0000  
     006435  0000  
     006436  0000  
     006437  0000  
     006440  0000  
     006441  0000  
     006442  0000  
     006443  0000  
     006444  0000  
     006445  0000  
     006446  0000  
     006447  0000  
     006450  0000  
     006451  0000  
     006452  0000  
     006453  0000  
     006454  0000  
     006455  0000  
     006456  0000  
     006457  0000  
     006460  0000  
     006461  0000  
     006462  0000  
     006463  0000  
     006464  0000  
     006465  0000  
     006466  0000  
     006467  0000  
     006470  0000  
     006471  0000  
     006472  0000  
     006473  0000  
     006474  0000  
     006475  0000  
     006476  0000  
     006477  0000  
     006500  0000  
     006501  0000  
     006502  0000  
     006503  0000  
     006504  0000  
     006505  0000  
     006506  0000  
     006507  0000  
     006510  0000  
     006511  0000  
     006512  0000  
     006513  0000  
     006514  0000  
     006515  0000  
     006516  0000  
     006517  0000  
     006520  0000  
     006521  0000  
     006522  0000  
     006523  0000  
     006524  0000  
     006525  0000  
     006526  0000  
     006527  0000  
     006530  0000  
     006531  0000  
     006532  0000  
     006533  0000  
     006534  0000  
     006535  0000  
     006536  0000  
     006537  0000  
     006540  0000  
     006541  0000  
     006542  0000  
     006543  0000  
     006544  0000  
     006545  0000  
     006546  0000  
     006547  0000  
     006550  0000  
     006551  0000  
     006552  0000  
     006553  0000  
     006554  0000  
     006555  0000  
     006556  0000  
     006557  0000  
     006560  0000  
     006561  0000  
     006562  0000  
     006563  0000  
     006564  0000  
     006565  0000  
     006566  0000  
     006567  0000  
     006570  0000  
     006571  0000  
     006572  0000  
     006573  0000  
     006574  0000  
     006575  0000  
     006576  0000  
     006577  0000  
     006600  0000  
     006601  0000  
     006602  0000  
     006603  0000  
     006604  0000  
     006605  0000  
     006606  0000  
     006607  0000  
     006610  0000  
     006611  0000  
     006612  0000  
     006613  0000  
     006614  0000  
     006615  0000  
     006616  0000  
     006617  0000  
     006620  0000  
     006621  0000  
     006622  0000  
     006623  0000  
     006624  0000  
     006625  0000  
     006626  0000  
     006627  0000  
     006630  0000  
     006631  0000  
     006632  0000  
     006633  0000  
     006634  0000  
     006635  0000  
     006636  0000  
     006637  0000  
     006640  0000  
     006641  0000  
     006642  0000  
     006643  0000  
     006644  0000  
     006645  0000  
     006646  0000  
     006647  0000  
     006650  0000  
     006651  0000  
     006652  0000  
     006653  0000  
     006654  0000  
     006655  0000  
     006656  0000  
     006657  0000  
     006660  0000  
     006661  0000  
     006662  0000  
     006663  0000  
     006664  0000  
     006665  0000  
     006666  0000  
     006667  0000  
     006670  0000  
     006671  0000  
     006672  0000  
     006673  0000  
     006674  0000  
     006675  0000  
     006676  0000  
     006677  0000  
     006700  0000  
     006701  0000  
     006702  0000  
     006703  0000  
     006704  0000  
     006705  0000  
     006706  0000  
     006707  0000  
     006710  0000  
     006711  0000  
     006712  0000  
     006713  0000  
     006714  0000  
     006715  0000  
     006716  0000  
     006717  0000  
     006720  0000  
     006721  0000  
     006722  0000  
     006723  0000  
     006724  0000  
     006725  0000  
     006726  0000  
     006727  0000  
     006730  0000  
     006731  0000  
     006732  0000  
     006733  0000  
     006734  0000  
     006735  0000  
     006736  0000  
     006737  0000  
     006740  0000  
     006741  0000  
     006742  0000  
     006743  0000  
     006744  0000  
     006745  0000  
     006746  0000  
     006747  0000  
     006750  0000  
     006751  0000  
     006752  0000  
     006753  0000  
     006754  0000  
     006755  0000  
     006756  0000  
     006757  0000  
     006760  0000  
     006761  0000  
     006762  0000  
     006763  0000  
     006764  0000  
     006765  0000  
     006766  0000  
     006767  0000  
     006770  0000  
     006771  0000  
     006772  0000  
     006773  0000  
     006774  0000  
     006775  0000  
     006776  0000  
     006777  0000  
     007000  0000  
     007001  0000  
     007002  0000  
     007003  0000  
     007004  0000  
     007005  0000  
     007006  0000  
     007007  0000  
     007010  0000  
     007011  0000  
     007012  0000  
     007013  0000  
     007014  0000  
     007015  0000  
     007016  0000  
     007017  0000  
     007020  0000  
     007021  0000  
     007022  0000  
     007023  0000  
     007024  0000  
     007025  0000  
     007026  0000  
     007027  0000  
     007030  0000  
     007031  0000  
     007032  0000  
     007033  0000  
     007034  0000  
     007035  0000  
     007036  0000  
     007037  0000  
     007040  0000  
     007041  0000  
     007042  0000  
     007043  0000  
     007044  0000  
     007045  0000  
     007046  0000  
     007047  0000  
     007050  0000  
     007051  0000  
     007052  0000  
     007053  0000  
     007054  0000  
     007055  0000  
     007056  0000  
     007057  0000  
     007060  0000  
     007061  0000  
     007062  0000  
     007063  0000  
     007064  0000  
     007065  0000  
     007066  0000  
     007067  0000  
     007070  0000  
     007071  0000  
     007072  0000  
     007073  0000  
     007074  0000  
     007075  0000  
     007076  0000  
     007077  0000  
     007100  0000  
     007101  0000  
     007102  0000  
     007103  0000  
     007104  0000  
     007105  0000  
     007106  0000  
     007107  0000  
     007110  0000  
     007111  0000  
     007112  0000  
     007113  0000  
     007114  0000  
     007115  0000  
     007116  0000  
     007117  0000  
     007120  0000  
     007121  0000  
     007122  0000  
     007123  0000  
     007124  0000  
     007125  0000  
     007126  0000  
     007127  0000  
     007130  0000  
     007131  0000  
     007132  0000  
     007133  0000  
     007134  0000  
     007135  0000  
     007136  0000  
     007137  0000  
     007140  0000  
     007141  0000  
     007142  0000  
     007143  0000  
     007144  0000  
     007145  0000  
     007146  0000  
     007147  0000  
     007150  0000  
     007151  0000  
     007152  0000  
     007153  0000  
     007154  0000  
     007155  0000  
     007156  0000  
     007157  0000  
     007160  0000  
     007161  0000  
     007162  0000  
     007163  0000  
     007164  0000  
     007165  0000  
     007166  0000  
     007167  0000  
     007170  0000  
     007171  0000  
     007172  0000  
     007173  0000  
     007174  0000  
     007175  0000  
     007176  0000  
     007177  0000  
     007200  0000  
     007201  0000  
     007202  0000  
     007203  0000  
     007204  0000  
     007205  0000  
     007206  0000  
     007207  0000  
     007210  0000  
     007211  0000  
     007212  0000  
     007213  0000  
     007214  0000  
     007215  0000  
     007216  0000  
     007217  0000  
     007220  0000  
     007221  0000  
     007222  0000  
     007223  0000  
     007224  0000  
     007225  0000  
     007226  0000  
     007227  0000  
     007230  0000  
     007231  0000  
     007232  0000  
     007233  0000  
     007234  0000  
     007235  0000  
     007236  0000  
     007237  0000  
     007240  0000  
     007241  0000  
     007242  0000  
     007243  0000  
     007244  0000  
     007245  0000  
     007246  0000  
     007247  0000  
     007250  0000  
     007251  0000  
     007252  0000  
     007253  0000  
     007254  0000  
     007255  0000  
     007256  0000  
     007257  0000  
     007260  0000  
     007261  0000  
     007262  0000  
     007263  0000  
     007264  0000  
     007265  0000  
     007266  0000  
     007267  0000  
     007270  0000  
     007271  0000  
     007272  0000  
     007273  0000  
     007274  0000  
     007275  0000  
     007276  0000  
     007277  0000  
     007300  0000  
     007301  0000  
     007302  0000  
     007303  0000  
     007304  0000  
     007305  0000  
     007306  0000  
     007307  0000  
     007310  0000  
     007311  0000  
     007312  0000  
     007313  0000  
     007314  0000  
     007315  0000  
     007316  0000  
     007317  0000  
     007320  0000  
     007321  0000  
     007322  0000  
     007323  0000  
     007324  0000  
     007325  0000  
     007326  0000  
     007327  0000  
     007330  0000  
     007331  0000  
     007332  0000  
     007333  0000  
     007334  0000  
     007335  0000  
     007336  0000  
     007337  0000  
     007340  0000  
     007341  0000  
     007342  0000  
     007343  0000  
     007344  0000  
     007345  0000  
     007346  0000  
     007347  0000  
     007350  0000  
     007351  0000  
     007352  0000  
     007353  0000  
     007354  0000  
     007355  0000  
     007356  0000  
     007357  0000  
     007360  0000  
     007361  0000  
     007362  0000  
     007363  0000  
     007364  0000  
     007365  0000  
     007366  0000  
     007367  0000  
     007370  0000  
     007371  0000  
     007372  0000  
     007373  0000  
     007374  0000  
     007375  0000  
     007376  0000  
     007377  0000  
     007400  0000  
     007401  0000  
     007402  0000  
     007403  0000  
     007404  0000  
     007405  0000  
     007406  0000  
     007407  0000  
     007410  0000  
     007411  0000  
     007412  0000  
     007413  0000  
     007414  0000  
     007415  0000  
     007416  0000  
     007417  0000  
     007420  0000  
     007421  0000  
     007422  0000  
     007423  0000  
     007424  0000  
     007425  0000  
     007426  0000  
     007427  0000  
     007430  0000  
     007431  0000  
     007432  0000  
     007433  0000  
     007434  0000  
     007435  0000  
     007436  0000  
     007437  0000  
     007440  0000  
     007441  0000  
     007442  0000  
     007443  0000  
     007444  0000  
     007445  0000  
     007446  0000  
     007447  0000  
     007450  0000  
     007451  0000  
     007452  0000  
     007453  0000  
     007454  0000  
     007455  0000  
     007456  0000  
     007457  0000  
     007460  0000  
     007461  0000  
     007462  0000  
     007463  0000  
     007464  0000  
     007465  0000  
     007466  0000  
     007467  0000  
     007470  0000  
     007471  0000  
     007472  0000  
     007473  0000  
     007474  0000  
     007475  0000  
     007476  0000  
     007477  0000  
     007500  0000  
     007501  0000  
     007502  0000  
     007503  0000  
     007504  0000  
     007505  0000  
     007506  0000  
     007507  0000  
     007510  0000  
     007511  0000  
     007512  0000  
     007513  0000  
     007514  0000  
     007515  0000  
     007516  0000  
     007517  0000  
     007520  0000  
     007521  0000  
     007522  0000  
     007523  0000  
     007524  0000  
     007525  0000  
     007526  0000  
     007527  0000  
     007530  0000  
     007531  0000  
     007532  0000  
     007533  0000  
     007534  0000  
     007535  0000  
     007536  0000  
     007537  0000  
     007540  0000  
     007541  0000  
     007542  0000  
     007543  0000  
     007544  0000  
     007545  0000  
     007546  0000  
     007547  0000  
     007550  0000  
     007551  0000  
     007552  0000  
     007553  0000  
     007554  0000  
     007555  0000  
     007556  0000  
     007557  0000  
     007560  0000  
     007561  0000  
     007562  0000  
     007563  0000  
     007564  0000  
     007565  0000  
     007566  0000  
     007567  0000  
     007570  0000  
     007571  0000  
     007572  0000  
     007573  0000  
     007574  0000  
     007575  0000  
     007576  0000  
     007577  0000  
  12               
  13                       $                       /THAT'S ALL FOLK!

