~/Verilog/bin/topld.pl M602X
info: 1n4154 ne 1n4004
warning: making d1/1n4154/ a connector
info: 1n4154 ne 1n4004
warning: making d10/1n4154/ a connector
info: 1n4154 ne 1n4004
warning: making d11/1n4154/ a connector
info: 1n914 ne 1n4004
warning: making d12/1n914/ a connector
info: 1n914 ne 1n4004
warning: making d13/1n914/ a connector
info: 1n914 ne 1n4004
warning: making d14/1n914/ a connector
info: 1n4154 ne 1n4004
warning: making d2/1n4154/ a connector
info: 1n4154 ne 1n4004
warning: making d3/1n4154/ a connector
info: 1n4154 ne 1n4004
warning: making d4/1n4154/ a connector
info: 1n914 ne 1n4004
warning: making d5/1n914/ a connector
info: 1n914 ne 1n4004
warning: making d6/1n914/ a connector
info: 1n914 ne 1n4004
warning: making d7/1n914/ a connector
info: 1n4154 ne 1n4004
warning: making d8/1n4154/ a connector
info: 1n4154 ne 1n4004
warning: making d9/1n4154/ a connector
info: 74h40n ne 7420n
info: pn3640 ne 2n5415
warning: making q1/pn3640/ a connector
info: pn3640 ne 2n5415
warning: making q2/pn3640/ a connector
info: pn3569 ne 2n1711
warning: making q3/pn3569/ a connector
info: pn3640 ne 2n5415
warning: making q4/pn3640/ a connector
info: pn3640 ne 2n5415
warning: making q5/pn3640/ a connector
info: pn3569 ne 2n1711
warning: making q6/pn3569/ a connector
info: 100 ne 1/2w
warning: making r15/100/ a connector
info: 100 ne 1/2w
warning: making r7/100/ a connector
info: edge_1 ne edge_con1
warning: making u$1/edge_1/ a connector
warning: non-bypass capacitor deleted: c1
warning: non-bypass capacitor deleted: c2
warning: non-bypass capacitor deleted: c3
warning: non-bypass capacitor deleted: c4
warning: non-bypass capacitor deleted: c5
warning: non-bypass capacitor deleted: c6
warning: non-bypass capacitor deleted: c7
warning: non-bypass capacitor deleted: c8
warning: non-pullup resistor deleted: r2
warning: non-pullup resistor deleted: r6
warning: non-pullup resistor deleted: r10
warning: non-pullup resistor deleted: r14
~/Verilog/bin/smaller.pl M602X.PLD >vv || (rm vv; exit 1)
0 signals were removed:
~/Verilog/bin/smaller.pl vv >M602XX.PLD || (rm M602XX.PLD; exit 1)
0 signals were removed:
~/Verilog/bin/cupl2v.pl M602XX.PLD >vv || (rm vv; exit 1)
mv vv M602X.v
rm M602XX.PLD
