~/Verilator/bin/topld.pl M410A
info: cpol_use ne cpol_use20_8axial
info: cpol_use ne cpol_use20_8axial
info: cpol_use ne cpol_use20_8axial
info: d664 ne diode_do35_10
warning: making d1/d664/ a connector
info: d664 ne diode_do35_10
warning: making d2/d664/ a connector
info: d664 ne diode_do35_10
warning: making d3/d664/ a connector
info: 7440n ne dil14
info: 7400n ne dil14
info: 1209636_xx ne resonator
warning: making k1/1209636_xx/ a connector
info: mps6534 ne _pnp_to5
warning: making q1/mps6534/ a connector
info: mps6534 ne _pnp_to5
warning: making q2/mps6534/ a connector
info: 2n3009 ne _npn_to5
warning: making q3/2n3009/ a connector
info: edge_1 ne e12_8
warning: making u$3/edge_1/ a connector
warning: non-bypass capacitor deleted: c3
warning: non-bypass capacitor deleted: c4
warning: non-bypass capacitor deleted: c5
warning: non-bypass capacitor deleted: c6
warning: non-pullup resistor deleted: r8
warning: non-pullup resistor deleted: r9
warning: non-pullup resistor deleted: r10
warning: non-pullup resistor deleted: r12
warning: non-pullup resistor deleted: r13
