~/Verilog/bin/topld.pl M051B
info: d664 ne diode_do35_10
warning: making d1/d664/ a connector
info: d664 ne diode_do35_10
warning: making d10/d664/ a connector
info: d664 ne diode_do35_10
warning: making d11/d664/ a connector
info: d664 ne diode_do35_10
warning: making d12/d664/ a connector
info: d664 ne diode_do35_10
warning: making d13/d664/ a connector
info: d664 ne diode_do35_10
warning: making d14/d664/ a connector
info: d664 ne diode_do35_10
warning: making d15/d664/ a connector
info: d664 ne diode_do35_10
warning: making d16/d664/ a connector
info: d664 ne diode_do35_10
warning: making d17/d664/ a connector
info: d664 ne diode_do35_10
warning: making d18/d664/ a connector
info: d664 ne diode_do35_10
warning: making d19/d664/ a connector
info: d664 ne diode_do35_10
warning: making d2/d664/ a connector
info: d664 ne diode_do35_10
warning: making d20/d664/ a connector
info: d664 ne diode_do35_10
warning: making d21/d664/ a connector
info: d664 ne diode_do35_10
warning: making d22/d664/ a connector
info: d664 ne diode_do35_10
warning: making d23/d664/ a connector
info: d664 ne diode_do35_10
warning: making d24/d664/ a connector
info: d664 ne diode_do35_10
warning: making d25/d664/ a connector
info: d664 ne diode_do35_10
warning: making d26/d664/ a connector
info: d664 ne diode_do35_10
warning: making d27/d664/ a connector
info: d664 ne diode_do35_10
warning: making d28/d664/ a connector
info: d664 ne diode_do35_10
warning: making d29/d664/ a connector
info: d664 ne diode_do35_10
warning: making d3/d664/ a connector
info: d664 ne diode_do35_10
warning: making d30/d664/ a connector
info: d664 ne diode_do35_10
warning: making d31/d664/ a connector
info: d664 ne diode_do35_10
warning: making d32/d664/ a connector
info: d664 ne diode_do35_10
warning: making d33/d664/ a connector
info: d664 ne diode_do35_10
warning: making d34/d664/ a connector
info: d664 ne diode_do35_10
warning: making d35/d664/ a connector
info: d664 ne diode_do35_10
warning: making d36/d664/ a connector
info: d664 ne diode_do35_10
warning: making d4/d664/ a connector
info: d664 ne diode_do35_10
warning: making d5/d664/ a connector
info: d664 ne diode_do35_10
warning: making d6/d664/ a connector
info: d664 ne diode_do35_10
warning: making d7/d664/ a connector
info: d664 ne diode_do35_10
warning: making d8/d664/ a connector
info: d664 ne diode_do35_10
warning: making d9/d664/ a connector
info: 2n3639 ne _pnp_to5
warning: making q1/2n3639/ a connector
info: 2n3639 ne _pnp_to5
warning: making q10/2n3639/ a connector
info: 2n3639 ne _pnp_to5
warning: making q11/2n3639/ a connector
info: 2n3639 ne _pnp_to5
warning: making q12/2n3639/ a connector
info: 2n3639 ne _pnp_to5
warning: making q2/2n3639/ a connector
info: 2n3639 ne _pnp_to5
warning: making q3/2n3639/ a connector
info: 2n3639 ne _pnp_to5
warning: making q4/2n3639/ a connector
info: 2n3639 ne _pnp_to5
warning: making q5/2n3639/ a connector
info: 2n3639 ne _pnp_to5
warning: making q6/2n3639/ a connector
info: 2n3639 ne _pnp_to5
warning: making q7/2n3639/ a connector
info: 2n3639 ne _pnp_to5
warning: making q8/2n3639/ a connector
info: 2n3639 ne _pnp_to5
warning: making q9/2n3639/ a connector
info: single ne edge_con2
warning: making u$2/single/ a connector
warning: non-pullup resistor deleted: r1
warning: non-pullup resistor deleted: r3
warning: non-pullup resistor deleted: r5
warning: non-pullup resistor deleted: r7
warning: non-pullup resistor deleted: r9
warning: non-pullup resistor deleted: r11
warning: non-pullup resistor deleted: r13
warning: non-pullup resistor deleted: r15
warning: non-pullup resistor deleted: r17
warning: non-pullup resistor deleted: r19
warning: non-pullup resistor deleted: r21
warning: non-pullup resistor deleted: r23
~/Verilog/bin/smaller.pl M051B.PLD >vv || (rm vv; exit 1)
0 signals were removed:
~/Verilog/bin/smaller.pl vv >M051BX.PLD || (rm M051BX.PLD; exit 1)
0 signals were removed:
~/Verilog/bin/cupl2v.pl M051BX.PLD >vv || (rm vv; exit 1)
mv vv M051B.v
rm M051BX.PLD
