~/Verilog/bin/topld.pl M632B
info: cpol_use ne cpol_use20_8axial
info: 1n3606 ne 1n4148do35_10
warning: making d1/1n3606/ a connector
info: 1n3606 ne 1n4148do35_10
warning: making d10/1n3606/ a connector
info: 1n3606 ne 1n4148do35_10
warning: making d11/1n3606/ a connector
info: 1n3606 ne 1n4148do35_10
warning: making d12/1n3606/ a connector
info: 1n3606 ne 1n4148do35_10
warning: making d13/1n3606/ a connector
info: 1n3606 ne 1n4148do35_10
warning: making d14/1n3606/ a connector
info: 1n3606 ne 1n4148do35_10
warning: making d15/1n3606/ a connector
info: 1n3606 ne 1n4148do35_10
warning: making d16/1n3606/ a connector
info: 1n3606 ne 1n4148do35_10
warning: making d17/1n3606/ a connector
info: 1n3606 ne 1n4148do35_10
warning: making d18/1n3606/ a connector
info: 1n3606 ne 1n4148do35_10
warning: making d19/1n3606/ a connector
info: 1n3606 ne 1n4148do35_10
warning: making d2/1n3606/ a connector
info: 1n3606 ne 1n4148do35_10
warning: making d20/1n3606/ a connector
info: 1n3606 ne 1n4148do35_10
warning: making d21/1n3606/ a connector
info: 1n3606 ne 1n4148do35_10
warning: making d22/1n3606/ a connector
info: 1n3606 ne 1n4148do35_10
warning: making d23/1n3606/ a connector
info: 1n3606 ne 1n4148do35_10
warning: making d24/1n3606/ a connector
info: 1n645 ne 1n4148do35_10
warning: making d25/1n645/ a connector
info: 1n645 ne 1n4148do35_10
warning: making d26/1n645/ a connector
info: 1n645 ne 1n4148do35_10
warning: making d27/1n645/ a connector
info: 1n645 ne 1n4148do35_10
warning: making d28/1n645/ a connector
info: 1n645 ne 1n4148do35_10
warning: making d29/1n645/ a connector
info: 1n3606 ne 1n4148do35_10
warning: making d3/1n3606/ a connector
info: 1n645 ne 1n4148do35_10
warning: making d30/1n645/ a connector
info: 1n645 ne 1n4148do35_10
warning: making d31/1n645/ a connector
info: 1n645 ne 1n4148do35_10
warning: making d32/1n645/ a connector
info: 1n3606 ne 1n4148do35_10
warning: making d4/1n3606/ a connector
info: 1n3606 ne 1n4148do35_10
warning: making d5/1n3606/ a connector
info: 1n3606 ne 1n4148do35_10
warning: making d6/1n3606/ a connector
info: 1n3606 ne 1n4148do35_10
warning: making d7/1n3606/ a connector
info: 1n3606 ne 1n4148do35_10
warning: making d8/1n3606/ a connector
info: 1n3606 ne 1n4148do35_10
warning: making d9/1n3606/ a connector
info: 74h50n ne 7450n
info: 74h50n ne 7450n
info: 74h50n ne 7450n
info: 74h50n ne 7450n
info: 2n3639 ne 2n2904
warning: making q1/2n3639/ a connector
info: 2n3639 ne 2n2904
warning: making q10/2n3639/ a connector
info: 2n3639 ne 2n2904
warning: making q11/2n3639/ a connector
info: 2n3639 ne 2n2904
warning: making q12/2n3639/ a connector
info: 2n3639 ne 2n2904
warning: making q13/2n3639/ a connector
info: 2n3639 ne 2n2904
warning: making q14/2n3639/ a connector
info: 2n3639 ne 2n2904
warning: making q15/2n3639/ a connector
info: 2n3639 ne 2n2904
warning: making q16/2n3639/ a connector
info: 2n3639 ne 2n2904
warning: making q2/2n3639/ a connector
info: 2n3639 ne 2n2904
warning: making q3/2n3639/ a connector
info: 2n3639 ne 2n2904
warning: making q4/2n3639/ a connector
info: 2n3639 ne 2n2904
warning: making q5/2n3639/ a connector
info: 2n3639 ne 2n2904
warning: making q6/2n3639/ a connector
info: 2n3639 ne 2n2904
warning: making q7/2n3639/ a connector
info: 2n3639 ne 2n2904
warning: making q8/2n3639/ a connector
info: 2n3639 ne 2n2904
warning: making q9/2n3639/ a connector
info: single ne edge_con2
warning: making u$1/single/ a connector
warning: non-bypass capacitor deleted: c3
warning: non-bypass capacitor deleted: c4
warning: non-bypass capacitor deleted: c9
warning: non-bypass capacitor deleted: c10
got here
got somethere e1  
got there
got here
got somethere e2  
got there
got here
got somethere e3  
got there
got here
got somethere e4  
got there
warning: non-pullup resistor deleted: r2
warning: non-pullup resistor deleted: r4
warning: non-pullup resistor deleted: r6
warning: non-pullup resistor deleted: r8
warning: non-pullup resistor deleted: r10
warning: non-pullup resistor deleted: r12
warning: non-pullup resistor deleted: r14
warning: non-pullup resistor deleted: r16
warning: non-pullup resistor deleted: r18
~/Verilog/bin/smaller.pl M632B.PLD >vv || (rm vv; exit 1)
0 signals were removed:
~/Verilog/bin/smaller.pl vv >M632BX.PLD || (rm M632BX.PLD; exit 1)
0 signals were removed:
~/Verilog/bin/cupl2v.pl M632BX.PLD >vv || (rm vv; exit 1)
mv vv M632B.v
rm M632BX.PLD
