~/Verilog/bin/topld.pl M227X
info: cpol_use ne cpol_use20_8axial
info: 74h62 ne 7462
warning: making e1/sn74h62n/ a connector
info: 74h53n ne e12_8
info: 74h62 ne 7462
warning: making e11/sn74h62n/ a connector
info: 74h53n ne e12_8
info: 74h62 ne 7462
warning: making e14/sn74h62n/ a connector
info: 74h53n ne e12_8
info: 74h62 ne 7462
warning: making e17/sn74h62n/ a connector
info: 74h53n ne e12_8
info: 74h53n ne e12_8
info: 74h62 ne 7462
warning: making e20/sn74h62n/ a connector
info: 74h53n ne e12_8
info: 74h62 ne 7462
warning: making e23/sn74h62n/ a connector
info: 74h62 ne 7462
warning: making e3/sn74h62n/ a connector
info: 74h53n ne e12_8
info: 74h53n ne e12_8
info: 74h62 ne 7462
warning: making e6/sn74h62n/ a connector
info: 74h53n ne e12_8
info: 74h62 ne 7462
warning: making e9/sn74h62n/ a connector
info: double ne e12_8
warning: making u$3/double/ a connector
warning: non-bypass capacitor deleted: c25
warning: non-bypass capacitor deleted: c26
warning: non-bypass capacitor deleted: c27
~/Verilog/bin/smaller.pl M227X.PLD >vv || (rm vv; exit 1)
14 signals were removed:
  n_t_14x: !n_t_27x
  n_t_16x: !n_t_17x
  n_t_17x: bc1
  n_t_18x: !n_t_19x
  n_t_19x: bd1
  n_t_1x: !n_t_2x
  n_t_21x: bd2
  n_t_22x: bk1
  n_t_23x: !n_t_22x
  n_t_24x: !n_t_25x
  n_t_27x: bs2
  n_t_3x: !n_t_4x
  n_t_4x: ar2
  n_t_6x: aj2
~/Verilog/bin/smaller.pl vv >M227XX.PLD || (rm M227XX.PLD; exit 1)
1 signals were removed:
  n_t_4x: ar2
~/Verilog/bin/cupl2v.pl M227XX.PLD >vv || (rm vv; exit 1)
OE qualifier on FF output n_t_20x at /home/vrs/Verilog/bin/cupl2v.pl line 224, <INPUT> line 819.
../Makefile:29: recipe for target 'M227X.v' failed
make: *** [M227X.v] Error 1
rm M227XX.PLD
