~/Verilog/bin/topld.pl M302K
info: cpol_use ne cpol_use20_8axial
info: cpol_use ne cpol_use20_8axial
info: 1n3606 ne 1n4148do35_10
warning: making d1/1n3606/ a connector
info: 1n3606 ne 1n4148do35_10
warning: making d10/1n3606/ a connector
info: 1n3606 ne 1n4148do35_10
warning: making d11/1n3606/ a connector
info: 1n645 ne 1n4148do35_10
warning: making d16/1n645/ a connector
info: 1n645 ne 1n4148do35_10
warning: making d17/1n645/ a connector
info: 1n645 ne 1n4148do35_10
warning: making d18/1n645/ a connector
info: 1n3606 ne 1n4148do35_10
warning: making d2/1n3606/ a connector
info: 1n645 ne 1n4148do35_10
warning: making d7/1n645/ a connector
info: 1n645 ne 1n4148do35_10
warning: making d8/1n645/ a connector
info: 1n645 ne 1n4148do35_10
warning: making d9/1n645/ a connector
info: 74h40n ne 7420n
info: 7413n ne dil14
warning: making e2/sn7413/ a connector
info: 2n3639 ne _pnp_to39_ebc
warning: making q1/2n3639/ a connector
info: 2n3639 ne _pnp_to39_ebc
warning: making q2/2n3639/ a connector
info: 2n4274 ne _npn_to39_ebc
warning: making q3/2n4274/ a connector
info: 2n3639 ne _pnp_to39_ebc
warning: making q5/2n3639/ a connector
info: 2n3639 ne _pnp_to39_ebc
warning: making q6/2n3639/ a connector
info: 2n4274 ne _npn_to39_ebc
warning: making q7/2n4274/ a connector
info: 10k ne 275p
warning: making r13/10k/ a connector
info: 10k ne 275p
warning: making r2/10k/ a connector
info: single ne edge_con2
warning: making u$1/single/ a connector
warning: non-bypass capacitor deleted: c1
warning: non-bypass capacitor deleted: c2
warning: non-bypass capacitor deleted: c3
warning: non-bypass capacitor deleted: c4
warning: non-bypass capacitor deleted: c5
warning: non-bypass capacitor deleted: c7
warning: non-bypass capacitor deleted: c8
warning: non-bypass capacitor deleted: c9
warning: non-bypass capacitor deleted: c10
warning: non-bypass capacitor deleted: c11
warning: non-bypass capacitor deleted: c12
warning: non-bypass capacitor deleted: c13
warning: non-bypass capacitor deleted: c15
warning: non-bypass capacitor deleted: c16
warning: non-bypass capacitor deleted: c19
warning: non-bypass capacitor deleted: c20
~/Verilog/bin/smaller.pl M302K.PLD >vv || (rm vv; exit 1)
0 signals were removed:
~/Verilog/bin/smaller.pl vv >M302KX.PLD || (rm M302KX.PLD; exit 1)
0 signals were removed:
~/Verilog/bin/cupl2v.pl M302KX.PLD >vv || (rm vv; exit 1)
mv vv M302K.v
rm M302KX.PLD
