~/Verilog/bin/topld.pl M169B
info: 7453n ne dil14
info: 7453n ne dil14
info: 7400n ne dil14
info: 7453n ne dil14
info: 7453n ne dil14
info: edge_2connector ne edge_con2
warning: making u$2/edge_2connector/ a connector
~/Verilog/bin/smaller.pl M169B.PLD >vv || (rm vv; exit 1)
6 signals were removed:
  e1: !e2
  k1: !k2
  n_t_1x: e2
  n_t_22x: !n_t_23x
  n_t_23x: n_t_23x
  n_t_7x: k2
~/Verilog/bin/smaller.pl vv >M169BX.PLD || (rm M169BX.PLD; exit 1)
1 signals were removed:
  n_t_23x: !n_t_3x
~/Verilog/bin/cupl2v.pl M169BX.PLD >vv || (rm vv; exit 1)
mv vv M169B.v
rm M169BX.PLD
