~/Verilog/bin/topld.pl M515C
info: cpol_use ne cpol_use20_8axial
info: d664 ne diode_do35_10
warning: making d1/d664/ a connector
info: 1n748 ne zener_diodedo35z10
warning: making d2/1n748/ a connector
info: 1n748 ne zener_diodedo35z10
warning: making d3/1n748/ a connector
info: d664 ne diode_do35_10
warning: making d4/d664/ a connector
info: 1n750 ne zener_diodedo35z10
warning: making d5/1n750/ a connector
info: 74h40n ne 7440n
info: mc1709 ne h08c
warning: making e2/mc1709/ a connector
warning: making j1/1_480459_0/ a connector
info: mps6534 ne _pnp_to5
warning: making q1/mps6534/ a connector
info: edge_1 ne edge_con1
warning: making u$3/edge_1/ a connector
warning: non-bypass capacitor deleted: c1
warning: non-bypass capacitor deleted: c2
~/Verilog/bin/smaller.pl M515C.PLD >vv || (rm vv; exit 1)
0 signals were removed:
~/Verilog/bin/smaller.pl vv >M515CX.PLD || (rm M515CX.PLD; exit 1)
0 signals were removed:
~/Verilog/bin/cupl2v.pl M515CX.PLD >vv || (rm vv; exit 1)
mv vv M515C.v
rm M515CX.PLD
