Release 7.1.04i Map H.42
Xilinx Mapping Report File for Design 'b5x300'

Design Information
------------------
Command Line   : G:/Xilinx_ISE_7.1i/bin/nt/map.exe -ise
g:\vhdl\pdp8-v_1.24\v124\b5x300\B5X300.ise -intstyle ise -p xc2s300e-pq208-6 -cm
speed -detail -ignore_keep_hierarchy -pr b -k 4 -c 100 -tx on -o b5x300_map.ncd
b5x300.ngd b5x300.pcf 
Target Device  : xc2s300e
Target Package : pq208
Target Speed   : -6
Mapper Version : spartan2e -- $Revision: 1.26.6.4 $
Mapped Date    : Sun Feb 18 16:57:53 2007

Design Summary
--------------
Number of errors:      0
Number of warnings:   29
Logic Utilization:
  Number of Slice Flip Flops:       694 out of  6,144   11%
  Number of 4 input LUTs:         2,894 out of  6,144   47%
Logic Distribution:
    Number of occupied Slices:                       1,663 out of  3,072   54%
    Number of Slices containing only related logic:  1,663 out of  1,663  100%
    Number of Slices containing unrelated logic:         0 out of  1,663    0%
        *See NOTES below for an explanation of the effects of unrelated logic
Total Number 4 input LUTs:        3,040 out of  6,144   49%
      Number used as logic:                     2,894
      Number used as a route-thru:                146
   Number of bonded IOBs:            84 out of    142   59%
      IOB Flip Flops:                              22
   Number of Block RAMs:             14 out of     16   87%
   Number of GCLKs:                   2 out of      4   50%
   Number of GCLKIOBs:                1 out of      4   25%
   Number of DLLs:                    1 out of      4   25%

Total equivalent gate count for design:  261,757
Additional JTAG gate count for IOBs:  4,080
Peak Memory Usage:  128 MB

NOTES:

   Related logic is defined as being logic that shares connectivity - e.g. two
   LUTs are "related" if they share common inputs.  When assembling slices,
   Map gives priority to combine logic that is related.  Doing so results in
   the best timing performance.

   Unrelated logic shares no connectivity.  Map will only begin packing
   unrelated logic into a slice once 99% of the slices are occupied through
   related logic packing.

   Note that once logic distribution reaches the 99% level through related
   logic packing, this does not mean the device is completely utilized.
   Unrelated logic packing will then begin, continuing until all usable LUTs
   and FFs are occupied.  Depending on your timing budget, increased levels of
   unrelated logic packing may adversely affect the overall timing performance
   of your design.

Table of Contents
-----------------
Section 1 - Errors
Section 2 - Warnings
Section 3 - Informational
Section 4 - Removed Logic Summary
Section 5 - Removed Logic
Section 6 - IOB Properties
Section 7 - RPMs
Section 8 - Guide Report
Section 9 - Area Group Summary
Section 10 - Modular Design Summary
Section 11 - Timing Report
Section 12 - Configuration String Information
Section 13 - Additional Device Resource Counts

Section 1 - Errors
------------------

Section 2 - Warnings
--------------------
WARNING:LIT:243 - Logical network MouseClk has no load.
WARNING:LIT:243 - Logical network MouseData has no load.
WARNING:LIT:243 - Logical network RS232CTS has no load.
WARNING:LIT:243 - Logical network DIP_SW2<1> has no load.
WARNING:LIT:243 - Logical network DIP_SW2<2> has no load.
WARNING:LIT:243 - Logical network DIP_SW2<3> has no load.
WARNING:LIT:243 - Logical network DIP_SW2<4> has no load.
WARNING:LIT:243 - Logical network DIP_SW2<5> has no load.
WARNING:LIT:243 - Logical network DIP_SW2<6> has no load.
WARNING:LIT:243 - Logical network DIP_SW2<7> has no load.
WARNING:LIT:243 - Logical network DIP_SW2<8> has no load.
WARNING:LIT:243 - Logical network Buzzer has no load.
WARNING:LIT:243 - Logical network RS232RTS has no load.
WARNING:LIT:243 - Logical network DIP_SW1<1>_IBUF has no load.
WARNING:LIT:243 - Logical network DIP_SW1<2>_IBUF has no load.
WARNING:LIT:243 - Logical network DIP_SW1<3>_IBUF has no load.
WARNING:LIT:243 - Logical network DIP_SW1<4>_IBUF has no load.
WARNING:LIT:243 - Logical network DIP_SW1<5>_IBUF has no load.
WARNING:LIT:243 - Logical network DIP_SW1<6>_IBUF has no load.
WARNING:LIT:243 - Logical network DIP_SW1<7>_IBUF has no load.
WARNING:LIT:243 - Logical network DIP_SW1<8>_IBUF has no load.
WARNING:PhysDesignRules:367 - The signal <DIP_SW1<2>_IBUF> is incomplete. The
   signal does not drive any load pins in the design.
WARNING:PhysDesignRules:367 - The signal <DIP_SW1<3>_IBUF> is incomplete. The
   signal does not drive any load pins in the design.
WARNING:PhysDesignRules:367 - The signal <DIP_SW1<4>_IBUF> is incomplete. The
   signal does not drive any load pins in the design.
WARNING:PhysDesignRules:367 - The signal <DIP_SW1<5>_IBUF> is incomplete. The
   signal does not drive any load pins in the design.
WARNING:PhysDesignRules:367 - The signal <DIP_SW1<6>_IBUF> is incomplete. The
   signal does not drive any load pins in the design.
WARNING:PhysDesignRules:367 - The signal <DIP_SW1<7>_IBUF> is incomplete. The
   signal does not drive any load pins in the design.
WARNING:PhysDesignRules:367 - The signal <DIP_SW1<8>_IBUF> is incomplete. The
   signal does not drive any load pins in the design.
WARNING:PhysDesignRules:367 - The signal <DIP_SW1<1>_IBUF> is incomplete. The
   signal does not drive any load pins in the design.

Section 3 - Informational
-------------------------
INFO:MapLib:562 - No environment variables are currently set.
INFO:LIT:244 - All of the single ended outputs in this design are using slew
   rate limited output drivers. The delay on speed critical single ended outputs
   can be dramatically reduced by designating them as fast outputs in the
   schematic.

Section 4 - Removed Logic Summary
---------------------------------
   7 block(s) optimized away
1097 Block(s) redundant

Section 5 - Removed Logic
-------------------------

Optimized Block(s):
TYPE 		BLOCK
FD 		PDP8_cpu_Mtrien_MEMaddr
   optimized to 0
FD 		PDP8_cpu_Mtrien_MEMrd
   optimized to 0
FD 		PDP8_cpu_Mtrien_MEMwdata
   optimized to 0
FD 		PDP8_cpu_Mtrien_MEMwr
   optimized to 0
GND 		XST_GND
VCC 		XST_VCC
LUT1 		led_OBUF_rt

Redundant Block(s):
TYPE 		BLOCK
LOCALBUF 		PDP8_cpu__n0258187_G/LUT4_L_BUF
LOCALBUF 		PDP8_cpu__n07411111_G/LUT4_L_BUF
LOCALBUF 		PDP8_mem__n00121/LUT4_L_BUF
LOCALBUF 		PDP8_mem__n00131/LUT4_L_BUF
LOCALBUF 		PDP8_panel__n03731/LUT4_D_BUF
LOCALBUF 		PDP8_mem__n00111/LUT4_L_BUF
LOCALBUF 		PDP8_IOdoneLogicTrst1/LUT4_D_BUF
LOCALBUF 		PDP8_panel_Ker5993/LUT4_D_BUF
LOCALBUF 		Ker1291/LUT3_D_BUF
LOCALBUF 		Ker1101/LUT4_D_BUF
LOCALBUF 		Ker21/LUT4_D_BUF
LOCALBUF 		PDP8_IOinterruptLogicTrst2/LUT4_D_BUF
LOCALBUF 		PDP8_console__n0037<1>30/LUT4_L_BUF
LOCALBUF 		PDP8_console__n0037<10>/LUT4_L_BUF
LOCALBUF 		PDP8_console__n0037<11>/LUT4_L_BUF
LOCALBUF 		PDP8_cpu_Ker131_G/LUT4_L_BUF
LOCALBUF 		PDP8_console__n0037<8>/LUT4_L_BUF
LOCALBUF 		PDP8_console__n0037<9>/LUT4_L_BUF
LOCALBUF 		PDP8_cpu_R_etat_FFd3-In190_G/LUT4_L_BUF
LOCALBUF 		PDP8_panel__n0047<1>132/LUT4_L_BUF
LOCALBUF 		PDP8_cpu__n0492_G/LUT3_L_BUF
LOCALBUF 		PDP8_panel_Ker90295_G/LUT4_L_BUF
LOCALBUF 		PDP8_mem__n00291/LUT4_D_BUF
LOCALBUF 		PDP8_mem__n0018<7>76/LUT4_L_BUF
LOCALBUF 		PDP8_mem__n0018<0>76/LUT4_L_BUF
LOCALBUF 		PDP8_mem__n0018<1>84/LUT4_L_BUF
LOCALBUF 		PDP8_mem__n0018<2>76/LUT4_L_BUF
LOCALBUF 		PDP8_mem__n0018<3>76/LUT4_L_BUF
LOCALBUF 		PDP8_mem__n0018<4>76/LUT4_L_BUF
LOCALBUF 		PDP8_mem__n0018<5>76/LUT4_L_BUF
LOCALBUF 		PDP8_mem__n0018<6>76/LUT4_L_BUF
LOCALBUF 		PDP8_mem__n0018<9>84/LUT4_L_BUF
LOCALBUF 		PDP8_mem__n0018<10>84/LUT4_L_BUF
LOCALBUF 		PDP8_mem__n0017/LUT4_L_BUF
LOCALBUF 		PDP8_mem__n0014/LUT4_L_BUF
LOCALBUF 		PDP8_mem__n0018<11>84/LUT4_L_BUF
LOCALBUF 		PDP8_cpu__n0266364/LUT4_L_BUF
LOCALBUF 		PDP8_MEMdoneLogicTrst1/LUT2_D_BUF
LOCALBUF 		PDP8_cpu_PDP8cpu__n0061<0>lut/LUT2_L_BUF
LOCALBUF 		PDP8_cpu_PDP8cpu__n0061<11>lut/LUT2_L_BUF
LOCALBUF 		PDP8_cpu_PDP8cpu__n0061<10>lut/LUT2_L_BUF
LOCALBUF 		PDP8_cpu_Ker44173/LUT4_D_BUF
LOCALBUF 		PDP8_panel_Ker11867/LUT4_L_BUF
LOCALBUF 		PDP8_cpu_Ker1331/LUT3_D_BUF
LOCALBUF 		PDP8_cpu__n0277<9>2/LUT3_L_BUF
LOCALBUF 		PDP8_cpu__n0229367/LUT2_L_BUF
LOCALBUF 		PDP8_cpu_Ker347/LUT4_D_BUF
LOCALBUF 		PDP8_cpu__n06891/LUT4_D_BUF
LOCALBUF 		PDP8_cpu__n03671/LUT4_D_BUF
LOCALBUF 		PDP8_cpu__n0195112_SW0/LUT4_L_BUF
LOCALBUF 		PDP8_cpu__n00941/LUT4_D_BUF
LOCALBUF 		PDP8_cpu_PDP8cpu__n0832<37>lut/LUT2_L_BUF
LOCALBUF 		PDP8_cpu_Ker1011/LUT2_D_BUF
LOCALBUF 		PDP8_cpu__n06101/LUT3_D_BUF
LOCALBUF 		PDP8_cpu_Ker6511/LUT4_D_BUF
LOCALBUF 		PDP8_cpu__n021966/LUT4_L_BUF
LOCALBUF 		PDP8_cpu_Ker275/LUT3_L_BUF
LOCALBUF 		PDP8_panel__n0047<3>13811/LUT4_L_BUF
LOCALBUF 		PDP8_panel_Ker90846/LUT4_L_BUF
LOCALBUF 		PDP8_cpu__n0197164/LUT4_L_BUF
LOCALBUF 		PDP8_cpu__n02695/LUT4_L_BUF
LOCALBUF 		PDP8_cpu_Ker5671/LUT2_D_BUF
LOCALBUF 		PDP8_cpu_Ker5571/LUT4_D_BUF
LOCALBUF 		PDP8_cpu__n0277<8>2/LUT3_L_BUF
LOCALBUF 		PDP8_cpu__n0230205_SW0/LUT4_L_BUF
LOCALBUF 		PDP8_cpu_Ker339/LUT4_D_BUF
LOCALBUF 		PDP8_cpu__n020671/LUT4_L_BUF
LOCALBUF 		PDP8_panel_Ker901285/LUT4_D_BUF
LOCALBUF 		PDP8_panel_Ker17334_SW0/LUT4_L_BUF
LOCALBUF 		PDP8_mem__n0014_SW1/LUT3_D_BUF
LOCALBUF 		PDP8_cpu__n05601/LUT3_D_BUF
LOCALBUF 		PDP8_cpu__n0238<8>31_SW0/LUT4_L_BUF
LOCALBUF 		PDP8_cpu_Ker1991/LUT4_D_BUF
LOCALBUF 		PDP8_cpu__n05091/LUT2_D_BUF
LOCALBUF 		PDP8_panel__n01941/LUT3_D_BUF
LOCALBUF 		PDP8_cpu_Ker60/LUT3_D_BUF
LOCALBUF 		PDP8_cpu_PDP8cpu__n0040<3>lut/LUT2_L_BUF
LOCALBUF 		PDP8_cpu_Ker1831/LUT4_D_BUF
LOCALBUF 		PDP8_cpu__n0270376/LUT3_L_BUF
LOCALBUF 		PDP8_panel__n0586<2>_G/LUT4_L_BUF
LOCALBUF 		PDP8_cpu__n0170/LUT4_D_BUF
LOCALBUF 		PDP8_cpu_PDP8cpu__n0061<1>lut/LUT2_L_BUF
LOCALBUF 		PDP8_cpu_Ker3121/LUT2_D_BUF
LOCALBUF 		PDP8_cpu_Ker6001/LUT2_D_BUF
LOCALBUF 		PDP8_cpu_Ker691/LUT4_D_BUF
LOCALBUF 		PDP8_cpu_Ker5791/LUT4_D_BUF
LOCALBUF 		PDP8_panel_Ker3051/LUT3_D_BUF
LOCALBUF 		PDP8_cpu_Ker5181/LUT4_D_BUF
LOCALBUF 		PDP8_cpu_Ker811/LUT3_D_BUF
LOCALBUF 		PDP8_cpu_PDP8cpu__n0040<0>lut/LUT2_D_BUF
LOCALBUF 		PDP8_cpu__n018353/LUT4_L_BUF
LOCALBUF 		PDP8_cpu__n0277<7>2/LUT3_L_BUF
LOCALBUF 		PDP8_cpu__n04461/LUT2_D_BUF
LOCALBUF 		PDP8_cpu_Ker5891/LUT4_D_BUF
LOCALBUF 		PDP8_cpu__n0277<6>2/LUT3_L_BUF
LOCALBUF 		PDP8_cpu__n0277<5>2/LUT3_L_BUF
LOCALBUF 		PDP8_cpu_Ker6391/LUT3_D_BUF
LOCALBUF 		PDP8_cpu__n0277<4>2/LUT3_L_BUF
LOCALBUF 		PDP8_xram__n00241/LUT4_D_BUF
LOCALBUF 		PDP8_cpu__n0277<3>2/LUT3_L_BUF
LOCALBUF 		PDP8_cpu__n0277<2>2/LUT3_L_BUF
LOCALBUF 		PDP8_cpu_Ker1281/LUT3_D_BUF
LOCALBUF 		PDP8_cpu__n0277<1>2/LUT3_L_BUF
LOCALBUF 		PDP8_panel_Ker3671/LUT4_D_BUF
LOCALBUF 		PDP8_cpu_Ker1591/LUT3_D_BUF
LOCALBUF 		PDP8_cpu_Ker6311/LUT3_D_BUF
LOCALBUF 		PDP8_cpu__n00931/LUT4_D_BUF
LOCALBUF 		PDP8_cpu__n037520/LUT4_D_BUF
LOCALBUF 		PDP8_panel__n0047<5>25/LUT4_L_BUF
LOCALBUF 		PDP8_cpu__n01391/LUT4_D_BUF
LOCALBUF 		PDP8_cpu_Ker6261/LUT2_D_BUF
LOCALBUF 		PDP8_cpu__n05901/LUT4_D_BUF
LOCALBUF 		PDP8_cpu_Ker6271/LUT4_D_BUF
LOCALBUF 		PDP8_cpu__n03581/LUT3_D_BUF
LOCALBUF 		PDP8_cpu_Ker1841/LUT3_D_BUF
LOCALBUF 		PDP8_cpu__n03601/LUT3_D_BUF
LOCALBUF 		PDP8_cpu_Ker5581/LUT2_D_BUF
LOCALBUF 		PDP8_panel__n0047<2>354_SW0/LUT3_L_BUF
LOCALBUF 		PDP8_cpu_Ker6231/LUT2_D_BUF
LOCALBUF 		PDP8_panel__n0047<0>943_SW0/LUT4_L_BUF
LOCALBUF 		PDP8_cpu_Ker61/LUT4_D_BUF
LOCALBUF 		PDP8_cpu__n0226261/LUT4_L_BUF
LOCALBUF 		PDP8_cpu_PDP8cpu__n0040<2>lut/LUT2_L_BUF
LOCALBUF 		PDP8_cpu__n03501/LUT4_D_BUF
LOCALBUF 		PDP8_cpu_Ker5171/LUT4_D_BUF
LOCALBUF 		PDP8_cpu_Ker236/LUT4_D_BUF
LOCALBUF 		PDP8_cpu_Ker6021/LUT2_D_BUF
LOCALBUF 		PDP8_cpu__n0270388/LUT4_L_BUF
LOCALBUF 		PDP8_cpu__n0268384/LUT4_L_BUF
LOCALBUF 		PDP8_cpu__n0266376/LUT4_L_BUF
LOCALBUF 		PDP8_cpu__n02109/LUT4_L_BUF
LOCALBUF 		PDP8_cpu__n0264398/LUT4_D_BUF
LOCALBUF 		PDP8_cpu__n0262376/LUT4_L_BUF
LOCALBUF 		PDP8_cpu__n0259376/LUT4_L_BUF
LOCALBUF 		PDP8_cpu__n0258682/LUT4_L_BUF
LOCALBUF 		PDP8_cpu__n0257453/LUT4_L_BUF
LOCALBUF 		PDP8_cpu__n0261<1>6/LUT3_L_BUF
LOCALBUF 		PDP8_cpu__n025363/LUT4_D_BUF
LOCALBUF 		PDP8_cpu__n025246/LUT4_L_BUF
LOCALBUF 		PDP8_cpu__n025039/LUT4_L_BUF
LOCALBUF 		PDP8_cpu__n024839/LUT4_L_BUF
LOCALBUF 		PDP8_cpu__n024788/LUT4_L_BUF
LOCALBUF 		PDP8_cpu_R_etat_FFd3-In817/LUT3_L_BUF
LOCALBUF 		PDP8_panel__n0047<2>289/LUT4_L_BUF
LOCALBUF 		PDP8_cpu__n024239/LUT4_L_BUF
LOCALBUF 		PDP8_cpu_Ker374_SW0/LUT4_L_BUF
LOCALBUF 		PDP8_cpu__n024039/LUT4_L_BUF
LOCALBUF 		PDP8_cpu__n023939/LUT4_L_BUF
LOCALBUF 		PDP8_cpu__n0202108/LUT4_L_BUF
LOCALBUF 		PDP8_panel__n0047<5>92/LUT4_L_BUF
LOCALBUF 		PDP8_panel_Ker17599_G/LUT4_L_BUF
LOCALBUF 		PDP8_cpu__n0238<6>31/LUT4_L_BUF
LOCALBUF 		PDP8_cpu__n0238<7>31/LUT4_L_BUF
LOCALBUF 		PDP8_cpu__n0238<8>31/LUT4_L_BUF
LOCALBUF 		PDP8_cpu__n0238<9>34/LUT4_L_BUF
LOCALBUF 		PDP8_cpu__n0238<10>30/LUT4_L_BUF
LOCALBUF 		PDP8_panel_Ker901226_SW0/LUT4_L_BUF
LOCALBUF 		PDP8_cpu__n0231<4>46/LUT4_L_BUF
LOCALBUF 		PDP8_cpu__n0230437/LUT4_D_BUF
LOCALBUF 		PDP8_cpu__n0229380/LUT4_L_BUF
LOCALBUF 		PDP8_cpu__n0226380/LUT4_L_BUF
LOCALBUF 		PDP8_mem__n0018<8>42/LUT4_L_BUF
LOCALBUF 		PDP8_cpu__n03561/LUT3_D_BUF
LOCALBUF 		PDP8_cpu__n0181349_G/LUT3_L_BUF
LOCALBUF 		PDP8_cpu_Ker5545/LUT4_L_BUF
LOCALBUF 		PDP8_cpu__n022974/LUT4_L_BUF
LOCALBUF 		PDP8_cpu__n0258537/LUT4_L_BUF
LOCALBUF 		PDP8_cpu__n021271/LUT4_D_BUF
LOCALBUF 		PDP8_cpu__n021171/LUT4_D_BUF
LOCALBUF 		PDP8_cpu__n021071/LUT4_D_BUF
LOCALBUF 		PDP8_cpu__n03201/LUT4_D_BUF
LOCALBUF 		PDP8_cpu__n020871/LUT4_D_BUF
LOCALBUF 		PDP8_panel__n0047<1>175/LUT4_L_BUF
LOCALBUF 		PDP8_cpu__n00911/LUT3_D_BUF
LOCALBUF 		PDP8_cpu__n020569/LUT4_D_BUF
LOCALBUF 		PDP8_cpu__n020471/LUT4_D_BUF
LOCALBUF 		PDP8_cpu_Ker35118/LUT4_D_BUF
LOCALBUF 		PDP8_cpu__n0198118/LUT4_D_BUF
LOCALBUF 		PDP8_cpu__n0195112/LUT4_D_BUF
LOCALBUF 		PDP8_cpu__n03471/LUT4_D_BUF
LOCALBUF 		PDP8_panel__n004530/LUT4_L_BUF
LOCALBUF 		PDP8_cpu__n018839/LUT4_L_BUF
LOCALBUF 		PDP8_cpu__n018739/LUT4_L_BUF
LOCALBUF 		PDP8_cpu__n0184387/LUT4_L_BUF
LOCALBUF 		PDP8_cpu_Ker0341/LUT4_L_BUF
LOCALBUF 		PDP8_cpu__n0181387/LUT4_L_BUF
LOCALBUF 		PDP8_cpu_Ker125/LUT4_D_BUF
LOCALBUF 		PDP8_cpu__n0201102/LUT4_L_BUF
LOCALBUF 		PDP8_cpu_Ker5161/LUT4_D_BUF
LOCALBUF 		PDP8_cpu_Ker5601/LUT4_D_BUF
LOCALBUF 		PDP8_panel_Ker3181/LUT4_D_BUF
LOCALBUF 		PDP8_cpu_PDP8cpu__n0040<1>lut/LUT2_L_BUF
LOCALBUF 		PDP8_cpu_PDP8cpu__n0040<7>lut/LUT2_L_BUF
LOCALBUF 		PDP8_cpu_PDP8cpu__n0040<6>lut/LUT2_L_BUF
LOCALBUF 		PDP8_cpu_PDP8cpu__n0040<5>lut/LUT2_L_BUF
LOCALBUF 		PDP8_cpu__n01521/LUT4_D_BUF
LOCALBUF 		PDP8_cpu_Ker6291/LUT4_D_BUF
LOCALBUF 		PDP8_cpu__n00851/LUT3_D_BUF
LOCALBUF 		PDP8_cpu_Ker620/LUT4_D_BUF
LOCALBUF 		PDP8_cpu__n0257216_G/LUT4_L_BUF
LOCALBUF 		PDP8_cpu_Ker5831/LUT3_D_BUF
LOCALBUF 		PDP8_cpu__n00901/LUT3_D_BUF
LOCALBUF 		PDP8_cpu__n04421/LUT4_D_BUF
LOCALBUF 		PDP8_cpu_Ker1022/LUT4_D_BUF
LOCALBUF 		PDP8_cpu_R_etat_FFd8-In304/LUT4_D_BUF
LOCALBUF 		PDP8_cpu_PDP8cpu__n0023<0>lut/LUT2_L_BUF
LOCALBUF 		PDP8_cpu_PDP8cpu__n0023<1>lut/LUT2_L_BUF
LOCALBUF 		PDP8_cpu_PDP8cpu__n0023<2>lut/LUT2_L_BUF
LOCALBUF 		PDP8_cpu_PDP8cpu__n0023<3>lut/LUT2_L_BUF
LOCALBUF 		PDP8_cpu_PDP8cpu__n0023<4>lut/LUT2_L_BUF
LOCALBUF 		PDP8_cpu_PDP8cpu__n0023<5>lut/LUT2_L_BUF
LOCALBUF 		PDP8_cpu_PDP8cpu__n0023<6>lut/LUT2_L_BUF
LOCALBUF 		PDP8_cpu_PDP8cpu__n0023<7>lut/LUT2_L_BUF
LOCALBUF 		PDP8_cpu_PDP8cpu__n0023<8>lut/LUT2_L_BUF
LOCALBUF 		PDP8_cpu_PDP8cpu__n0023<9>lut/LUT2_L_BUF
LOCALBUF 		PDP8_cpu_PDP8cpu__n0023<10>lut/LUT2_L_BUF
LOCALBUF 		PDP8_cpu_PDP8cpu__n0023<11>lut/LUT2_L_BUF
LOCALBUF 		PDP8_cpu_PDP8cpu__n0061<9>lut/LUT2_L_BUF
LOCALBUF 		PDP8_cpu_PDP8cpu__n0065<0>lut/LUT2_L_BUF
LOCALBUF 		PDP8_cpu_PDP8cpu__n0065<1>lut/LUT2_L_BUF
LOCALBUF 		PDP8_cpu_PDP8cpu__n0065<2>lut/LUT2_L_BUF
LOCALBUF 		PDP8_cpu_PDP8cpu__n0065<3>lut/LUT2_L_BUF
LOCALBUF 		PDP8_cpu_PDP8cpu__n0065<4>lut/LUT2_L_BUF
LOCALBUF 		PDP8_cpu_PDP8cpu__n0040<4>lut/LUT2_L_BUF
LOCALBUF 		PDP8_cpu_PDP8cpu__n0040<9>lut/LUT2_L_BUF
LOCALBUF 		PDP8_cpu_PDP8cpu__n0040<10>lut/LUT2_L_BUF
LOCALBUF 		PDP8_cpu__n0060<2>28_G/LUT3_L_BUF
LOCALBUF 		PDP8_cpu__n0060<9>28_G/LUT3_L_BUF
LOCALBUF 		PDP8_cpu__n0060<12>1/LUT4_D_BUF
LOCALBUF 		PDP8_cpu__n0060<4>28_G/LUT3_L_BUF
LOCALBUF 		PDP8_cpu_Ker391/LUT2_D_BUF
LOCALBUF 		PDP8_cpu_Ker5271/LUT3_D_BUF
LOCALBUF 		PDP8_cpu__n0181199/LUT4_L_BUF
LOCALBUF 		PDP8_cpu__n0198118_SW0/LUT4_L_BUF
LOCALBUF 		PDP8_cpu_PDP8cpu__n0061<8>lut/LUT2_L_BUF
LOCALBUF 		PDP8_cpu_PDP8cpu__n0061<7>lut/LUT2_L_BUF
LOCALBUF 		PDP8_cpu_PDP8cpu__n0061<6>lut/LUT2_L_BUF
LOCALBUF 		PDP8_cpu_Ker5151/LUT3_D_BUF
LOCALBUF 		PDP8_cpu_PDP8cpu__n0061<5>lut/LUT2_L_BUF
LOCALBUF 		PDP8_cpu_PDP8cpu__n0061<4>lut/LUT2_L_BUF
LOCALBUF 		PDP8_cpu_PDP8cpu__n0278<0>lut/LUT2_D_BUF
LOCALBUF 		PDP8_cpu_PDP8cpu__n0278<1>lut/LUT2_L_BUF
LOCALBUF 		PDP8_cpu_PDP8cpu__n0278<2>lut/LUT2_L_BUF
LOCALBUF 		PDP8_cpu_PDP8cpu__n0278<3>lut/LUT2_L_BUF
LOCALBUF 		PDP8_cpu_PDP8cpu__n0278<4>lut/LUT2_L_BUF
LOCALBUF 		PDP8_cpu_PDP8cpu__n0278<5>lut/LUT2_L_BUF
LOCALBUF 		PDP8_cpu_PDP8cpu__n0278<6>lut/LUT2_L_BUF
LOCALBUF 		PDP8_cpu_PDP8cpu__n0278<7>lut/LUT2_L_BUF
LOCALBUF 		PDP8_cpu_PDP8cpu__n0278<8>lut/LUT2_L_BUF
LOCALBUF 		PDP8_cpu_PDP8cpu__n0278<9>lut/LUT2_L_BUF
LOCALBUF 		PDP8_cpu_PDP8cpu__n0278<10>lut/LUT2_L_BUF
LOCALBUF 		PDP8_cpu_PDP8cpu__n0278<11>lut/LUT2_L_BUF
LOCALBUF 		PDP8_cpu_PDP8cpu__n0061<3>lut/LUT2_L_BUF
LOCALBUF 		PDP8_cpu_PDP8cpulut/LUT2_L_BUF
LOCALBUF 		PDP8_cpu_PDP8cpulut1/LUT2_L_BUF
LOCALBUF 		PDP8_cpu_PDP8cpulut2/LUT2_L_BUF
LOCALBUF 		PDP8_cpu_PDP8cpulut3/LUT2_L_BUF
LOCALBUF 		PDP8_cpu_PDP8cpulut4/LUT2_L_BUF
LOCALBUF 		PDP8_cpu_PDP8cpulut5/LUT2_L_BUF
LOCALBUF 		PDP8_cpu_PDP8cpulut6/LUT2_L_BUF
LOCALBUF 		PDP8_cpu_PDP8cpulut7/LUT2_L_BUF
LOCALBUF 		PDP8_cpu_PDP8cpulut8/LUT2_L_BUF
LOCALBUF 		PDP8_cpu_PDP8cpulut9/LUT2_L_BUF
LOCALBUF 		PDP8_cpu_PDP8cpulut10/LUT2_L_BUF
LOCALBUF 		PDP8_cpu_PDP8cpulut11/LUT2_L_BUF
LOCALBUF 		PDP8_cpu__n0259115_SW0_SW0/LUT4_L_BUF
LOCALBUF 		PDP8_cpu_PDP8cpu__n0061<2>lut/LUT2_L_BUF
LOCALBUF 		PDP8_cpu_PDP8cpu__n0832<26>lut/LUT2_L_BUF
LOCALBUF 		PDP8_cpu_PDP8cpu__n0832<27>lut/LUT2_L_BUF
LOCALBUF 		PDP8_cpu_PDP8cpu__n0832<28>lut/LUT2_L_BUF
LOCALBUF 		PDP8_cpu_PDP8cpu__n0832<29>lut/LUT2_L_BUF
LOCALBUF 		PDP8_cpu_PDP8cpu__n0832<30>lut/LUT2_L_BUF
LOCALBUF 		PDP8_cpu_PDP8cpu__n0832<31>lut/LUT2_L_BUF
LOCALBUF 		PDP8_cpu_PDP8cpu__n0832<32>lut/LUT2_L_BUF
LOCALBUF 		PDP8_cpu_PDP8cpu__n0832<33>lut/LUT2_L_BUF
LOCALBUF 		PDP8_cpu_PDP8cpu__n0832<34>lut/LUT2_L_BUF
LOCALBUF 		PDP8_cpu_PDP8cpu__n0832<35>lut/LUT2_L_BUF
LOCALBUF 		PDP8_cpu_PDP8cpu__n0832<36>lut/LUT2_L_BUF
LOCALBUF 		PDP8_cpu__n026925/LUT3_L_BUF
LOCALBUF 		PDP8_cpu__n0258537_SW0_SW1/LUT2_L_BUF
LOCALBUF 		PDP8_cpu_Ker5681/LUT4_D_BUF
LOCALBUF 		PDP8_cpu_R_etat_FFd3-In376_SW0_G/LUT4_L_BUF
LOCALBUF 		PDP8_cpu_Ker161/LUT4_D_BUF
LOCALBUF 		PDP8_cpu_Ker171/LUT4_D_BUF
LOCALBUF 		PDP8_cpu_Ker3101/LUT2_D_BUF
LOCALBUF 		PDP8_cpu_Ker1891/LUT3_D_BUF
LOCALBUF 		PDP8_cpu_Ker5291/LUT3_D_BUF
LOCALBUF 		PDP8_panel__n04612/LUT4_D_BUF
LOCALBUF 		PDP8_panel__n0044391/LUT3_L_BUF
LOCALBUF 		PDP8_panel__n0047<1>27_SW0/LUT3_L_BUF
LOCALBUF 		PDP8_cpu__n01491/LUT4_D_BUF
LOCALBUF 		PDP8_cpu__n026022/LUT4_L_BUF
LOCALBUF 		PDP8_panel_Ker3891/LUT2_D_BUF
LOCALBUF 		PDP8_panel_Ker3371/LUT2_D_BUF
LOCALBUF 		PDP8_panel__n03141/LUT4_D_BUF
LOCALBUF 		PDP8_cpu_Ker2101/LUT3_D_BUF
LOCALBUF 		PDP8_panel_Ker951/LUT2_D_BUF
LOCALBUF 		PDP8_panel__n02531/LUT4_D_BUF
LOCALBUF 		PDP8_panel__n00921/LUT4_D_BUF
LOCALBUF 		PDP8_panel_Ker3091/LUT4_D_BUF
LOCALBUF 		PDP8_panel_Ker175115/LUT3_D_BUF
LOCALBUF 		PDP8_panel__n01861/LUT4_D_BUF
LOCALBUF 		PDP8_panel_Ker3161/LUT3_D_BUF
LOCALBUF 		PDP8_cpu__n0261<2>10/LUT3_L_BUF
LOCALBUF 		PDP8_cpu_R_etat_FFd8-In151/LUT4_L_BUF
LOCALBUF 		PDP8_cpu__n021071_SW1/LUT4_L_BUF
LOCALBUF 		PDP8_cpu__n018365/LUT4_L_BUF
LOCALBUF 		PDP8_panel__n02381/LUT4_D_BUF
LOCALBUF 		PDP8_cpu_Ker569_SW0/LUT4_L_BUF
LOCALBUF 		PDP8_cpu_Ker6211/LUT3_D_BUF
LOCALBUF 		PDP8_panel_Ker2001/LUT2_D_BUF
LOCALBUF 		PDP8_panel_Ker3101/LUT3_D_BUF
LOCALBUF 		PDP8_cpu_Ker6321/LUT3_D_BUF
LOCALBUF 		PDP8_panel_Ker3141/LUT3_D_BUF
LOCALBUF 		PDP8_panel__n0583<3>292/LUT4_D_BUF
LOCALBUF 		PDP8_panel__n0509/LUT4_D_BUF
LOCALBUF 		PDP8_cpu__n050039/LUT4_D_BUF
LOCALBUF 		PDP8_cpu__n020313/LUT4_L_BUF
LOCALBUF 		PDP8_panel_Ker204/LUT4_D_BUF
LOCALBUF 		PDP8_panel_Ker3491/LUT4_D_BUF
LOCALBUF 		PDP8_panel__n03801/LUT4_D_BUF
LOCALBUF 		PDP8_cpu_Ker6161/LUT4_D_BUF
LOCALBUF 		PDP8_panel__n00931/LUT4_D_BUF
LOCALBUF 		PDP8_cpu__n026935/LUT3_L_BUF
LOCALBUF 		PDP8_cpu_Ker6051/LUT4_D_BUF
LOCALBUF 		PDP8_cpu__n0238<11>7_SW0/LUT4_D_BUF
LOCALBUF 		PDP8_panel_Ker89/LUT4_D_BUF
LOCALBUF 		PDP8_cpu__n0257287_SW0/LUT4_L_BUF
LOCALBUF 		PDP8_panel_Ker1151/LUT2_D_BUF
LOCALBUF 		PDP8_panel__n04531/LUT4_D_BUF
LOCALBUF 		PDP8_panel_Ker1474_G/LUT4_L_BUF
LOCALBUF 		PDP8_panel_Ker3841/LUT3_D_BUF
LOCALBUF 		PDP8_panel_Ker3391/LUT2_D_BUF
LOCALBUF 		PDP8_panel_Ker3461/LUT2_D_BUF
LOCALBUF 		PDP8_cpu__n0266266/LUT4_L_BUF
LOCALBUF 		PDP8_panel_Ker224/LUT4_D_BUF
LOCALBUF 		PDP8_panel_Ker1271/LUT2_D_BUF
LOCALBUF 		PDP8_cpu_Ker21/LUT4_D_BUF
LOCALBUF 		PDP8_panel_Ker148140/LUT4_D_BUF
LOCALBUF 		PDP8_panel_Ker2101/LUT2_D_BUF
LOCALBUF 		PDP8_panel__n0047<1>52511/LUT4_L_BUF
LOCALBUF 		PDP8_cpu__n0238<2>30/LUT3_L_BUF
LOCALBUF 		PDP8_cpu_R_etat_FFd3-In726/LUT4_L_BUF
LOCALBUF 		PDP8_panel__n0047<0>391_G/LUT4_L_BUF
LOCALBUF 		PDP8_panel__n004541/LUT2_L_BUF
LOCALBUF 		PDP8_cpu_Ker1241/LUT3_D_BUF
LOCALBUF 		PDP8_panel__n02521/LUT4_D_BUF
LOCALBUF 		PDP8_panel__n02471/LUT4_D_BUF
LOCALBUF 		PDP8_panel__n0047<0>136911/LUT2_L_BUF
LOCALBUF 		PDP8_panel__n03791/LUT4_D_BUF
LOCALBUF 		PDP8_cpu__n0238<0>17/LUT4_L_BUF
LOCALBUF 		PDP8_panel_Ker3851/LUT3_D_BUF
LOCALBUF 		PDP8_cpu__n0257323/LUT4_L_BUF
LOCALBUF 		PDP8_panel__n03611/LUT4_D_BUF
LOCALBUF 		PDP8_panel_Ker3361/LUT2_D_BUF
LOCALBUF 		PDP8_panel_Ker2231/LUT3_D_BUF
LOCALBUF 		PDP8_panel__n0047<1>4/LUT4_L_BUF
LOCALBUF 		PDP8_panel__n00971/LUT4_D_BUF
LOCALBUF 		PDP8_panel__n00981/LUT4_D_BUF
LOCALBUF 		PDP8_panel_Ker3631/LUT4_D_BUF
LOCALBUF 		PDP8_panel__n03331/LUT4_D_BUF
LOCALBUF 		PDP8_cpu__n0181231/LUT4_L_BUF
LOCALBUF 		PDP8_panel__n02601/LUT4_D_BUF
LOCALBUF 		PDP8_panel__n02261/LUT4_D_BUF
LOCALBUF 		PDP8_panel_Ker3881/LUT3_D_BUF
LOCALBUF 		PDP8_panel__n00811/LUT4_D_BUF
LOCALBUF 		PDP8_panel_Ker1711/LUT2_D_BUF
LOCALBUF 		PDP8_panel__n00771/LUT4_D_BUF
LOCALBUF 		PDP8_panel__n03171/LUT4_D_BUF
LOCALBUF 		PDP8_panel__n02591/LUT4_D_BUF
LOCALBUF 		PDP8_panel__n00841/LUT4_D_BUF
LOCALBUF 		PDP8_panel__n00801/LUT4_D_BUF
LOCALBUF 		PDP8_panel__n00871/LUT4_D_BUF
LOCALBUF 		PDP8_panel__n00881/LUT4_D_BUF
LOCALBUF 		PDP8_panel__n00761/LUT4_D_BUF
LOCALBUF 		PDP8_panel_Ker3551/LUT2_D_BUF
LOCALBUF 		PDP8_panel_Ker91/LUT2_D_BUF
LOCALBUF 		PDP8_panel_Ker3351/LUT2_D_BUF
LOCALBUF 		PDP8_panel_Ker3611/LUT4_D_BUF
LOCALBUF 		PDP8_panel_Ker3171/LUT3_D_BUF
LOCALBUF 		PDP8_cpu_R_etat_FFd3-In131_G/LUT4_L_BUF
LOCALBUF 		PDP8_panel_Ker9044_SW0/LUT3_L_BUF
LOCALBUF 		PDP8_panel_Ker3711/LUT2_D_BUF
LOCALBUF 		PDP8_panel_Ker3431/LUT2_D_BUF
LOCALBUF 		PDP8_panel_Ker3341/LUT2_D_BUF
LOCALBUF 		PDP8_panel_Ker3071/LUT3_D_BUF
LOCALBUF 		PDP8_panel_Ker3701/LUT4_D_BUF
LOCALBUF 		PDP8_panel__n00861/LUT4_D_BUF
LOCALBUF 		PDP8_panel__n02541/LUT4_D_BUF
LOCALBUF 		PDP8_panel_sync_Ker71/LUT3_D_BUF
LOCALBUF 		PDP8_cpu__n0238<2>24/LUT4_L_BUF
LOCALBUF 		PDP8_cpu__n0181268/LUT4_L_BUF
LOCALBUF 		PDP8_cpu__n020250_G/LUT4_L_BUF
LOCALBUF 		PDP8_cpu_Ker520_SW0/LUT3_L_BUF
LOCALBUF 		PDP8_panel__n0488176_SW0_G/LUT4_L_BUF
LOCALBUF 		PDP8_panel__n0047<0>999_SW0/LUT3_L_BUF
LOCALBUF 		PDP8_panel__n0537_SW0/LUT3_D_BUF
LOCALBUF 		PDP8_panel_Ker1196/LUT4_L_BUF
LOCALBUF 		PDP8_cpu__n0584_G/LUT4_L_BUF
LOCALBUF 		PDP8_panel_Ker3581/LUT3_D_BUF
LOCALBUF 		PDP8_panel_Ker3121/LUT3_D_BUF
LOCALBUF 		PDP8_panel__n04591_SW0/LUT2_L_BUF
LOCALBUF 		PDP8_cpu__n0454_SW1/LUT4_L_BUF
LOCALBUF 		PDP8_cpu__n0268158_SW0/LUT3_L_BUF
LOCALBUF 		PDP8_cpu__n0230148_G/LUT4_L_BUF
LOCALBUF 		PDP8_cpu_Ker286_G/LUT3_L_BUF
LOCALBUF 		PDP8_cpu__n0530_SW0/LUT4_L_BUF
LOCALBUF 		PDP8_panel__n0059_SW0/LUT4_L_BUF
LOCALBUF 		PDP8_panel_Ker297_SW1/LUT4_L_BUF
LOCALBUF 		PDP8_panel_Ker931/LUT4_D_BUF
LOCALBUF 		PDP8_panel_Ker147108_G/LUT3_L_BUF
LOCALBUF 		PDP8_cpu__n0584_SW1/LUT4_D_BUF
LOCALBUF 		PDP8_cpu_Ker5361/LUT4_D_BUF
LOCALBUF 		PDP8_panel__n00831/LUT4_D_BUF
LOCALBUF 		PDP8_panel_Ker3131/LUT3_D_BUF
LOCALBUF 		PDP8_cpu__n0060<0>28_G/LUT3_L_BUF
LOCALBUF 		PDP8_cpu__n0060<8>28_G/LUT3_L_BUF
LOCALBUF 		PDP8_cpu__n0060<1>28_G/LUT3_L_BUF
LOCALBUF 		PDP8_cpu__n0060<3>28_G/LUT3_L_BUF
LOCALBUF 		PDP8_cpu__n0060<10>28_G/LUT3_L_BUF
LOCALBUF 		PDP8_cpu__n0060<7>28_G/LUT3_L_BUF
LOCALBUF 		PDP8_cpu__n0060<6>28_G/LUT3_L_BUF
LOCALBUF 		PDP8_cpu__n0060<5>28_G/LUT3_L_BUF
LOCALBUF 		PDP8_cpu__n0255<0>24/LUT3_L_BUF
LOCALBUF 		PDP8_panel__n0047<2>261/LUT4_L_BUF
LOCALBUF 		PDP8_console__n0037<2>30/LUT4_L_BUF
LOCALBUF 		PDP8_cpu__n024698/LUT4_L_BUF
LOCALBUF 		PDP8_panel_Ker118117_G/LUT4_L_BUF
LOCALBUF 		PDP8_panel__n0583<3>207/LUT4_L_BUF
LOCALBUF 		PDP8_panel__n0047<2>235_SW0/LUT3_L_BUF
LOCALBUF 		PDP8_cpu__n0261<1>10/LUT3_L_BUF
LOCALBUF 		PDP8_cpu__n021171_SW1/LUT4_L_BUF
LOCALBUF 		PDP8_panel__n0583<3>344_G/LUT3_L_BUF
LOCALBUF 		PDP8_panel__n0047<0>843/LUT3_L_BUF
LOCALBUF 		PDP8_panel__n0047<2>606/LUT4_L_BUF
LOCALBUF 		PDP8_cpu__n0203125_SW0/LUT4_D_BUF
LOCALBUF 		PDP8_panel__n02361/LUT4_D_BUF
LOCALBUF 		PDP8_cpu__n0238<1>30/LUT3_L_BUF
LOCALBUF 		PDP8_panel__n0047<2>727/LUT4_L_BUF
LOCALBUF 		PDP8_panel_Ker54_G/LUT4_L_BUF
LOCALBUF 		PDP8_cpu__n0238<1>24/LUT4_L_BUF
LOCALBUF 		PDP8_cpu__n024698_SW0_SW0/LUT4_L_BUF
LOCALBUF 		PDP8_panel__n0047<0>832/LUT4_L_BUF
LOCALBUF 		PDP8_console__n0037<7>30/LUT4_L_BUF
LOCALBUF 		PDP8_panel__n00951/LUT4_D_BUF
LOCALBUF 		PDP8_cpu_Ker7623/LUT4_L_BUF
LOCALBUF 		PDP8_panel__n0047<2>185/LUT4_L_BUF
LOCALBUF 		PDP8_cpu_R_etat_FFd3-In596/LUT4_L_BUF
LOCALBUF 		PDP8_panel__n002826/LUT4_L_BUF
LOCALBUF 		PDP8_cpu__n0209<2>24/LUT3_L_BUF
LOCALBUF 		PDP8_cpu__n024785/LUT4_L_BUF
LOCALBUF 		PDP8_cpu__n02530/LUT2_L_BUF
LOCALBUF 		PDP8_cpu_R_etat_FFd6-In284/LUT2_D_BUF
LOCALBUF 		PDP8_cpu_R_etat_FFd3-In630_SW0/LUT4_L_BUF
LOCALBUF 		PDP8_console__n0037<6>30/LUT3_L_BUF
LOCALBUF 		PDP8_cpu_Ker587_G/LUT4_L_BUF
LOCALBUF 		PDP8_cpu__n019870_SW0/LUT4_L_BUF
LOCALBUF 		PDP8_cpu_R_etat_FFd6-In269/LUT4_L_BUF
LOCALBUF 		PDP8_cpu_Ker6401/LUT4_D_BUF
LOCALBUF 		PDP8_cpu__n025246_SW0/LUT4_L_BUF
LOCALBUF 		PDP8_panel__n0047<2>157/LUT4_L_BUF
LOCALBUF 		PDP8_cpu__n0231<4>36/LUT3_L_BUF
LOCALBUF 		PDP8_cpu_R_etat_FFd3-In533/LUT3_L_BUF
LOCALBUF 		PDP8_panel_Ker14754_SW0/LUT4_L_BUF
LOCALBUF 		PDP8_console__n0037<3>30/LUT4_L_BUF
LOCALBUF 		PDP8_panel__n0047<2>447_SW0/LUT4_L_BUF
LOCALBUF 		PDP8_panel__n02571/LUT4_D_BUF
LOCALBUF 		PDP8_cpu__n0197107/LUT4_L_BUF
LOCALBUF 		PDP8_cpu__n0184199/LUT4_L_BUF
LOCALBUF 		PDP8_cpu__n0257406_G/LUT3_L_BUF
LOCALBUF 		PDP8_cpu__n0238<7>31_SW0/LUT4_L_BUF
LOCALBUF 		PDP8_cpu__n0261<0>6/LUT3_L_BUF
LOCALBUF 		PDP8_cpu__n0209<1>24/LUT3_L_BUF
LOCALBUF 		PDP8_cpu_R_etat_FFd3-In445/LUT4_L_BUF
LOCALBUF 		PDP8_cpu__n0197126/LUT4_L_BUF
LOCALBUF 		PDP8_panel__n0047<2>97/LUT4_L_BUF
LOCALBUF 		PDP8_cpu__n0197150/LUT2_L_BUF
LOCALBUF 		PDP8_panel__n0047<2>130_SW0/LUT3_L_BUF
LOCALBUF 		PDP8_console__n0037<4>30/LUT4_L_BUF
LOCALBUF 		PDP8_cpu__n0238<6>4/LUT4_L_BUF
LOCALBUF 		PDP8_cpu__n0231<2>36/LUT3_L_BUF
LOCALBUF 		PDP8_cpu__n0230426_SW0_G/LUT4_L_BUF
LOCALBUF 		PDP8_cpu__n0262266/LUT4_L_BUF
LOCALBUF 		PDP8_cpu__n0261<0>10/LUT3_L_BUF
LOCALBUF 		PDP8_cpu__n027126/LUT4_L_BUF
LOCALBUF 		PDP8_cpu_R_etat_FFd3-In376/LUT4_L_BUF
LOCALBUF 		PDP8_panel__n0047<5>51/LUT4_L_BUF
LOCALBUF 		PDP8_panel__n0047<2>529/LUT4_L_BUF
LOCALBUF 		PDP8_cpu__n026847_SW0/LUT2_L_BUF
LOCALBUF 		PDP8_panel__n0047<2>43/LUT4_L_BUF
LOCALBUF 		PDP8_cpu_R_etat_FFd6-In187/LUT4_L_BUF
LOCALBUF 		PDP8_console__n0037<5>24/LUT4_L_BUF
LOCALBUF 		PDP8_panel_Ker90157_SW0/LUT4_L_BUF
LOCALBUF 		PDP8_console__n0037<5>30/LUT3_L_BUF
LOCALBUF 		PDP8_cpu_R_etat_FFd3-In321/LUT4_L_BUF
LOCALBUF 		PDP8_cpu__n0255<2>24/LUT3_L_BUF
LOCALBUF 		PDP8_cpu_Ker544/LUT2_D_BUF
LOCALBUF 		PDP8_panel__n0047<2>21/LUT4_L_BUF
LOCALBUF 		PDP8_cpu_Ker535/LUT4_D_BUF
LOCALBUF 		PDP8_cpu_R_etat_FFd3-In280/LUT4_L_BUF
LOCALBUF 		PDP8_panel__n0047<0>803/LUT4_L_BUF
LOCALBUF 		PDP8_panel_Ker90497_SW0_G/LUT4_L_BUF
LOCALBUF 		PDP8_cpu_PDP8cpu__n0282<0>lut/LUT3_D_BUF
LOCALBUF 		PDP8_cpu__n0238<4>30/LUT3_L_BUF
LOCALBUF 		PDP8_cpu__n0238<4>24/LUT4_L_BUF
LOCALBUF 		PDP8_console__n0037<0>24/LUT4_L_BUF
LOCALBUF 		PDP8_panel__n0047<2>414/LUT3_L_BUF
LOCALBUF 		PDP8_cpu__n03669/LUT4_L_BUF
LOCALBUF 		PDP8_cpu_R_etat_FFd3-In251_G/LUT4_L_BUF
LOCALBUF 		PDP8_cpu_R_etat_FFd8-In90_SW0/LUT4_L_BUF
LOCALBUF 		PDP8_cpu__n0209<0>24/LUT3_L_BUF
LOCALBUF 		PDP8_cpu_Ker518_SW0/LUT3_L_BUF
LOCALBUF 		PDP8_panel__n0047<2>391/LUT4_L_BUF
LOCALBUF 		PDP8_cpu_Ker13095/LUT4_D_BUF
LOCALBUF 		PDP8_panel_Ker594/LUT4_L_BUF
LOCALBUF 		PDP8_cpu__n0238<5>30/LUT3_L_BUF
LOCALBUF 		PDP8_cpu__n0508_SW0/LUT4_D_BUF
LOCALBUF 		PDP8_cpu__n0238<5>24/LUT4_L_BUF
LOCALBUF 		PDP8_panel__n0047<2>378_SW0/LUT4_L_BUF
LOCALBUF 		PDP8_console__n0037<6>24/LUT4_L_BUF
LOCALBUF 		PDP8_console__n0037<0>30/LUT3_L_BUF
LOCALBUF 		PDP8_IOskipLogicTrst10/LUT4_L_BUF
LOCALBUF 		PDP8_cpu_R_etat_FFd8-In287/LUT4_L_BUF
LOCALBUF 		PDP8_cpu__n0184231/LUT4_L_BUF
LOCALBUF 		PDP8_cpu__n0181163/LUT4_L_BUF
LOCALBUF 		PDP8_panel__n004513/LUT4_L_BUF
LOCALBUF 		PDP8_cpu__n021925/LUT4_L_BUF
LOCALBUF 		PDP8_panel__n0047<1>158/LUT4_L_BUF
LOCALBUF 		PDP8_panel__n0047<0>1035_SW0/LUT4_L_BUF
LOCALBUF 		PDP8_cpu__n0255<1>24/LUT3_L_BUF
LOCALBUF 		PDP8_cpu__n0202147/LUT3_L_BUF
LOCALBUF 		PDP8_panel__n01901/LUT4_D_BUF
LOCALBUF 		PDP8_cpu__n0202135/LUT4_L_BUF
LOCALBUF 		PDP8_cpu__n0238<3>30/LUT3_L_BUF
LOCALBUF 		PDP8_cpu_R_etat_FFd3-In103/LUT4_L_BUF
LOCALBUF 		PDP8_panel__n0047<2>326/LUT2_L_BUF
LOCALBUF 		PDP8_cpu_Ker182136/LUT4_L_BUF
LOCALBUF 		PDP8_cpu__n0238<3>24/LUT4_L_BUF
LOCALBUF 		PDP8_panel_Ker90973_G/LUT4_L_BUF
LOCALBUF 		PDP8_cpu__n0257440/LUT3_L_BUF
LOCALBUF 		PDP8_cpu__n0203125/LUT4_D_BUF
LOCALBUF 		PDP8_cpu__n02675/LUT4_L_BUF
LOCALBUF 		PDP8_cpu__n0270269/LUT4_L_BUF
LOCALBUF 		PDP8_cpu__n0266160/LUT4_L_BUF
LOCALBUF 		PDP8_panel__n0047<0>691/LUT4_L_BUF
LOCALBUF 		PDP8_cpu__n0238<0>50/LUT4_L_BUF
LOCALBUF 		PDP8_cpu_Ker533_SW1/LUT4_L_BUF
LOCALBUF 		PDP8_mem__n0018<11>42/LUT4_L_BUF
LOCALBUF 		PDP8_cpu__n0257119_SW0/LUT4_L_BUF
LOCALBUF 		PDP8_cpu__n0184115/LUT4_L_BUF
LOCALBUF 		PDP8_cpu__n0238<0>59/LUT4_L_BUF
LOCALBUF 		PDP8_cpu__n0238<0>64/LUT2_L_BUF
LOCALBUF 		PDP8_cpu_PDP8cpu__n0040<11>lut/LUT2_L_BUF
LOCALBUF 		PDP8_cpu_Ker781/LUT4_D_BUF
LOCALBUF 		PDP8_cpu__n026725/LUT3_L_BUF
LOCALBUF 		PDP8_cpu__n0226170/LUT4_L_BUF
LOCALBUF 		PDP8_cpu__n026735/LUT3_L_BUF
LOCALBUF 		PDP8_cpu__n0258475_SW1/LUT2_L_BUF
LOCALBUF 		PDP8_panel__n0583<3>297/LUT4_L_BUF
LOCALBUF 		PDP8_panel__n0047<1>45/LUT4_L_BUF
LOCALBUF 		PDP8_panel_Ker14918/LUT2_L_BUF
LOCALBUF 		PDP8_cpu__n0266106/LUT4_L_BUF
LOCALBUF 		PDP8_mem__n0018<8>84/LUT4_L_BUF
LOCALBUF 		PDP8_cpu__n0257175/LUT4_L_BUF
LOCALBUF 		PDP8_panel__n0047<0>629/LUT4_L_BUF
LOCALBUF 		PDP8_cpu_Ker0205/LUT4_L_BUF
LOCALBUF 		PDP8_panel_Ker90307/LUT4_L_BUF
LOCALBUF 		PDP8_cpu_Ker3519/LUT3_D_BUF
LOCALBUF 		PDP8_cpu__n0669/LUT4_D_BUF
LOCALBUF 		PDP8_cpu__n07411111_1_G/LUT4_L_BUF
LOCALBUF 		PDP8_panel__n0047<0>705_SW0/LUT4_L_BUF
LOCALBUF 		PDP8_mem__n0018<10>42/LUT4_L_BUF
LOCALBUF 		PDP8_cpu__n026522/LUT4_L_BUF
LOCALBUF 		PDP8_cpu__n02089/LUT4_L_BUF
LOCALBUF 		PDP8_cpu__n021527/LUT4_L_BUF
LOCALBUF 		PDP8_cpu__n0258411/LUT4_L_BUF
LOCALBUF 		PDP8_panel__n0047<0>597/LUT4_L_BUF
LOCALBUF 		PDP8_cpu__n026534/LUT4_L_BUF
LOCALBUF 		PDP8_cpu__n0262160/LUT4_L_BUF
LOCALBUF 		PDP8_panel__n048833_SW0/LUT3_L_BUF
LOCALBUF 		PDP8_cpu_Ker12921/LUT4_D_BUF
LOCALBUF 		PDP8_cpu__n0268346_G/LUT3_L_BUF
LOCALBUF 		PDP8_cpu_Ker470_SW0/LUT3_L_BUF
LOCALBUF 		PDP8_panel_Ker90399/LUT4_L_BUF
LOCALBUF 		PDP8_cpu__n020871_SW1/LUT4_L_BUF
LOCALBUF 		PDP8_cpu__n0258378/LUT4_L_BUF
LOCALBUF 		PDP8_cpu_Ker44126/LUT4_L_BUF
LOCALBUF 		PDP8_panel_Ker90250_SW1/LUT4_L_BUF
LOCALBUF 		PDP8_panel__n0047<1>272/LUT4_L_BUF
LOCALBUF 		PDP8_cpu__n0270219/LUT3_L_BUF
LOCALBUF 		PDP8_cpu__n026661/LUT4_L_BUF
LOCALBUF 		PDP8_cpu__n07411111_2_G/LUT4_L_BUF
LOCALBUF 		PDP8_cpu__n0262106/LUT4_L_BUF
LOCALBUF 		PDP8_cpu__n014625/LUT4_D_BUF
LOCALBUF 		PDP8_panel__n04562_SW0/LUT4_L_BUF
LOCALBUF 		PDP8_cpu__n026322/LUT4_L_BUF
LOCALBUF 		PDP8_cpu_Ker30129/LUT4_L_BUF
LOCALBUF 		PDP8_mem__n0018<9>42/LUT4_L_BUF
LOCALBUF 		PDP8_cpu__n021563_SW1/LUT4_L_BUF
LOCALBUF 		PDP8_cpu__n022225/LUT4_L_BUF
LOCALBUF 		PDP8_cpu__n026334/LUT4_L_BUF
LOCALBUF 		PDP8_cpu__n018325/LUT4_L_BUF
LOCALBUF 		PDP8_cpu__n0230233_SW0/LUT3_L_BUF
LOCALBUF 		PDP8_cpu__n021563/LUT4_L_BUF
LOCALBUF 		PDP8_cpu__n0258336/LUT3_L_BUF
LOCALBUF 		PDP8_cpu__n0060<11>28_G/LUT3_L_BUF
LOCALBUF 		PDP8_cpu__n021825/LUT4_L_BUF
LOCALBUF 		PDP8_cpu__n021216_SW0/LUT4_L_BUF
LOCALBUF 		PDP8_panel__n03161/LUT4_D_BUF
LOCALBUF 		PDP8_cpu__n026647_SW0/LUT2_L_BUF
LOCALBUF 		PDP8_cpu__n026261/LUT4_L_BUF
LOCALBUF 		PDP8_panel_Ker90250_SW0_G/LUT4_L_BUF
LOCALBUF 		PDP8_panel__n0047<0>495_SW0/LUT4_L_BUF
LOCALBUF 		PDP8_cpu__n018526/LUT4_L_BUF
LOCALBUF 		PDP8_cpu__n018535/LUT3_L_BUF
LOCALBUF 		PDP8_panel__n05021/LUT4_D_BUF
LOCALBUF 		PDP8_mem__n0018<1>42/LUT4_L_BUF
LOCALBUF 		PDP8_cpu__n02048/LUT4_L_BUF
LOCALBUF 		PDP8_cpu__n022266_SW1/LUT4_L_BUF
LOCALBUF 		PDP8_cpu__n0258305/LUT4_L_BUF
LOCALBUF 		PDP8_panel_Ker25849/LUT4_L_BUF
LOCALBUF 		PDP8_cpu_Ker0329_SW1/LUT4_L_BUF
LOCALBUF 		PDP8_cpu__n0270157/LUT4_L_BUF
LOCALBUF 		PDP8_panel_Ker901115_G/LUT3_L_BUF
LOCALBUF 		PDP8_panel__n0047<0>413/LUT4_L_BUF
LOCALBUF 		PDP8_cpu__n022266/LUT4_L_BUF
LOCALBUF 		PDP8_panel__n00911/LUT4_D_BUF
LOCALBUF 		PDP8_panel__n0047<1>351/LUT4_L_BUF
LOCALBUF 		PDP8_cpu__n026247_SW0/LUT2_L_BUF
LOCALBUF 		PDP8_cpu__n020471_SW1/LUT4_L_BUF
LOCALBUF 		PDP8_panel__n02281/LUT3_D_BUF
LOCALBUF 		PDP8_panel_Ker90564_SW0/LUT4_L_BUF
LOCALBUF 		PDP8_panel_Ker521_G/LUT3_L_BUF
LOCALBUF 		PDP8_panel__n0488176/LUT4_L_BUF
LOCALBUF 		PDP8_cpu__n0229254/LUT4_L_BUF
LOCALBUF 		PDP8_cpu__n0270141/LUT4_L_BUF
LOCALBUF 		PDP8_cpu__n018226/LUT4_L_BUF
LOCALBUF 		PDP8_cpu__n018235/LUT3_L_BUF
LOCALBUF 		PDP8_cpu__n021849/LUT4_L_BUF
LOCALBUF 		PDP8_cpu__n0226110/LUT4_L_BUF
LOCALBUF 		PDP8_mem__n0018<6>37/LUT4_L_BUF
LOCALBUF 		PDP8_cpu__n018678/LUT4_L_BUF
LOCALBUF 		PDP8_panel_Ker1478/LUT4_L_BUF
LOCALBUF 		PDP8_panel__n00821/LUT4_D_BUF
LOCALBUF 		PDP8_cpu__n021966_SW1/LUT4_L_BUF
LOCALBUF 		PDP8_panel__n0047<1>147/LUT4_L_BUF
LOCALBUF 		PDP8_panel__n0047<0>363_SW0/LUT4_L_BUF
LOCALBUF 		PDP8_cpu__n0268372/LUT3_L_BUF
LOCALBUF 		PDP8_cpu__n021796_SW1/LUT4_L_BUF
LOCALBUF 		PDP8_panel__n00901/LUT4_D_BUF
LOCALBUF 		PDP8_panel_Ker9032_G/LUT4_L_BUF
LOCALBUF 		PDP8_cpu__n021271_SW1/LUT4_L_BUF
LOCALBUF 		PDP8_cpu__n018678_SW1/LUT4_L_BUF
LOCALBUF 		PDP8_panel__n0047<0>344/LUT4_L_BUF
LOCALBUF 		PDP8_cpu__n0258212/LUT4_L_BUF
LOCALBUF 		PDP8_cpu__n021861/LUT4_L_BUF
LOCALBUF 		PDP8_panel_Ker90628/LUT3_L_BUF
LOCALBUF 		PDP8_cpu__n0259115/LUT4_L_BUF
LOCALBUF 		PDP8_cpu_Ker369_SW0/LUT4_L_BUF
LOCALBUF 		PDP8_panel__n0047<1>403/LUT4_L_BUF
LOCALBUF 		PDP8_cpu__n021627/LUT4_L_BUF
LOCALBUF 		PDP8_cpu__n0258198/LUT4_L_BUF
LOCALBUF 		PDP8_cpu__n0264386/LUT4_L_BUF
LOCALBUF 		PDP8_panel_Ker90654/LUT4_L_BUF
LOCALBUF 		PDP8_mem__n0018<5>37/LUT4_L_BUF
LOCALBUF 		PDP8_panel__n0047<0>293/LUT3_L_BUF
LOCALBUF 		PDP8_panel_Ker17546/LUT4_L_BUF
LOCALBUF 		PDP8_cpu__n021116_SW0/LUT4_L_BUF
LOCALBUF 		PDP8_panel_Ker11834_SW0/LUT4_L_BUF
LOCALBUF 		PDP8_cpu__n02057/LUT4_L_BUF
LOCALBUF 		PDP8_cpu__n0229108_SW0/LUT2_L_BUF
LOCALBUF 		PDP8_panel__n0047<0>276/LUT3_L_BUF
LOCALBUF 		PDP8_cpu__n0258608/LUT4_L_BUF
LOCALBUF 		PDP8_cpu__n020751/LUT4_L_BUF
LOCALBUF 		PDP8_panel__n0047<1>420/LUT4_L_BUF
LOCALBUF 		PDP8_panel__n0047<2>547/LUT4_L_BUF
LOCALBUF 		PDP8_cpu__n0238<11>78/LUT4_L_BUF
LOCALBUF 		PDP8_cpu__n021663_SW1/LUT4_L_BUF
LOCALBUF 		PDP8_panel_Ker901285_SW0_SW0/LUT4_L_BUF
LOCALBUF 		PDP8_cpu__n020784/LUT4_D_BUF
LOCALBUF 		PDP8_cpu__n0229231/LUT3_L_BUF
LOCALBUF 		PDP8_panel__n0047<0>245/LUT4_L_BUF
LOCALBUF 		PDP8_cpu__n021663/LUT4_L_BUF
LOCALBUF 		PDP8_mem__n0018<4>37/LUT4_L_BUF
LOCALBUF 		PDP8_cpu_Ker5821/LUT4_D_BUF
LOCALBUF 		PDP8_panel_Ker14778/LUT4_L_BUF
LOCALBUF 		PDP8_panel_Ker8822_G/LUT4_L_BUF
LOCALBUF 		PDP8_cpu__n022696_SW0/LUT2_L_BUF
LOCALBUF 		PDP8_cpu__n0258135/LUT4_L_BUF
LOCALBUF 		PDP8_cpu__n020569_SW0/LUT4_L_BUF
LOCALBUF 		PDP8_panel_Ker88127_G/LUT4_L_BUF
LOCALBUF 		PDP8_panel__n0047<1>463/LUT4_L_BUF
LOCALBUF 		PDP8_cpu__n0258135_SW0_SW0/LUT4_L_BUF
LOCALBUF 		PDP8_cpu__n027096_SW0/LUT2_L_BUF
LOCALBUF 		PDP8_panel__n0047<0>771_G/LUT4_L_BUF
LOCALBUF 		PDP8_panel__n0047<0>1091_SW0/LUT3_L_BUF
LOCALBUF 		PDP8_cpu__n022325/LUT4_L_BUF
LOCALBUF 		PDP8_cpu__n0270350_G/LUT3_L_BUF
LOCALBUF 		PDP8_cpu__n021715/LUT4_L_BUF
LOCALBUF 		PDP8_panel_Ker118153/LUT4_L_BUF
LOCALBUF 		PDP8_cpu__n0264288/LUT4_L_BUF
LOCALBUF 		PDP8_panel__n02561/LUT4_D_BUF
LOCALBUF 		PDP8_panel_Ker8835/LUT4_L_BUF
LOCALBUF 		PDP8_mem__n0018<3>37/LUT4_L_BUF
LOCALBUF 		PDP8_panel__n0047<0>163/LUT2_L_BUF
LOCALBUF 		PDP8_panel_Ker90780/LUT4_L_BUF
LOCALBUF 		PDP8_cpu_Ker6396/LUT3_L_BUF
LOCALBUF 		PDP8_cpu__n0268265/LUT4_L_BUF
LOCALBUF 		PDP8_cpu__n0201102_SW1/LUT3_L_BUF
LOCALBUF 		PDP8_cpu__n027063/LUT4_L_BUF
LOCALBUF 		PDP8_cpu__n022366_SW1/LUT4_L_BUF
LOCALBUF 		PDP8_panel__n045324/LUT4_L_BUF
LOCALBUF 		PDP8_panel__n0047<0>143_SW0/LUT4_L_BUF
LOCALBUF 		PDP8_cpu__n022663/LUT4_L_BUF
LOCALBUF 		PDP8_panel_Ker148107/LUT4_L_BUF
LOCALBUF 		PDP8_cpu_Ker021/LUT4_L_BUF
LOCALBUF 		PDP8_panel_Ker8871/LUT4_L_BUF
LOCALBUF 		PDP8_mem__n0018<2>37/LUT4_L_BUF
LOCALBUF 		PDP8_cpu__n022366/LUT4_L_BUF
LOCALBUF 		PDP8_cpu_R_etat_FFd3-In75_SW0/LUT4_L_BUF
LOCALBUF 		PDP8_cpu__n0238<11>55/LUT4_L_BUF
LOCALBUF 		PDP8_cpu__n0229182/LUT4_L_BUF
LOCALBUF 		PDP8_panel_Ker90855/LUT4_L_BUF
LOCALBUF 		PDP8_cpu__n0184375/LUT3_L_BUF
LOCALBUF 		PDP8_cpu__n025817/LUT4_L_BUF
LOCALBUF 		PDP8_panel__n0047<0>74/LUT3_L_BUF
LOCALBUF 		PDP8_cpu__n0268221/LUT4_L_BUF
LOCALBUF 		PDP8_cpu__n024839_SW0/LUT4_L_BUF
LOCALBUF 		PDP8_cpu_Ker146/LUT4_L_BUF
LOCALBUF 		PDP8_cpu__n025812/LUT4_L_BUF
LOCALBUF 		PDP8_cpu_Ker5141/LUT4_D_BUF
LOCALBUF 		PDP8_panel__n0047<0>57/LUT3_L_BUF
LOCALBUF 		PDP8_panel_Ker90882/LUT4_L_BUF
LOCALBUF 		PDP8_cpu__n019528/LUT4_L_BUF
LOCALBUF 		PDP8_panel__n0454115/LUT4_L_BUF
LOCALBUF 		PDP8_cpu__n0230262/LUT4_L_BUF
LOCALBUF 		PDP8_cpu__n020138/LUT4_L_BUF
LOCALBUF 		PDP8_cpu_Ker190/LUT4_D_BUF
LOCALBUF 		PDP8_cpu__n021427/LUT4_L_BUF
LOCALBUF 		PDP8_mem__n0018<0>37/LUT4_L_BUF
LOCALBUF 		PDP8_cpu__n025039_SW0/LUT4_L_BUF
LOCALBUF 		PDP8_cpu__n021363/LUT4_L_BUF
LOCALBUF 		PDP8_cpu__n026034/LUT4_L_BUF
LOCALBUF 		PDP8_cpu__n0259364/LUT4_L_BUF
LOCALBUF 		PDP8_cpu__n0226368/LUT3_L_BUF
LOCALBUF 		PDP8_panel_Ker90901/LUT4_L_BUF
LOCALBUF 		PDP8_panel_Ker11711/LUT3_L_BUF
LOCALBUF 		PDP8_panel__n0047<0>26/LUT4_L_BUF
LOCALBUF 		PDP8_panel__n0583<3>44_SW0/LUT2_L_BUF
LOCALBUF 		PDP8_cpu__n024239_SW0/LUT4_L_BUF
LOCALBUF 		PDP8_cpu__n021463_SW1/LUT4_L_BUF
LOCALBUF 		PDP8_panel__n0047<0>895/LUT3_L_BUF
LOCALBUF 		PDP8_cpu__n0264181/LUT4_L_BUF
LOCALBUF 		PDP8_panel__n0583<3>251/LUT4_L_BUF
LOCALBUF 		PDP8_cpu__n021463/LUT4_L_BUF
LOCALBUF 		PDP8_panel_Ker88163/LUT4_L_BUF
LOCALBUF 		PDP8_cpu__n0184163/LUT4_L_BUF
LOCALBUF 		PDP8_mem__n0018<7>37/LUT4_L_BUF
LOCALBUF 		PDP8_panel_Ker11757/LUT4_L_BUF
LOCALBUF 		PDP8_cpu__n024039_SW0/LUT4_L_BUF
LOCALBUF 		PDP8_cpu_Ker0148/LUT4_L_BUF
LOCALBUF 		PDP8_panel__n0047<1>52511_SW1/LUT4_L_BUF
LOCALBUF 		PDP8_panel_Ker88176/LUT4_L_BUF
LOCALBUF 		PDP8_cpu__n0264125/LUT4_L_BUF
LOCALBUF 		PDP8_panel_Ker90950/LUT3_L_BUF
LOCALBUF 		PDP8_cpu_Ker17910/LUT4_L_BUF
LOCALBUF 		PDP8_cpu__n0257175_SW0_SW1/LUT4_L_BUF
LOCALBUF 		PDP8_cpu__n023939_SW0/LUT4_L_BUF
LOCALBUF 		PDP8_cpu__n0226224/LUT3_L_BUF
LOCALBUF 		PDP8_cpu__n022025/LUT4_L_BUF
LOCALBUF 		PDP8_panel_Ker901174_G/LUT4_L_BUF
LOCALBUF 		PDP8_cpu__n0259266/LUT4_L_BUF
LOCALBUF 		PDP8_panel_Ker88222/LUT4_D_BUF
LOCALBUF 		PDP8_cpu__n0181375/LUT3_L_BUF
LOCALBUF 		PDP8_cpu__n025713_G/LUT4_L_BUF
LOCALBUF 		PDP8_cpu__n078343/LUT4_L_BUF
LOCALBUF 		PDP8_cpu__n0230426/LUT4_L_BUF
LOCALBUF 		PDP8_panel__n0047<0>1334/LUT4_L_BUF
LOCALBUF 		PDP8_cpu__n00951/LUT4_D_BUF
LOCALBUF 		PDP8_cpu_PDP8cpu__n0040<8>lut/LUT2_L_BUF
LOCALBUF 		PDP8_cpu__n018839_SW0/LUT4_L_BUF
LOCALBUF 		PDP8_cpu__n020372/LUT4_L_BUF
LOCALBUF 		PDP8_panel__n0047<0>1300/LUT3_L_BUF
LOCALBUF 		PDP8_cpu__n0226342_G/LUT3_L_BUF
LOCALBUF 		PDP8_panel__n0047<3>79_SW0/LUT4_L_BUF
LOCALBUF 		PDP8_panel_Ker17348/LUT4_L_BUF
LOCALBUF 		PDP8_cpu__n026893/LUT4_L_BUF
LOCALBUF 		PDP8_panel__n0047<3>36/LUT4_L_BUF
LOCALBUF 		PDP8_panel__n0047<0>1267/LUT4_L_BUF
LOCALBUF 		PDP8_cpu_Ker18228/LUT4_L_BUF
LOCALBUF 		PDP8_cpu__n018739_SW0/LUT4_L_BUF
LOCALBUF 		PDP8_panel_Ker17391/LUT4_L_BUF
LOCALBUF 		PDP8_cpu_Ker0251_SW0/LUT4_L_BUF
LOCALBUF 		PDP8_cpu__n018631/LUT4_L_BUF
LOCALBUF 		PDP8_cpu__n022066_SW1/LUT4_L_BUF
LOCALBUF 		PDP8_panel_Ker90685_SW0/LUT3_L_BUF
LOCALBUF 		PDP8_cpu__n0229122/LUT4_L_BUF
LOCALBUF 		PDP8_cpu__n0184268/LUT4_L_BUF
LOCALBUF 		PDP8_cpu__n022066/LUT4_L_BUF
LOCALBUF 		PDP8_panel__n0047<0>1224/LUT4_L_BUF
LOCALBUF 		PDP8_cpu__n02068/LUT4_L_BUF
LOCALBUF 		PDP8_cpu__n0262364/LUT4_L_BUF
LOCALBUF 		PDP8_cpu__n0230100/LUT4_L_BUF
LOCALBUF 		PDP8_cpu__n021327/LUT4_L_BUF
LOCALBUF 		PDP8_panel_Ker14821/LUT4_L_BUF
LOCALBUF 		PDP8_cpu__n021796/LUT4_L_BUF
LOCALBUF 		PDP8_panel__n0047<0>1209/LUT4_L_BUF
LOCALBUF 		PDP8_cpu_Ker52234/LUT4_D_BUF
LOCALBUF 		PDP8_panel_Ker11978/LUT3_L_BUF
LOCALBUF 		PDP8_panel__n0583<3>128/LUT3_L_BUF
LOCALBUF 		PDP8_cpu__n0259166/LUT4_L_BUF
LOCALBUF 		PDP8_cpu__n020671_SW1/LUT4_L_BUF
LOCALBUF 		PDP8_cpu__n0238<9>0/LUT3_L_BUF
LOCALBUF 		PDP8_cpu_Ker092/LUT4_L_BUF
LOCALBUF 		PDP8_panel__n0047<0>1162/LUT4_L_BUF
LOCALBUF 		PDP8_panel_Ker14864_SW0/LUT4_L_BUF
LOCALBUF 		PDP8_cpu__n027135/LUT3_L_BUF
LOCALBUF 		PDP8_panel_Ker11966_SW0/LUT4_L_BUF
LOCALBUF 		PDP8_cpu_Ker18268/LUT4_L_BUF
LOCALBUF 		PDP8_panel__n0047<0>1134/LUT4_L_BUF
LOCALBUF 		PDP8_cpu__n021363_SW1/LUT4_L_BUF
LOCALBUF 		PDP8_cpu__n0184349_G/LUT3_L_BUF
LOCALBUF 		PDP8_cpu__n0238<10>12/LUT3_L_BUF
LOCALBUF 		PDP8_panel_Ker11930_SW0/LUT4_L_BUF
LOCALBUF 		PDP8_panel_Ker90611_G/LUT4_L_BUF
LOCALBUF 		PDP8_cpu__n0258187_F/LUT4_L_BUF
LOCALBUF 		PDP8_cpu_Ker131_F/LUT4_L_BUF
LOCALBUF 		PDP8_cpu_R_etat_FFd3-In190_F/LUT4_L_BUF
LOCALBUF 		PDP8_cpu__n0492_F/LUT3_L_BUF
LOCALBUF 		PDP8_panel_Ker90295_F/LUT3_L_BUF
LOCALBUF 		PDP8_panel__n0586<2>_F/LUT4_L_BUF
LOCALBUF 		PDP8_panel_Ker17599_F/LUT3_L_BUF
LOCALBUF 		PDP8_cpu__n0181349_F/LUT4_L_BUF
LOCALBUF 		PDP8_cpu__n0060<2>28_F/LUT3_L_BUF
LOCALBUF 		PDP8_cpu__n0060<9>28_F/LUT3_L_BUF
LOCALBUF 		PDP8_cpu__n0060<4>28_F/LUT3_L_BUF
LOCALBUF 		PDP8_cpu_R_etat_FFd3-In376_SW0_F/LUT3_L_BUF
LOCALBUF 		PDP8_panel_Ker1474_F/LUT4_L_BUF
LOCALBUF 		PDP8_panel__n0047<0>391_F/LUT3_L_BUF
LOCALBUF 		PDP8_cpu_R_etat_FFd3-In131_F/LUT4_L_BUF
LOCALBUF 		PDP8_cpu__n020250_F/LUT4_L_BUF
LOCALBUF 		PDP8_panel__n0488176_SW0_F/LUT4_L_BUF
LOCALBUF 		PDP8_cpu__n0584_F/LUT4_L_BUF
LOCALBUF 		PDP8_cpu__n0230148_F/LUT3_L_BUF
LOCALBUF 		PDP8_cpu_Ker286_F/LUT4_L_BUF
LOCALBUF 		PDP8_panel_Ker147108_F/LUT4_L_BUF
LOCALBUF 		PDP8_cpu__n0060<0>28_F/LUT3_L_BUF
LOCALBUF 		PDP8_cpu__n0060<8>28_F/LUT3_L_BUF
LOCALBUF 		PDP8_cpu__n0060<1>28_F/LUT3_L_BUF
LOCALBUF 		PDP8_cpu__n0060<3>28_F/LUT3_L_BUF
LOCALBUF 		PDP8_cpu__n0060<10>28_F/LUT3_L_BUF
LOCALBUF 		PDP8_cpu__n0060<7>28_F/LUT3_L_BUF
LOCALBUF 		PDP8_cpu__n0060<6>28_F/LUT3_L_BUF
LOCALBUF 		PDP8_cpu__n0060<5>28_F/LUT3_L_BUF
LOCALBUF 		PDP8_panel_Ker118117_F/LUT4_L_BUF
LOCALBUF 		PDP8_panel__n0583<3>344_F/LUT4_L_BUF
LOCALBUF 		PDP8_panel_Ker54_F/LUT4_L_BUF
LOCALBUF 		PDP8_cpu_Ker587_F/LUT4_L_BUF
LOCALBUF 		PDP8_cpu__n0257406_F/LUT4_L_BUF
LOCALBUF 		PDP8_cpu__n0230426_SW0_F/LUT4_L_BUF
LOCALBUF 		PDP8_panel_Ker90497_SW0_F/LUT4_L_BUF
LOCALBUF 		PDP8_cpu_R_etat_FFd3-In251_F/LUT4_L_BUF
LOCALBUF 		PDP8_cpu__n0266318_F/LUT3_L_BUF
LOCALBUF 		PDP8_panel_Ker90973_F/LUT4_L_BUF
LOCALBUF 		PDP8_cpu__n0268346_F/LUT4_L_BUF
LOCALBUF 		PDP8_cpu__n0060<11>28_F/LUT3_L_BUF
LOCALBUF 		PDP8_cpu_R_etat_FFd3-In47_F/LUT3_L_BUF
LOCALBUF 		PDP8_panel_Ker90250_SW0_F/LUT4_L_BUF
LOCALBUF 		PDP8_panel_Ker901115_F/LUT4_L_BUF
LOCALBUF 		PDP8_panel_Ker521_F/LUT3_L_BUF
LOCALBUF 		PDP8_panel_Ker9032_F/LUT3_L_BUF
LOCALBUF 		PDP8_cpu__n0259318_F/LUT3_L_BUF
LOCALBUF 		PDP8_panel_Ker8822_F/LUT4_L_BUF
LOCALBUF 		PDP8_panel_Ker88127_F/LUT4_L_BUF
LOCALBUF 		PDP8_cpu__n0262318_F/LUT3_L_BUF
LOCALBUF 		PDP8_panel__n0047<0>771_F/LUT4_L_BUF
LOCALBUF 		PDP8_cpu__n0270350_F/LUT4_L_BUF
LOCALBUF 		PDP8_cpu__n0264340_F/LUT3_L_BUF
LOCALBUF 		PDP8_panel_Ker901174_F/LUT4_L_BUF
LOCALBUF 		PDP8_cpu__n0226342_F/LUT4_L_BUF
LOCALBUF 		PDP8_cpu__n0229312_F/LUT3_L_BUF
LOCALBUF 		PDP8_cpu__n0184349_F/LUT4_L_BUF
LOCALBUF 		PDP8_panel_Ker90611_F/LUT3_L_BUF
LOCALBUF 		PDP8_cpu__n0203125_1/LUT4_L_BUF
LOCALBUF 		PDP8_cpu__n020784_1/LUT4_L_BUF
LUT1 		PDP8_panel_sync_v_count_9_rt
LUT1 		PDP8_panel_sync_h_count_9_rt
INV 		PDP8_mem__n00101_INV_0
LUT1 		PDP8_cpu_PDP8cpu__n0274<11>_cyo_rt
LUT1 		PDP8_cpu_ma_0_rt
INV 		PDP8_console__n00391_INV_0
INV 		PDP8_console__n00531_INV_0
INV 		PDP8_console__n00531_INV_0_1
INV 		PDP8_console__n00651_INV_0
LUT1 		PDP8_cpu_EAEscnt_0_rt
INV 		PDP8_tty1__n00621_INV_0
LUT1 		PDP8_cpu_ma_3_rt2
LUT1 		PDP8_cpu_ma_3_rt1
LUT1 		PDP8_cpu_ma_3_rt
LUT1 		PDP8_cpu_mb_0_rt
INV 		PDP8_ptr_Pbusy1_INV_0
INV 		PDP8_ptr__n00881_INV_0
LUT1 		PDP8_cpu_pc_0_rt
LUT1 		PDP8_cpu_lac_0_rt1
LUT1 		PDP8_cpu_lac_0_rt
INV 		PDP8_tty1__n00381_INV_0
INV 		PDP8_xram_SRAMstate_Out41_INV_0
LUT1 		PDP8_panel_addrkeys_11_rt
LUT1 		PDP8_console_tticount_0_rt
LUT1 		PDP8_panel_sync_h_count_8_rt
LUT1 		PDP8_panel_sync_h_count_7_rt
LUT1 		PDP8_panel_sync_h_count_6_rt
LUT1 		PDP8_panel_sync_h_count_5_rt
LUT1 		PDP8_panel_sync_h_count_4_rt
LUT1 		PDP8_panel_addrkeys_3_rt
LUT1 		PDP8_cpu_pc_4_rt
LUT1 		PDP8_panel_sync_h_count_3_rt
LUT1 		PDP8_panel_sync_h_count_2_rt
LUT1 		PDP8_cpu_EAEscnt_2_rt
LUT1 		PDP8_cpu_lac_11_rt
LUT1 		PDP8_cpu_ma_7_rt
LUT1 		PDP8_cpu_ma_7_rt1
LUT1 		PDP8_cpu_ma_7_rt2
LUT1 		PDP8_cpu_ma_9_rt
LUT1 		PDP8_cpu_ma_9_rt1
LUT1 		PDP8_cpu_ma_10_rt
LUT1 		PDP8_cpu_ma_10_rt1
LUT1 		PDP8_cpu_lac_6_rt
LUT1 		PDP8_cpu_ma_8_rt
LUT1 		PDP8_cpu_ma_8_rt1
LUT1 		PDP8_cpu_lac_5_rt
LUT1 		PDP8_cpu_ma_2_rt
LUT1 		PDP8_cpu_pc_1_rt
LUT1 		PDP8_panel_sync_h_count_1_rt
LUT1 		PDP8_cpu_lac_2_rt
LUT1 		PDP8_console_tticount_16_rt
LUT1 		PDP8_panel_sync_v_count_8_rt
LUT1 		PDP8_panel_sync_v_count_6_rt
LUT1 		PDP8_panel_sync_v_count_3_rt
LUT1 		PDP8_console_tticount_3_rt
LUT1 		PDP8_console_tticount_2_rt
LUT1 		PDP8_cpu_mb_3_rt
LUT1 		PDP8_cpu_pc_9_rt
LUT1 		PDP8_console_tticount_17_rt
LUT1 		PDP8_cpu_mb_2_rt
LUT1 		PDP8_panel_addrkeys_4_rt
LUT1 		PDP8_panel_addrkeys_5_rt
LUT1 		PDP8_console_tticount_15_rt
LUT1 		PDP8_cpu_ma_1_rt
LUT1 		PDP8_cpu_ma_12_rt
LUT1 		PDP8_cpu_ma_12_rt1
LUT1 		PDP8_cpu_ma_6_rt
LUT1 		PDP8_cpu_ma_6_rt2
LUT1 		PDP8_cpu_ma_6_rt1
LUT1 		PDP8_console_tticount_4_rt
LUT1 		PDP8_cpu_lac_10_rt
LUT1 		PDP8_cpu_EAEscnt_1_rt
LUT1 		PDP8_cpu_ma_5_rt
LUT1 		PDP8_cpu_ma_5_rt2
LUT1 		PDP8_cpu_ma_5_rt1
LUT1 		PDP8_cpu_lac_8_rt
LUT1 		PDP8_cpu_ma_13_rt
LUT1 		PDP8_cpu_ma_13_rt1
LUT1 		PDP8_cpu_lac_7_rt
LUT1 		PDP8_cpu_lac_9_rt
LUT1 		PDP8_cpu_EAEscnt_3_rt
LUT1 		PDP8_cpu_ma_11_rt
LUT1 		PDP8_cpu_ma_11_rt1
LUT1 		PDP8_cpu_lac_4_rt
LUT1 		PDP8_cpu_ma_4_rt
LUT1 		PDP8_cpu_ma_4_rt1
LUT1 		PDP8_cpu_ma_4_rt2
LUT1 		PDP8_console_tticount_12_rt
LUT1 		PDP8_console_tticount_11_rt
LUT1 		PDP8_cpu_pc_7_rt
LUT1 		PDP8_panel_addrkeys_9_rt
LUT1 		PDP8_panel_sync_v_count_2_rt
LUT1 		PDP8_cpu_pc_8_rt
LUT1 		PDP8_panel_addrkeys_6_rt
LUT1 		PDP8_panel_sync_v_count_1_rt
LUT1 		PDP8_panel_addrkeys_7_rt
LUT1 		PDP8_cpu_pc_6_rt
LUT1 		PDP8_panel_addrkeys_8_rt
LUT1 		PDP8_console_tticount_6_rt
LUT1 		PDP8_cpu_pc_5_rt
LUT1 		PDP8_cpu_pc_3_rt
LUT1 		PDP8_cpu_pc_10_rt
LUT1 		PDP8_cpu_lac_1_rt
LUT1_L 		PDP8_cpu_lac_1_rt1
LOCALBUF 		PDP8_cpu_lac_1_rt1/LUT1_L_BUF
LUT1 		PDP8_panel_sync_v_count_7_rt
LUT1 		PDP8_console_tticount_8_rt
LUT1 		PDP8_console_tticount_7_rt
LUT1 		PDP8_panel_addrkeys_2_rt
LUT1 		PDP8_console_tticount_14_rt
LUT1 		PDP8_console_tticount_5_rt
LUT1 		PDP8_console_tticount_13_rt
LUT1 		PDP8_cpu_mb_1_rt
LUT1 		PDP8_panel_addrkeys_1_rt
LUT1 		PDP8_cpu_mb_5_rt2
LUT1 		PDP8_cpu_mb_5_rt
LUT1_L 		PDP8_cpu_mb_5_rt1
LOCALBUF 		PDP8_cpu_mb_5_rt1/LUT1_L_BUF
LUT1 		PDP8_console_tticount_1_rt
LUT1 		PDP8_cpu_lac_3_rt
LUT1 		PDP8_cpu_mb_7_rt
LUT1_L 		PDP8_cpu_mb_7_rt1
LOCALBUF 		PDP8_cpu_mb_7_rt1/LUT1_L_BUF
LUT1_L 		PDP8_cpu_mb_7_rt2
LOCALBUF 		PDP8_cpu_mb_7_rt2/LUT1_L_BUF
LUT1 		PDP8_cpu_mb_6_rt
LUT1_L 		PDP8_cpu_mb_6_rt1
LOCALBUF 		PDP8_cpu_mb_6_rt1/LUT1_L_BUF
LUT1_L 		PDP8_cpu_mb_6_rt2
LOCALBUF 		PDP8_cpu_mb_6_rt2/LUT1_L_BUF
LUT1 		PDP8_panel_addrkeys_10_rt
LUT1 		PDP8_console_tticount_9_rt
LUT1 		PDP8_panel_sync_v_count_4_rt
LUT1 		PDP8_cpu_pc_2_rt
LUT1 		PDP8_panel_sync_v_count_5_rt
LUT1 		PDP8_console_tticount_10_rt
LUT1_L 		PDP8_cpu_mq_7_rt
LOCALBUF 		PDP8_cpu_mq_7_rt/LUT1_L_BUF
LUT1_L 		PDP8_cpu_mq_5_rt
LOCALBUF 		PDP8_cpu_mq_5_rt/LUT1_L_BUF
LUT1_L 		PDP8_cpu_mb_4_rt
LOCALBUF 		PDP8_cpu_mb_4_rt/LUT1_L_BUF
LUT1_L 		PDP8_cpu_mb_9_rt2
LOCALBUF 		PDP8_cpu_mb_9_rt2/LUT1_L_BUF
LUT1_L 		PDP8_cpu_mb_9_rt
LOCALBUF 		PDP8_cpu_mb_9_rt/LUT1_L_BUF
LUT1_L 		PDP8_cpu_mb_9_rt1
LOCALBUF 		PDP8_cpu_mb_9_rt1/LUT1_L_BUF
LUT1_L 		PDP8_cpu_mb_10_rt
LOCALBUF 		PDP8_cpu_mb_10_rt/LUT1_L_BUF
LUT1_L 		PDP8_cpu_mb_10_rt2
LOCALBUF 		PDP8_cpu_mb_10_rt2/LUT1_L_BUF
LUT1_L 		PDP8_cpu_mb_10_rt1
LOCALBUF 		PDP8_cpu_mb_10_rt1/LUT1_L_BUF
LUT1_L 		PDP8_cpu_mq_9_rt
LOCALBUF 		PDP8_cpu_mq_9_rt/LUT1_L_BUF
LUT1_L 		PDP8_cpu_mq_2_rt
LOCALBUF 		PDP8_cpu_mq_2_rt/LUT1_L_BUF
LUT1_L 		PDP8_cpu_mq_4_rt
LOCALBUF 		PDP8_cpu_mq_4_rt/LUT1_L_BUF
LUT1_L 		PDP8_cpu_mq_3_rt
LOCALBUF 		PDP8_cpu_mq_3_rt/LUT1_L_BUF
LUT1_L 		PDP8_cpu_mq_6_rt
LOCALBUF 		PDP8_cpu_mq_6_rt/LUT1_L_BUF
LUT1_L 		PDP8_cpu_mq_10_rt
LOCALBUF 		PDP8_cpu_mq_10_rt/LUT1_L_BUF
LUT1_L 		PDP8_cpu_mb_8_rt
LOCALBUF 		PDP8_cpu_mb_8_rt/LUT1_L_BUF
LUT1_L 		PDP8_cpu_mb_8_rt2
LOCALBUF 		PDP8_cpu_mb_8_rt2/LUT1_L_BUF
LUT1_L 		PDP8_cpu_mb_8_rt1
LOCALBUF 		PDP8_cpu_mb_8_rt1/LUT1_L_BUF
LUT1_L 		PDP8_cpu_mq_0_rt
LOCALBUF 		PDP8_cpu_mq_0_rt/LUT1_L_BUF
LUT1_L 		PDP8_cpu_mq_1_rt
LOCALBUF 		PDP8_cpu_mq_1_rt/LUT1_L_BUF
LUT1_L 		PDP8_cpu_mq_8_rt
LOCALBUF 		PDP8_cpu_mq_8_rt/LUT1_L_BUF
LUT1_L 		PDP8_cpu_mq_11_rt
LOCALBUF 		PDP8_cpu_mq_11_rt/LUT1_L_BUF
LUT2 		PDP8_cpu_MEMaddr<7>LogicTrst1
LUT2 		PDP8_cpu_MEMaddr<5>LogicTrst1
LUT2 		PDP8_cpu_MEMaddr<11>LogicTrst1
LUT2 		PDP8_cpu_MEMaddr<8>LogicTrst1
LUT2 		PDP8_cpu_MEMaddr<13>LogicTrst1
LUT2 		PDP8_cpu_MEMaddr<12>LogicTrst1
LUT2 		PDP8_cpu_MEMaddr<6>LogicTrst1
LUT2 		PDP8_cpu_MEMaddr<9>LogicTrst1
LUT2 		PDP8_cpu_MEMaddr<14>LogicTrst1
LUT2 		PDP8_cpu_MEMaddr<10>LogicTrst1
LUT2 		PDP8_cpu_MEMaddr<2>LogicTrst1
LUT2 		PDP8_cpu_MEMaddr<1>LogicTrst1
LUT2 		PDP8_cpu_MEMaddr<0>LogicTrst1
LUT2_D 		PDP8_cpu_MEMaddr<4>LogicTrst1
LOCALBUF 		PDP8_cpu_MEMaddr<4>LogicTrst1/LUT2_D_BUF
LUT2_D 		PDP8_cpu_MEMaddr<3>LogicTrst1
LOCALBUF 		PDP8_cpu_MEMaddr<3>LogicTrst1/LUT2_D_BUF
LUT2 		PDP8_cpu_MEMwdata<4>LogicTrst1
LUT2 		PDP8_cpu_MEMwdata<7>LogicTrst1
LUT2 		PDP8_cpu_MEMwdata<5>LogicTrst1
LUT2 		PDP8_cpu_MEMwdata<6>LogicTrst1
LUT2 		PDP8_cpu_MEMwdata<11>LogicTrst1
LUT2 		PDP8_cpu_MEMwdata<10>LogicTrst1
LUT2 		PDP8_cpu_MEMwdata<1>LogicTrst1
LUT2 		PDP8_cpu_MEMwdata<9>LogicTrst1
LUT2 		PDP8_cpu_MEMwdata<8>LogicTrst1
LUT2 		PDP8_cpu_MEMwdata<3>LogicTrst1
LUT2 		PDP8_cpu_MEMwdata<2>LogicTrst1
LUT2 		PDP8_cpu_MEMwdata<0>LogicTrst1
LUT2_D 		PDP8_cpu_MEMwrLogicTrst1
LOCALBUF 		PDP8_cpu_MEMwrLogicTrst1/LUT2_D_BUF
LUT2 		PDP8_cpu_MEMrdLogicTrst1

Section 6 - IOB Properties
--------------------------

+------------------------------------------------------------------------------------------------------------------------+
| IOB Name                           | Type    | Direction | IO Standard | Drive    | Slew | Reg (s)  | Resistor | IOB   |
|                                    |         |           |             | Strength | Rate |          |          | Delay |
+------------------------------------------------------------------------------------------------------------------------+
| clkin                              | GCLKIOB | INPUT     | LVTTL       |          |      |          |          |       |
| BLEDS<0>                           | IOB     | OUTPUT    | LVTTL       | 12       | SLOW |          |          |       |
| BLEDS<1>                           | IOB     | OUTPUT    | LVTTL       | 12       | SLOW |          |          |       |
| BLEDS<2>                           | IOB     | OUTPUT    | LVTTL       | 12       | SLOW |          |          |       |
| BLEDS<3>                           | IOB     | OUTPUT    | LVTTL       | 12       | SLOW |          |          |       |
| BLEDS<4>                           | IOB     | OUTPUT    | LVTTL       | 12       | SLOW |          |          |       |
| BLEDS<5>                           | IOB     | OUTPUT    | LVTTL       | 12       | SLOW |          |          |       |
| BLEDS<6>                           | IOB     | OUTPUT    | LVTTL       | 12       | SLOW |          |          |       |
| BLEDS<7>                           | IOB     | OUTPUT    | LVTTL       | 12       | SLOW |          |          |       |
| BLEDS<8>                           | IOB     | OUTPUT    | LVTTL       | 12       | SLOW |          |          |       |
| BLEDS<9>                           | IOB     | OUTPUT    | LVTTL       | 12       | SLOW |          |          |       |
| BLEDS<10>                          | IOB     | OUTPUT    | LVTTL       | 12       | SLOW |          |          |       |
| BLEDS<11>                          | IOB     | OUTPUT    | LVTTL       | 12       | SLOW |          |          |       |
| BLEDS<12>                          | IOB     | OUTPUT    | LVTTL       | 12       | SLOW |          |          |       |
| BLEDS<13>                          | IOB     | OUTPUT    | LVTTL       | 12       | SLOW |          |          |       |
| BLEDS<14>                          | IOB     | OUTPUT    | LVTTL       | 12       | SLOW |          |          |       |
| BLEDS<15>                          | IOB     | OUTPUT    | LVTTL       | 12       | SLOW |          |          |       |
| DIP_SW1<1>                         | IOB     | INPUT     | LVTTL       |          |      |          |          |       |
| DIP_SW1<2>                         | IOB     | INPUT     | LVTTL       |          |      |          |          |       |
| DIP_SW1<3>                         | IOB     | INPUT     | LVTTL       |          |      |          |          |       |
| DIP_SW1<4>                         | IOB     | INPUT     | LVTTL       |          |      |          |          |       |
| DIP_SW1<5>                         | IOB     | INPUT     | LVTTL       |          |      |          |          |       |
| DIP_SW1<6>                         | IOB     | INPUT     | LVTTL       |          |      |          |          |       |
| DIP_SW1<7>                         | IOB     | INPUT     | LVTTL       |          |      |          |          |       |
| DIP_SW1<8>                         | IOB     | INPUT     | LVTTL       |          |      |          |          |       |
| PPbusy                             | IOB     | OUTPUT    | LVTTL       | 12       | SLOW |          |          |       |
| PPdata<0>                          | IOB     | INPUT     | LVTTL       |          |      | INFF     |          |       |
| PPdata<1>                          | IOB     | INPUT     | LVTTL       |          |      | INFF     |          |       |
| PPdata<2>                          | IOB     | INPUT     | LVTTL       |          |      | INFF     |          |       |
| PPdata<3>                          | IOB     | INPUT     | LVTTL       |          |      | INFF     |          |       |
| PPdata<4>                          | IOB     | INPUT     | LVTTL       |          |      | INFF     |          |       |
| PPdata<5>                          | IOB     | INPUT     | LVTTL       |          |      | INFF     |          |       |
| PPdata<6>                          | IOB     | INPUT     | LVTTL       |          |      | INFF     |          |       |
| PPdata<7>                          | IOB     | INPUT     | LVTTL       |          |      | INFF     |          |       |
| PPstrobe                           | IOB     | INPUT     | LVTTL       |          |      |          |          |       |
| PS2KBclk                           | IOB     | INPUT     | LVTTL       |          |      | INFF     |          |       |
| PS2KBdata                          | IOB     | INPUT     | LVTTL       |          |      |          |          |       |
| RS232RxD                           | IOB     | INPUT     | LVTTL       |          |      |          |          |       |
| RS232TxD                           | IOB     | OUTPUT    | LVTTL       | 12       | SLOW | OUTFF    |          |       |
| SRAMaddress<0>                     | IOB     | OUTPUT    | LVTTL       | 12       | SLOW |          |          |       |
| SRAMaddress<1>                     | IOB     | OUTPUT    | LVTTL       | 12       | SLOW |          |          |       |
| SRAMaddress<2>                     | IOB     | OUTPUT    | LVTTL       | 12       | SLOW |          |          |       |
| SRAMaddress<3>                     | IOB     | OUTPUT    | LVTTL       | 12       | SLOW |          |          |       |
| SRAMaddress<4>                     | IOB     | OUTPUT    | LVTTL       | 12       | SLOW |          |          |       |
| SRAMaddress<5>                     | IOB     | OUTPUT    | LVTTL       | 12       | SLOW |          |          |       |
| SRAMaddress<6>                     | IOB     | OUTPUT    | LVTTL       | 12       | SLOW |          |          |       |
| SRAMaddress<7>                     | IOB     | OUTPUT    | LVTTL       | 12       | SLOW |          |          |       |
| SRAMaddress<8>                     | IOB     | OUTPUT    | LVTTL       | 12       | SLOW |          |          |       |
| SRAMaddress<9>                     | IOB     | OUTPUT    | LVTTL       | 12       | SLOW |          |          |       |
| SRAMaddress<10>                    | IOB     | OUTPUT    | LVTTL       | 12       | SLOW |          |          |       |
| SRAMaddress<11>                    | IOB     | OUTPUT    | LVTTL       | 12       | SLOW |          |          |       |
| SRAMaddress<12>                    | IOB     | OUTPUT    | LVTTL       | 12       | SLOW |          |          |       |
| SRAMaddress<13>                    | IOB     | OUTPUT    | LVTTL       | 12       | SLOW |          |          |       |
| SRAMaddress<14>                    | IOB     | OUTPUT    | LVTTL       | 12       | SLOW |          |          |       |
| SRAMaddress<15>                    | IOB     | OUTPUT    | LVTTL       | 12       | SLOW |          |          |       |
| SRAMaddress<16>                    | IOB     | OUTPUT    | LVTTL       | 12       | SLOW |          |          |       |
| SRAMce                             | IOB     | OUTPUT    | LVTTL       | 12       | SLOW |          |          |       |
| SRAMdata<0>                        | IOB     | BIDIR     | LVTTL       | 12       | SLOW | OUTFF    |          |       |
| SRAMdata<1>                        | IOB     | BIDIR     | LVTTL       | 12       | SLOW | OUTFF    |          |       |
| SRAMdata<2>                        | IOB     | BIDIR     | LVTTL       | 12       | SLOW | OUTFF    |          |       |
| SRAMdata<3>                        | IOB     | BIDIR     | LVTTL       | 12       | SLOW | OUTFF    |          |       |
| SRAMdata<4>                        | IOB     | BIDIR     | LVTTL       | 12       | SLOW | OUTFF    |          |       |
| SRAMdata<5>                        | IOB     | BIDIR     | LVTTL       | 12       | SLOW | OUTFF    |          |       |
| SRAMdata<6>                        | IOB     | BIDIR     | LVTTL       | 12       | SLOW | OUTFF    |          |       |
| SRAMdata<7>                        | IOB     | BIDIR     | LVTTL       | 12       | SLOW | OUTFF    |          |       |
| SRAMdata<8>                        | IOB     | BIDIR     | LVTTL       | 12       | SLOW | OUTFF    |          |       |
| SRAMdata<9>                        | IOB     | BIDIR     | LVTTL       | 12       | SLOW | OUTFF    |          |       |
| SRAMdata<10>                       | IOB     | BIDIR     | LVTTL       | 12       | SLOW | OUTFF    |          |       |
| SRAMdata<11>                       | IOB     | BIDIR     | LVTTL       | 12       | SLOW | OUTFF    |          |       |
| SRAMdata<12>                       | IOB     | OUTPUT    | LVTTL       | 12       | SLOW |          |          |       |
| SRAMdata<13>                       | IOB     | OUTPUT    | LVTTL       | 12       | SLOW |          |          |       |
| SRAMdata<14>                       | IOB     | OUTPUT    | LVTTL       | 12       | SLOW |          |          |       |
| SRAMdata<15>                       | IOB     | OUTPUT    | LVTTL       | 12       | SLOW |          |          |       |
| SRAMwel                            | IOB     | OUTPUT    | LVTTL       | 12       | SLOW |          |          |       |
| SRAMweu                            | IOB     | OUTPUT    | LVTTL       | 12       | SLOW |          |          |       |
| VGAblue0                           | IOB     | OUTPUT    | LVTTL       | 12       | SLOW |          |          |       |
| VGAblue1                           | IOB     | OUTPUT    | LVTTL       | 12       | SLOW |          |          |       |
| VGAgreen0                          | IOB     | OUTPUT    | LVTTL       | 12       | SLOW |          |          |       |
| VGAgreen1                          | IOB     | OUTPUT    | LVTTL       | 12       | SLOW |          |          |       |
| VGAhsync                           | IOB     | OUTPUT    | LVTTL       | 12       | SLOW |          |          |       |
| VGAred0                            | IOB     | OUTPUT    | LVTTL       | 12       | SLOW |          |          |       |
| VGAred1                            | IOB     | OUTPUT    | LVTTL       | 12       | SLOW |          |          |       |
| VGAvsync                           | IOB     | OUTPUT    | LVTTL       | 12       | SLOW |          |          |       |
| led                                | IOB     | OUTPUT    | LVTTL       | 12       | SLOW |          |          |       |
| pbutton                            | IOB     | INPUT     | LVTTL       |          |      |          |          |       |
+------------------------------------------------------------------------------------------------------------------------+

Section 7 - RPMs
----------------

Section 8 - Guide Report
------------------------
Guide not run on this design.

Section 9 - Area Group Summary
------------------------------
No area groups were found in this design.

Section 10 - Modular Design Summary
-----------------------------------
Modular Design not used for this design.

Section 11 - Timing Report
--------------------------
This design was not run using timing mode.

Section 12 - Configuration String Details
-----------------------------------------
DLL "clks_clkdll_1": Configuration String is:
   "DIVIDE_ATTR:2 DUTY_ATTR:TRUE JF_ZD1_ATTR:0XC0 JF_ZD2_ATTR:0X80 RSTMUX:0"

GCLK "clks_clk0_bufg_1": Configuration String is:
   "CEMUX:1 DISABLE_ATTR:LOW"

GCLK "clks_clkdv_bufg_1": Configuration String is:
   "CEMUX:1 DISABLE_ATTR:LOW"

BLOCKRAM "PDP8_mem_ROM": Configuration String is:
   " CLKAMUX:1 ENAMUX:ENA RSTAMUX:0 WEAMUX:WEA  PORTA_ATTR:256X16
PORTB_ATTR:#OFF"
   INIT_0f = 0000000000000000000000000000000000000000000000000000000000000000
   INIT_0e = 0000000000000000000000000000000000000000000000000000000000000000
   INIT_0d = 0000000000000000000000000000000000000000000000000000000000000000
   INIT_0c = 0000000000000000000000000000000000000000000000000000000000000000
   INIT_0b = 0000000000000000000000000000000000000000000000000000000000000000
   INIT_0a = 0000000000000000000000000000000000000000000000000000000000000000
   INIT_09 = 0000000000000000000000000000000000000000000000000000000000000000
   INIT_08 = 0000000000000000000000000000000000000000000000000000000000000000
   INIT_07 = 0000000000000000000000000000000000000000000000000000000000000000
   INIT_06 = 0000000000000000000000000000000000000000000000000000000000000000
   INIT_05 = 0000000000000000000000000000000000000000000000000000000000000000
   INIT_04 = 0000000000000000000000000000000000000000000000000000000000000000
   INIT_03 = 000000000AEF06FE07FE0F100C0E0AF70C090E060AFC0F480E060E460C0E0AEF
   INIT_02 = 0C090C0C00000000000000000000000000000000000000000AE00AE104E40E01
   INIT_01 = 00000000000000000BD004D00AD504DD0AD504DE0E0002DC06DD03D006DC0000
   INIT_00 = 00000AC30AC90F100E040FC008D00E060AC30F100E080FC008D00E500F280F84

BLOCKRAM "PDP8_mem_RAM00": Configuration String is:
   " CLKAMUX:1 ENAMUX:ENA RSTAMUX:0 WEAMUX:WEA  PORTA_ATTR:1024X4
PORTB_ATTR:#OFF"
   INIT_0f = 0000000000000000000000000000000000000000000000000000000000000000
   INIT_0e = 0000000000000000000000000000000000000000000000000000000000000000
   INIT_0d = 0000000000000000000000000000000000000000000000000000000000000000
   INIT_0c = 0000000000000000000000000000000000000000000000000000000000000000
   INIT_0b = 0000000000000000000000000000000000000000000000000000000000000000
   INIT_0a = 0000000000000000000000000000000000000000000000000000000000000000
   INIT_09 = 0000000000000000000000000000000000000000000000000000000000000000
   INIT_08 = 0000000000000000000000000000000000000000000000000000000000000000
   INIT_07 = 0000000000000000000000000000000000000000000000000000000000000000
   INIT_06 = 0000000000000000000000000000000000000000000000000000000000000000
   INIT_05 = 0000000000000000000000000000000000000000000000000000000000000000
   INIT_04 = 0000000000000000000000000000000000000000000000000000000000000000
   INIT_03 = 0000000000000000000000000000000000000000000000000000000000000000
   INIT_02 = 0000000000000000000000000000000000000000000000000000000000000000
   INIT_01 = 0000000000000000000000000000000000000000000000000000000000000000
   INIT_00 = 00000000000000000000000000000000000000000000000000000000000000FB

BLOCKRAM "PDP8_mem_RAM01": Configuration String is:
   " CLKAMUX:1 ENAMUX:ENA RSTAMUX:0 WEAMUX:WEA  PORTA_ATTR:1024X4
PORTB_ATTR:#OFF"
   INIT_0f = 0000000000000000000000000000000000000000000000000000000000000000
   INIT_0e = 0000000000000000000000000000000000000000000000000000000000000000
   INIT_0d = 0000000000000000000000000000000000000000000000000000000000000000
   INIT_0c = 0000000000000000000000000000000000000000000000000000000000000000
   INIT_0b = 0000000000000000000000000000000000000000000000000000000000000000
   INIT_0a = 0000000000000000000000000000000000000000000000000000000000000000
   INIT_09 = 0000000000000000000000000000000000000000000000000000000000000000
   INIT_08 = 0000000000000000000000000000000000000000000000000000000000000000
   INIT_07 = 0000000000000000000000000000000000000000000000000000000000000000
   INIT_06 = 0000000000000000000000000000000000000000000000000000000000000000
   INIT_05 = 0000000000000000000000000000000000000000000000000000000000000000
   INIT_04 = 0000000000000000000000000000000000000000000000000000000000000000
   INIT_03 = 0000000000000000000000000000000000000000000000000000000000000000
   INIT_02 = 0000000000000000000000000000000000000000000000000000000000000000
   INIT_01 = 0000000000000000000000000000000000000000000000000000000000000000
   INIT_00 = 00000000000000000000000000000000000000000000000000000000000000C0

BLOCKRAM "PDP8_mem_RAM10": Configuration String is:
   " CLKAMUX:1 ENAMUX:ENA RSTAMUX:0 WEAMUX:WEA  PORTA_ATTR:1024X4
PORTB_ATTR:#OFF"
   INIT_0f = 0000000000000000000000000000000000000000000000000000000000000000
   INIT_0e = 0000000000000000000000000000000000000000000000000000000000000000
   INIT_0d = 0000000000000000000000000000000000000000000000000000000000000000
   INIT_0c = 0000000000000000000000000000000000000000000000000000000000000000
   INIT_0b = 0000000000000000000000000000000000000000000000000000000000000000
   INIT_0a = 0000000000000000000000000000000000000000000000000000000000000000
   INIT_09 = 0000000000000000000000000000000000000000000000000000000000000000
   INIT_08 = 0000000000000000000000000000000000000000000000000000000000000000
   INIT_07 = 0000000000000000000000000000000000000000000000000000000000000000
   INIT_06 = 0000000000000000000000000000000000000000000000000000000000000000
   INIT_05 = 0000000000000000000000000000000000000000000000000000000000000000
   INIT_04 = 0000000000000000000000000000000000000000000000000000000000000000
   INIT_03 = 0000000000000000000000000000000000000000000000000000000000000000
   INIT_02 = 0000000000000000000000000000000000000000000000000000000000000000
   INIT_01 = 0000000000000000000000000000000000000000000000000000000000000000
   INIT_00 = 000000000000000000000000000000000000000000000000000000000000AA4E

BLOCKRAM "PDP8_mem_RAM02": Configuration String is:
   " CLKAMUX:1 ENAMUX:ENA RSTAMUX:0 WEAMUX:WEA  PORTA_ATTR:1024X4
PORTB_ATTR:#OFF"
   INIT_0f = 0000000000000000000000000000000000000000000000000000000000000000
   INIT_0e = 0000000000000000000000000000000000000000000000000000000000000000
   INIT_0d = 0000000000000000000000000000000000000000000000000000000000000000
   INIT_0c = 0000000000000000000000000000000000000000000000000000000000000000
   INIT_0b = 0000000000000000000000000000000000000000000000000000000000000000
   INIT_0a = 0000000000000000000000000000000000000000000000000000000000000000
   INIT_09 = 0000000000000000000000000000000000000000000000000000000000000000
   INIT_08 = 0000000000000000000000000000000000000000000000000000000000000000
   INIT_07 = 0000000000000000000000000000000000000000000000000000000000000000
   INIT_06 = 0000000000000000000000000000000000000000000000000000000000000000
   INIT_05 = 0000000000000000000000000000000000000000000000000000000000000000
   INIT_04 = 0000000000000000000000000000000000000000000000000000000000000000
   INIT_03 = 0000000000000000000000000000000000000000000000000000000000000000
   INIT_02 = 0000000000000000000000000000000000000000000000000000000000000000
   INIT_01 = 0000000000000000000000000000000000000000000000000000000000000000
   INIT_00 = 0000000000000000000000000000000000000000000000000000000000000001

BLOCKRAM "PDP8_mem_RAM11": Configuration String is:
   " CLKAMUX:1 ENAMUX:ENA RSTAMUX:0 WEAMUX:WEA  PORTA_ATTR:1024X4
PORTB_ATTR:#OFF"
   INIT_0f = 0000000000000000000000000000000000000000000000000000000000000000
   INIT_0e = 0000000000000000000000000000000000000000000000000000000000000000
   INIT_0d = 0000000000000000000000000000000000000000000000000000000000000000
   INIT_0c = 0000000000000000000000000000000000000000000000000000000000000000
   INIT_0b = 0000000000000000000000000000000000000000000000000000000000000000
   INIT_0a = 0000000000000000000000000000000000000000000000000000000000000000
   INIT_09 = 0000000000000000000000000000000000000000000000000000000000000000
   INIT_08 = 0000000000000000000000000000000000000000000000000000000000000000
   INIT_07 = 0000000000000000000000000000000000000000000000000000000000000000
   INIT_06 = 0000000000000000000000000000000000000000000000000000000000000000
   INIT_05 = 0000000000000000000000000000000000000000000000000000000000000000
   INIT_04 = 0000000000000000000000000000000000000000000000000000000000000000
   INIT_03 = 0000000000000000000000000000000000000000000000000000000000000000
   INIT_02 = 0000000000000000000000000000000000000000000000000000000000000000
   INIT_01 = 0000000000000000000000000000000000000000000000000000000000000000
   INIT_00 = 0000000000000000000000000000000000000000000000000000000000000040

BLOCKRAM "PDP8_mem_RAM20": Configuration String is:
   " CLKAMUX:1 ENAMUX:ENA RSTAMUX:0 WEAMUX:WEA  PORTA_ATTR:1024X4
PORTB_ATTR:#OFF"
   INIT_0f = 0000000000000000000000000000000000000000000000000000000000000000
   INIT_0e = 0000000000000000000000000000000000000000000000000000000000000000
   INIT_0d = 0000000000000000000000000000000000000000000000000000000000000000
   INIT_0c = 0000000000000000000000000000000000000000000000000000000000000000
   INIT_0b = 0000000000000000000000000000000000000000000000000000000000000000
   INIT_0a = 0000000000000000000000000000000000000000000000000000000000000000
   INIT_09 = 0000000000000000000000000000000000000000000000000000000000000000
   INIT_08 = 0000000000000000000000000000000000000000000000000000000000000000
   INIT_07 = 0000000000000000000000000000000000000000000000000000000000000000
   INIT_06 = 0000000000000000000000000000000000000000000000000000000000000000
   INIT_05 = 0000000000000000000000000000000000000000000000000000000000000000
   INIT_04 = 0000000000000000000000000000000000000000000000000000000000000000
   INIT_03 = 0000000000000000000000000000000000000000000000000000000000000000
   INIT_02 = 0000000000000000000000000000000000000000000000000000000000000000
   INIT_01 = 0000000000000000000000000000000000000000000000000000000000000000
   INIT_00 = 000000000000000000000000000000000000000000000000000000000000AA4E

BLOCKRAM "PDP8_mem_RAM12": Configuration String is:
   " CLKAMUX:1 ENAMUX:ENA RSTAMUX:0 WEAMUX:WEA  PORTA_ATTR:1024X4
PORTB_ATTR:#OFF"
   INIT_0f = 0000000000000000000000000000000000000000000000000000000000000000
   INIT_0e = 0000000000000000000000000000000000000000000000000000000000000000
   INIT_0d = 0000000000000000000000000000000000000000000000000000000000000000
   INIT_0c = 0000000000000000000000000000000000000000000000000000000000000000
   INIT_0b = 0000000000000000000000000000000000000000000000000000000000000000
   INIT_0a = 0000000000000000000000000000000000000000000000000000000000000000
   INIT_09 = 0000000000000000000000000000000000000000000000000000000000000000
   INIT_08 = 0000000000000000000000000000000000000000000000000000000000000000
   INIT_07 = 0000000000000000000000000000000000000000000000000000000000000000
   INIT_06 = 0000000000000000000000000000000000000000000000000000000000000000
   INIT_05 = 0000000000000000000000000000000000000000000000000000000000000000
   INIT_04 = 0000000000000000000000000000000000000000000000000000000000000000
   INIT_03 = 0000000000000000000000000000000000000000000000000000000000000000
   INIT_02 = 0000000000000000000000000000000000000000000000000000000000000000
   INIT_01 = 0000000000000000000000000000000000000000000000000000000000000000
   INIT_00 = 0000000000000000000000000000000000000000000000000000000000000111

BLOCKRAM "PDP8_mem_RAM21": Configuration String is:
   " CLKAMUX:1 ENAMUX:ENA RSTAMUX:0 WEAMUX:WEA  PORTA_ATTR:1024X4
PORTB_ATTR:#OFF"
   INIT_0f = 0000000000000000000000000000000000000000000000000000000000000000
   INIT_0e = 0000000000000000000000000000000000000000000000000000000000000000
   INIT_0d = 0000000000000000000000000000000000000000000000000000000000000000
   INIT_0c = 0000000000000000000000000000000000000000000000000000000000000000
   INIT_0b = 0000000000000000000000000000000000000000000000000000000000000000
   INIT_0a = 0000000000000000000000000000000000000000000000000000000000000000
   INIT_09 = 0000000000000000000000000000000000000000000000000000000000000000
   INIT_08 = 0000000000000000000000000000000000000000000000000000000000000000
   INIT_07 = 0000000000000000000000000000000000000000000000000000000000000000
   INIT_06 = 0000000000000000000000000000000000000000000000000000000000000000
   INIT_05 = 0000000000000000000000000000000000000000000000000000000000000000
   INIT_04 = 0000000000000000000000000000000000000000000000000000000000000000
   INIT_03 = 0000000000000000000000000000000000000000000000000000000000000000
   INIT_02 = 0000000000000000000000000000000000000000000000000000000000000000
   INIT_01 = 0000000000000000000000000000000000000000000000000000000000000000
   INIT_00 = 0000000000000000000000000000000000000000000000000000000000000040

BLOCKRAM "PDP8_mem_RAM30": Configuration String is:
   " CLKAMUX:1 ENAMUX:ENA RSTAMUX:0 WEAMUX:WEA  PORTA_ATTR:1024X4
PORTB_ATTR:#OFF"
   INIT_0f = 0000000000000000000000000000000000000000000000000000000000000000
   INIT_0e = 0000000000000000000000000000000000000000000000000000000000000000
   INIT_0d = 0000000000000000000000000000000000000000000000000000000000000000
   INIT_0c = 0000000000000000000000000000000000000000000000000000000000000000
   INIT_0b = 0000000000000000000000000000000000000000000000000000000000000000
   INIT_0a = 0000000000000000000000000000000000000000000000000000000000000000
   INIT_09 = 0000000000000000000000000000000000000000000000000000000000000000
   INIT_08 = 0000000000000000000000000000000000000000000000000000000000000000
   INIT_07 = 0000000000000000000000000000000000000000000000000000000000000000
   INIT_06 = 0000000000000000000000000000000000000000000000000000000000000000
   INIT_05 = 0000000000000000000000000000000000000000000000000000000000000000
   INIT_04 = 0000000000000000000000000000000000000000000000000000000000000000
   INIT_03 = 0000000000000000000000000000000000000000000000000000000000000000
   INIT_02 = 0000000000000000000000000000000000000000000000000000000000000000
   INIT_01 = 0000000000000000000000000000000000000000000000000000000000000000
   INIT_00 = 000000000000000000000000000000000000000000000000000000000000AA4E

BLOCKRAM "PDP8_mem_RAM22": Configuration String is:
   " CLKAMUX:1 ENAMUX:ENA RSTAMUX:0 WEAMUX:WEA  PORTA_ATTR:1024X4
PORTB_ATTR:#OFF"
   INIT_0f = 0000000000000000000000000000000000000000000000000000000000000000
   INIT_0e = 0000000000000000000000000000000000000000000000000000000000000000
   INIT_0d = 0000000000000000000000000000000000000000000000000000000000000000
   INIT_0c = 0000000000000000000000000000000000000000000000000000000000000000
   INIT_0b = 0000000000000000000000000000000000000000000000000000000000000000
   INIT_0a = 0000000000000000000000000000000000000000000000000000000000000000
   INIT_09 = 0000000000000000000000000000000000000000000000000000000000000000
   INIT_08 = 0000000000000000000000000000000000000000000000000000000000000000
   INIT_07 = 0000000000000000000000000000000000000000000000000000000000000000
   INIT_06 = 0000000000000000000000000000000000000000000000000000000000000000
   INIT_05 = 0000000000000000000000000000000000000000000000000000000000000000
   INIT_04 = 0000000000000000000000000000000000000000000000000000000000000000
   INIT_03 = 0000000000000000000000000000000000000000000000000000000000000000
   INIT_02 = 0000000000000000000000000000000000000000000000000000000000000000
   INIT_01 = 0000000000000000000000000000000000000000000000000000000000000000
   INIT_00 = 0000000000000000000000000000000000000000000000000000000000000111

BLOCKRAM "PDP8_panel_cgen_RAM0": Configuration String is:
   " CLKAMUX:1 ENAMUX:ENA RSTAMUX:0 WEAMUX:0  PORTA_ATTR:512X8 PORTB_ATTR:#OFF"
   INIT_0f = 0000000000000000000000000000000000000000000000000000000000000000
   INIT_0e = 3C7E7E7E7E3C00000000001818000000003C7E7E7E7E000000000000007E0000
   INIT_0d = 63636363000000000303030300000000181818FF000000001818000018180000
   INIT_0c = 008080FF0000000000000000000000003E02023E22223E003E22223E22223E00
   INIT_0b = 2020202020203E003E22223E02023E003E20203E02023E002020203E22222200
   INIT_0a = 3E20203E20203E003E02023E20203E0020202020202020003E22222222223E00
   INIT_09 = 0000007E0000000002060C183060400018180000000000000000000000000000
   INIT_08 = 7E060C1830607E001818183C3C66660066663C183C66660042667E7E66666600
   INIT_07 = 18183C3C666666003C666666666666001818181818187E003C62603C06463C00
   INIT_06 = 66361E3E66663E005C36766666663C000606063E66663E003C66666666663C00
   INIT_05 = 6676766E6E6E66006666667E7E6642007E060606060606006666361E1E366600
   INIT_04 = 0C1A181818187E003C18181818183C006666667E666666003C66667606663C00
   INIT_03 = 0606063E06067E007E06063E06067E003E66666666663E003C66060606663C00
   INIT_02 = 3E66663E66663E006666667E66663C003C66607C66663C003C66663C66663C00
   INIT_01 = 1818181830667E003C66663E06663C003C6660603E067E0060607E6668706000
   INIT_00 = 3C66607860663C007E060C3060663C007E1818181C1818003C66666666663C00

BLOCKRAM "PDP8_mem_RAM31": Configuration String is:
   " CLKAMUX:1 ENAMUX:ENA RSTAMUX:0 WEAMUX:WEA  PORTA_ATTR:1024X4
PORTB_ATTR:#OFF"
   INIT_0f = 0000000000000000000000000000000000000000000000000000000000000000
   INIT_0e = 0000000000000000000000000000000000000000000000000000000000000000
   INIT_0d = 0000000000000000000000000000000000000000000000000000000000000000
   INIT_0c = 0000000000000000000000000000000000000000000000000000000000000000
   INIT_0b = 0000000000000000000000000000000000000000000000000000000000000000
   INIT_0a = 0000000000000000000000000000000000000000000000000000000000000000
   INIT_09 = 0000000000000000000000000000000000000000000000000000000000000000
   INIT_08 = 0000000000000000000000000000000000000000000000000000000000000000
   INIT_07 = 0000000000000000000000000000000000000000000000000000000000000000
   INIT_06 = 0000000000000000000000000000000000000000000000000000000000000000
   INIT_05 = 0000000000000000000000000000000000000000000000000000000000000000
   INIT_04 = 0000000000000000000000000000000000000000000000000000000000000000
   INIT_03 = 0000000000000000000000000000000000000000000000000000000000000000
   INIT_02 = 0000000000000000000000000000000000000000000000000000000000000000
   INIT_01 = 0000000000000000000000000000000000000000000000000000000000000000
   INIT_00 = 0000000000000000000000000000000000000000000000000000000000000040

BLOCKRAM "PDP8_mem_RAM32": Configuration String is:
   " CLKAMUX:1 ENAMUX:ENA RSTAMUX:0 WEAMUX:WEA  PORTA_ATTR:1024X4
PORTB_ATTR:#OFF"
   INIT_0f = 0000000000000000000000000000000000000000000000000000000000000000
   INIT_0e = 0000000000000000000000000000000000000000000000000000000000000000
   INIT_0d = 0000000000000000000000000000000000000000000000000000000000000000
   INIT_0c = 0000000000000000000000000000000000000000000000000000000000000000
   INIT_0b = 0000000000000000000000000000000000000000000000000000000000000000
   INIT_0a = 0000000000000000000000000000000000000000000000000000000000000000
   INIT_09 = 0000000000000000000000000000000000000000000000000000000000000000
   INIT_08 = 0000000000000000000000000000000000000000000000000000000000000000
   INIT_07 = 0000000000000000000000000000000000000000000000000000000000000000
   INIT_06 = 0000000000000000000000000000000000000000000000000000000000000000
   INIT_05 = 0000000000000000000000000000000000000000000000000000000000000000
   INIT_04 = 0000000000000000000000000000000000000000000000000000000000000000
   INIT_03 = 0000000000000000000000000000000000000000000000000000000000000000
   INIT_02 = 0000000000000000000000000000000000000000000000000000000000000000
   INIT_01 = 0000000000000000000000000000000000000000000000000000000000000000
   INIT_00 = 0000000000000000000000000000000000000000000000000000000000000111


Section 13 - Additional Device Resource Counts
----------------------------------------------
Number of JTAG Gates for IOBs = 85
Number of Equivalent Gates for Design = 261,757
Number of RPM Macros = 0
Number of Hard Macros = 0
PCI IOBs = 0
PCI LOGICs = 0
CAPTUREs = 0
BSCANs = 0
STARTUPs = 0
DLLs = 1
GCLKIOBs = 1
GCLKs = 2
Block RAMs = 14
TBUFs = 0
Total Registers (Flops & Latches in Slices & IOBs) not driven by LUTs = 292
IOB Latches not driven by LUTs = 0
IOB Latches = 0
IOB Flip Flops not driven by LUTs = 22
IOB Flip Flops = 22
Unbonded IOBs = 0
Bonded IOBs = 84
XORs = 311
CARRY_INITs = 184
CARRY_SKIPs = 0
CARRY_MUXes = 336
Shift Registers = 0
Static Shift Registers = 0
Dynamic Shift Registers = 0
16x1 ROMs = 0
16x1 RAMs = 0
32x1 RAMs = 0
Dual Port RAMs = 0
MULT_ANDs = 0
MUXF5s + MUXF6s = 100
4 input LUTs used as Route-Thrus = 146
4 input LUTs = 2894
Slice Latches not driven by LUTs = 0
Slice Latches = 0
Slice Flip Flops not driven by LUTs = 270
Slice Flip Flops = 694
Slices = 1663
F6 Muxes = 1
F5 Muxes = 99
Number of LUT signals with 4 loads = 38
Number of LUT signals with 3 loads = 105
Number of LUT signals with 2 loads = 354
Number of LUT signals with 1 load = 2176
NGM Average fanout of LUT = 2.05
NGM Maximum fanout of LUT = 68
NGM Average fanin for LUT = 3.5169
Number of LUT symbols = 2894
Number of LUTs replicated during cover = 20
