~/Verilog/bin/topld.pl M850X
warning: making ctsrts/ma05_1/ a connector
info: 1n3606 ne 1n4148do35_10
warning: making d1/1n3606/ a connector
info: 1n3606 ne 1n4148do35_10
warning: making d10/1n3606/ a connector
info: 1n3606 ne 1n4148do35_10
warning: making d11/1n3606/ a connector
info: 1n3606 ne 1n4148do35_10
warning: making d2/1n3606/ a connector
info: 1n3606 ne 1n4148do35_10
warning: making d3/1n3606/ a connector
info: 1n753 ne zener_diodedo35z10
warning: making d4/1n753/ a connector
info: 1n3606 ne 1n4148do35_10
warning: making d5/1n3606/ a connector
info: 1n3606 ne 1n4148do35_10
warning: making d6/1n3606/ a connector
info: 1n3606 ne 1n4148do35_10
warning: making d7/1n3606/ a connector
info: 1n3606 ne 1n4148do35_10
warning: making d8/1n3606/ a connector
info: 1n3606 ne 1n4148do35_10
warning: making d9/1n3606/ a connector
warning: making dtrdcr/ma05_1/ a connector
info: edge_1 ne edge_con1
warning: making edge/edge_1/ a connector
info: 10hs ne 10h
warning: making pl1/10hs/ a connector
warning: making pl2/26h/ a connector
info: 6534b ne _pnp_to92/
warning: making q1/6534b/ a connector
info: 6534b ne _pnp_to92/
warning: making q2/6534b/ a connector
info: 3009b ne _npn_to18_
warning: making q3/3009b/ a connector
info: 6534b ne _pnp_to92/
warning: making q4/6534b/ a connector
info: 6534b ne _pnp_to92/
warning: making q5/6534b/ a connector
info: 6534b ne _pnp_to92/
warning: making q6/6534b/ a connector
info: 3009b ne _npn_to18_
warning: making q7/3009b/ a connector
info: 6534b ne _pnp_to92/
warning: making q8/6534b/ a connector
warning: making txrx/ma05_1/ a connector
warning: non-bypass capacitor deleted: c1
warning: non-pullup resistor deleted: r1
warning: non-pullup resistor deleted: r3
warning: non-pullup resistor deleted: r4
warning: non-pullup resistor deleted: r5
warning: non-pullup resistor deleted: r6
warning: non-pullup resistor deleted: r7
warning: non-pullup resistor deleted: r8
warning: non-pullup resistor deleted: r10
warning: non-pullup resistor deleted: r13
warning: non-pullup resistor deleted: r17
warning: non-pullup resistor deleted: r18
warning: non-pullup resistor deleted: r22
warning: non-pullup resistor deleted: r24
warning: non-pullup resistor deleted: r25
warning: non-pullup resistor deleted: r26
warning: non-pullup resistor deleted: r27
warning: non-pullup resistor deleted: r28
warning: non-pullup resistor deleted: r29
~/Verilog/bin/smaller.pl M850X.PLD >vv || (rm vv; exit 1)
0 signals were removed:
~/Verilog/bin/smaller.pl vv >M850XX.PLD || (rm M850XX.PLD; exit 1)
0 signals were removed:
~/Verilog/bin/cupl2v.pl M850XX.PLD >vv || (rm vv; exit 1)
mv vv M850X.v
rm M850XX.PLD
