~/Verilog/bin/topld.pl M516A
info: 1n3606 ne 1n4148do35_10
warning: making d1/1n3606/ a connector
info: 1n3606 ne 1n4148do35_10
warning: making d10/1n3606/ a connector
info: 1n3606 ne 1n4148do35_10
warning: making d11/1n3606/ a connector
info: 1n3606 ne 1n4148do35_10
warning: making d12/1n3606/ a connector
info: 1n645 ne 1n4148do35_10
warning: making d13/1n645/ a connector
info: 1n645 ne 1n4148do35_10
warning: making d14/1n645/ a connector
info: 1n645 ne 1n4148do35_10
warning: making d15/1n645/ a connector
info: 1n645 ne 1n4148do35_10
warning: making d16/1n645/ a connector
info: 1n3606 ne 1n4148do35_10
warning: making d2/1n3606/ a connector
info: 1n3606 ne 1n4148do35_10
warning: making d3/1n3606/ a connector
info: 1n3606 ne 1n4148do35_10
warning: making d4/1n3606/ a connector
info: 1n3606 ne 1n4148do35_10
warning: making d5/1n3606/ a connector
info: 1n3606 ne 1n4148do35_10
warning: making d6/1n3606/ a connector
info: 1n3606 ne 1n4148do35_10
warning: making d7/1n3606/ a connector
info: 1n3606 ne 1n4148do35_10
warning: making d8/1n3606/ a connector
info: 1n3606 ne 1n4148do35_10
warning: making d9/1n3606/ a connector
info: single ne edge_con2
warning: making u$2/single/ a connector
warning: non-bypass capacitor deleted: c4
warning: non-bypass capacitor deleted: c5
~/Verilog/bin/smaller.pl M516A.PLD >vv || (rm vv; exit 1)
0 signals were removed:
~/Verilog/bin/smaller.pl vv >M516AX.PLD || (rm M516AX.PLD; exit 1)
0 signals were removed:
~/Verilog/bin/cupl2v.pl M516AX.PLD >vv || (rm vv; exit 1)
mv vv M516A.v
rm M516AX.PLD
