
 25-FEB-76

BLDTD8.SV	0070	37	13-AUG-72
ABSLDR.SV	0135	6	9-JUL-71
CCL.SV   	0143	40	8-DEC-71
RESORC.SV	0213	16	15-JAN-72
BOOT.SV  	0233	5	3-MAR-72
RXCOPY.SV	0240	9	1-JUL-71
FUTIL.SV 	0251	27	1-JUL-71
PAL8.SV  	0304	19	1-JUL-71
EDIT.SV  	0327	10	31-AUG-71
FOTP.SV  	0341	8	24-JAN-72
DPF.SV   	0351	31	29-FEB-72
DIRECT.SV	0410	7	3-FEB-72
HELP.SV  	0417	8	9-JUL-71
BATCH.SV 	0427	17	3-FEB-72
TECO.IN  	0450	1	26-NOV-71
PIP.SV   	0451	11	24-JAN-72
OCOMP.SV 	0464	8	4-FEB-72
VTEDIT.TE	0474	5	6-DEC-71
TECO.SV  	0501	32	16-JUN-72
TECHLP.TX	0541	26	4-DEC-71
SET.SV   	0573	17	4-FEB-72
TDCOPY.SV	0614	7	5-JUL-69
TDFRMT.SV	0623	9	5-JUL-69
HELP.HL  	0634	71	6-JUL-72
LPSS.BN  	0743	2	3-FEB-72
RLC.BN   	0745	2	3-FEB-72
RX22SY.BN	0747	2	3-FEB-72
RX21SY.BN	0751	2	3-FEB-72
RX02NS.BN	0753	2	3-FEB-72
TU58NS.BN	0755	2	3-FEB-72
RK8ESY.BN	0757	1	3-FEB-72
KL8E.BN  	0760	2	3-FEB-72
SI43NS.BN	0762	2	3-FEB-72
DISPV3.BN	0764	2	3-FEB-72
RK8ENS.BN	0766	2	3-FEB-72
BAT.BN   	0770	1	3-FEB-72
RL0.BN   	0771	2	3-FEB-72
RLSY.BN  	0773	2	3-FEB-72
SI43SY.BN	0775	1	3-FEB-72
LUNAR.FO 	0776	5	26-FEB-73
LUNAR.BN 	1003	5	25-FEB-73
<empty>  	1010	217	

