
 25-FEB-76

CREF40.PA	0007	148	9-JUL-71
HELP40.PA	0233	54	9-JUL-71
HELP.EN  	0321	63	31-AUG-71
HELP.HL  	0420	71	6-JUL-72
CCLLNK.BI	0527	1	25-JUN-71
CCL.BI   	0530	3	25-JUN-71
CCLREM.MA	0533	25	8-DEC-71
CCLSB3.MA	0564	4	8-DEC-71
CCLAT.MA 	0570	10	8-DEC-71
CCLCDX.MA	0602	7	8-DEC-71
CCLMSG.MA	0611	7	8-DEC-71
CCL.MA   	0620	40	8-DEC-71
CCLSEM.MA	0670	10	8-DEC-71
CCLDAT.MA	0702	7	8-DEC-71
CCLTBL.MA	0711	34	8-DEC-71
CCLSB2.MA	0753	9	8-DEC-71
CCLTAB.MA	0764	18	8-DEC-71
CCLDEF.MA	1006	5	8-DEC-71
CCLDRV.MA	1013	17	8-DEC-71
CCLCD.MA 	1034	46	8-DEC-71
CCLERR.MA	1112	16	8-DEC-71
CCLCOR.MA	1132	9	8-DEC-71
CCLSUB.MA	1143	22	8-DEC-71
<empty>  	1171	104	

