
 18-AUG-76

VXSY.PA  	0007	14	5-JAN-72
TC08NS.PA	0025	14	5-JAN-72
TC08SY.PA	0043	12	5-JAN-72
VXNS.PA  	0057	14	5-JAN-72
RLC.PA   	0075	27	5-JAN-72
TU58NS.PA	0130	27	5-JAN-72
RK8ESY.PA	0163	18	5-JAN-72
RK8ENS.PA	0205	17	6-JAN-72
SD8X.PA  	0226	25	5-JAN-72
SI43NS.PA	0257	13	5-JAN-72
RL0.PA   	0274	28	5-JAN-72
RL1.PA   	0330	28	6-JAN-72
RLSY.PA  	0364	34	6-JAN-72
SD8SY.PA 	0426	26	3-MAR-72
SI43SY.PA	0460	14	6-JAN-72
COPYRT.TX	0476	3	29-DEC-71
DEVLEN.WU	0501	4	5-JAN-72
ENTRYP.WU	0505	10	5-JAN-72
VERSON.WU	0517	22	4-FEB-72
ACLOAD.PA	0545	2	5-JAN-72
DSDHDN.PA	0547	34	9-JUL-71
KL8E.PA  	0611	35	5-JAN-72
LPSS.PA  	0654	25	5-JAN-72
DISCNS.PA	0705	37	13-SEP-70
MDR.PA   	0752	19	5-JAN-72
DIABLO.PA	0775	17	5-JAN-72
RXHDSY.PA	1016	53	24-SEP-71
LQP.PA   	1103	13	6-JAN-72
TM8E.PA  	1120	28	6-JAN-72
DISPV3.PA	1154	18	5-JAN-72
XONOF.PA 	1176	27	5-JAN-72
PT8E.PA  	1231	11	5-JAN-72
LSPT.PA  	1244	10	5-JAN-72
LINK.PA  	1256	22	5-JAN-72
CR8E.PA  	1304	21	6-JAN-72
FKDSK0.PA	1331	5	13-JAN-72
<empty>  	1336	3	

