~/Verilog/bin/topld.pl M8320D
info: cpol_use ne cpol_use20_8axial
info: cpol_use ne cpol_use20_8axial
info: cpol_use ne cpol_use20_8axial
info: cpol_use ne cpol_use20_8axial
info: cpol_use ne cpol_use20_8axial
info: cpol_use ne cpol_use20_8axial
info: cpol_use ne cpol_use20_8axial
info: d664 ne diode_do35_10
warning: making d1/d664/ a connector
info: d664 ne diode_do35_10
warning: making d10/d664/ a connector
info: d664 ne diode_do35_10
warning: making d100/d664/ a connector
info: d664 ne diode_do35_10
warning: making d101/d664/ a connector
info: d664 ne diode_do35_10
warning: making d102/d664/ a connector
info: d664 ne diode_do35_10
warning: making d103/d664/ a connector
info: d664 ne diode_do35_10
warning: making d104/d664/ a connector
info: d664 ne diode_do35_10
warning: making d105/d664/ a connector
info: d664 ne diode_do35_10
warning: making d106/d664/ a connector
info: d664 ne diode_do35_10
warning: making d107/d664/ a connector
info: d664 ne diode_do35_10
warning: making d108/d664/ a connector
info: d664 ne diode_do35_10
warning: making d109/d664/ a connector
info: d664 ne diode_do35_10
warning: making d11/d664/ a connector
info: d664 ne diode_do35_10
warning: making d110/d664/ a connector
info: d664 ne diode_do35_10
warning: making d111/d664/ a connector
info: d664 ne diode_do35_10
warning: making d112/d664/ a connector
info: d664 ne diode_do35_10
warning: making d113/d664/ a connector
info: d664 ne diode_do35_10
warning: making d114/d664/ a connector
info: d664 ne diode_do35_10
warning: making d115/d664/ a connector
info: d664 ne diode_do35_10
warning: making d116/d664/ a connector
info: d664 ne diode_do35_10
warning: making d117/d664/ a connector
info: d664 ne diode_do35_10
warning: making d118/d664/ a connector
info: d664 ne diode_do35_10
warning: making d119/d664/ a connector
info: d664 ne diode_do35_10
warning: making d12/d664/ a connector
info: d664 ne diode_do35_10
warning: making d120/d664/ a connector
info: d664 ne diode_do35_10
warning: making d121/d664/ a connector
info: d664 ne diode_do35_10
warning: making d122/d664/ a connector
info: d664 ne diode_do35_10
warning: making d123/d664/ a connector
info: d664 ne diode_do35_10
warning: making d124/d664/ a connector
info: d664 ne diode_do35_10
warning: making d125/d664/ a connector
info: d664 ne diode_do35_10
warning: making d126/d664/ a connector
info: d664 ne diode_do35_10
warning: making d127/d664/ a connector
info: d664 ne diode_do35_10
warning: making d128/d664/ a connector
info: d664 ne diode_do35_10
warning: making d129/d664/ a connector
info: d664 ne diode_do35_10
warning: making d13/d664/ a connector
info: d664 ne diode_do35_10
warning: making d130/d664/ a connector
info: d664 ne diode_do35_10
warning: making d131/d664/ a connector
info: d664 ne diode_do35_10
warning: making d132/d664/ a connector
info: d664 ne diode_do35_10
warning: making d133/d664/ a connector
info: d664 ne diode_do35_10
warning: making d134/d664/ a connector
info: d664 ne diode_do35_10
warning: making d135/d664/ a connector
info: d664 ne diode_do35_10
warning: making d136/d664/ a connector
info: d664 ne diode_do35_10
warning: making d137/d664/ a connector
info: d664 ne diode_do35_10
warning: making d138/d664/ a connector
info: d664 ne diode_do35_10
warning: making d139/d664/ a connector
info: d664 ne diode_do35_10
warning: making d14/d664/ a connector
info: d664 ne diode_do35_10
warning: making d140/d664/ a connector
info: d662 ne diode_do35_10
warning: making d141/d662/ a connector
info: d662 ne diode_do35_10
warning: making d142/d662/ a connector
info: d662 ne diode_do35_10
warning: making d143/d662/ a connector
info: d662 ne diode_do35_10
warning: making d144/d662/ a connector
info: d664 ne diode_do35_10
warning: making d145/d664/ a connector
info: d664 ne diode_do35_10
warning: making d146/d664/ a connector
info: d664 ne diode_do35_10
warning: making d147/d664/ a connector
info: d664 ne diode_do35_10
warning: making d148/d664/ a connector
info: d664 ne diode_do35_10
warning: making d149/d664/ a connector
info: d664 ne diode_do35_10
warning: making d15/d664/ a connector
info: d664 ne diode_do35_10
warning: making d150/d664/ a connector
info: d664 ne diode_do35_10
warning: making d151/d664/ a connector
info: d664 ne diode_do35_10
warning: making d152/d664/ a connector
info: d664 ne diode_do35_10
warning: making d153/d664/ a connector
info: d664 ne diode_do35_10
warning: making d154/d664/ a connector
info: d664 ne diode_do35_10
warning: making d155/d664/ a connector
info: d664 ne diode_do35_10
warning: making d156/d664/ a connector
info: d664 ne diode_do35_10
warning: making d157/d664/ a connector
info: d664 ne diode_do35_10
warning: making d158/d664/ a connector
info: d664 ne diode_do35_10
warning: making d159/d664/ a connector
info: d664 ne diode_do35_10
warning: making d16/d664/ a connector
info: d664 ne diode_do35_10
warning: making d160/d664/ a connector
info: d664 ne diode_do35_10
warning: making d161/d664/ a connector
info: d664 ne diode_do35_10
warning: making d162/d664/ a connector
info: d664 ne diode_do35_10
warning: making d163/d664/ a connector
info: d664 ne diode_do35_10
warning: making d164/d664/ a connector
info: d664 ne diode_do35_10
warning: making d165/d664/ a connector
info: d664 ne diode_do35_10
warning: making d166/d664/ a connector
info: d664 ne diode_do35_10
warning: making d167/d664/ a connector
info: d664 ne diode_do35_10
warning: making d168/d664/ a connector
info: d664 ne diode_do35_10
warning: making d169/d664/ a connector
info: d672 ne diode_do35_10
warning: making d17/d672/ a connector
info: d664 ne diode_do35_10
warning: making d170/d664/ a connector
info: d664 ne diode_do35_10
warning: making d171/d664/ a connector
info: d664 ne diode_do35_10
warning: making d172/d664/ a connector
info: d664 ne diode_do35_10
warning: making d173/d664/ a connector
info: d664 ne diode_do35_10
warning: making d174/d664/ a connector
info: d664 ne diode_do35_10
warning: making d175/d664/ a connector
info: d664 ne diode_do35_10
warning: making d176/d664/ a connector
info: d664 ne diode_do35_10
warning: making d177/d664/ a connector
info: d664 ne diode_do35_10
warning: making d178/d664/ a connector
info: d664 ne diode_do35_10
warning: making d179/d664/ a connector
info: d664 ne diode_do35_10
warning: making d18/d664/ a connector
info: d664 ne diode_do35_10
warning: making d180/d664/ a connector
info: d664 ne diode_do35_10
warning: making d181/d664/ a connector
info: d664 ne diode_do35_10
warning: making d182/d664/ a connector
info: d664 ne diode_do35_10
warning: making d183/d664/ a connector
info: d664 ne diode_do35_10
warning: making d184/d664/ a connector
info: d662 ne diode_do35_10
warning: making d185/d662/ a connector
info: d662 ne diode_do35_10
warning: making d186/d662/ a connector
info: d662 ne diode_do35_10
warning: making d187/d662/ a connector
info: d662 ne diode_do35_10
warning: making d188/d662/ a connector
info: d664 ne diode_do35_10
warning: making d189/d664/ a connector
info: d664 ne diode_do35_10
warning: making d19/d664/ a connector
info: d664 ne diode_do35_10
warning: making d190/d664/ a connector
info: d664 ne diode_do35_10
warning: making d191/d664/ a connector
info: d664 ne diode_do35_10
warning: making d192/d664/ a connector
info: d664 ne diode_do35_10
warning: making d193/d664/ a connector
info: d664 ne diode_do35_10
warning: making d194/d664/ a connector
info: d664 ne diode_do35_10
warning: making d196/d664/ a connector
info: d664 ne diode_do35_10
warning: making d2/d664/ a connector
info: d664 ne diode_do35_10
warning: making d20/d664/ a connector
info: d664 ne diode_do35_10
warning: making d21/d664/ a connector
info: d664 ne diode_do35_10
warning: making d22/d664/ a connector
info: d664 ne diode_do35_10
warning: making d23/d664/ a connector
info: d664 ne diode_do35_10
warning: making d24/d664/ a connector
info: d664 ne diode_do35_10
warning: making d25/d664/ a connector
info: d664 ne diode_do35_10
warning: making d26/d664/ a connector
info: d664 ne diode_do35_10
warning: making d27/d664/ a connector
info: d664 ne diode_do35_10
warning: making d28/d664/ a connector
info: d664 ne diode_do35_10
warning: making d29/d664/ a connector
info: d664 ne diode_do35_10
warning: making d3/d664/ a connector
info: d664 ne diode_do35_10
warning: making d30/d664/ a connector
info: d664 ne diode_do35_10
warning: making d31/d664/ a connector
info: d664 ne diode_do35_10
warning: making d32/d664/ a connector
info: d664 ne diode_do35_10
warning: making d33/d664/ a connector
info: d664 ne diode_do35_10
warning: making d34/d664/ a connector
info: d664 ne diode_do35_10
warning: making d35/d664/ a connector
info: d664 ne diode_do35_10
warning: making d36/d664/ a connector
info: d664 ne diode_do35_10
warning: making d37/d664/ a connector
info: d664 ne diode_do35_10
warning: making d38/d664/ a connector
info: d664 ne diode_do35_10
warning: making d39/d664/ a connector
info: d664 ne diode_do35_10
warning: making d4/d664/ a connector
info: d664 ne diode_do35_10
warning: making d40/d664/ a connector
info: d664 ne diode_do35_10
warning: making d41/d664/ a connector
info: d664 ne diode_do35_10
warning: making d42/d664/ a connector
info: d664 ne diode_do35_10
warning: making d43/d664/ a connector
info: d664 ne diode_do35_10
warning: making d44/d664/ a connector
info: d664 ne diode_do35_10
warning: making d45/d664/ a connector
info: d664 ne diode_do35_10
warning: making d46/d664/ a connector
info: d664 ne diode_do35_10
warning: making d47/d664/ a connector
info: d664 ne diode_do35_10
warning: making d48/d664/ a connector
info: d664 ne diode_do35_10
warning: making d49/d664/ a connector
info: d664 ne diode_do35_10
warning: making d5/d664/ a connector
info: d664 ne diode_do35_10
warning: making d50/d664/ a connector
info: d664 ne diode_do35_10
warning: making d51/d664/ a connector
info: d664 ne diode_do35_10
warning: making d52/d664/ a connector
info: d664 ne diode_do35_10
warning: making d53/d664/ a connector
info: d664 ne diode_do35_10
warning: making d54/d664/ a connector
info: d664 ne diode_do35_10
warning: making d55/d664/ a connector
info: d664 ne diode_do35_10
warning: making d56/d664/ a connector
info: d664 ne diode_do35_10
warning: making d57/d664/ a connector
info: d662 ne diode_do35_10
warning: making d58/d662/ a connector
info: d662 ne diode_do35_10
warning: making d59/d662/ a connector
info: d664 ne diode_do35_10
warning: making d6/d664/ a connector
info: d662 ne diode_do35_10
warning: making d60/d662/ a connector
info: d662 ne diode_do35_10
warning: making d61/d662/ a connector
info: d664 ne diode_do35_10
warning: making d62/d664/ a connector
info: d672 ne diode_do35_10
warning: making d63/d672/ a connector
info: d664 ne diode_do35_10
warning: making d64/d664/ a connector
info: d664 ne diode_do35_10
warning: making d65/d664/ a connector
info: d662 ne diode_do35_10
warning: making d66/d662/ a connector
info: d662 ne diode_do35_10
warning: making d67/d662/ a connector
info: d662 ne diode_do35_10
warning: making d68/d662/ a connector
info: d662 ne diode_do35_10
warning: making d69/d662/ a connector
info: d664 ne diode_do35_10
warning: making d7/d664/ a connector
info: d664 ne diode_do35_10
warning: making d70/d664/ a connector
info: d664 ne diode_do35_10
warning: making d71/d664/ a connector
info: d664 ne diode_do35_10
warning: making d72/d664/ a connector
info: d664 ne diode_do35_10
warning: making d73/d664/ a connector
info: d664 ne diode_do35_10
warning: making d74/d664/ a connector
info: d664 ne diode_do35_10
warning: making d75/d664/ a connector
info: d664 ne diode_do35_10
warning: making d76/d664/ a connector
info: d664 ne diode_do35_10
warning: making d77/d664/ a connector
info: d664 ne diode_do35_10
warning: making d78/d664/ a connector
info: d664 ne diode_do35_10
warning: making d79/d664/ a connector
info: d664 ne diode_do35_10
warning: making d8/d664/ a connector
info: d664 ne diode_do35_10
warning: making d80/d664/ a connector
info: d664 ne diode_do35_10
warning: making d81/d664/ a connector
info: d664 ne diode_do35_10
warning: making d82/d664/ a connector
info: d664 ne diode_do35_10
warning: making d83/d664/ a connector
info: d664 ne diode_do35_10
warning: making d84/d664/ a connector
info: d664 ne diode_do35_10
warning: making d85/d664/ a connector
info: d664 ne diode_do35_10
warning: making d86/d664/ a connector
info: d664 ne diode_do35_10
warning: making d87/d664/ a connector
info: d664 ne diode_do35_10
warning: making d88/d664/ a connector
info: d664 ne diode_do35_10
warning: making d89/d664/ a connector
info: d664 ne diode_do35_10
warning: making d9/d664/ a connector
info: d664 ne diode_do35_10
warning: making d90/d664/ a connector
info: d664 ne diode_do35_10
warning: making d91/d664/ a connector
info: d664 ne diode_do35_10
warning: making d92/d664/ a connector
info: d664 ne diode_do35_10
warning: making d93/d664/ a connector
info: d664 ne diode_do35_10
warning: making d94/d664/ a connector
info: d664 ne diode_do35_10
warning: making d95/d664/ a connector
info: d664 ne diode_do35_10
warning: making d96/d664/ a connector
info: d672 ne diode_do35_10
warning: making d97/d672/ a connector
info: d664 ne diode_do35_10
warning: making d98/d664/ a connector
info: d664 ne diode_do35_10
warning: making d99/d664/ a connector
info: 7400n ne dil14
info: 2n3725 ne _npn_to92_ebc
warning: making q1/2n3725/ a connector
info: 2n3725 ne _npn_to92_ebc
warning: making q2/2n3725/ a connector
info: 2n3725 ne _npn_to92_ebc
warning: making q3/2n3725/ a connector
info: 1.2k ne 1/2w
warning: making r118/1.2k/ a connector
info: 1k ne 1/2w
warning: making r119/1k/ a connector
info: 1k ne 1/2w
warning: making r120/1k/ a connector
info: 1k ne 1/2w
warning: making r121/1k/ a connector
info: 1k ne 1/2w
warning: making r122/1k/ a connector
info: 1k ne 1/2w
warning: making r123/1k/ a connector
info: 1k ne 1/2w
warning: making r124/1k/ a connector
info: 1.2k ne 1/2w
warning: making r71/1.2k/ a connector
info: 1.2k ne 1/2w
warning: making r72/1.2k/ a connector
info: 1.2k ne 1/2w
warning: making r73/1.2k/ a connector
info: 16_09651 ne dil16
warning: making t1/16_09651/ a connector
info: quad ne edge_con8
warning: making u$2/quad/ a connector
warning: non-bypass capacitor deleted: c1
warning: non-bypass capacitor deleted: c2
warning: non-bypass capacitor deleted: c3
warning: non-bypass capacitor deleted: c4
warning: non-bypass capacitor deleted: c5
warning: non-bypass capacitor deleted: c6
warning: non-bypass capacitor deleted: c8
warning: non-bypass capacitor deleted: c9
warning: non-bypass capacitor deleted: c13
warning: non-bypass capacitor deleted: c14
warning: non-bypass capacitor deleted: c15
warning: non-bypass capacitor deleted: c17
warning: non-bypass capacitor deleted: c20
warning: non-bypass capacitor deleted: c21
warning: non-bypass capacitor deleted: c23
warning: non-bypass capacitor deleted: c24
warning: non-bypass capacitor deleted: c27
warning: non-bypass capacitor deleted: c28
warning: non-bypass capacitor deleted: c29
warning: non-bypass capacitor deleted: c30
warning: non-bypass capacitor deleted: c31
warning: non-bypass capacitor deleted: c32
warning: non-bypass capacitor deleted: c33
~/Verilog/bin/smaller.pl M8320D.PLD >vv || (rm vv; exit 1)
1 signals were removed:
  n3v0: 'b'1
~/Verilog/bin/smaller.pl vv >M8320DX.PLD || (rm M8320DX.PLD; exit 1)
0 signals were removed:
~/Verilog/bin/cupl2v.pl M8320DX.PLD >vv || (rm vv; exit 1)
mv vv M8320D.v
rm M8320DX.PLD
