~/Verilog/bin/topld.pl M040E
info: 1n4003 ne 1n4004
warning: making d1/1n4003/ a connector
info: 1n4003 ne 1n4004
warning: making d2/1n4003/ a connector
info: mps6534 ne _pnp_to39_ebc
warning: making q1/mps6534/ a connector
info: dec3494 ne _pnp_to39_ebc
warning: making q2/dec3494/ a connector
info: 2n3790 ne _pnp_to3
warning: making q3/2n3790/ a connector
info: mps6534 ne _pnp_to39_ebc
warning: making q4/mps6534/ a connector
info: dec3494 ne _pnp_to39_ebc
warning: making q5/dec3494/ a connector
info: 2n3790 ne _pnp_to3
warning: making q6/2n3790/ a connector
info: edge_1 ne edge_con1
warning: making u$2/edge_1/ a connector
warning: non-pullup resistor deleted: r3
warning: non-pullup resistor deleted: r7
