~/Verilator/bin/topld.pl M703E
info: cpol_use ne cpol_use12_4axial
info: cpol_use ne cpol_use12_4axial
info: 1n3606 ne 1n4148do35_10
warning: making d1/1n3606/ a connector
info: 1n3606 ne 1n4148do35_10
warning: making d3/1n3606/ a connector
info: 1n3606 ne 1n4148do35_10
warning: making d4/1n3606/ a connector
info: 7430n ne dil14
info: 7400n ne dil14
info: 7460n ne dil14
info: 7400n ne dil14
info: 7400n ne dil14
info: 7400n ne dil14
info: 7460n ne dil14
info: mps6534 ne 2n2904
warning: making q1/mps6534/ a connector
info: mps6534 ne 2n2904
warning: making q2/mps6534/ a connector
info: mps6534 ne 2n2904
warning: making q3/mps6534/ a connector
info: mps6534 ne 2n2904
warning: making q4/mps6534/ a connector
info: 2n3009 ne 2n2219
warning: making q5/2n3009/ a connector
info: 2n3009 ne 2n2219
warning: making q6/2n3009/ a connector
info: mps6534 ne 2n2904
warning: making q7/mps6534/ a connector
info: 2n3009 ne 2n2219
warning: making q8/2n3009/ a connector
info: 2n3009 ne 2n2219
warning: making q9/2n3009/ a connector
warning: making sw1/se14/ a connector
warning: making swgnd/se14/ a connector
info: single ne e12_4
warning: making u$2/single/ a connector
warning: non-bypass capacitor deleted: c1
warning: non-bypass capacitor deleted: c2
warning: non-bypass capacitor deleted: c7
warning: non-bypass capacitor deleted: c14
warning: non-pullup resistor deleted: r5
warning: non-pullup resistor deleted: r9
warning: non-pullup resistor deleted: r11
warning: non-pullup resistor deleted: r15
warning: non-pullup resistor deleted: r18
warning: non-pullup resistor deleted: r20
warning: non-pullup resistor deleted: r21
warning: non-pullup resistor deleted: r27
warning: non-pullup resistor deleted: r28
warning: non-pullup resistor deleted: r30
warning: non-pullup resistor deleted: r35
warning: non-pullup resistor deleted: r36
