~/Verilog/bin/topld.pl M500A
info: cpol_use ne cpol_use20_8axial
info: 1n3606 ne 1n4148do35_10
warning: making d1/1n3606/ a connector
info: 1n3606 ne 1n4148do35_10
warning: making d10/1n3606/ a connector
info: 1n3606 ne 1n4148do35_10
warning: making d11/1n3606/ a connector
info: 1n3606 ne 1n4148do35_10
warning: making d12/1n3606/ a connector
info: 1n3606 ne 1n4148do35_10
warning: making d13/1n3606/ a connector
info: 1n3606 ne 1n4148do35_10
warning: making d14/1n3606/ a connector
info: 1n3606 ne 1n4148do35_10
warning: making d15/1n3606/ a connector
info: 1n3606 ne 1n4148do35_10
warning: making d16/1n3606/ a connector
info: 1n3606 ne 1n4148do35_10
warning: making d17/1n3606/ a connector
info: 1n3606 ne 1n4148do35_10
warning: making d18/1n3606/ a connector
info: 1n3606 ne 1n4148do35_10
warning: making d19/1n3606/ a connector
info: 1n3606 ne 1n4148do35_10
warning: making d2/1n3606/ a connector
info: 1n3606 ne 1n4148do35_10
warning: making d20/1n3606/ a connector
info: 1n3606 ne 1n4148do35_10
warning: making d21/1n3606/ a connector
info: 1n3606 ne 1n4148do35_10
warning: making d22/1n3606/ a connector
info: 1n3606 ne 1n4148do35_10
warning: making d23/1n3606/ a connector
info: 1n3606 ne 1n4148do35_10
warning: making d24/1n3606/ a connector
info: 1n645 ne 1n4148do35_10
warning: making d25/1n645/ a connector
info: 1n645 ne 1n4148do35_10
warning: making d26/1n645/ a connector
info: 1n645 ne 1n4148do35_10
warning: making d27/1n645/ a connector
info: 1n645 ne 1n4148do35_10
warning: making d28/1n645/ a connector
info: 1n645 ne 1n4148do35_10
warning: making d29/1n645/ a connector
info: 1n3606 ne 1n4148do35_10
warning: making d3/1n3606/ a connector
info: 1n645 ne 1n4148do35_10
warning: making d30/1n645/ a connector
info: 1n645 ne 1n4148do35_10
warning: making d31/1n645/ a connector
info: 1n645 ne 1n4148do35_10
warning: making d32/1n645/ a connector
info: 1n3606 ne 1n4148do35_10
warning: making d4/1n3606/ a connector
info: 1n3606 ne 1n4148do35_10
warning: making d5/1n3606/ a connector
info: 1n3606 ne 1n4148do35_10
warning: making d6/1n3606/ a connector
info: 1n3606 ne 1n4148do35_10
warning: making d7/1n3606/ a connector
info: 1n3606 ne 1n4148do35_10
warning: making d8/1n3606/ a connector
info: 1n3606 ne 1n4148do35_10
warning: making d9/1n3606/ a connector
info: 74h00n ne 7400n
info: 74h00n ne 7400n
info: 74h00n ne 7400n
info: 74h00n ne 7400n
info: 2n3009 ne 2n3019
warning: making q1/2n3009/ a connector
info: 2n3009 ne 2n3019
warning: making q10/2n3009/ a connector
info: 2n3009 ne 2n3019
warning: making q11/2n3009/ a connector
info: 2n3009 ne 2n3019
warning: making q12/2n3009/ a connector
info: 2n3009 ne 2n3019
warning: making q13/2n3009/ a connector
info: 2n3009 ne 2n3019
warning: making q14/2n3009/ a connector
info: 2n3009 ne 2n3019
warning: making q15/2n3009/ a connector
info: 2n3009 ne 2n3019
warning: making q16/2n3009/ a connector
info: 2n3009 ne 2n3019
warning: making q2/2n3009/ a connector
info: 2n3009 ne 2n3019
warning: making q3/2n3009/ a connector
info: 2n3009 ne 2n3019
warning: making q4/2n3009/ a connector
info: 2n3009 ne 2n3019
warning: making q5/2n3009/ a connector
info: 2n3009 ne 2n3019
warning: making q6/2n3009/ a connector
info: 2n3009 ne 2n3019
warning: making q7/2n3009/ a connector
info: 2n3009 ne 2n3019
warning: making q8/2n3009/ a connector
info: 2n3009 ne 2n3019
warning: making q9/2n3009/ a connector
info: single ne edge_con2
warning: making u$3/single/ a connector
warning: non-bypass capacitor deleted: c7
warning: non-bypass capacitor deleted: c8
warning: non-bypass capacitor deleted: c9
warning: non-pullup resistor deleted: r2
warning: non-pullup resistor deleted: r3
warning: non-pullup resistor deleted: r5
warning: non-pullup resistor deleted: r6
warning: non-pullup resistor deleted: r8
warning: non-pullup resistor deleted: r9
warning: non-pullup resistor deleted: r11
warning: non-pullup resistor deleted: r12
warning: non-pullup resistor deleted: r14
warning: non-pullup resistor deleted: r15
warning: non-pullup resistor deleted: r17
warning: non-pullup resistor deleted: r18
warning: non-pullup resistor deleted: r20
warning: non-pullup resistor deleted: r21
warning: non-pullup resistor deleted: r23
warning: non-pullup resistor deleted: r24
warning: non-pullup resistor deleted: r26
warning: non-pullup resistor deleted: r27
warning: non-pullup resistor deleted: r28
warning: non-pullup resistor deleted: r29
warning: non-pullup resistor deleted: r30
warning: non-pullup resistor deleted: r31
warning: non-pullup resistor deleted: r32
warning: non-pullup resistor deleted: r33
warning: non-pullup resistor deleted: r34
~/Verilog/bin/smaller.pl M500A.PLD >vv || (rm vv; exit 1)
0 signals were removed:
~/Verilog/bin/smaller.pl vv >M500AX.PLD || (rm M500AX.PLD; exit 1)
0 signals were removed:
~/Verilog/bin/cupl2v.pl M500AX.PLD >vv || (rm vv; exit 1)
mv vv M500A.v
rm M500AX.PLD
