~/Verilog/bin/smaller.pl M840K.PLD >vv || (rm vv; exit 1)
36 signals were removed:
  c1l: !enable
  clock_pulse: !clock_pulse_l
  enable_l: !rdata_strobe
  f_set_l: !tp3h
  have_tape: !out_of_tape
  n3vr40: 'b'1
  n_t_110x: !bb_l
  n_t_119x: !motor_power
  n_t_123x: !tp3h
  n_t_126x: 'b'1
  n_t_18x: !pce_l
  n_t_1x: !tp3
  n_t_34x: 'b'1
  n_t_37x: !n_t_1x
  n_t_40x: !ena_pun_buffr_l
  n_t_41x: pause_l
  n_t_47x: !n_t_48x
  n_t_50x: !ena_pun_buffr_l
  n_t_51x: !n_t_130x
  n_t_52x: !pn_hole7
  n_t_53x: !initialize_l
  n_t_54x: !pn_hole5
  n_t_55x: !pn_hole4
  n_t_64x: !n_t_61x
  n_t_65x: !n_t_66x
  n_t_67x: !n_t_63x
  n_t_69x: !n_t_49x
  n_t_70x: 'b'1
  n_t_73x: !n_t_62x
  n_t_74x: !init_or_eot_l
  n_t_81x: 'b'1
  n_t_90x: !n_t_103x
  piop1: !piop0
  rdr_run_l: !rdr_run
  riop0: !iot02
  riop1: !iot01
~/Verilog/bin/smaller.pl vv >M840KX.PLD || (rm M840KX.PLD; exit 1)
6 signals were removed:
  ena_pun_buffr_l: !pce_l
  n_t_1x: !tp3
  n_t_48x: ba_l
  n_t_49x: bb
  n_t_63x: pn_hole1
  n_t_66x: md09
~/Verilog/bin/cupl2v.pl M840KX.PLD >vv || (rm vv; exit 1)
mv vv M840K.v
rm M840KX.PLD
