   1               /
   2               / Improved decus-5/8-27a Clear
   3               /
   4               / Frederick R. Kling
   5               / Educational Testing Service
   6               / Princeton, NJ 08540
   7               /
   8               / As described in DECUSscope, 1968 - Volume 7, Number 1
   9               /
  10               *0
  11 000000  3000          3000
  12               *2772
  13 002772  7410          SKP
  14 002773  3376          DCA .+3
  15 002774  2000  START,  ISZ 0           /START, AC=0
  16 002775  3400          DCA I 0
  17 002776  5372          JMP .-4
  18 002777  3374          DCA .-3
  19 003000  3400          DCA I 0
  20               $

START   2774 unreferenced
