
 25-FEB-76

MONITO.BA	0007	6	27-JUN-74
JACORD.BA	0015	6	27-JUN-74
RESEQ.BA 	0023	6	27-JUN-74
FITC.BA  	0031	20	27-JUN-74
FITE.BA  	0055	21	3-OCT-74
SKINKU.BA	0102	1	1-SEP-73
TESFO.BA 	0103	3	11-SEP-73
FORBA.BA 	0106	12	19-SEP-73
FILETS.BA	0122	2	22-OCT-74
TESFOR.BA	0124	3	21-SEP-73
MONIT.BA 	0127	4	21-SEP-73
FORBAX.BA	0133	11	21-SEP-73
FITD.BA  	0146	21	28-SEP-74
FITB.BA  	0173	19	27-JUN-74
FIT.BA   	0216	17	27-JUN-74
FITEF.BA 	0237	21	22-OCT-74
FITF.BA  	0264	22	17-DEC-74
FORBAN.BA	0312	11	6-SEP-75
FITG.BA  	0325	22	22-AUG-75
FISCOM.BA	0353	22	7-OCT-75
<empty>  	0401	480	

