
 18-AUG-76

PD3T17.FD	0007	9	29-OCT-71
PDET14.FD	0020	15	30-JAN-71
PDET15.FD	0037	15	30-JAN-71
PDET16.FD	0056	15	30-JAN-71
PDET12.FD	0075	15	30-JAN-71
PDET13.FD	0114	15	30-JAN-71
PDBT12.FD	0133	15	19-JUL-71
PDBT15.FD	0152	15	20-JUL-71
PDBT16.FD	0171	15	20-JUL-71
PDAT14.FD	0210	15	23-JUL-71
PDAT16.FD	0227	15	23-JUL-71
PDFT16.FD	0246	15	23-JUL-71
PDAT13.FD	0265	15	23-JUL-71
PDGT14.FD	0304	15	23-JUL-71
PDGT15.FD	0323	15	23-JUL-71
PDGT16.FD	0342	15	23-JUL-71
PDGT17.FD	0361	15	23-JUL-71
PDGT18.FD	0400	15	23-JUL-71
PDBT14.FD	0417	15	20-AUG-71
PDBT13.FD	0436	15	20-AUG-71
PDKT14.FD	0455	15	20-AUG-71
PDKT12.FD	0474	15	20-AUG-71
PDKT13.FD	0513	15	20-AUG-71
PDKT15.FD	0532	15	20-AUG-71
PDKT16.FD	0551	15	20-AUG-71
PDXT01.FD	0570	9	19-JUN-71
PDXT04.FD	0601	9	19-JUN-71
VISUAL.TX	0612	5	2-OCT-72
<empty>  	0617	338	

