
 18-AUG-76

FPEAK.MC 	0007	105	20-AUG-72
POWRSP.MC	0160	20	20-AUG-72
HISTI.MC 	0204	54	20-AUG-72
RHISTI.MC	0272	51	20-AUG-72
F4FFT.MC 	0355	75	20-AUG-72
CORREL.MC	0470	36	20-AUG-72
EX3FPE.FT	0534	3	20-AUG-72
EX1FPE.FT	0537	3	20-AUG-72
EX2FPE.FT	0542	3	20-AUG-72
EX1FNV.FT	0545	4	20-AUG-72
EX2FNV.FT	0551	4	20-AUG-72
EX3FNV.FT	0555	4	20-AUG-72
EX2HIS.FT	0561	3	20-AUG-72
EX3HIS.FT	0564	3	20-AUG-72
EX1HIS.FT	0567	2	20-AUG-72
EX1RHI.FT	0571	3	20-AUG-72
EX2RHI.FT	0574	3	20-AUG-72
EX3RHI.FT	0577	4	20-AUG-72
EX1F4F.FT	0603	3	20-AUG-72
EX1PHA.FT	0606	2	20-AUG-72
EX2PHA.FT	0610	3	20-AUG-72
EX1POW.FT	0613	3	20-AUG-72
EX1COR.FT	0616	5	20-AUG-72
<empty>  	0623	334	

