
 25-FEB-76

DISCR.FT 	0007	16	20-AUG-72
DMATX.FT 	0027	9	20-AUG-72
EIGEN.FT 	0040	14	20-AUG-72
EXPI.FT  	0056	6	20-AUG-72
EXSMO.FT 	0064	6	20-AUG-72
FORIF.FT 	0072	9	20-AUG-72
FORIT.FT 	0103	8	20-AUG-72
GAMMA.FT 	0113	5	20-AUG-72
GAUSS.FT 	0120	5	20-AUG-72
GMADD.FT 	0125	3	20-AUG-72
PVAL.FT  	0130	3	20-AUG-72
GDATA.FT 	0133	12	20-AUG-72
GMPRD.FT 	0147	4	20-AUG-72
GMSUB.FT 	0153	3	20-AUG-72
GMTRA.FT 	0156	3	20-AUG-72
GTPRD.FT 	0161	4	20-AUG-72
KRANK.FT 	0165	9	20-AUG-72
LEP.FT   	0176	4	20-AUG-72
LOAD.FT  	0202	8	20-AUG-72
LOC.FT   	0212	6	20-AUG-72
MADD.FT  	0220	7	20-AUG-72
MATA.FT  	0227	5	20-AUG-72
MCPY.FT  	0234	3	20-AUG-72
MEANQ.FT 	0237	12	20-AUG-72
MFUN.FT  	0253	4	20-AUG-72
MINV.FT  	0257	10	20-AUG-72
MOMEN.FT 	0271	7	20-AUG-72
MPRD.FT  	0300	8	20-AUG-72
MSTR.FT  	0310	7	20-AUG-72
MSUB.FT  	0317	8	20-AUG-72
MTRA.FT  	0327	4	20-AUG-72
MULTR.FT 	0333	15	20-AUG-72
NROOT.FT 	0352	10	20-AUG-72
ORDER.FT 	0364	10	20-AUG-72
PADD.FT  	0376	5	20-AUG-72
PADDM.FT 	0403	6	20-AUG-72
PCLA.FT  	0411	3	20-AUG-72
PCLD.FT  	0414	4	20-AUG-72
PDER.FT  	0420	4	20-AUG-72
PDIV.FT  	0424	6	20-AUG-72
PGCD.FT  	0432	6	20-AUG-72
PILD.FT  	0440	3	20-AUG-72
PINT.FT  	0443	4	20-AUG-72
PMPY.FT  	0447	5	20-AUG-72
PNORM.FT 	0454	4	20-AUG-72
POLRT.FT 	0460	14	20-AUG-72
PQSD.FT  	0476	4	20-AUG-72
PSUB.FT  	0502	6	20-AUG-72
PVSUB.FT 	0510	6	20-AUG-72
QATR.FT  	0516	10	20-AUG-72
QSF.FT   	0530	9	20-AUG-72
QTEST.FT 	0541	5	20-AUG-72
RADD.FT  	0546	5	20-AUG-72
RANK.FT  	0553	6	20-AUG-72
RCPY.FT  	0561	4	20-AUG-72
RCUT.FT  	0565	6	20-AUG-72
RECP.FT  	0573	3	20-AUG-72
RINT.FT  	0576	3	20-AUG-72
RKGS.FT  	0601	24	20-AUG-72
RK1.FT   	0631	13	20-AUG-72
RK2.FT   	0646	7	20-AUG-72
RSUM.FT  	0655	4	20-AUG-72
RSRT.FT  	0661	8	20-AUG-72
RTAB.FT  	0671	7	20-AUG-72
RTIE.FT  	0700	6	20-AUG-72
RTMI.FT  	0706	13	20-AUG-72
RTNI.FT  	0723	9	20-AUG-72
RTWI.FT  	0734	9	20-AUG-72
SADD.FT  	0745	4	20-AUG-72
SCLA.FT  	0751	3	20-AUG-72
SCMA.FT  	0754	5	20-AUG-72
SDIV.FT  	0761	4	20-AUG-72
SICI.FT  	0765	6	20-AUG-72
SIMQ.FT  	0773	9	20-AUG-72
SMO.FT   	1004	6	20-AUG-72
EXPON.FT 	1012	4	20-AUG-72
FACTO.FT 	1016	12	20-AUG-72
FORR.FT  	1032	4	20-AUG-72
MACHK1.FT	1036	7	20-AUG-72
MACHK2.FT	1045	6	20-AUG-72
MACHK3.FT	1053	6	20-AUG-72
MACHK4.FT	1061	7	20-AUG-72
MCANO.FT 	1070	11	20-AUG-72
MDISC.FT 	1103	9	20-AUG-72
NONLIN.FT	1114	3	20-AUG-72
POLRG.FT 	1117	11	20-AUG-72
POLPLT.FT	1132	5	20-AUG-72
POLY1.FT 	1137	6	20-AUG-72
QDINT.FT 	1145	3	20-AUG-72
RKGSTT.FT	1150	4	20-AUG-72
RK2INT.FT	1154	3	20-AUG-72
SMPRT.FT 	1157	3	20-AUG-72
TABLE1.FT	1162	4	20-AUG-72
TABLE2.FT	1166	3	20-AUG-72
TABLE3.FT	1171	5	20-AUG-72
TIMER.FT 	1176	1	20-AUG-72
TIMSER.FT	1177	4	20-AUG-72
ABSNT.FT 	1203	4	20-AUG-72
ARRAY.FT 	1207	8	20-AUG-72
AUTO.FT  	1217	5	20-AUG-72
AVCAL.FT 	1224	9	20-AUG-72
AVDAT.FT 	1235	11	20-AUG-72
BESI.FT  	1250	7	20-AUG-72
BESJ.FT  	1257	8	20-AUG-72
BESK.FT  	1267	10	20-AUG-72
BESY.FT  	1301	10	20-AUG-72
BOUND.FT 	1313	8	20-AUG-72
CADD.FT  	1323	5	20-AUG-72
<empty>  	1330	9	

