
 18-AUG-76

CANOR.FT 	0007	16	20-AUG-72
CCPY.FT  	0027	4	20-AUG-72
CCUT.FT  	0033	6	20-AUG-72
CEL1.FT  	0041	6	20-AUG-72
CEL2.FT  	0047	7	20-AUG-72
CHISQ.FT 	0056	7	20-AUG-72
CINT.FT  	0065	3	20-AUG-72
CORRE.FT 	0070	17	20-AUG-72
CROSS.FT 	0111	6	20-AUG-72
CS.FT    	0117	6	20-AUG-72
CSRT.FT  	0125	8	20-AUG-72
CSUM.FT  	0135	4	20-AUG-72
CTAB.FT  	0141	7	20-AUG-72
CTIE.FT  	0150	6	20-AUG-72
DCLA.FT  	0156	3	20-AUG-72
DCPY.FT  	0161	4	20-AUG-72
SMPY.FT  	0165	4	20-AUG-72
SRMA.FT  	0171	5	20-AUG-72
TAB1.FT  	0176	12	20-AUG-72
TAB2.FT  	0212	17	20-AUG-72
TIE.FT   	0233	5	20-AUG-72
SRANK.FT 	0240	7	20-AUG-72
SSUB.FT  	0247	4	20-AUG-72
SUBMX.FT 	0253	5	20-AUG-72
SUBST.FT 	0260	12	20-AUG-72
TALLY.FT 	0274	9	20-AUG-72
TPRD.FT  	0305	7	20-AUG-72
TRACE.FT 	0314	8	20-AUG-72
TTSTT.FT 	0324	10	20-AUG-72
UTEST.FT 	0336	7	20-AUG-72
VARMX.FT 	0345	18	20-AUG-72
TWOAV.FT 	0367	6	20-AUG-72
WTEST.FT 	0375	8	20-AUG-72
XCPY.FT  	0405	5	20-AUG-72
NPAR2.FT 	0412	4	20-AUG-72
SOLVEN.FT	0416	3	20-AUG-72
NONPAR.FT	0421	8	20-AUG-72
POLY2.FT 	0431	5	20-AUG-72
STAT.FT  	0436	10	20-AUG-72
ANOVA.FT 	0450	9	20-AUG-72
RESULT.DA	0461	249	20-AUG-72
PHAMPL.MC	1052	27	20-AUG-72
FNVLOP.MC	1105	72	20-AUG-72
<empty>  	1215	84	

