
 18-AUG-76

LINE.FT  	0007	3	15-AUG-69
NUMBEW.FT	0012	5	15-AUG-69
NUMBER.FT	0017	5	15-AUG-69
AXIS.FT  	0024	5	15-AUG-69
AXISW.FT 	0031	6	15-AUG-69
PSCALE.FT	0037	3	15-AUG-69
PSCALW.FT	0042	3	15-AUG-69
LINEW.FT 	0045	3	15-AUG-69
PLOSYM.FT	0050	2	28-JAN-76
ASK.FT   	0052	4	28-JAN-76
INIT.FT  	0056	1	28-JAN-76
PLOTXT.FT	0057	1	28-JAN-76
PLOTAX.FT	0060	3	28-JAN-76
PLOLIN.FT	0063	2	28-JAN-76
PLONUM.FT	0065	1	28-JAN-76
PLOWRT.FT	0066	3	28-JAN-76
PLOFUN.FT	0071	1	28-JAN-76
PLOTXY.FT	0072	1	10-NOV-76
TAUFOU.FT	0073	6	9-MAY-69
FITFOU.FT	0101	9	9-MAY-69
INIFOU.FT	0112	8	20-MAY-69
SETFOU.FT	0122	3	9-MAY-69
BLKFOU.FT	0125	4	9-MAY-69
COMFOU.FT	0131	6	9-MAY-69
DIAFOU.FT	0137	9	9-MAY-69
TRIFOU.FT	0150	8	9-MAY-69
REAFOU.FT	0160	4	9-MAY-69
RELFOU.FT	0164	4	9-MAY-69
NORFOU.FT	0170	7	20-MAY-69
CAPFOU.FT	0177	7	9-MAY-69
SCOFOU.FT	0206	8	20-MAY-69
SERFOU.FT	0216	9	20-MAY-69
SUBFOU.FT	0227	4	9-MAY-69
IOTFOU.FT	0233	6	3-JUN-69
FILFOU.FT	0241	4	3-JUN-69
OUTFOU.FT	0245	8	3-JUN-69
AZERO.FT 	0255	3	24-FEB-69
LINREG.FT	0260	5	23-MAR-69
DINGLE.FT	0265	5	23-MAR-69
PRINT.FT 	0272	8	23-MAR-69
GRAPH.FT 	0302	6	22-MAR-69
INPUT.FT 	0310	3	3-JUN-69
BESS.FT  	0313	1	28-JAN-76
HALPIC.FT	0314	4	13-JUN-69
MAGPIC.FT	0320	4	13-JUN-69
ROTPIC.FT	0324	4	13-JUN-69
PLOMAN.FT	0330	4	28-JAN-76
DIAMAN.FT	0334	4	15-AUG-69
DIAGON.FT	0340	14	31-MAR-76
DATMOD.FT	0356	7	15-AUG-69
DELTAL.FT	0365	6	28-JAN-76
USRTST.FT	0373	11	12-AUG-76
<empty>  	0406	475	

