
 25-FEB-76

KTR.FT   	0007	8	2-FEB-70
KST.FT   	0017	3	2-FEB-70
KCO.FT   	0022	7	2-FEB-70
KDI.FT   	0031	9	2-FEB-70
KFI.FT   	0042	9	2-FEB-70
KIN.FT   	0053	8	2-FEB-70
KNO.FT   	0063	7	2-FEB-70
FILNAM.FT	0072	3	24-FEB-69
KBL.FT   	0075	4	2-FEB-70
KCA.FT   	0101	7	2-FEB-70
KRA.FT   	0110	4	2-FEB-70
KRE.FT   	0114	4	2-FEB-70
KTA.FT   	0120	6	2-FEB-70
DINGLE.FT	0126	57	12-FEB-71
DMAINN.FT	0217	10	7-AUG-71
KSU.FT   	0231	4	2-FEB-70
KFL.FT   	0235	4	2-FEB-70
KUNG6F.FT	0241	105	2-FEB-70
USRTST.FT	0412	12	22-SEP-70
KOU.FT   	0426	8	2-FEB-70
KSE.FT   	0436	9	2-FEB-70
KSC.FT   	0447	5	2-FEB-70
KMA.FT   	0454	5	2-FEB-70
DFMU.FT  	0461	3	7-AUG-71
DROOTS.FT	0464	5	7-AUG-71
DGRAPH.FT	0471	8	7-AUG-71
DLOGAM.FT	0501	3	8-AUG-71
DMEAN.FT 	0504	3	8-AUG-71
DMEATD.FT	0507	4	8-AUG-71
DPRINT.FT	0513	11	8-AUG-71
DLST.FT  	0526	4	8-AUG-71
DINPUT.FT	0532	7	8-AUG-71
DLINRE.FT	0541	6	14-AUG-71
DCHIRM.FT	0547	3	14-AUG-71
DMAIN.FT 	0552	10	14-AUG-71
DLSAT.FT 	0564	6	14-AUG-71
DING10.FT	0572	68	14-AUG-71
DEXEC.BI 	0676	1	12-FEB-71
KEX.BI   	0677	1	2-FEB-70
KLOAD.BI 	0700	1	2-FEB-70
KCOM.BI  	0701	1	2-FEB-70
DCOMP.BI 	0702	1	7-AUG-71
DLOAD.BI 	0703	1	7-AUG-71
KUNG6F.CD	0704	106	31-JAN-70
PARFOU.CD	1056	52	2-FEB-70
DINGLE.CD	1142	54	12-FEB-71
DING10.CD	1230	68	14-AUG-71
<empty>  	1334	5	

