
 18-AUG-76

DINGLE.FC	0007	8	29-MAY-75
FLXTST.FC	0017	10	28-SEP-74
SWPTST.FC	0031	14	4-DEC-74
SUPTST.FC	0047	1	18-AUG-75
FCINIT.FC	0050	1	5-SEP-75
FOUPIC.FP	0051	4	20-AUG-75
DIS.FC   	0055	4	11-DEC-73
VPHE4.FC 	0061	1	25-NOV-69
MESCPD.FC	0062	14	12-JUL-76
TEMAI.TE 	0100	1	26-FEB-76
FOCCOM.ZE	0101	4	23-AUG-76
DIAGON.LD	0105	31	29-MAR-76
DAXCOM.FC	0144	13	11-JAN-69
FOULEG.FC	0161	3	25-NOV-69
MESNEW.FC	0164	14	22-OCT-74
MESCOM.FC	0202	13	28-JUN-76
DASCOM.FC	0217	13	23-OCT-70
DATAN.FC 	0234	13	3-DEC-76
MESSN.FC 	0251	14	3-DEC-76
MEDLT.FC 	0267	15	11-JAN-69
MESXDL.FC	0306	15	26-FEB-69
MTESLA.FC	0325	13	25-NOV-69
MXTES.FC 	0342	15	30-JUN-69
POLFIT.FC	0361	11	11-JAN-70
EICHAB.FC	0374	4	20-JUN-69
FOUPIC.FC	0400	13	8-SEP-69
MESS.FC  	0415	14	23-OCT-70
FUTIL.HL 	0433	9	16-JUL-69
FILNAM.FT	0444	3	24-FEB-69
DAT.FC   	0447	14	30-JAN-71
ERROR.RA 	0465	4	14-OCT-76
CHKPNT.RA	0471	5	23-SEP-69
MTRE.FC  	0476	15	23-OCT-70
OCOMP.HL 	0515	5	18-JAN-69
FILSIZ.RA	0522	3	25-NOV-74
USRTST.FT	0525	12	22-SEP-70
CHEKMO.WU	0541	34	1-JAN-76
MTREG.FC 	0603	15	23-OCT-70
MESDLT.FC	0622	15	23-OCT-70
ABEICH.FC	0641	4	3-NOV-70
DATA.FC  	0645	13	23-OCT-70
F.BK     	0662	18	23-OCT-70
F.FD     	0704	18	23-OCT-70
TEST.FD  	0726	21	30-JAN-71
STEUER.FD	0753	1	30-JAN-71
KUNG6F.BK	0754	105	31-JAN-70
KUNG6F.CD	1125	106	31-JAN-70
DINGLE.CD	1277	28	1-FEB-71
<empty>  	1333	6	

