
 25-FEB-76

FOU.FC   	0007	2	13-MAY-76
CURVE.FC 	0011	5	5-AUG-75
FIT.FC   	0016	6	15-AUG-69
FIT4.FC  	0024	4	15-AUG-69
FIT5.FC  	0030	5	15-AUG-69
FOCERR.FC	0035	6	15-AUG-69
BESS.FC  	0043	1	27-JUN-74
NOISY.FC 	0044	3	15-AUG-69
ABEICH.FC	0047	4	21-JUN-69
MATINV.FC	0053	3	27-JUN-74
HORN.FC  	0056	1	12-NOV-74
DRIFT.FC 	0057	2	16-MAY-75
MOONF.FC 	0061	4	11-FEB-75
ONESOT.FC	0065	1	11-FEB-75
EDYCHI.FC	0066	3	8-AUG-75
ARRDIR.FC	0071	6	15-MAR-75
HEATEX.FC	0077	6	15-SEP-76
WUERFL.FC	0105	2	11-FEB-75
EWIGKA.FC	0107	2	11-FEB-75
GLEICH.FC	0111	2	11-FEB-75
STAT.FC  	0113	1	11-FEB-75
KUGEL.FC 	0114	2	11-FEB-75
BIO.FC   	0116	5	9-MAR-75
TIC.FC   	0123	4	11-FEB-75
EDYFIT.FC	0127	3	9-MAR-75
KREIS.FC 	0132	3	11-FEB-75
AXBER2.FC	0135	8	11-FEB-75
DAYMES.FC	0145	1	3-DEC-75
RAREFI.FC	0146	4	8-OCT-75
HELP.FC  	0152	7	15-MAR-75
EXERC.FC 	0161	2	11-SEP-75
OPTIM.FC 	0163	1	30-SEP-75
SPHBES.FC	0164	2	31-OCT-75
FREMOD.FC	0166	12	7-OCT-75
COMFOU.FC	0202	8	2-MAY-76
MODFIL.FC	0212	2	27-JUN-74
EICHAB.FC	0214	4	20-JUN-69
FRELEG.FC	0220	12	2-MAY-69
PDELIP.FC	0234	1	4-JUL-69
POLFIT.FC	0235	11	11-JAN-70
QUATSC.FC	0250	1	4-JUL-69
PLOFIT.FC	0251	12	11-JAN-70
FOULEG.FC	0265	3	25-NOV-69
VPHE4.FC 	0270	1	25-NOV-69
<empty>  	0271	552	

