
 18-AUG-76

FOCCOM.ZE	0007	4	23-AUG-76
NOIPIC.FP	0013	4	15-AUG-69
SIGNET.FP	0017	4	27-JUN-74
FOUPIC.FP	0023	4	20-AUG-75
FLXTST.FC	0027	10	28-SEP-74
FILTER.FC	0041	2	31-MAY-69
TDKT.FC  	0043	6	7-SEP-74
SUBPEK.FC	0051	1	11-DEC-73
MESSNL.FC	0052	13	27-JUN-74
MESWAL.FC	0067	13	29-MAR-69
DATAD.FC 	0104	12	24-AUG-74
TDMU.FC  	0120	4	15-AUG-74
UNSHIF.FC	0124	3	11-DEC-73
DIS.FC   	0127	4	11-DEC-73
SUBFIT.FC	0133	7	3-JAN-75
MESSDF.FC	0142	13	27-JUN-74
MESS.FC  	0157	14	14-SEP-69
MESNEW.FC	0175	14	22-OCT-74
DATA29.FC	0213	12	20-AUG-75
MESFLX.FC	0227	14	24-AUG-74
DATA33.FC	0245	13	20-AUG-75
DINGLE.FC	0262	8	29-MAY-75
DING.FC  	0272	8	2-SEP-75
SWPTST.FC	0302	14	4-DEC-74
SUPTST.FC	0320	1	18-AUG-75
FCINIT.FC	0321	1	5-SEP-75
DASCOM.FC	0322	13	2-MAY-69
MESCPD.FC	0337	14	12-JUL-76
DINGFU.FC	0355	8	18-OCT-76
DATA.FC  	0365	13	11-JAN-69
MESCOM.FC	0402	13	28-JUN-76
MESDLT.FC	0417	15	26-FEB-69
DAXCOM.FC	0436	13	11-JAN-69
MESXDL.FC	0453	15	26-FEB-69
DATABA.FC	0472	12	22-OCT-74
TEMPCK.FC	0506	15	2-JUL-69
DATAN.FC 	0525	13	3-DEC-76
MESSN.FC 	0542	14	3-DEC-76
MESHAL.FC	0560	11	19-MAY-69
MEDLT.FC 	0573	15	11-JAN-69
MESTRQ.FC	0612	15	18-MAR-69
MSDLFB.FC	0631	15	19-APR-69
DATHAL.FC	0650	5	13-JUN-69
MTESLA.FC	0655	13	25-NOV-69
MXTES.FC 	0672	15	30-JUN-69
<empty>  	0711	2	
HEICH.FC 	0713	4	5-JUL-73
PLOFIT.FC	0717	12	11-JAN-70
FOULEG.FC	0733	3	25-NOV-69
POLFIT.FC	0736	11	11-JAN-70
VPHE4.FC 	0751	1	25-NOV-69
ABEICH.FC	0752	4	21-JUN-69
EICHAB.FC	0756	4	20-JUN-69
FOUPIC.FC	0762	13	8-SEP-69
MTREG.FC 	0777	15	15-DEC-69
<empty>  	1016	211	

