
 18-AUG-76

MESDLT.FC	0007	15	23-OCT-70
DAT.FC   	0026	14	30-JAN-71
DATA.FC  	0044	13	23-OCT-70
MESXDL.FC	0061	15	26-FEB-69
POLFIT.FC	0100	11	11-JAN-70
DASCOM.FC	0113	13	23-OCT-70
MTREG.FC 	0130	15	23-OCT-70
MESS.FC  	0147	14	23-OCT-70
TEST.FC  	0165	14	24-JUL-71
HARMD.FC 	0203	1	18-JUN-71
ABEICH.FC	0204	4	21-JAN-72
DINGLE.FC	0210	8	29-MAY-75
DATG.FC  	0220	14	19-JUL-71
DATGEN.FC	0236	15	23-JUL-71
FEMEN.FC 	0255	3	31-MAR-72
MTRE.FC  	0260	15	23-OCT-70
OBEICH.FC	0277	4	18-JUN-71
INIT2.FC 	0303	4	21-FEB-72
FERMEN.FC	0307	3	31-MAR-72
MDT2.FC  	0312	13	21-FEB-72
INIT1.FC 	0327	4	7-JUL-72
TEICH.FC 	0333	15	7-NOV-71
EICHAB.FC	0352	4	8-NOV-71
INIT.FC  	0356	4	3-DEC-71
MDT1.FC  	0362	13	10-JAN-72
MTIOH.FC 	0377	15	19-NOV-71
FERMIE.FO	0416	3	27-MAR-73
ABTAB.FO 	0421	5	26-FEB-73
ABEICH.FO	0426	4	3-OCT-72
MDTL.FC  	0432	14	7-AUG-72
INITL.FC 	0450	4	30-JUL-72
DAT1.FC  	0454	14	16-SEP-72
<empty>  	0472	423	

