
 25-FEB-76

EPIC.HL  	0007	2	18-JAN-74
FOTP.HL  	0011	3	18-JAN-74
BOOT.HL  	0014	2	26-AUG-75
PIP.HL   	0016	2	18-JAN-74
PAL8.HL  	0020	3	18-JAN-74
SABR.HL  	0023	1	18-JAN-74
SRCCOM.HL	0024	1	18-JAN-74
TECO.HL  	0025	1	18-JAN-74
BATCH.HL 	0026	1	18-JAN-74
BITMAP.HL	0027	1	18-JAN-74
CREF.HL  	0030	1	18-JAN-74
FOCAL.HL 	0031	9	26-AUG-75
CCL.HL   	0042	6	2-SEP-75
BUILD.HL 	0050	2	18-JAN-74
FORT.HL  	0052	1	18-JAN-74
DIRECT.HL	0053	2	18-JAN-74
LOADER.HL	0055	1	18-JAN-74
EDIT.HL  	0056	3	18-JAN-74
LIBRA.HL 	0061	1	18-JAN-74
PIP10.HL 	0062	1	18-JAN-74
LOAD.HL  	0063	1	18-JAN-74
ODT.HL   	0064	3	18-JAN-74
ABSLDR.HL	0067	1	18-JAN-74
PAGE.TE  	0070	6	18-DEC-75
PLOT.TE  	0076	2	15-JUL-75
TEMAL.TE 	0100	1	14-JUN-75
TEMAM.TE 	0101	1	14-JUN-75
TEMAF.TE 	0102	1	18-JUN-75
EQNUM.TE 	0103	1	19-DEC-75
TEMAP.TE 	0104	1	18-JUN-75
TEMAZ.TE 	0105	1	28-JUN-75
TEMAY.TE 	0106	1	28-JUN-75
TYPE.TE  	0107	1	2-JUL-75
TEMAS.TE 	0110	1	10-OCT-75
TEMAT.TE 	0111	1	10-NOV-75
MACRO.TE 	0112	1	14-JAN-76
TEMAE.TE 	0113	1	10-NOV-75
TEMAH.TE 	0114	1	14-JAN-76
PRINTD.TE	0115	2	14-JAN-76
EQSECT.TE	0117	1	10-JAN-76
REFFOR.TE	0120	2	2-JAN-76
CHLI63.TE	0122	1	14-JAN-76
TEMAC.TE 	0123	1	14-JAN-76
TEMAB.TE 	0124	1	14-JAN-76
TEMAK.TE 	0125	1	14-JAN-76
PRINT.TE 	0126	3	14-JAN-76
DEVCOD.TE	0131	1	9-OCT-74
TEMACM.TE	0132	1	20-MAY-69
JUSTFY.TE	0133	1	16-OCT-74
PACO.TE  	0134	2	18-AUG-75
TEMAD.TE 	0136	1	14-JUN-75
PAGELD.TE	0137	2	30-JUN-75
TEMAJ.TE 	0141	1	14-JUN-75
LAYOUT.TE	0142	6	27-JUN-75
ALPHA.TE 	0150	2	12-JUL-76
TEMAI.TE 	0152	1	20-MAY-69
PACD3.TE 	0153	2	22-MAR-76
FOUCPY.BI	0155	1	20-MAY-69
RTSLOD.BI	0156	1	31-DEC-76
FOUCOM.BI	0157	2	9-MAY-69
FOULOD.BI	0161	1	9-MAY-69
DINGLE.BI	0162	1	23-MAR-69
FOUEX.BI 	0163	1	9-MAY-69
PLOT.BI  	0164	1	15-AUG-69
<empty>  	0165	620	

