
 18-AUG-76

DINGLE.FT	0070	57	12-FEB-71
DMAINN.FT	0161	10	7-AUG-71
DFMU.FT  	0173	3	7-AUG-71
DROOTS.FT	0176	5	7-AUG-71
DGRAPH.FT	0203	8	7-AUG-71
DLOGAM.FT	0213	3	8-AUG-71
DMEAN.FT 	0216	3	8-AUG-71
DLINRE.FT	0221	6	8-AUG-71
DMEATD.FT	0227	4	8-AUG-71
DPRINT.FT	0233	11	8-AUG-71
DMAIN.FT 	0246	10	8-AUG-71
DLSAT.FT 	0260	6	8-AUG-71
DLST.FT  	0266	4	8-AUG-71
DINPUT.FT	0272	7	8-AUG-71
DCHIRM.FT	0301	3	8-AUG-71
DATA.FC  	0304	13	23-OCT-70
DAXCOM.FC	0321	13	11-JAN-69
POLFIT.FC	0336	11	11-JAN-70
MTREG.FC 	0351	15	23-OCT-70
FOUPIC.FC	0370	13	8-SEP-69
MESS.FC  	0405	14	23-OCT-70
EICHAB.FC	0423	4	20-JUN-69
DINGLE.FC	0427	8	29-MAY-75
DATGEN.FC	0437	15	23-JUL-71
ABEICH.FC	0456	4	3-NOV-70
MTRE.FC  	0462	15	23-OCT-70
OBEICH.FC	0501	4	18-JUN-71
DING10.CD	0505	68	14-AUG-71
INIT2.FC 	0611	4	21-FEB-72
MDT2.FC  	0615	13	21-FEB-72
INIT1.FC 	0632	4	6-DEC-71
INIT.FC  	0636	4	3-DEC-71
MDT1.FC  	0642	13	10-JAN-72
MDTL.FC  	0657	14	7-AUG-72
INITL.FC 	0675	4	30-JUL-72
DAT1.FC  	0701	14	16-SEP-72
<empty>  	0717	274	

