
 18-AUG-76

FIG203.WM	0007	4	26-DEC-75
FIG204.WM	0013	4	26-DEC-75
FIG303.WM	0017	11	26-DEC-75
SECT01.WM	0032	25	12-JUL-76
SECT02.WM	0063	54	12-JUL-76
SECT05.WM	0151	100	9-AUG-76
ZUSAM.WM 	0315	10	17-AUG-76
<empty>  	0327	9	
SECT04.WM	0340	50	12-JUL-76
LETR2.WM 	0422	2	26-JAN-76
TITLE.WM 	0424	3	9-AUG-76
<empty>  	0427	2	
LETR3.WM 	0431	2	26-JAN-76
REFS.WM  	0433	15	22-JAN-76
<empty>  	0452	243	
<empty>  	1035	34	
START.WM 	1077	10	22-JAN-76
LETR1.WM 	1111	2	26-JAN-76
ABSTR.WM 	1113	3	17-AUG-76
RESUM.WM 	1116	9	17-AUG-76
SECT03.WM	1127	111	12-JUL-76
<empty>  	1306	7	
SUMARY.WM	1315	8	23-JAN-76
CURICU.WM	1325	5	17-AUG-76
REMERC.WM	1332	5	17-AUG-76
<empty>  	1337	2	

