~/Verilog/bin/smaller.pl M1502X.PLD >vv || (rm vv; exit 1)
29 signals were removed:
  an1d: !ak1
  ba1clk: !ae2
  ba1d: !aj2
  n3v: !ak2
  n_t_132x: !bv1
  n_t_133x: !ac1
  n_t_134x: !ad1
  n_t_135x: !bt2
  n_t_154x: !n_t_49x
  n_t_156x: !bh2
  n_t_157x: !be2
  n_t_158x: !bd2
  n_t_159x: !bf2
  n_t_15x: 'b'1
  n_t_168x: !bf1
  n_t_169x: !bd1
  n_t_170x: !be1
  n_t_171x: !bh1
  n_t_180x: !bk1
  n_t_181x: !bb1
  n_t_182x: !bc1
  n_t_183x: !bj1
  n_t_194x: !bj2
  n_t_25x: !af1
  n_t_40x: !aj1
  n_t_52x: !n_t_56x
  n_t_56x: !d2
  n_t_80x: !am1
  n_t_8x: !ae1
~/Verilog/bin/smaller.pl vv >M1502XX.PLD || (rm M1502XX.PLD; exit 1)
1 signals were removed:
  n_t_56x: !d2
~/Verilog/bin/cupl2v.pl M1502XX.PLD >vv || (rm vv; exit 1)
mv vv M1502X.v
rm M1502XX.PLD
