~/Verilog/bin/topld.pl M420C
info: cpol_use ne cpol_use20_8axial
info: 1n758a ne 10v
warning: making d1/1n758a/ a connector
info: 1n3606 ne 1n4148do35_10
warning: making d10/1n3606/ a connector
info: 1n3606 ne 1n4148do35_10
warning: making d11/1n3606/ a connector
info: 1n3606 ne 1n4148do35_10
warning: making d12/1n3606/ a connector
info: 1n758a ne 10v
warning: making d13/1n758a/ a connector
info: 1n758a ne 10v
warning: making d2/1n758a/ a connector
info: 1n645 ne 1n4148do35_10
warning: making d3/1n645/ a connector
info: 1n645 ne 1n4148do35_10
warning: making d4/1n645/ a connector
info: 1n645 ne 1n4148do35_10
warning: making d5/1n645/ a connector
info: 1n645 ne 1n4148do35_10
warning: making d6/1n645/ a connector
info: 1n3606 ne 1n4148do35_10
warning: making d7/1n3606/ a connector
info: 1n3606 ne 1n4148do35_10
warning: making d8/1n3606/ a connector
info: 1n3606 ne 1n4148do35_10
warning: making d9/1n3606/ a connector
info: 74h00n ne 7400n
info: 74h74n ne 7474n
info: 74h50n ne 7450n
warning: making e3/sn74h50/ a connector
info: lm301 ne to99
warning: making e4/lm301/ a connector
info: lm301 ne to99
warning: making e5/lm301/ a connector
info: lm301 ne to99
warning: making e6/lm301/ a connector
info: 2n4274 ne 2n3439
warning: making q1/2n4274/ a connector
info: 2n4274 ne 2n3439
warning: making q2/2n4274/ a connector
info: 2n4274 ne 2n3439
warning: making q3/2n4274/ a connector
info: 2n4258 ne 2n3635
warning: making q4/2n4258/ a connector
info: 2n4258 ne 2n3635
warning: making q5/2n4258/ a connector
info: 2n4258 ne 2n3635
warning: making q6/2n4258/ a connector
info: 2n4274 ne 2n3439
warning: making q7/2n4274/ a connector
info: (not ne installed)
warning: making r25/(not/ a connector
info: double ne edge_con4
warning: making u$1/double/ a connector
warning: non-bypass capacitor deleted: c6
warning: non-bypass capacitor deleted: c7
warning: non-bypass capacitor deleted: c8
warning: non-bypass capacitor deleted: c9
warning: non-bypass capacitor deleted: c10
warning: non-bypass capacitor deleted: c11
warning: non-bypass capacitor deleted: c12
warning: non-bypass capacitor deleted: c13
warning: non-bypass capacitor deleted: c14
warning: non-bypass capacitor deleted: c15
warning: non-bypass capacitor deleted: c16
warning: non-bypass capacitor deleted: c17
warning: non-bypass capacitor deleted: c18
warning: non-bypass capacitor deleted: c19
warning: non-bypass capacitor deleted: c20
warning: non-bypass capacitor deleted: c21
warning: non-bypass capacitor deleted: c22
warning: non-bypass capacitor deleted: c23
warning: non-bypass capacitor deleted: c24
warning: non-bypass capacitor deleted: c25
warning: non-bypass capacitor deleted: c26
warning: non-bypass capacitor deleted: c27
warning: non-pullup resistor deleted: r9
warning: non-pullup resistor deleted: r12
warning: non-pullup resistor deleted: r13
warning: non-pullup resistor deleted: r14
warning: non-pullup resistor deleted: r15
warning: non-pullup resistor deleted: r17
warning: non-pullup resistor deleted: r18
warning: non-pullup resistor deleted: r19
warning: non-pullup resistor deleted: r20
warning: non-pullup resistor deleted: r21
warning: non-pullup resistor deleted: r22
warning: non-pullup resistor deleted: r23
warning: non-pullup resistor deleted: r26
~/Verilog/bin/smaller.pl M420C.PLD >vv || (rm vv; exit 1)
0 signals were removed:
~/Verilog/bin/smaller.pl vv >M420CX.PLD || (rm M420CX.PLD; exit 1)
0 signals were removed:
~/Verilog/bin/cupl2v.pl M420CX.PLD >vv || (rm vv; exit 1)
mv vv M420C.v
rm M420CX.PLD
