~/Verilog/bin/topld.pl M501X
info: 1n4154 ne 1n4148do35_10
warning: making d1/1n4154/ a connector
info: 1n4154 ne 1n4148do35_10
warning: making d2/1n4154/ a connector
info: 7400n ne dil14
warning: making j1/34_22_1_03/ a connector
warning: making j2/34_22_1_03/ a connector
info: pn4250a ne 2n2904
warning: making q1/pn4250a/ a connector
info: pn4250a ne 2n2904
warning: making q2/pn4250a/ a connector
info: pn3569 ne 2n3019
warning: making q3/pn3569/ a connector
info: pn3569 ne 2n3019
warning: making q4/pn3569/ a connector
info: pn3569 ne 2n3019
warning: making q5/pn3569/ a connector
info: pn4250a ne 2n2904
warning: making q6/pn4250a/ a connector
info: edge_1 ne edge_con1
warning: making u$1/edge_1/ a connector
warning: non-bypass capacitor deleted: c1
warning: non-bypass capacitor deleted: c2
warning: non-pullup resistor deleted: r1
warning: non-pullup resistor deleted: r3
warning: non-pullup resistor deleted: r10
warning: non-pullup resistor deleted: r11
warning: non-pullup resistor deleted: r13
warning: non-pullup resistor deleted: r14
~/Verilog/bin/smaller.pl M501X.PLD >vv || (rm vv; exit 1)
2 signals were removed:
  n_t_1x: !k
  n_t_2x: !n_t_1x
~/Verilog/bin/smaller.pl vv >M501XX.PLD || (rm M501XX.PLD; exit 1)
0 signals were removed:
~/Verilog/bin/cupl2v.pl M501XX.PLD >vv || (rm vv; exit 1)
mv vv M501X.v
rm M501XX.PLD
