~/Verilator/bin/topld.pl M226X
info: cpol_use ne cpol_use20_8axial
info: cpol_use ne cpol_use20_8axial
info: 74h53n ne e12_8
info: 7462 ne e12_8
warning: making e13/sn7462/ a connector
info: 74h53n ne e12_8
info: 74h00n ne 7400n
info: 74h50n ne 7450n
warning: making e4/sn74h50/ a connector
info: 7462 ne e12_8
warning: making e5/sn7462/ a connector
info: 74h53n ne e12_8
info: double ne e12_8
warning: making u$3/double/ a connector
warning: non-bypass capacitor deleted: c14
warning: non-bypass capacitor deleted: c17
warning: non-bypass capacitor deleted: c18
unexpected OC output: n_t_72x at /home/vrs/Verilator/bin/topld.pl line 2034, <INPUT> line 755.
unexpected OC output: n_t_70x at /home/vrs/Verilator/bin/topld.pl line 2034, <INPUT> line 755.
unexpected OC output: n_t_49x at /home/vrs/Verilator/bin/topld.pl line 2034, <INPUT> line 755.
unexpected OC output: n_t_52x at /home/vrs/Verilator/bin/topld.pl line 2034, <INPUT> line 755.
unexpected OC output: n_t_63x at /home/vrs/Verilator/bin/topld.pl line 2034, <INPUT> line 951.
unexpected OC output: n_t_29x at /home/vrs/Verilator/bin/topld.pl line 2034, <INPUT> line 951.
unexpected OC output: n_t_20x at /home/vrs/Verilator/bin/topld.pl line 2034, <INPUT> line 951.
unexpected OC output: n_t_57x at /home/vrs/Verilator/bin/topld.pl line 2034, <INPUT> line 951.
unexpected OC output: n_t_36x at /home/vrs/Verilator/bin/topld.pl line 2034, <INPUT> line 1003.
unexpected OC output: n_t_67x at /home/vrs/Verilator/bin/topld.pl line 2034, <INPUT> line 1003.
unexpected OC output: n_t_28x at /home/vrs/Verilator/bin/topld.pl line 2034, <INPUT> line 1003.
unexpected OC output: n_t_18x at /home/vrs/Verilator/bin/topld.pl line 2034, <INPUT> line 1003.
warning: non-pullup resistor deleted: r3
warning: non-pullup resistor deleted: r4
warning: non-pullup resistor deleted: r5
warning: non-pullup resistor deleted: r6
