~/Verilator/bin/topld.pl M1502C
info: cpol_use ne cpol_use20_8axial
info: d664 ne diode_do35_10
warning: making d1/d664/ a connector
info: d664 ne diode_do35_10
warning: making d2/d664/ a connector
info: d664 ne diode_do35_10
warning: making d3/d664/ a connector
info: d664 ne diode_do35_10
warning: making d4/d664/ a connector
info: 7400n ne dil16
info: n8881n ne dil14
info: 7406n ne dil16
info: 7406n ne dil16
info: ds8640n ne dil14
info: ds8640n ne dil14
info: ds8640n ne dil14
info: ds8640n ne dil14
info: 7404n ne dil16
info: 7404n ne dil16
info: 74175n ne dil16
info: ds8640n ne dil14
info: 74175n ne dil16
info: 7404n ne dil16
info: 74175n ne dil16
info: 74175n ne dil16
info: 7402n ne dil16
info: 7402n ne dil16
info: 7400n ne dil16
info: 7437n ne dil16
info: 7406n ne dil16
info: dec40pinsh ne dec40pinh
warning: making j1/dec40pinsh/ a connector
info: double ne edge_con4
warning: making u$3/double/ a connector
warning: non-bypass capacitor deleted: c25
unexpected OC output: testpoint at /home/vrs/Verilator/bin/topld.pl line 2034, <INPUT> line 966.
unexpected OC output: au2 at /home/vrs/Verilator/bin/topld.pl line 2034, <INPUT> line 966.
unexpected OC output: n_t_68x at /home/vrs/Verilator/bin/topld.pl line 2034, <INPUT> line 966.
