~/Verilator/bin/topld.pl M149X
info: 7400n ne dil14
info: single ne edge_con2
warning: making u$1/single/ a connector
warning: non-bypass capacitor deleted: c9
unexpected OC output: d1 at /home/vrs/Verilator/bin/topld.pl line 2034, <INPUT> line 258.
unexpected OC output: v2_l at /home/vrs/Verilator/bin/topld.pl line 2034, <INPUT> line 258.
unexpected OC output: u2_l at /home/vrs/Verilator/bin/topld.pl line 2034, <INPUT> line 258.
unexpected OC output: e1 at /home/vrs/Verilator/bin/topld.pl line 2034, <INPUT> line 258.
unexpected OC output: h2 at /home/vrs/Verilator/bin/topld.pl line 2034, <INPUT> line 274.
unexpected OC output: v2_l at /home/vrs/Verilator/bin/topld.pl line 2034, <INPUT> line 274.
unexpected OC output: u2_l at /home/vrs/Verilator/bin/topld.pl line 2034, <INPUT> line 274.
unexpected OC output: j2 at /home/vrs/Verilator/bin/topld.pl line 2034, <INPUT> line 274.
unexpected OC output: l1 at /home/vrs/Verilator/bin/topld.pl line 2034, <INPUT> line 305.
unexpected OC output: v2_l at /home/vrs/Verilator/bin/topld.pl line 2034, <INPUT> line 305.
unexpected OC output: u2_l at /home/vrs/Verilator/bin/topld.pl line 2034, <INPUT> line 305.
unexpected OC output: m1 at /home/vrs/Verilator/bin/topld.pl line 2034, <INPUT> line 305.
unexpected OC output: r1 at /home/vrs/Verilator/bin/topld.pl line 2034, <INPUT> line 320.
unexpected OC output: v2_l at /home/vrs/Verilator/bin/topld.pl line 2034, <INPUT> line 320.
unexpected OC output: u2_l at /home/vrs/Verilator/bin/topld.pl line 2034, <INPUT> line 320.
unexpected OC output: p1 at /home/vrs/Verilator/bin/topld.pl line 2034, <INPUT> line 320.
unexpected OC output: r2 at /home/vrs/Verilator/bin/topld.pl line 2034, <INPUT> line 336.
unexpected OC output: u2_l at /home/vrs/Verilator/bin/topld.pl line 2034, <INPUT> line 336.
unexpected OC output: p1 at /home/vrs/Verilator/bin/topld.pl line 2034, <INPUT> line 336.
unexpected OC output: m1 at /home/vrs/Verilator/bin/topld.pl line 2034, <INPUT> line 336.
