~/Verilator/bin/topld.pl M710B
info: cpol_use ne cpol_use15_5axial
info: cpol_use ne cpol_use15_5axial
info: cpol_use ne cpol_use15_5axial
info: cpol_use ne cpol_use15_5axial
info: cpol_use ne cpol_use15_5axial
info: 1n3606 ne diode_sod61b
warning: making d2/1n3606/ a connector
info: 1n3606 ne diode_sod61b
warning: making d3/1n3606/ a connector
info: 1n3606 ne diode_sod61b
warning: making d4/1n3606/ a connector
info: 7460n ne dil14
info: 7460n ne dil14
info: 7400n ne dil14
info: 7410n ne dil14
info: 7400n ne dil14
info: 7430n ne dil14
info: 7440n ne dil14
info: dec6534b ne _pnp_to92_ebc
warning: making q1/dec6534b/ a connector
info: dec6534b ne _pnp_to92_ebc
warning: making q2/dec6534b/ a connector
info: dec3009b ne _npn_to92_ebc
warning: making q3/dec3009b/ a connector
info: dec6534b ne _pnp_to92_ebc
warning: making q4/dec6534b/ a connector
info: dec3009b ne _npn_to92_ebc
warning: making q5/dec3009b/ a connector
info: dec3009b ne _npn_to92_ebc
warning: making q6/dec3009b/ a connector
info: double ne e15_5
warning: making u$2/double/ a connector
warning: non-bypass capacitor deleted: c1
warning: non-bypass capacitor deleted: c18
warning: non-bypass capacitor deleted: c19
warning: non-pullup resistor deleted: r9
warning: non-pullup resistor deleted: r11
warning: non-pullup resistor deleted: r14
