Unit 0:

 25-FEB-76

ABSLDR.SV	0070	5	1-JUN-69
CCL.SV   	0075	18	5-JUL-69
FOTP.SV  	0117	8	5-JUL-69
DIRECT.SV	0127	7	5-JUL-69
EDIT.SV  	0136	10	5-JUL-69
PAL8.SV  	0150	19	5-JUL-69
CREF.SV  	0173	13	5-JUL-69
PIP.SV   	0210	11	15-MAR-71
BOOT.SV  	0223	5	5-JUL-69
LOADER.SV	0230	12	5-JUL-69
SABR.SV  	0244	24	5-JUL-69
FORT.SV  	0274	25	5-JUL-69
LIBSET.SV	0325	5	5-JUL-69
BUILD.SV 	0332	33	21-JUL-69
SET.SV   	0373	14	6-JUL-69
SRCCOM.SV	0411	5	5-JUL-69
BITMAP.SV	0416	5	5-JUL-69
DTCOPY.SV	0423	5	5-JUL-69
TDCOPY.SV	0430	7	5-JUL-69
DTFRMT.SV	0437	7	5-JUL-69
TDFRMT.SV	0446	9	5-JUL-69
RXCOPY.SV	0457	6	5-JUL-69
MCPIP.SV 	0465	13	5-JUL-69
CAMP.SV  	0502	13	5-JUL-69
EPIC.SV  	0517	14	5-JUL-69
PIP10.SV 	0535	17	5-JUL-69
HELP.SV  	0556	8	5-JUL-69
RKLFMT.SV	0566	9	5-JUL-69
LIB8.RL  	0577	29	5-JUL-69
BTLPRE.SV	0634	33	26-MAY-70
RESORC.SV	0675	10	15-MAR-71
SI43SY.BN	0707	1	15-MAR-71
SI43NS.BN	0710	2	15-MAR-71
PASS2.SV 	0712	20	21-JUL-69
LIBRA.SV 	0736	11	5-JUL-69
<empty>  	0751	2	
SI43SY.PA	0753	14	26-AUG-72
LOAD.SV  	0771	16	5-JUL-69
FORLIB.RL	1011	170	5-JUL-69
BUIL50.SV	1263	23	28-MAY-71
<empty>  	1312	4	
D8AC.SV  	1316	15	17-APR-75
D8ACMO.SV	1335	15	22-APR-75
DPF.SV   	1354	31	29-FEB-72
SV2BN.SV 	1413	3	25-OCT-71
D0LEAE.SV	1416	17	23-APR-75
D0MEAE.SV	1437	12	3-MAY-75
RALF.SV  	1453	19	5-JUL-69
FRTS.SV  	1476	26	5-JUL-69
<empty>  	1530	13	
PASS3.SV 	1545	8	21-JUL-69
<empty>  	1555	33	
BLDTAP.SV	1616	33	23-MAY-71
STARWR.LD	1657	49	31-MAY-70
<empty>  	1740	1	
PASS2O.SV	1741	5	21-JUL-69
BUILD.BN 	1746	21	27-APR-75
BLDPTP.BN	1773	35	27-APR-75
F4.SV    	2036	20	21-JUL-69
<empty>  	2062	8	
D0MEAB.SV	2072	12	3-MAY-75
CONVRT.SV	2106	5	4-JAN-73
M43TST.SV	2113	12	17-NOV-74
STARCH.FT	2127	2	29-MAY-70
TES.SV   	2131	33	14-JUN-70
<empty>  	2172	16	
STARWR.RL	2212	52	31-MAY-70
<empty>  	2276	236	
PIP40.BN 	2652	14	28-FEB-76
KEY.PA   	2670	1	6-MAR-76
LPTEST.SV	2671	31	6-MAR-76
<empty>  	2730	33	
STARWR.FT	2771	73	31-MAY-70
<empty>  	3102	201	
DIR40.SV 	3413	7	3-FEB-72
<empty>  	3422	1	
CCBTCH.TM	3423	1	4-JAN-69
TESTE.PA 	3424	3	28-JAN-69
DILPAC.SV	3427	17	12-JUN-70
<empty>  	3450	2	
TD8GSY.PA	3452	28	26-MAY-70
<empty>  	3506	197	
RANGEN.FT	4013	1	30-MAY-70
PAL850.SV	4014	19	30-MAY-71
<empty>  	4037	3	
STARRN.FT	4042	2	31-MAY-70
<empty>  	4044	5	
STARRN.RL	4051	2	31-MAY-70
<empty>  	4053	2	
KL8E.BN  	4055	2	1-JAN-72
<empty>  	4057	312	
SI44SY.PA	4547	14	23-MAY-70
<empty>  	4565	1	
TD8ESY.PA	4566	20	1-AUG-69
TD8FSY.PA	4612	28	25-MAY-70
BTLDPE.SV	4646	33	27-MAY-70
<empty>  	4707	28	
RANGEN.LD	4743	4	31-MAY-70
TD8ESY.BN	4747	2	26-MAY-70
TD8FSY.BN	4751	2	26-MAY-70
TD8GSY.BN	4753	2	26-MAY-70
SI44SY.BN	4755	1	27-MAY-70
MACREL.SV	4756	83	19-JAN-71
<empty>  	5101	1	
STARCH.RL	5102	2	29-MAY-70
STARSC.FT	5104	2	29-MAY-70
<empty>  	5106	5	
STARSC.RL	5113	2	29-MAY-70
STARSH.FT	5115	3	29-MAY-70
<empty>  	5120	11	
STARSH.RL	5133	3	29-MAY-70
LINK.SV  	5136	55	19-JAN-71
<empty>  	5225	2	
SRAND.FT 	5227	4	30-MAY-70
KL8E.PA  	5233	35	1-JAN-72
BLSTEL.SV	5276	33	1-JAN-72
<empty>  	5337	118	
RANGEN.RL	5525	2	30-MAY-70
<empty>  	5527	15	
STARRN.RA	5546	4	3-JUN-70
<empty>  	5552	5	
FORTRN.RL	5557	2	8-JUN-70
<empty>  	5561	319	

Unit 1:

 8-JUL-2

ABSLDR.SV	0007	5	1-JUN-69
CCL.SV   	0014	18	5-JUL-69
FOTP.SV  	0036	8	5-JUL-69
DIRECT.SV	0046	7	5-JUL-69
EDIT.SV  	0055	10	5-JUL-69
PAL8.SV  	0067	19	5-JUL-69
CREF.SV  	0112	13	5-JUL-69
BOOT.SV  	0127	5	5-JUL-69
LOADER.SV	0134	12	5-JUL-69
SABR.SV  	0150	24	5-JUL-69
FORT.SV  	0200	25	5-JUL-69
RESORC.SV	0231	10	12-MAR-71
LIBSET.SV	0243	5	5-JUL-69
BUILD.SV 	0250	33	21-JUL-69
SET.SV   	0311	14	6-JUL-69
SRCCOM.SV	0327	5	5-JUL-69
BITMAP.SV	0334	5	5-JUL-69
DTCOPY.SV	0341	5	5-JUL-69
TDCOPY.SV	0346	7	5-JUL-69
DTFRMT.SV	0355	7	5-JUL-69
TDFRMT.SV	0364	9	5-JUL-69
RXCOPY.SV	0375	6	5-JUL-69
MCPIP.SV 	0403	13	5-JUL-69
CAMP.SV  	0420	13	5-JUL-69
EPIC.SV  	0435	14	5-JUL-69
PIP10.SV 	0453	17	5-JUL-69
HELP.SV  	0474	8	5-JUL-69
RKLFMT.SV	0504	9	5-JUL-69
LIB8.RL  	0515	29	5-JUL-69
BLTDSI.SV	0552	33	11-MAR-71
PIP.SV   	0613	11	12-MAR-71
BLSITD.SV	0626	33	12-MAR-71
DJFPAB.DG	0667	31	15-MAY-70
DJKMAC.DG	0726	13	24-OCT-69
<empty>  	0743	12	
DJFPBC.DG	0757	33	15-MAY-70
PAL850.BN	1020	22	26-MAY-71
<empty>  	1046	2698	

