Unit 0:

 18-AUG-76

D8AC.SV  	0007	15	17-APR-75
DILACB.SV	0026	14	21-JAN-69
<empty>  	0044	1	
D0LEAE.SV	0045	17	23-APR-75
D0MEAE.SV	0066	12	3-MAY-75
DILPAN.SV	0102	17	9-MAR-69
DJFPAB.DG	0123	31	15-MAY-70
DJFPBC.DG	0162	33	15-MAY-70
DJFPBC.SV	0223	33	5-JAN-73
DJFPBC.BN	0264	41	5-JAN-73
DJFPAB.SV	0335	31	6-OCT-74
D0BB.SV  	0374	11	29-SEP-73
D0AB.SV  	0407	12	4-AUG-76
D0CC.SV  	0423	13	29-SEP-73
D0IB.SV  	0440	11	3-OCT-73
D0EB.SV  	0453	5	3-OCT-73
D0DB.SV  	0460	4	3-OCT-73
<empty>  	0464	3	
D0GC.SV  	0467	3	4-OCT-73
DJFPAB.PA	0472	768	6-OCT-74
DJDKAD.SV	2072	12	28-JUL-70
<empty>  	2106	2	
DM8E50.SV	2110	8	1-DEC-71
DJKABS.SV	2120	13	6-DEC-71
DJKMAE.SV	2135	13	5-FEB-72
DJKMAD.SV	2152	13	3-FEB-72
AJKTAB.SV	2167	17	29-AUG-72
DJDKAD.BN	2210	14	31-JUL-70
DJKMAD.BN	2226	14	3-FEB-72
<empty>  	2244	2	
D0HC.SV  	2246	10	29-OCT-73
D1AA.SV  	2260	10	29-OCT-73
DHPCA.SV 	2272	10	29-OCT-73
DHTDAB.SV	2304	15	6-AUG-74
DHTDAA.SV	2323	15	6-AUG-74
D1GA.SV  	2342	10	14-AUG-76
DHKEAE.SV	2354	10	18-SEP-76
D2AA.SV  	2366	14	15-AUG-76
DM8E40.SV	2404	8	21-SEP-76
<empty>  	2414	7	
DHKLD.SV 	2423	15	20-AUG-76
DHPCAB.SV	2442	10	15-DEC-76
DILPAC.SV	2454	17	12-JUN-70
DJKMAC.DG	2475	13	24-OCT-69
DJKMAC.SV	2512	13	3-JAN-72
<empty>  	2527	2	
DHMCA.SV 	2531	10	21-SEP-76
DHKMA.SV 	2543	17	21-SEP-76
DHKMC.SV 	2564	14	21-SEP-76
SI3040.SV	2602	12	27-SEP-76
M43TST.SV	2616	12	17-NOV-74
DHTDAD.SV	2632	15	20-NOV-76
TDCOPY.SV	2651	7	26-NOV-76
TDFRMT.SV	2660	9	5-JUL-69
D8ACMO.SV	2671	15	9-DEC-76
DJFPBC.PA	2710	783	5-JAN-73
<empty>  	4327	809	
DJKMAE.BN	6000	15	5-FEB-72
DJKMAC.BN	6017	14	31-JUL-70
DJFPAB.BN	6035	41	6-OCT-74
<empty>  	6106	106	

Unit 1:

 6-NOV-2

DMPSI1.BN	0007	2	15-MAR-71
SI3040.PA	0011	99	27-SEP-76
SI3040.BN	0154	15	27-SEP-76
DHPCA.PA 	0173	147	24-OCT-73
DHPCA.BN 	0416	10	24-OCT-73
DMPTD8.BN	0430	3	12-MAR-71
DM8E40.PA	0433	55	21-SEP-76
DM8E40.BN	0522	7	21-SEP-76
DM8E40.LS	0531	111	21-SEP-76
EDITOR.PA	0710	14	6-MAR-69
EDITOR.BN	0726	1	6-MAR-69
EDITOR.LS	0727	33	6-MAR-69
EDITO5.PA	0770	14	28-JAN-69
DHPCAB.PA	1006	148	12-DEC-76
DMPTD5.BN	1232	3	14-JUL-70
<empty>  	1235	600	
DHPCAB.BN	2365	10	12-DEC-76
DMPTD5.PA	2377	56	14-JUL-70
<empty>  	2467	489	
DMPSI1.PA	3440	30	15-MAR-71
DHTDAD.PA	3476	220	23-NOV-76
DHTDAD.BN	4032	17	23-NOV-76
DJFPBC.BN	4053	41	5-JAN-73
<empty>  	4124	380	
TD8ESY.PA	4720	20	1-AUG-69
<empty>  	4744	34	
DILPAN.BN	5006	17	9-MAR-69
DJFPBC.LS	5027	0	1-OCT-74
<empty>  	5027	665	

