~/Verilog/bin/topld.pl M703X
info: cpol_use ne cpol_use12_4axial
info: cpol_use ne cpol_use12_4axial
info: 1n4154 ne 1n4148do35_10
warning: making d1/1n4154/ a connector
info: 1n4154 ne 1n4148do35_10
warning: making d3/1n4154/ a connector
info: 1n4154 ne 1n4148do35_10
warning: making d4/1n4154/ a connector
info: 7430n ne dil14
info: 7400n ne dil14
info: 7460n ne dil14
info: 7400n ne dil14
info: 7400n ne dil14
info: 7400n ne dil14
info: 7460n ne dil14
info: mps6534 ne 2n2904
warning: making q1/mps6534/ a connector
info: mps6534 ne 2n2904
warning: making q2/mps6534/ a connector
info: mps6534 ne 2n2904
warning: making q3/mps6534/ a connector
info: mps6534 ne 2n2904
warning: making q4/mps6534/ a connector
info: pn3569 ne 2n2219
warning: making q5/pn3569/ a connector
info: pn3569 ne 2n2219
warning: making q6/pn3569/ a connector
info: mps6534 ne 2n2904
warning: making q7/mps6534/ a connector
info: pn3569 ne 2n2219
warning: making q8/pn3569/ a connector
info: pn3569 ne 2n2219
warning: making q9/pn3569/ a connector
warning: making sw1/se14/ a connector
warning: making swgnd/se14/ a connector
info: single ne edge_con2
warning: making u$2/single/ a connector
warning: non-bypass capacitor deleted: c1
warning: non-bypass capacitor deleted: c2
warning: non-bypass capacitor deleted: c7
warning: non-bypass capacitor deleted: c14
~/Verilog/bin/smaller.pl M703X.PLD >vv || (rm vv; exit 1)
4 signals were removed:
  n_t_11x: !n_t_10x
  n_t_18x: !n_t_4x
  n_t_5x: !n_t_26x
  n_t_8x: !n_t_24x
~/Verilog/bin/smaller.pl vv >M703XX.PLD || (rm M703XX.PLD; exit 1)
0 signals were removed:
~/Verilog/bin/cupl2v.pl M703XX.PLD >vv || (rm vv; exit 1)
mv vv M703X.v
rm M703XX.PLD
