~/Verilog/bin/topld.pl M503X
info: 1n4154 ne 1n4148do35_10
warning: making d1/1n4154/ a connector
info: 1n4154 ne 1n4148do35_10
warning: making d10/1n4154/ a connector
info: 1n4154 ne 1n4148do35_10
warning: making d11/1n4154/ a connector
info: 1n4154 ne 1n4148do35_10
warning: making d12/1n4154/ a connector
info: 1n4154 ne 1n4148do35_10
warning: making d13/1n4154/ a connector
info: 1n4154 ne 1n4148do35_10
warning: making d14/1n4154/ a connector
info: 1n4154 ne 1n4148do35_10
warning: making d15/1n4154/ a connector
info: 1n4154 ne 1n4148do35_10
warning: making d16/1n4154/ a connector
info: 1n4154 ne 1n4148do35_10
warning: making d17/1n4154/ a connector
info: 1n4154 ne 1n4148do35_10
warning: making d2/1n4154/ a connector
info: 1n4154 ne 1n4148do35_10
warning: making d3/1n4154/ a connector
info: 1n4154 ne 1n4148do35_10
warning: making d4/1n4154/ a connector
info: 1n4154 ne 1n4148do35_10
warning: making d5/1n4154/ a connector
info: 1n4154 ne 1n4148do35_10
warning: making d6/1n4154/ a connector
info: 1n4154 ne 1n4148do35_10
warning: making d7/1n4154/ a connector
info: 1n752a ne 5.6v
warning: making d8/1n752a/ a connector
info: 1n752a ne 5.6v
warning: making d9/1n752a/ a connector
info: 7400n ne dil14
info: 7400n ne dil14
info: mc1709 ne lm301c
warning: making e3/mc1709/ a connector
info: mc1709 ne lm301b
warning: making e4/mc1709/ a connector
info: pn3569 ne 2n3019
warning: making q1/pn3569/ a connector
info: 2n3906 ne 2n2904
warning: making q10/2n3906/ a connector
info: pn3569 ne 2n3019
warning: making q11/pn3569/ a connector
info: pn3569 ne 2n3019
warning: making q12/pn3569/ a connector
info: bc557 ne 2n2904
warning: making q2/bc557/ a connector
info: pn3569 ne 2n3019
warning: making q3/pn3569/ a connector
info: bc557 ne 2n2904
warning: making q4/bc557/ a connector
info: 2n3906 ne 2n2904
warning: making q5/2n3906/ a connector
info: pn3569 ne 2n3019
warning: making q6/pn3569/ a connector
info: bc557 ne 2n2904
warning: making q7/bc557/ a connector
info: pn3569 ne 2n3019
warning: making q8/pn3569/ a connector
info: bc557 ne 2n2904
warning: making q9/bc557/ a connector
info: 34.8k ne mf
warning: making r10/34.8k/ a connector
info: 34.8k ne mf
warning: making r12/34.8k/ a connector
info: 34.8k ne mf
warning: making r13/34.8k/ a connector
info: 34.8k ne mf
warning: making r26/34.8k/ a connector
info: 34.8k ne mf
warning: making r27/34.8k/ a connector
info: 34.8k ne mf
warning: making r29/34.8k/ a connector
info: 34.8k ne mf
warning: making r30/34.8k/ a connector
info: 34.8k ne mf
warning: making r9/34.8k/ a connector
info: single ne edge_con2
warning: making u$2/single/ a connector
warning: non-bypass capacitor deleted: c3
warning: non-bypass capacitor deleted: c4
warning: non-bypass capacitor deleted: c5
warning: non-bypass capacitor deleted: c6
warning: non-bypass capacitor deleted: c7
warning: non-bypass capacitor deleted: c8
warning: non-bypass capacitor deleted: c9
warning: non-bypass capacitor deleted: c10
warning: non-bypass capacitor deleted: c11
warning: non-bypass capacitor deleted: c12
warning: non-bypass capacitor deleted: c13
warning: non-bypass capacitor deleted: c14
warning: non-bypass capacitor deleted: c15
~/Verilog/bin/smaller.pl M503X.PLD >vv || (rm vv; exit 1)
4 signals were removed:
  n_t_12x: !n_t_15x
  n_t_18x: !n_t_10x
  n_t_4x: !n_t_3x
  n_t_9x: !n_t_1x
~/Verilog/bin/smaller.pl vv >M503XX.PLD || (rm M503XX.PLD; exit 1)
0 signals were removed:
~/Verilog/bin/cupl2v.pl M503XX.PLD >vv || (rm vv; exit 1)
mv vv M503X.v
rm M503XX.PLD
