~/Verilog/bin/topld.pl M044X
info: 100pf ne 100v
warning: making c3/100pf/ a connector
info: 100pf ne 100v
warning: making c4/100pf/ a connector
info: 100pf ne 100v
warning: making c5/100pf/ a connector
info: 100pf ne 100v
warning: making c6/100pf/ a connector
info: 1n4154 ne 1n4148do35_10
warning: making d1/1n4154/ a connector
info: 1n4154 ne 1n4148do35_10
warning: making d10/1n4154/ a connector
info: 1n4154 ne 1n4148do35_10
warning: making d11/1n4154/ a connector
info: 1n914v ne 1n4148do35_10
warning: making d12/1n914v/ a connector
info: 1n4154 ne 1n4148do35_10
warning: making d2/1n4154/ a connector
info: 1n914v ne 1n4148do35_10
warning: making d3/1n914v/ a connector
info: 1n4154 ne 1n4148do35_10
warning: making d4/1n4154/ a connector
info: 1n4154 ne 1n4148do35_10
warning: making d5/1n4154/ a connector
info: 1n914v ne 1n4148do35_10
warning: making d6/1n914v/ a connector
info: 1n4154 ne 1n4148do35_10
warning: making d7/1n4154/ a connector
info: 1n4154 ne 1n4148do35_10
warning: making d8/1n4154/ a connector
info: 1n914v ne 1n4148do35_10
warning: making d9/1n914v/ a connector
info: pn3569 ne 2n3019
warning: making q1/pn3569/ a connector
info: pn3569 ne 2n3019
warning: making q2/pn3569/ a connector
info: pn3569 ne 2n3019
warning: making q3/pn3569/ a connector
info: pn3569 ne 2n3019
warning: making q4/pn3569/ a connector
info: mps6534 ne _pnp_to39_ebc
warning: making q5/mps6534/ a connector
info: mps6534 ne _pnp_to39_ebc
warning: making q6/mps6534/ a connector
info: mps6534 ne _pnp_to39_ebc
warning: making q7/mps6534/ a connector
info: mps6534 ne _pnp_to39_ebc
warning: making q8/mps6534/ a connector
info: edge_1 ne edge_con1
warning: making u$2/edge_1/ a connector
warning: non-pullup resistor deleted: r2
warning: non-pullup resistor deleted: r4
warning: non-pullup resistor deleted: r6
warning: non-pullup resistor deleted: r8
~/Verilog/bin/smaller.pl M044X.PLD >vv || (rm vv; exit 1)
0 signals were removed:
~/Verilog/bin/smaller.pl vv >M044XX.PLD || (rm M044XX.PLD; exit 1)
0 signals were removed:
~/Verilog/bin/cupl2v.pl M044XX.PLD >vv || (rm vv; exit 1)
mv vv M044X.v
rm M044XX.PLD
