~/Verilog/bin/topld.pl M215X
info: cpol_use ne cpol_use20_8axial
info: 7482n ne dil14
info: 7482n ne dil14
info: single ne e12_8
warning: making u$2/single/ a connector
~/Verilog/bin/smaller.pl M215X.PLD >vv || (rm vv; exit 1)
10 signals were removed:
  n_t_10x: !d2
  n_t_16x: !k2
  n_t_17x: !l2
  n_t_31x: !j2
  n_t_32x: !m2
  n_t_38x: !n2
  n_t_39x: !s2
  n_t_5x: !p2
  n_t_7x: !f2
  n_t_8x: !h2
~/Verilog/bin/smaller.pl vv >M215XX.PLD || (rm M215XX.PLD; exit 1)
0 signals were removed:
~/Verilog/bin/cupl2v.pl M215XX.PLD >vv || (rm vv; exit 1)
mv vv M215X.v
rm M215XX.PLD
