
 25-FEB-76

LOAD.PA  	0007	168	1-AUG-69
PLOT.RA  	0257	13	1-AUG-69
CHARS.RA 	0274	6	1-AUG-69
DATE.RA  	0302	5	1-AUG-69
ASIN.RA  	0307	4	1-AUG-69
ATAN.RA  	0313	5	1-AUG-69
FLOAT.RA 	0320	1	1-AUG-69
EXP.RA   	0321	5	1-AUG-69
IFIX.RA  	0326	2	1-AUG-69
SINH.RA  	0330	5	1-AUG-69
CSIN.RA  	0335	4	1-AUG-69
AMOD.RA  	0341	3	1-AUG-69
COSH.RA  	0344	4	1-AUG-69
DMAX1.RA 	0350	2	1-AUG-69
DBLE.RA  	0352	2	1-AUG-69
ACOS.RA  	0354	4	1-AUG-69
DABS.RA  	0360	1	1-AUG-69
ONQIB.RA 	0361	5	1-AUG-69
SIND.RA  	0366	2	1-AUG-69
SIGN.RA  	0370	2	1-AUG-69
SNGL.RA  	0372	1	1-AUG-69
TANH.RA  	0373	2	1-AUG-69
EXPII.RA 	0375	3	1-AUG-69
ADC.RA   	0400	3	1-AUG-69
LTR.RA   	0403	2	1-AUG-69
CLOG.RA  	0405	3	1-AUG-69
DMOD.RA  	0410	4	1-AUG-69
DLOG10.RA	0414	2	1-AUG-69
TAND.RA  	0416	2	1-AUG-69
DEXP3.RA 	0420	3	1-AUG-69
DLOG.RA  	0423	8	1-AUG-69
CSQRT.RA 	0433	4	1-AUG-69
REAL.RA  	0437	3	1-AUG-69
SIN.RA   	0442	6	1-AUG-69
TAN.RA   	0450	2	1-AUG-69
CABS.RA  	0452	2	1-AUG-69
DSIN.RA  	0454	8	1-AUG-69
DCOS.RA  	0464	2	1-AUG-69
CEXP.RA  	0466	3	1-AUG-69
DATAN.RA 	0471	7	1-AUG-69
ALOG.RA  	0500	7	1-AUG-69
DMIN1.RA 	0507	2	1-AUG-69
AMIN.RA  	0511	3	1-AUG-69
EXP3.RA  	0514	3	1-AUG-69
DSQRT.RA 	0517	3	1-AUG-69
COS.RA   	0522	2	1-AUG-69
RSW.RA   	0524	8	1-AUG-69
DEXP.RA  	0534	9	1-AUG-69
CHKEOF.RA	0545	2	1-AUG-69
DATAN2.RA	0547	4	1-AUG-69
RFDV.RA  	0553	3	1-AUG-69
RFCV.RA  	0556	2	1-AUG-69
PAUSE.RA 	0560	2	1-AUG-69
CARITH.RA	0562	5	1-AUG-69
EXPID.RA 	0567	1	1-AUG-69
EXPID2.RA	0570	3	1-AUG-69
CMPLX.RA 	0573	2	1-AUG-69
EXPDD.RA 	0575	1	1-AUG-69
EXPIC.RA 	0576	5	1-AUG-69
EXPDI.RA 	0603	3	1-AUG-69
EXPCC.RA 	0606	6	1-AUG-69
DSIGN.RA 	0614	2	1-AUG-69
CLOCK.RA 	0616	27	1-AUG-69
CLK8A.RA 	0651	29	1-AUG-69
AMAX.RA  	0706	3	1-AUG-69
COSD.RA  	0711	2	1-AUG-69
ATAN2.RA 	0713	4	1-AUG-69
LIBRA.PA 	0717	75	1-AUG-69
PASS3.PA 	1032	44	1-AUG-69
<empty>  	1106	155	

