
 18-AUG-76

BASIC.SV 	0007	9	21-JUL-69
BCOMP.SV 	0020	17	21-JUL-69
BLOAD.SV 	0041	8	21-JUL-69
BRTS.SV  	0051	15	21-JUL-69
BASIC.AF 	0070	4	21-JUL-69
BASIC.SF 	0074	4	21-JUL-69
BASIC.FF 	0100	4	21-JUL-69
<empty>  	0104	23	
BASIC.UF 	0133	4	21-JUL-69
MSBAT.SV 	0137	23	5-JUL-69
TECO.SV  	0166	22	5-JUL-69
BATCH.SV 	0214	10	5-JUL-69
RESEQ.BA 	0226	6	21-JUL-69
<empty>  	0234	3	
GENIOX.RL	0237	3	6-JUL-69
GENIOX.SB	0242	14	26-APR-69
FUTIL.SV 	0260	26	21-JUL-69
EABRTS.BN	0312	24	21-JUL-69
<empty>  	0342	511	

