
 18-AUG-76

SQRT.RA  	0007	8	27-APR-69
XFIX.RA  	0017	1	26-APR-69
ABS.RA   	0020	1	27-APR-69
REALTM.RA	0021	15	27-APR-69
ALOG10.RA	0040	2	27-APR-69
DIM.RA   	0042	1	27-APR-69
IDINT.RA 	0043	2	27-APR-69
EXPCI.RA 	0045	4	26-APR-69
EXPDR.RA 	0051	1	26-APR-69
EXPIR.RA 	0052	1	26-APR-69
PLOT.RA  	0053	13	27-APR-69
CHARS.RA 	0070	6	27-APR-69
DATE.RA  	0076	5	28-APR-69
ASIN.RA  	0103	4	27-APR-69
ATAN.RA  	0107	5	27-APR-69
FLOAT.RA 	0114	1	27-APR-69
EXP.RA   	0115	5	27-APR-69
IFIX.RA  	0122	2	27-APR-69
SINH.RA  	0124	5	28-APR-69
CSIN.RA  	0131	4	27-APR-69
AMOD.RA  	0135	3	27-APR-69
COSH.RA  	0140	4	27-APR-69
DMAX1.RA 	0144	2	27-APR-69
DBLE.RA  	0146	2	27-APR-69
ACOS.RA  	0150	4	27-APR-69
DABS.RA  	0154	1	27-APR-69
ONQIB.RA 	0155	5	28-APR-69
SIND.RA  	0162	2	27-APR-69
SIGN.RA  	0164	2	27-APR-69
SNGL.RA  	0166	1	26-APR-69
TANH.RA  	0167	2	27-APR-69
EXPII.RA 	0171	3	26-APR-69
ADC.RA   	0174	3	27-APR-69
LTR.RA   	0177	2	26-APR-69
CLOG.RA  	0201	3	27-APR-69
DMOD.RA  	0204	4	27-APR-69
DLOG10.RA	0210	2	26-APR-69
TAND.RA  	0212	2	27-APR-69
DEXP3.RA 	0214	3	26-APR-69
DLOG.RA  	0217	8	27-APR-69
CSQRT.RA 	0227	4	27-APR-69
REAL.RA  	0233	3	27-APR-69
SIN.RA   	0236	6	27-APR-69
TAN.RA   	0244	2	27-APR-69
CABS.RA  	0246	2	27-APR-69
DSIN.RA  	0250	8	27-APR-69
DCOS.RA  	0260	2	27-APR-69
CEXP.RA  	0262	3	26-APR-69
DATAN.RA 	0265	7	26-APR-69
ALOG.RA  	0274	7	26-APR-69
DMIN1.RA 	0303	2	26-APR-69
AMIN.RA  	0305	3	26-APR-69
EXP3.RA  	0310	3	26-APR-69
DSQRT.RA 	0313	3	27-APR-69
COS.RA   	0316	2	27-APR-69
RSW.RA   	0320	8	26-APR-69
DEXP.RA  	0330	9	26-APR-69
CHKEOF.RA	0341	2	26-APR-69
DATAN2.RA	0343	4	27-APR-69
RFDV.RA  	0347	3	26-APR-69
RFCV.RA  	0352	2	26-APR-69
PAUSE.RA 	0354	2	26-APR-69
CARITH.RA	0356	5	26-APR-69
EXPID.RA 	0363	1	26-APR-69
EXPID2.RA	0364	3	26-APR-69
CMPLX.RA 	0367	2	27-APR-69
EXPDD.RA 	0371	1	26-APR-69
EXPIC.RA 	0372	5	26-APR-69
EXPDI.RA 	0377	3	26-APR-69
EXPCC.RA 	0402	6	26-APR-69
DSIGN.RA 	0410	2	27-APR-69
CLOCK.RA 	0412	27	26-APR-69
CLK8A.RA 	0445	29	26-APR-69
AMAX.RA  	0502	3	26-APR-69
COSD.RA  	0505	2	27-APR-69
ATAN2.RA 	0507	4	27-APR-69
<empty>  	0513	406	

