
 25-FEB-76

ABSLDR.SV	0070	5	12-SEP-72
LIB8.RL  	0075	30	20-SEP-72
PIP.SV   	0133	11	20-SEP-72
EDIT.SV  	0146	10	20-SEP-72
PAL8.SV  	0160	16	20-SEP-72
FORT.SV  	0200	25	20-SEP-72
SABR.SV  	0231	24	20-SEP-72
LOADER.SV	0261	12	20-SEP-72
CREF.SV  	0275	13	20-SEP-72
BITMAP.SV	0312	5	20-SEP-72
BUILD.SV 	0317	29	20-SEP-72
SRCCOM.SV	0354	5	20-SEP-72
DTCOPY.SV	0361	5	20-SEP-72
EPIC.SV  	0366	17	20-SEP-72
<empty>  	0407	5	
FOCAL8.BN	0414	19	1-OCT-72
NONEAE.BN	0437	8	1-OCT-72
EAEFPP.BN	0447	8	1-OCT-72
27BFPP.BN	0457	9	1-OCT-72
TDCOPY.SV	0470	7	20-SEP-72
<empty>  	0477	418	

