
 18-AUG-76

CCL.SV   	0070	18	0-0-70
DIRECT.SV	0112	7	0-0-70
ABSLDR.SV	0121	5	1-JUN-69
BITMAP.SV	0126	5	0-0-70
BOOT.SV  	0133	5	16-JAN-71
CREF.SV  	0140	13	0-0-70
EDIT.SV  	0155	10	9-JUN-73
EPIC.SV  	0167	14	0-0-70
FBOOT.SV 	0205	2	28-MAR-76
FOTP.SV  	0207	8	0-0-70
PAL8.SV  	0217	19	0-0-70
PIP.SV   	0242	11	0-0-70
PT8E.BN  	0255	1	5-JUL-69
RESORC.SV	0256	10	0-0-70
SABR.SV  	0270	24	0-0-70
TECO.SV  	0320	22	0-0-70
BCOMP.SV 	0346	17	0-0-70
BLOAD.SV 	0367	8	0-0-70
BRTS.SV  	0377	15	0-0-70
ECHO.SV  	0416	2	0-0-70
SET.SV   	0420	14	0-0-70
BATCH.SV 	0436	10	0-0-70
FUTIL.SV 	0450	26	15-FEB-71
IDS.SV   	0502	5	0-0-70
RALF.SV  	0507	19	5-JUL-69
LOAD.SV  	0532	16	5-JUL-69
LIBRA.SV 	0552	11	5-JUL-69
LCSYS.BI 	0565	3	0-0-70
UCSYS.BI 	0570	3	0-0-70
TD8EDT.BN	0573	3	5-AUG-76
TDFRMT.SV	0576	9	5-JUL-69
TDCOPY.SV	0607	7	5-JUL-69
F4.SV    	0616	20	21-JUL-69
PASS2.SV 	0642	20	21-JUL-69
PASS2O.SV	0666	5	21-JUL-69
PASS3.SV 	0673	8	21-JUL-69
FRTS.SV  	0703	26	4-OCT-71
FORLIB.RL	0735	170	5-JUL-69
TEST.FT  	1207	1	11-JAN-73
<empty>  	1210	89	

