
 18-AUG-76

FOC.SV   	0070	27	3-SEP-74
FOCD.SV  	0123	27	3-SEP-74
FOCF.SV  	0156	27	3-SEP-74
FOCDF.SV 	0211	27	3-NOV-75
ABSLDR.SV	0244	5	15-JAN-74
CCL.SV   	0251	17	26-FEB-74
DIRECT.SV	0272	7	18-JAN-74
FOTP.SV  	0301	8	18-JAN-74
PIP.SV   	0311	11	18-JAN-74
EDDY.SV  	0324	10	18-JUL-74
BOOT.SV  	0336	5	18-JAN-74
EPIC.SV  	0343	14	18-JAN-74
TDFRMT.SV	0361	9	18-JAN-74
BATCH.SV 	0372	10	18-JAN-74
BASIC.SV 	0404	9	18-JAN-74
BASIC.AF 	0415	4	18-JAN-74
BASIC.SF 	0421	4	18-JAN-74
BASIC.FF 	0425	4	18-JAN-74
BASIC.UF 	0431	3	20-JUL-75
<empty>  	0434	1	
BCOMP.SV 	0435	17	18-JAN-74
BLOAD.SV 	0456	7	18-JAN-74
BRTS.SV  	0465	15	18-JAN-74
RESEQ.BA 	0504	6	18-JAN-74
TECO.SV  	0512	12	18-JAN-74
COPY.SV  	0526	7	28-MAR-75
RKEFMT.SV	0535	6	19-SEP-75
BOTD3H.SV	0543	33	19-SEP-75
BORK3L.SV	0604	33	19-SEP-75
BORK3H.SV	0645	33	19-SEP-75
BOTD3L.SV	0706	33	19-SEP-75
RESORC.SV	0747	10	30-OCT-75
KAKLBG.FD	0761	5	1-DEC-75
FRTS.SV  	0766	26	30-JAN-76
SDR11.FD 	1020	7	21-MAR-70
FCRE.LD  	1027	6	14-MAY-74
F7.DA    	1035	1	31-JAN-76
F8.DA    	1036	1	31-JAN-76
F1.DA    	1037	1	31-JAN-76
F5.DA    	1040	1	31-JAN-76
F9.DA    	1041	1	31-JAN-76
SYSDSK.BI	1042	2	31-JAN-76
SUSI1.DA 	1044	7	0-0-70
RNKPA.FC 	1053	7	12-FEB-76
RNKP1.FC 	1062	10	12-FEB-76
DHRKB.SV 	1074	16	0-0-70
DHRKC.SV 	1114	9	0-0-70
<empty>  	1125	140	

