
 18-AUG-76

ABSLDR.SV	0070	6	9-JUL-71
CCL.SV   	0076	40	18-OCT-72
RESORC.SV	0146	16	15-JAN-72
BOOT.SV  	0166	5	3-MAR-72
RXCOPY.SV	0173	9	1-JUL-71
PAL8.SV  	0204	19	1-JUL-71
EDIT.SV  	0227	10	31-AUG-71
FOTP.SV  	0241	8	24-JAN-72
DIRECT.SV	0251	7	3-FEB-72
BATCH.SV 	0260	17	3-FEB-72
PIP.SV   	0301	11	24-JAN-72
SET.SV   	0314	17	4-FEB-72
TDCOPY.SV	0335	7	18-JAN-74
TDFRMT.SV	0344	9	5-JUL-69
BLDSI.SV 	0355	37	2-SEP-72
SRCCOM.SV	0422	5	9-JUL-71
BITMAP.SV	0427	5	1-JUL-71
CREF.SV  	0434	14	9-JUL-71
KREF.SV  	0452	12	19-JAN-71
LOADER.SV	0466	12	13-OCT-72
SABR.SV  	0502	24	13-OCT-72
M43TST.SV	0532	12	17-NOV-74
BLDTD.SV 	0546	37	27-FEB-73
LPTSPL.SV	0613	2	15-OCT-72
TECO.IN  	0615	1	26-NOV-71
TECO.SV  	0616	32	31-OCT-72
TECO.BK  	0656	1	30-OCT-72
TECO.TE  	0657	1	30-OCT-72
VTEDIT.TE	0660	5	2-OCT-72
BLMSI.SV 	0665	37	2-SEP-72
TEST.43  	0732	17	17-MAR-76
TDFORM.SV	0753	9	26-JAN-75
TTYTST.SV	0764	14	3-FEB-73
TD8EMD.SV	1002	17	3-FEB-73
INTST1.SV	1023	11	3-FEB-73
INTST2.SV	1036	11	3-FEB-73
ADDTST.SV	1051	13	3-FEB-73
RNDAND.SV	1066	4	3-FEB-73
BSJPJS.SV	1072	11	3-FEB-73
EXMMAD.SV	1105	9	3-FEB-73
CHKBDE.SV	1116	9	3-FEB-73
KE8E1.SV 	1127	17	3-FEB-73
KE8E2.SV 	1150	12	3-FEB-73
EXMEMC.SV	1164	9	8-SEP-72
TD8ETE.SV	1175	17	19-AUG-69
MEMEXT.SV	1216	10	11-DEC-74
KL8TST.SV	1230	15	27-DEC-74
DR8EA.SV 	1247	10	11-JUL-70
<empty>  	1261	48	

