~/Verilog/bin/smaller.pl M7105B.PLD >vv || (rm vv; exit 1)
24 signals were removed:
  bdata0: !main
  bdata2_l: !rdy_s_r_w
  bint_strobe: int_strobe
  brk_enable: !brk_enable_l
  brk_in: !brk_in_l
  btp1: tp1
  bts2: !ts2
  bts4: !ts4
  data_enable_l: !data_enable
  disk_priority: !data_state_l
  drive1_l: !drive0_l
  drive3_l: !drive2_l
  last_brk_l: !last_brk
  mad: !mak
  malc_l: !malc
  md_rk_l: 'b'1
  n3v: !b_last_brk
  n_t_103x: !ema1
  n_t_15x: !bdata2
  n_t_48x: !ext_cyl_addrs
  n_t_530x: !dsk_seek_fail_l
  n_t_7x: !aiot5l
  nbr_l: !nbr
  set_main_brk: !set_main_brk_l
~/Verilog/bin/smaller.pl vv >M7105BX.PLD || (rm M7105BX.PLD; exit 1)
1 signals were removed:
  brk_in_l: brk_dir
~/Verilog/bin/cupl2v.pl M7105BX.PLD >vv || (rm vv; exit 1)
ext_cyl_addrs.j at /home/vrs/Verilog/bin/cupl2v.pl line 272, <INPUT> line 1845.
../Makefile:29: recipe for target 'M7105B.v' failed
make: *** [M7105B.v] Error 1
rm M7105BX.PLD
