
 25-FEB-76

HELP.FC  	0007	6	11-SEP-71
HELPER.RE	0015	2	11-SEP-71
DIRECA.RD	0017	6	11-SEP-71
DIRECI.RD	0025	4	11-SEP-71
DIRECR.RD	0031	4	11-SEP-71
SDIREC.RD	0035	2	11-SEP-71
ERASE.FD 	0037	1	11-SEP-71
HANGWD.FD	0040	2	11-SEP-71
LIBRAR.RE	0042	6	11-SEP-71
HFILE1.RE	0050	6	11-SEP-71
HFILE2.RE	0056	6	11-SEP-71
COMMA1.RE	0064	6	11-SEP-71
COMMA2.RE	0072	4	11-SEP-71
COMMA3.RE	0076	6	11-SEP-71
CATLOG.FC	0104	3	11-SEP-71
INDEX.RE 	0107	6	11-SEP-71
HERROR.RE	0115	6	11-SEP-71
FUNCT1.RE	0123	6	11-SEP-71
FUNCT2.RE	0131	5	11-SEP-71
SYMBO1.RE	0136	6	11-SEP-71
SYMBO2.RE	0144	6	11-SEP-71
SUMCOM.RE	0152	6	11-SEP-71
MISCL1.RE	0160	6	11-SEP-71
MISCL2.RE	0166	6	11-SEP-71
MISCL3.RE	0174	6	11-SEP-71
PFOCAL.SV	0202	26	19-NOV-71
TECO.SV  	0234	14	5-JAN-72
<empty>  	0252	116	
LISTAL.FD	0436	4	11-SEP-71
LISTAL.RD	0442	4	11-SEP-71
INTRST.FC	0446	3	11-SEP-71
CHISQR.FC	0451	5	11-SEP-71
STAT1.FC 	0456	6	11-SEP-71
STAT2.FC 	0464	5	11-SEP-71
ADDEX.FC 	0471	2	11-SEP-71
BARON.FC 	0473	6	11-SEP-71
TRIANG.FC	0501	4	11-SEP-71
CALNDR.FC	0505	3	11-SEP-71
HANGMN.FC	0510	5	11-SEP-71
HANOI.FC 	0515	5	11-SEP-71
PLOTER.FC	0522	5	11-SEP-71
FACTOR.FC	0527	2	11-SEP-71
POLAR.FC 	0531	4	11-SEP-71
GRAPH.FC 	0535	5	11-SEP-71
HARMON.FC	0542	4	11-SEP-71
WEB.FC   	0546	3	11-SEP-71
BTLSHP.FC	0551	7	11-SEP-71
HELP.RE  	0560	6	11-SEP-71
TECO.PA  	0566	149	5-JAN-72
TDCOPY.SV	1013	1	0-0-70
FOCAL.TM 	1014	1	16-OCT-74
TECO.BN  	1015	16	5-JAN-72
FOCDEF.PA	1035	4	11-SEP-71
FOCOVR.PA	1041	28	4-NOV-71
FOCINT.PA	1075	9	11-SEP-71
FOCLIB.PA	1106	69	11-SEP-71
FOCAL.BN 	1213	17	11-SEP-71
4WDMOD.BN	1234	1	11-SEP-71
INITAL.BN	1235	7	11-SEP-71
FDIS.PA  	1244	8	11-SEP-71
4801.PA  	1254	8	11-SEP-71
PFOCAL.BN	1264	34	19-NOV-71
MAP.SV   	1326	5	11-SEP-71
SPY.SV   	1333	3	11-SEP-71
SV2BN.SV 	1336	3	25-OCT-71

