
 18-AUG-76

FCARIT.SV	0007	3	2-DEC-74
FOCN.SV  	0012	28	24-SEP-74
ARRDIR.FC	0046	6	15-MAR-75
HELP.FC  	0054	7	15-MAR-75
HELP03.HF	0063	17	27-JAN-75
HELP04.HF	0104	9	27-JAN-75
HELP05.HF	0115	11	15-MAR-75
HELP06.HF	0130	14	27-JAN-75
HELP07.HF	0146	13	15-MAR-75
HELP08.HF	0163	12	15-MAR-75
HELP09.HF	0177	5	15-MAR-75
HELP01.HF	0204	7	27-JAN-75
HELP02.HF	0213	6	27-JAN-75
DIREC.FA 	0221	64	4-JAN-74
CCL.SV   	0321	17	2-SEP-75
DIRV82.SV	0342	6	10-MAR-75
USR.RL   	0350	4	12-AUG-76
USRTST.LD	0354	8	26-NOV-76
USRTST.FT	0364	11	12-AUG-76
EFOS8P.PA	0377	168	15-APR-69
EFOS8L.PA	0647	132	0-0-70
EFOS8.SV 	1053	32	20-APR-69
KFOS8.SV 	1113	32	0-0-70
<empty>  	1153	118	

