
 25-FEB-76

LIBN.PA  	0070	77	0-0-70
<empty>  	0205	44	
FOCACU.SV	0261	27	5-FEB-74
FOC.PA   	0314	105	5-FEB-74
FLT.PA   	0465	67	5-FEB-74
LIB.PA   	0570	76	5-FEB-74
TXT.PA   	0704	11	5-FEB-74
TXTDTP.PA	0717	11	5-FEB-74
KEY.PA   	0732	8	5-FEB-74
FCKLEF.PA	0742	1	5-FEB-74
FC6DIG.PA	0743	3	5-FEB-74
FCKLEF.BN	0746	1	5-FEB-74
FC6DIG.BN	0747	1	5-FEB-74
KEY.SV   	0750	2	5-FEB-74
TXTN.PA  	0752	12	18-MAR-74
<empty>  	0766	15	
FOCN.PA  	1005	102	18-MAR-74
FLTN.PA  	1153	66	18-MAR-74
OPLOT.PA 	1255	47	18-MAR-74
<empty>  	1334	5	

