
 18-AUG-76

FOS8.SV  	0007	32	27-JAN-75
CCL.SV   	0047	17	8-DEC-74
FCARIT.SV	0070	3	2-DEC-74
ARRDIR.FC	0073	6	15-MAR-75
HELP.FC  	0101	7	15-MAR-75
HELP03.HF	0110	17	27-JAN-75
HELP04.HF	0131	9	27-JAN-75
HELP05.HF	0142	11	15-MAR-75
HELP06.HF	0155	14	27-JAN-75
HELP07.HF	0173	13	15-MAR-75
HELP08.HF	0210	12	15-MAR-75
HELP09.HF	0224	5	15-MAR-75
HELP01.HF	0231	7	27-JAN-75
HELP02.HF	0240	6	27-JAN-75
DIREC.FA 	0246	64	4-JAN-74
FOS8P.PA 	0346	168	17-DEC-74
FOS8L.PA 	0616	124	17-DEC-74
FOS8.BN  	1012	40	15-MAR-75
IOPAK.PA 	1062	23	10-NOV-75
VENPIP.PA	1111	42	22-OCT-76
VENUS.PA 	1163	2	15-SEP-76
<empty>  	1165	108	

