~/Verilog/bin/topld.pl M7010X
info: cpol_use ne cpol_use20_8axial
info: cpol_use ne cpol_use20_8axial
warning: making dl1/16_05529/ a connector
info: 7402n ne dil14
info: 7485n ne dil14
info: n8263 ne 16_05529
warning: making e12/n8263/ a connector
info: n8202 ne 16_05529
warning: making e13/n8202/ a connector
info: 7402n ne dil14
info: 7485n ne dil14
info: 7400n ne dil14
info: 7402n ne dil14
info: 7440n ne 7420n
info: n8263 ne 16_05529
warning: making e20/n8263/ a connector
info: n8263 ne 16_05529
warning: making e21/n8263/ a connector
info: 7400n ne dil14
info: 9601 ne 16_05529
warning: making e23/9601/ a connector
info: n8263 ne 16_05529
warning: making e3/n8263/ a connector
info: 7400n ne dil14
info: 7485n ne dil14
info: n8263 ne 16_05529
warning: making e7/n8263/ a connector
info: n8202 ne 16_05529
warning: making e8/n8202/ a connector
info: double ne 16_05529
warning: making u$3/double/ a connector
warning: non-bypass capacitor deleted: c26
warning: non-bypass capacitor deleted: c27
