~/Verilog/bin/topld.pl M129X
info: 74h55n ne 7455n
info: 74h55n ne 7455n
info: 74h55n ne 7455n
info: 74h55n ne 7455n
info: single ne edge_con2
warning: making u$1/single/ a connector
~/Verilog/bin/smaller.pl M129X.PLD >vv || (rm vv; exit 1)
8 signals were removed:
  gdollar_0: c1
  gdollar_1: !gdollar_0
  gdollar_2: b2
  gdollar_3: !gdollar_2
  gdollar_4: l1
  gdollar_5: !gdollar_4
  gdollar_6: r1
  gdollar_7: !gdollar_6
~/Verilog/bin/smaller.pl vv >M129XX.PLD || (rm M129XX.PLD; exit 1)
0 signals were removed:
~/Verilog/bin/cupl2v.pl M129XX.PLD >vv || (rm vv; exit 1)
mv vv M129X.v
rm M129XX.PLD
