~/Verilog/bin/topld.pl M624X
info: 1n4154 ne 1n4148do35_10
warning: making d1/1n4154/ a connector
info: 1n4154 ne 1n4148do35_10
warning: making d10/1n4154/ a connector
info: 1n4154 ne 1n4148do35_10
warning: making d11/1n4154/ a connector
info: 1n4154 ne 1n4148do35_10
warning: making d12/1n4154/ a connector
info: 1n4154 ne 1n4148do35_10
warning: making d13/1n4154/ a connector
info: 1n4154 ne 1n4148do35_10
warning: making d14/1n4154/ a connector
info: 1n4154 ne 1n4148do35_10
warning: making d15/1n4154/ a connector
info: 1n4154 ne 1n4148do35_10
warning: making d2/1n4154/ a connector
info: 1n4154 ne 1n4148do35_10
warning: making d3/1n4154/ a connector
info: 1n4154 ne 1n4148do35_10
warning: making d4/1n4154/ a connector
info: 1n4154 ne 1n4148do35_10
warning: making d5/1n4154/ a connector
info: 1n4154 ne 1n4148do35_10
warning: making d6/1n4154/ a connector
info: 1n4154 ne 1n4148do35_10
warning: making d7/1n4154/ a connector
info: 1n4154 ne 1n4148do35_10
warning: making d8/1n4154/ a connector
info: 1n4154 ne 1n4148do35_10
warning: making d9/1n4154/ a connector
info: 7402n ne dil14
info: 7402n ne dil14
info: 7402n ne dil14
info: 7402n ne dil14
info: pn3569 ne _npn_to39_ebc
warning: making q1/pn3569/ a connector
info: pn3569 ne _npn_to39_ebc
warning: making q10/pn3569/ a connector
info: pn3569 ne _npn_to39_ebc
warning: making q11/pn3569/ a connector
info: pn3569 ne _npn_to39_ebc
warning: making q12/pn3569/ a connector
info: pn3569 ne _npn_to39_ebc
warning: making q13/pn3569/ a connector
info: pn3569 ne _npn_to39_ebc
warning: making q14/pn3569/ a connector
info: pn3569 ne _npn_to39_ebc
warning: making q15/pn3569/ a connector
info: pn3569 ne _npn_to39_ebc
warning: making q2/pn3569/ a connector
info: pn3569 ne _npn_to39_ebc
warning: making q3/pn3569/ a connector
info: pn3569 ne _npn_to39_ebc
warning: making q4/pn3569/ a connector
info: pn3569 ne _npn_to39_ebc
warning: making q5/pn3569/ a connector
info: pn3569 ne _npn_to39_ebc
warning: making q6/pn3569/ a connector
info: pn3569 ne _npn_to39_ebc
warning: making q7/pn3569/ a connector
info: pn3569 ne _npn_to39_ebc
warning: making q8/pn3569/ a connector
info: pn3569 ne _npn_to39_ebc
warning: making q9/pn3569/ a connector
info: single ne edge_con2
warning: making u$4/single/ a connector
warning: non-pullup resistor deleted: r1
warning: non-pullup resistor deleted: r2
warning: non-pullup resistor deleted: r3
warning: non-pullup resistor deleted: r4
warning: non-pullup resistor deleted: r5
warning: non-pullup resistor deleted: r6
warning: non-pullup resistor deleted: r7
warning: non-pullup resistor deleted: r8
warning: non-pullup resistor deleted: r9
warning: non-pullup resistor deleted: r10
warning: non-pullup resistor deleted: r11
warning: non-pullup resistor deleted: r12
warning: non-pullup resistor deleted: r13
warning: non-pullup resistor deleted: r14
warning: non-pullup resistor deleted: r15
~/Verilog/bin/smaller.pl M624X.PLD >vv || (rm vv; exit 1)
1 signals were removed:
  n_t_7x: !u2
~/Verilog/bin/smaller.pl vv >M624XX.PLD || (rm M624XX.PLD; exit 1)
0 signals were removed:
~/Verilog/bin/cupl2v.pl M624XX.PLD >vv || (rm vv; exit 1)
mv vv M624X.v
rm M624XX.PLD
