~/Verilator/bin/topld.pl M452A
info: 1n645 ne 1n4148do35_10
warning: making d1/1n645/ a connector
info: 1n645 ne 1n4148do35_10
warning: making d2/1n645/ a connector
info: 1n645 ne 1n4148do35_10
warning: making d3/1n645/ a connector
info: 1n645 ne 1n4148do35_10
warning: making d4/1n645/ a connector
info: 1n3606 ne 1n4148do35_10
warning: making d5/1n3606/ a connector
info: 7440n ne 7420n
info: 7400n ne dil14
info: 2n3009 ne _npn_to39_ebc
warning: making q1/2n3009/ a connector
info: mps6534 ne _pnp_to39_ebc
warning: making q2/mps6534/ a connector
info: mps6534 ne _pnp_to39_ebc
warning: making q3/mps6534/ a connector
info: 2n3009 ne _npn_to39_ebc
warning: making q4/2n3009/ a connector
info: 2k ne 275p
warning: making r3/2k/ a connector
info: edge_1 ne 3006y
warning: making u$2/edge_1/ a connector
warning: non-bypass capacitor deleted: c4
warning: non-bypass capacitor deleted: c5
warning: non-bypass capacitor deleted: c6
warning: non-pullup resistor deleted: r2
warning: non-pullup resistor deleted: r5
warning: non-pullup resistor deleted: r6
warning: non-pullup resistor deleted: r7
warning: non-pullup resistor deleted: r9
warning: non-pullup resistor deleted: r10
warning: non-pullup resistor deleted: r12
