Circuit: * C:\cygwin\home\Vince\LTSpice\R211X.asc

Error on line 8 : r10 n020 -15v r-us_
	 Unable to find definition of model "r-us_"
Error on line 11 : r3 n017 -15v r-us_
	 Unable to find definition of model "r-us_"
Error on line 14 : r6 n018 -15v r-us_
	 Unable to find definition of model "r-us_"
Error on line 18 : r7 n019 -15v r-us_
	 Unable to find definition of model "r-us_"
Error on line 61 : r29 mb_1 -15v 1500 1/4w
	 Unknown parameter "/4w"
Error on line 75 : r31 mb_0 -15v 1500 1/4w
	 Unknown parameter "/4w"
Error on line 76 : r35 n014 -15v r-us_
	 Unable to find definition of model "r-us_"
Error on line 79 : r24 n013 -15v r-us_
	 Unable to find definition of model "r-us_"
Error on line 92 : r56 n021 -15v r-us_
	 Unable to find definition of model "r-us_"
Error on line 94 : r55 n022 -15v r-us_
	 Unable to find definition of model "r-us_"
Error on line 99 : r52 n025 -15v r-us_
	 Unable to find definition of model "r-us_"
Error on line 102 : r49 n026 -15v r-us_
	 Unable to find definition of model "r-us_"
Error on line 107 : r67 n027 -15v r-us_
	 Unable to find definition of model "r-us_"
Error on line 110 : r64 n028 -15v r-us_
	 Unable to find definition of model "r-us_"
Error on line 115 : r62 n023 -15v r-us_
	 Unable to find definition of model "r-us_"
Error on line 117 : r60 n024 -15v r-us_
	 Unable to find definition of model "r-us_"
Error on line 123 : r74 mb_1 n006 1500 1/4w
	 Unknown parameter "/4w"
Error on line 126 : r73 mbout1 -15v 3k 1/4w
	 Unknown parameter "/4w"
Error on line 127 : r70 mb_0 n005 1500 1/4w
	 Unknown parameter "/4w"
Error on line 130 : r48 n016 +10v 1500 1/4w
	 Unknown parameter "/4w"
Error on line 131 : r19 +10v n011 1500 1/4w
	 Unknown parameter "/4w"
Error on line 133 : r38 set_mb -15v 750 1/4w
	 Unknown parameter "/4w"
Error on line 138 : r75 mbout0 -15v 3k 1/4w
	 Unknown parameter "/4w"
Error on line 140 : r12 n036 -15v r-us_
	 Unable to find definition of model "r-us_"
Error on line 141 : r2 n043 -15v r-us_
	 Unable to find definition of model "r-us_"
Error on line 143 : r5 n044 -15v r-us_
	 Unable to find definition of model "r-us_"
Error on line 147 : r9 n035 -15v r-us_
	 Unable to find definition of model "r-us_"
Error on line 153 : r20 pc_1 -15v 3k 1/4w
	 Unknown parameter "/4w"
Error on line 162 : r23 pc_0 -15v 3k 1/4w
	 Unknown parameter "/4w"
Error on line 163 : r27 n041 -15v r-us_
	 Unable to find definition of model "r-us_"
Error on line 166 : r16 n040 -15v r-us_
	 Unable to find definition of model "r-us_"
Error on line 173 : r37 n037 -15v r-us_
	 Unable to find definition of model "r-us_"
Error on line 175 : r32 n038 -15v r-us_
	 Unable to find definition of model "r-us_"
Error on line 177 : r43 n045 -15v r-us_
	 Unable to find definition of model "r-us_"
Error on line 179 : r40 n046 -15v r-us_
	 Unable to find definition of model "r-us_"
Error on line 184 : r50 n047 -15v r-us_
	 Unable to find definition of model "r-us_"
Error on line 187 : r47 n048 -15v r-us_
	 Unable to find definition of model "r-us_"
Error on line 199 : r11 n066 -15v r-us_
	 Unable to find definition of model "r-us_"
Error on line 200 : r1 n063 -15v r-us_
	 Unable to find definition of model "r-us_"
Error on line 202 : r4 n064 -15v r-us_
	 Unable to find definition of model "r-us_"
Error on line 206 : r8 n065 -15v r-us_
	 Unable to find definition of model "r-us_"
Error on line 212 : r26 ma_1 -15v 3k 1/4w
	 Unknown parameter "/4w"
Error on line 220 : r30 ma_0 -15v 3k 1/4w
	 Unknown parameter "/4w"
Error on line 221 : r33 n061 -15v r-us_
	 Unable to find definition of model "r-us_"
Error on line 224 : r21 n060 -15v r-us_
	 Unable to find definition of model "r-us_"
Error on line 231 : r42 n069 -15v r-us_
	 Unable to find definition of model "r-us_"
Error on line 233 : r39 n070 -15v r-us_
	 Unable to find definition of model "r-us_"
Error on line 235 : r46 n071 -15v r-us_
	 Unable to find definition of model "r-us_"
Error on line 237 : r45 n072 -15v r-us_
	 Unable to find definition of model "r-us_"
Error on line 242 : r53 n073 -15v r-us_
	 Unable to find definition of model "r-us_"
Error on line 243 : r51 n074 -15v r-us_
	 Unable to find definition of model "r-us_"
Error on line 254 : r72 ma_0 n050 1500 1/4w
	 Unknown parameter "/4w"
Error on line 257 : r65 maout0 -15v 1500 1/4w
	 Unknown parameter "/4w"
Error on line 258 : r66 ma_1 n049 1500 1/4w
	 Unknown parameter "/4w"
Error on line 260 : r71 maout1 -15v 1500 1/4w
	 Unknown parameter "/4w"
Error on line 265 : r18 n068 -15v r-us_
	 Unable to find definition of model "r-us_"
Error on line 266 : r14 n067 -15v r-us_
	 Unable to find definition of model "r-us_"
Error on line 278 : r57 n077 -15v r-us_
	 Unable to find definition of model "r-us_"
Error on line 280 : r59 n058 -15v 3k 1/4w
	 Unknown parameter "/4w"
Error on line 282 : r61 n076 -15v 1500 1/4w
	 Unknown parameter "/4w"
Error on line 284 : r63 data -15v 1.5k 1/4w
	 Unknown parameter "/4w"
WARNING: Less than two connections to node AL2.  This node is used by R助$1AL2.
WARNING: Less than two connections to node AM2.  This node is used by R助$1AM2.
WARNING: Less than two connections to node AN2.  This node is used by R助$1AN2.
WARNING: Less than two connections to node AP2.  This node is used by R助$1AP2.
WARNING: Less than two connections to node AR2.  This node is used by R助$1AR2.
WARNING: Less than two connections to node AT2.  This node is used by R助$1AT2.
WARNING: Less than two connections to node AK2.  This node is used by R助$1AK2.
WARNING: Less than two connections to node AJ2.  This node is used by R助$1AJ2.
WARNING: Less than two connections to node AH2.  This node is used by R助$1AH2.
WARNING: Less than two connections to node AF2.  This node is used by R助$1AF2.
WARNING: Less than two connections to node AE2.  This node is used by R助$1AE2.
WARNING: Less than two connections to node AD2.  This node is used by R助$1AD2.
WARNING: Less than two connections to node AC2.  This node is used by R助$1AC2.
WARNING: Less than two connections to node AU2.  This node is used by R助$1AU2.
WARNING: Less than two connections to node AV2.  This node is used by R助$1AV2.
WARNING: Less than two connections to node AB2.  This node is used by R助$1AB2.
WARNING: Less than two connections to node AA2.  This node is used by R助$1AA2.
WARNING: Less than two connections to node BV2.  This node is used by R助$1BV2.
WARNING: Less than two connections to node BU2.  This node is used by R助$1BU2.
WARNING: Less than two connections to node BT2.  This node is used by R助$1BT2.
WARNING: Less than two connections to node BS2.  This node is used by R助$1BS2.
WARNING: Less than two connections to node BR2.  This node is used by R助$1BR2.
WARNING: Less than two connections to node BP2.  This node is used by R助$1BP2.
WARNING: Less than two connections to node BN2.  This node is used by R助$1BN2.
WARNING: Less than two connections to node BM2.  This node is used by R助$1BM2.
WARNING: Less than two connections to node BL2.  This node is used by R助$1BL2.
WARNING: Less than two connections to node BK2.  This node is used by R助$1BK2.
WARNING: Less than two connections to node BJ2.  This node is used by R助$1BJ2.
WARNING: Less than two connections to node BH2.  This node is used by R助$1BH2.
WARNING: Less than two connections to node BF2.  This node is used by R助$1BF2.
WARNING: Less than two connections to node BE2.  This node is used by R助$1BE2.
WARNING: Less than two connections to node BD2.  This node is used by R助$1BD2.
WARNING: Less than two connections to node BC2.  This node is used by R助$1BC2.
WARNING: Less than two connections to node BB2.  This node is used by R助$1BB2.
WARNING: Less than two connections to node BA2.  This node is used by R助$1BA2.
Fatal Error: Missing resistance value for "R57"
