Circuit: * C:\cygwin\home\Vince\LTSpice\R220X.asc

U$2u2: both pins shorted together -- ignoring.
U$2n2: both pins shorted together -- ignoring.
U$2h2: both pins shorted together -- ignoring.
U$2f2: both pins shorted together -- ignoring.
U$2e2: both pins shorted together -- ignoring.
U$2d2: both pins shorted together -- ignoring.
WARNING: Less than two connections to node V2.  This node is used by R助$2V2.
WARNING: Less than two connections to node T2.  This node is used by R助$2T2.
WARNING: Less than two connections to node S2.  This node is used by R助$2S2.
WARNING: Less than two connections to node R2.  This node is used by R助$2R2.
WARNING: Less than two connections to node P2.  This node is used by R助$2P2.
WARNING: Less than two connections to node M2.  This node is used by R助$2M2.
WARNING: Less than two connections to node L2.  This node is used by R助$2L2.
WARNING: Less than two connections to node K2.  This node is used by R助$2K2.
WARNING: Less than two connections to node J2.  This node is used by R助$2J2.
WARNING: Less than two connections to node C2.  This node is used by R助$2C2.
WARNING: Less than two connections to node B2.  This node is used by R助$2B2.
WARNING: Less than two connections to node A2.  This node is used by R助$2A2.
WARNING: Less than two connections to node N037.  This node is used by D5.
WARNING: Less than two connections to node N038.  This node is used by D19.
WARNING: Less than two connections to node N039.  This node is used by D24.
WARNING: Less than two connections to node N040.  This node is used by D42.
WARNING: Less than two connections to node N041.  This node is used by D46.
WARNING: Less than two connections to node N042.  This node is used by D66.
WARNING: Less than two connections to node N052.  This node is used by D20.
.OP point found by inspection.

Date: Sat May 27 09:56:00 2017
Total elapsed time: 1.034 seconds.

tnom = 27
temp = 27
method = modified trap
totiter = 2096
traniter = 2096
tranpoints = 1049
accept = 1049
rejected = 0
matrix size = 108
fillins = 244
solver = Normal
Thread vector: 12.8/10.2[4] 4.2/2.3[3] 1.4/1.4[1] 1.8/2.7[1]  2592/500
Matrix Compiler1: 29.13 KB object code size  13.1/6.5/[2.9]
Matrix Compiler2: 13.86 KB object code size  1.2/2.0/[1.0]

