Circuit: * C:\cygwin\home\Vince\LTSpice\R303X.asc

WARNING: Node N2 is floating.
WARNING: Node M2 is floating.
WARNING: Node L2 is floating.
WARNING: Node K2 is floating.

WARNING: Less than two connections to node V2.  This node is used by R助$2V2.
WARNING: Less than two connections to node U2.  This node is used by R助$2U2.
WARNING: Less than two connections to node T2.  This node is used by R助$2T2.
WARNING: Less than two connections to node S2.  This node is used by R助$2S2.
WARNING: Less than two connections to node R2.  This node is used by R助$2R2.
WARNING: Less than two connections to node P2.  This node is used by R助$2P2.
WARNING: Less than two connections to node N2.  This node is used by R助$2N2.
WARNING: Less than two connections to node M2.  This node is used by R助$2M2.
WARNING: Less than two connections to node L2.  This node is used by R助$2L2.
WARNING: Less than two connections to node K2.  This node is used by R助$2K2.
WARNING: Less than two connections to node J2.  This node is used by R助$2J2.
WARNING: Less than two connections to node H2.  This node is used by R助$2H2.
WARNING: Less than two connections to node F2.  This node is used by R助$2F2.
WARNING: Less than two connections to node E2.  This node is used by R助$2E2.
WARNING: Less than two connections to node D2.  This node is used by R助$2D2.
WARNING: Less than two connections to node C2.  This node is used by R助$2C2.
WARNING: Less than two connections to node B2.  This node is used by R助$2B2.
WARNING: Less than two connections to node A2.  This node is used by R助$2A2.
WARNING: Less than two connections to node N003.  This node is used by D16.
.OP point found by inspection.

Date: Sat May 27 09:55:38 2017
Total elapsed time: 0.616 seconds.

tnom = 27
temp = 27
method = modified trap
totiter = 2096
traniter = 2096
tranpoints = 1049
accept = 1049
rejected = 0
matrix size = 94
fillins = 192
solver = Normal
Thread vector: 9.3/6.8[2] 3.0/2.0[2] 1.1/1.0[2] 1.3/13.9[1]  2592/500
Matrix Compiler1: 19.96 KB object code size  10.0/4.9/[1.7]
Matrix Compiler2: 11.23 KB object code size  0.9/1.6/[0.7]

