Circuit: * C:\cygwin\home\Vince\LTSpice\R401X.asc

WARNING: Node P2 is floating.
WARNING: Node N2 is floating.
WARNING: Node M2 is floating.
WARNING: Node L2 is floating.
WARNING: Node H2 is floating.

WARNING: Less than two connections to node U2.  This node is used by R助$2U2.
WARNING: Less than two connections to node T2.  This node is used by R助$2T2.
WARNING: Less than two connections to node S2.  This node is used by R助$2S2.
WARNING: Less than two connections to node R2.  This node is used by R助$2R2.
WARNING: Less than two connections to node P2.  This node is used by R助$2P2.
WARNING: Less than two connections to node N2.  This node is used by R助$2N2.
WARNING: Less than two connections to node M2.  This node is used by R助$2M2.
WARNING: Less than two connections to node L2.  This node is used by R助$2L2.
WARNING: Less than two connections to node H2.  This node is used by R助$2H2.
WARNING: Less than two connections to node F2.  This node is used by R助$2F2.
WARNING: Less than two connections to node D2.  This node is used by R助$2D2.
WARNING: Less than two connections to node C2.  This node is used by R助$2C2.
WARNING: Less than two connections to node B2.  This node is used by R助$2B2.
WARNING: Less than two connections to node A2.  This node is used by R助$2A2.
WARNING: Less than two connections to node -0.7V.  This node is used by D26.
.OP point found by inspection.

Date: Sat May 27 09:55:27 2017
Total elapsed time: 0.820 seconds.

tnom = 27
temp = 27
method = modified trap
totiter = 2096
traniter = 2096
tranpoints = 1049
accept = 1049
rejected = 0
matrix size = 97
fillins = 144
solver = Normal
Thread vector: 9.8/6.6[3] 4.9/3.1[3] 1.4/1.5[1] 1.3/0.9[3]  2592/500
Matrix Compiler1: 15.21 KB object code size  9.0/4.7/[1.5]
Matrix Compiler2: 10.41 KB object code size  1.2/2.1/[0.7]

