Logging to file "d0ba.log"
Logging to file "d0ba.log" at Sun May  1 14:57:07 2022
/home/vrs/simh/simh/PDP12/d0ba-8> runlimit 2 minutes
%SIM-INFO: Slow host - adjusting RUNLIMIT from 2 MINUTES to 2.5 MINUTES
** PDP-12: LINC Instruction Test (1): L:	0
AC:	0000
MQ:	0000
4004:	0000
4005:	0000
4006:	0000
4007:	0000
4010:	0010
4012:	0000
4673:	0000
4702:	0000

Breakpoint, PC: 04020 (CLR)
L:	0
AC:	0000
MQ:	0000
4004:	0000
4005:	0000
4006:	0000
4007:	0000
4010:	0010
4012:	0000
4673:	0000
4702:	0000

Breakpoint, PC: 04021 (STC 0013)
L:	0
AC:	0000
MQ:	0000
4004:	0000
4005:	0000
4006:	0000
4007:	0000
4010:	0010
4012:	0000
4673:	0000
4702:	0000

Breakpoint, PC: 04022 (HLT)
L:	0
AC:	0000
MQ:	0000
4004:	0000
4005:	0000
4006:	0000
4007:	0000
4010:	0010
4012:	0000
4673:	0000
4702:	0000

HALT instruction, PC: 04023 (SET I 004; 0010)

Breakpoint, PC: 04023 (SET I 004; 0010)
L:	0
AC:	0000
MQ:	0000
4004:	0000
4005:	0000
4006:	0000
4007:	0000
4010:	0010
4012:	0000
4673:	0000
4702:	0000

Breakpoint, PC: 04025 (SET I 006; 0012)
L:	0
AC:	0000
MQ:	0000
4004:	0010
4005:	0000
4006:	0000
4007:	0000
4010:	0010
4012:	0000
4673:	0000
4702:	0000

Breakpoint, PC: 04027 (SET I 010; 0001)
L:	0
AC:	0000
MQ:	0000
4004:	0010
4005:	0000
4006:	0012
4007:	0000
4010:	0010
4012:	0000
4673:	0000
4702:	0000

Breakpoint, PC: 04031 (LDA I; 0000)
L:	0
AC:	0000
MQ:	0000
4004:	0010
4005:	0000
4006:	0012
4007:	0000
4010:	0001
4012:	0000
4673:	0000
4702:	0000

Breakpoint, PC: 04033 (SAE I; 0000)
L:	0
AC:	0000
MQ:	0000
4004:	0010
4005:	0000
4006:	0012
4007:	0000
4010:	0001
4012:	0000
4673:	0000
4702:	0000

Breakpoint, PC: 04036 (LDA 004)
L:	0
AC:	0000
MQ:	0000
4004:	0010
4005:	0000
4006:	0012
4007:	0000
4010:	0001
4012:	0000
4673:	0000
4702:	0000

Breakpoint, PC: 04037 (SAE 004)
L:	0
AC:	0001
MQ:	0000
4004:	0010
4005:	0000
4006:	0012
4007:	0000
4010:	0001
4012:	0000
4673:	0000
4702:	0000

Breakpoint, PC: 04041 (SAE 004)
L:	0
AC:	0001
MQ:	0000
4004:	0010
4005:	0000
4006:	0012
4007:	0000
4010:	0001
4012:	0000
4673:	0000
4702:	0000

Breakpoint, PC: 04043 (STA 006)
L:	0
AC:	0001
MQ:	0000
4004:	0010
4005:	0000
4006:	0012
4007:	0000
4010:	0001
4012:	0000
4673:	0000
4702:	0000

Breakpoint, PC: 04044 (SAE 004)
L:	0
AC:	0001
MQ:	0000
4004:	0010
4005:	0000
4006:	0012
4007:	0000
4010:	0001
4012:	0001
4673:	0000
4702:	0000

Breakpoint, PC: 04046 (SAE 006)
L:	0
AC:	0001
MQ:	0000
4004:	0010
4005:	0000
4006:	0012
4007:	0000
4010:	0001
4012:	0001
4673:	0000
4702:	0000

Breakpoint, PC: 04050 (AZE I)
L:	0
AC:	0001
MQ:	0000
4004:	0010
4005:	0000
4006:	0012
4007:	0000
4010:	0001
4012:	0001
4673:	0000
4702:	0000

Breakpoint, PC: 04052 (COM)
L:	0
AC:	0001
MQ:	0000
4004:	0010
4005:	0000
4006:	0012
4007:	0000
4010:	0001
4012:	0001
4673:	0000
4702:	0000

Breakpoint, PC: 04053 (AZE I)
L:	0
AC:	7776
MQ:	0000
4004:	0010
4005:	0000
4006:	0012
4007:	0000
4010:	0001
4012:	0001
4673:	0000
4702:	0000

Breakpoint, PC: 04055 (COM)
L:	0
AC:	7776
MQ:	0000
4004:	0010
4005:	0000
4006:	0012
4007:	0000
4010:	0001
4012:	0001
4673:	0000
4702:	0000

Breakpoint, PC: 04056 (SAE 006)
L:	0
AC:	0001
MQ:	0000
4004:	0010
4005:	0000
4006:	0012
4007:	0000
4010:	0001
4012:	0001
4673:	0000
4702:	0000

Breakpoint, PC: 04060 (APO)
L:	0
AC:	0001
MQ:	0000
4004:	0010
4005:	0000
4006:	0012
4007:	0000
4010:	0001
4012:	0001
4673:	0000
4702:	0000

Breakpoint, PC: 04062 (APO)
L:	0
AC:	0001
MQ:	0000
4004:	0010
4005:	0000
4006:	0012
4007:	0000
4010:	0001
4012:	0001
4673:	0000
4702:	0000

Breakpoint, PC: 04064 (CLR)
L:	0
AC:	0001
MQ:	0000
4004:	0010
4005:	0000
4006:	0012
4007:	0000
4010:	0001
4012:	0001
4673:	0000
4702:	0000

Breakpoint, PC: 04065 (AZE)
L:	0
AC:	0000
MQ:	0000
4004:	0010
4005:	0000
4006:	0012
4007:	0000
4010:	0001
4012:	0001
4673:	0000
4702:	0000

Breakpoint, PC: 04067 (COM)
L:	0
AC:	0000
MQ:	0000
4004:	0010
4005:	0000
4006:	0012
4007:	0000
4010:	0001
4012:	0001
4673:	0000
4702:	0000

Breakpoint, PC: 04070 (AZE)
L:	0
AC:	7777
MQ:	0000
4004:	0010
4005:	0000
4006:	0012
4007:	0000
4010:	0001
4012:	0001
4673:	0000
4702:	0000

Breakpoint, PC: 04072 (APO I)
L:	0
AC:	7777
MQ:	0000
4004:	0010
4005:	0000
4006:	0012
4007:	0000
4010:	0001
4012:	0001
4673:	0000
4702:	0000

Breakpoint, PC: 04074 (CLR)
L:	0
AC:	7777
MQ:	0000
4004:	0010
4005:	0000
4006:	0012
4007:	0000
4010:	0001
4012:	0001
4673:	0000
4702:	0000

Breakpoint, PC: 04075 (LZE)
L:	0
AC:	0000
MQ:	0000
4004:	0010
4005:	0000
4006:	0012
4007:	0000
4010:	0001
4012:	0001
4673:	0000
4702:	0000

Breakpoint, PC: 04077 (SAE 004)
L:	0
AC:	0000
MQ:	0000
4004:	0010
4005:	0000
4006:	0012
4007:	0000
4010:	0001
4012:	0001
4673:	0000
4702:	0000

Breakpoint, PC: 04100 (LZE)
L:	0
AC:	0000
MQ:	0000
4004:	0010
4005:	0000
4006:	0012
4007:	0000
4010:	0001
4012:	0001
4673:	0000
4702:	0000

Breakpoint, PC: 04102 (APO I)
L:	0
AC:	0000
MQ:	0000
4004:	0010
4005:	0000
4006:	0012
4007:	0000
4010:	0001
4012:	0001
4673:	0000
4702:	0000

Breakpoint, PC: 04103 (LZE)
L:	0
AC:	0000
MQ:	0000
4004:	0010
4005:	0000
4006:	0012
4007:	0000
4010:	0001
4012:	0001
4673:	0000
4702:	0000

Breakpoint, PC: 04105 (CLR)
L:	0
AC:	0000
MQ:	0000
4004:	0010
4005:	0000
4006:	0012
4007:	0000
4010:	0001
4012:	0001
4673:	0000
4702:	0000

Breakpoint, PC: 04106 (LDA 004)
L:	0
AC:	0000
MQ:	0000
4004:	0010
4005:	0000
4006:	0012
4007:	0000
4010:	0001
4012:	0001
4673:	0000
4702:	0000

Breakpoint, PC: 04107 (COM)
L:	0
AC:	0001
MQ:	0000
4004:	0010
4005:	0000
4006:	0012
4007:	0000
4010:	0001
4012:	0001
4673:	0000
4702:	0000

Breakpoint, PC: 04110 (SAE 004)
L:	0
AC:	7776
MQ:	0000
4004:	0010
4005:	0000
4006:	0012
4007:	0000
4010:	0001
4012:	0001
4673:	0000
4702:	0000

Breakpoint, PC: 04111 (LZE)
L:	0
AC:	7776
MQ:	0000
4004:	0010
4005:	0000
4006:	0012
4007:	0000
4010:	0001
4012:	0001
4673:	0000
4702:	0000

Breakpoint, PC: 04113 (COM)
L:	0
AC:	7776
MQ:	0000
4004:	0010
4005:	0000
4006:	0012
4007:	0000
4010:	0001
4012:	0001
4673:	0000
4702:	0000

Breakpoint, PC: 04114 (SAE 004)
L:	0
AC:	0001
MQ:	0000
4004:	0010
4005:	0000
4006:	0012
4007:	0000
4010:	0001
4012:	0001
4673:	0000
4702:	0000

Breakpoint, PC: 04116 (NOP)
L:	0
AC:	0001
MQ:	0000
4004:	0010
4005:	0000
4006:	0012
4007:	0000
4010:	0001
4012:	0001
4673:	0000
4702:	0000

Breakpoint, PC: 04117 (SAE 004)
L:	0
AC:	0001
MQ:	0000
4004:	0010
4005:	0000
4006:	0012
4007:	0000
4010:	0001
4012:	0001
4673:	0000
4702:	0000

Breakpoint, PC: 04121 (LZE)
L:	0
AC:	0001
MQ:	0000
4004:	0010
4005:	0000
4006:	0012
4007:	0000
4010:	0001
4012:	0001
4673:	0000
4702:	0000

Breakpoint, PC: 04123 (LDA 004)
L:	0
AC:	0001
MQ:	0000
4004:	0010
4005:	0000
4006:	0012
4007:	0000
4010:	0001
4012:	0001
4673:	0000
4702:	0000

Breakpoint, PC: 04124 (ROL 000)
L:	0
AC:	0001
MQ:	0000
4004:	0010
4005:	0000
4006:	0012
4007:	0000
4010:	0001
4012:	0001
4673:	0000
4702:	0000

Breakpoint, PC: 04125 (SAE 004)
L:	0
AC:	0001
MQ:	0000
4004:	0010
4005:	0000
4006:	0012
4007:	0000
4010:	0001
4012:	0001
4673:	0000
4702:	0000

Breakpoint, PC: 04127 (ROL 014)
L:	0
AC:	0001
MQ:	0000
4004:	0010
4005:	0000
4006:	0012
4007:	0000
4010:	0001
4012:	0001
4673:	0000
4702:	0000

Breakpoint, PC: 04130 (SAE 004)
L:	0
AC:	0001
MQ:	0000
4004:	0010
4005:	0000
4006:	0012
4007:	0000
4010:	0001
4012:	0001
4673:	0000
4702:	0000

Breakpoint, PC: 04132 (CLR)
L:	0
AC:	0001
MQ:	0000
4004:	0010
4005:	0000
4006:	0012
4007:	0000
4010:	0001
4012:	0001
4673:	0000
4702:	0000

Breakpoint, PC: 04133 (LDA 004)
L:	0
AC:	0000
MQ:	0000
4004:	0010
4005:	0000
4006:	0012
4007:	0000
4010:	0001
4012:	0001
4673:	0000
4702:	0000

Breakpoint, PC: 04134 (ROR 000)
L:	0
AC:	0001
MQ:	0000
4004:	0010
4005:	0000
4006:	0012
4007:	0000
4010:	0001
4012:	0001
4673:	0000
4702:	0000

Breakpoint, PC: 04135 (SAE 004)
L:	0
AC:	0001
MQ:	0000
4004:	0010
4005:	0000
4006:	0012
4007:	0000
4010:	0001
4012:	0001
4673:	0000
4702:	0000

Breakpoint, PC: 04137 (ROR 014)
L:	0
AC:	0001
MQ:	0000
4004:	0010
4005:	0000
4006:	0012
4007:	0000
4010:	0001
4012:	0001
4673:	0000
4702:	0000

Breakpoint, PC: 04140 (SAE 004)
L:	0
AC:	0001
MQ:	0001
4004:	0010
4005:	0000
4006:	0012
4007:	0000
4010:	0001
4012:	0001
4673:	0000
4702:	0000

Breakpoint, PC: 04142 (LZE)
L:	0
AC:	0001
MQ:	0001
4004:	0010
4005:	0000
4006:	0012
4007:	0000
4010:	0001
4012:	0001
4673:	0000
4702:	0000

Breakpoint, PC: 04144 (CLR)
L:	0
AC:	0001
MQ:	0001
4004:	0010
4005:	0000
4006:	0012
4007:	0000
4010:	0001
4012:	0001
4673:	0000
4702:	0000

Breakpoint, PC: 04145 (COM)
L:	0
AC:	0000
MQ:	0000
4004:	0010
4005:	0000
4006:	0012
4007:	0000
4010:	0001
4012:	0001
4673:	0000
4702:	0000

Breakpoint, PC: 04146 (ROL I 001)
L:	0
AC:	7777
MQ:	0000
4004:	0010
4005:	0000
4006:	0012
4007:	0000
4010:	0001
4012:	0001
4673:	0000
4702:	0000

Breakpoint, PC: 04147 (LDA 004)
L:	1
AC:	7776
MQ:	0000
4004:	0010
4005:	0000
4006:	0012
4007:	0000
4010:	0001
4012:	0001
4673:	0000
4702:	0000

Breakpoint, PC: 04150 (ROR 017)
L:	1
AC:	0001
MQ:	0000
4004:	0010
4005:	0000
4006:	0012
4007:	0000
4010:	0001
4012:	0001
4673:	0000
4702:	0000

Breakpoint, PC: 04151 (ROL 017)
L:	1
AC:	1000
MQ:	1000
4004:	0010
4005:	0000
4006:	0012
4007:	0000
4010:	0001
4012:	0001
4673:	0000
4702:	0000

Breakpoint, PC: 04152 (SAE 004)
L:	1
AC:	0001
MQ:	1000
4004:	0010
4005:	0000
4006:	0012
4007:	0000
4010:	0001
4012:	0001
4673:	0000
4702:	0000

Breakpoint, PC: 04154 (LZE I)
L:	1
AC:	0001
MQ:	1000
4004:	0010
4005:	0000
4006:	0012
4007:	0000
4010:	0001
4012:	0001
4673:	0000
4702:	0000

Breakpoint, PC: 04156 (CLR)
L:	1
AC:	0001
MQ:	1000
4004:	0010
4005:	0000
4006:	0012
4007:	0000
4010:	0001
4012:	0001
4673:	0000
4702:	0000

Breakpoint, PC: 04157 (LDA 004)
L:	0
AC:	0000
MQ:	0000
4004:	0010
4005:	0000
4006:	0012
4007:	0000
4010:	0001
4012:	0001
4673:	0000
4702:	0000

Breakpoint, PC: 04160 (ROR I 015)
L:	0
AC:	0001
MQ:	0000
4004:	0010
4005:	0000
4006:	0012
4007:	0000
4010:	0001
4012:	0001
4673:	0000
4702:	0000

Breakpoint, PC: 04161 (SAE 004)
L:	0
AC:	0001
MQ:	0000
4004:	0010
4005:	0000
4006:	0012
4007:	0000
4010:	0001
4012:	0001
4673:	0000
4702:	0000

Breakpoint, PC: 04163 (LZE)
L:	0
AC:	0001
MQ:	0000
4004:	0010
4005:	0000
4006:	0012
4007:	0000
4010:	0001
4012:	0001
4673:	0000
4702:	0000

Breakpoint, PC: 04165 (LDA 004)
L:	0
AC:	0001
MQ:	0000
4004:	0010
4005:	0000
4006:	0012
4007:	0000
4010:	0001
4012:	0001
4673:	0000
4702:	0000

Breakpoint, PC: 04166 (ROL I 015)
L:	0
AC:	0001
MQ:	0000
4004:	0010
4005:	0000
4006:	0012
4007:	0000
4010:	0001
4012:	0001
4673:	0000
4702:	0000

Breakpoint, PC: 04167 (SAE 004)
L:	0
AC:	0001
MQ:	0000
4004:	0010
4005:	0000
4006:	0012
4007:	0000
4010:	0001
4012:	0001
4673:	0000
4702:	0000

Breakpoint, PC: 04171 (LDA 004)
L:	0
AC:	0001
MQ:	0000
4004:	0010
4005:	0000
4006:	0012
4007:	0000
4010:	0001
4012:	0001
4673:	0000
4702:	0000

Breakpoint, PC: 04172 (SCR 014)
L:	0
AC:	0001
MQ:	0000
4004:	0010
4005:	0000
4006:	0012
4007:	0000
4010:	0001
4012:	0001
4673:	0000
4702:	0000

Breakpoint, PC: 04173 (AZE)
L:	0
AC:	0000
MQ:	0001
4004:	0010
4005:	0000
4006:	0012
4007:	0000
4010:	0001
4012:	0001
4673:	0000
4702:	0000

Breakpoint, PC: 04175 (LDA 004)
L:	0
AC:	0000
MQ:	0001
4004:	0010
4005:	0000
4006:	0012
4007:	0000
4010:	0001
4012:	0001
4673:	0000
4702:	0000

Breakpoint, PC: 04176 (COM)
L:	0
AC:	0001
MQ:	0001
4004:	0010
4005:	0000
4006:	0012
4007:	0000
4010:	0001
4012:	0001
4673:	0000
4702:	0000

Breakpoint, PC: 04177 (SCR 014)
L:	0
AC:	7776
MQ:	0001
4004:	0010
4005:	0000
4006:	0012
4007:	0000
4010:	0001
4012:	0001
4673:	0000
4702:	0000

Breakpoint, PC: 04200 (AZE)
L:	0
AC:	7777
MQ:	7776
4004:	0010
4005:	0000
4006:	0012
4007:	0000
4010:	0001
4012:	0001
4673:	0000
4702:	0000

Breakpoint, PC: 04202 (LDA 004)
L:	0
AC:	7777
MQ:	7776
4004:	0010
4005:	0000
4006:	0012
4007:	0000
4010:	0001
4012:	0001
4673:	0000
4702:	0000

Breakpoint, PC: 04203 (ROL I 001)
L:	0
AC:	0001
MQ:	7776
4004:	0010
4005:	0000
4006:	0012
4007:	0000
4010:	0001
4012:	0001
4673:	0000
4702:	0000

Breakpoint, PC: 04204 (LDA 004)
L:	0
AC:	0002
MQ:	7776
4004:	0010
4005:	0000
4006:	0012
4007:	0000
4010:	0001
4012:	0001
4673:	0000
4702:	0000

Breakpoint, PC: 04205 (ROR I 001)
L:	0
AC:	0001
MQ:	7776
4004:	0010
4005:	0000
4006:	0012
4007:	0000
4010:	0001
4012:	0001
4673:	0000
4702:	0000

Breakpoint, PC: 04206 (STA 006)
L:	1
AC:	0000
MQ:	7777
4004:	0010
4005:	0000
4006:	0012
4007:	0000
4010:	0001
4012:	0001
4673:	0000
4702:	0000

Breakpoint, PC: 04207 (CLR)
L:	1
AC:	0000
MQ:	7777
4004:	0010
4005:	0000
4006:	0012
4007:	0000
4010:	0001
4012:	0000
4673:	0000
4702:	0000

Breakpoint, PC: 04210 (LDA 004)
L:	0
AC:	0000
MQ:	0000
4004:	0010
4005:	0000
4006:	0012
4007:	0000
4010:	0001
4012:	0000
4673:	0000
4702:	0000

Breakpoint, PC: 04211 (SCR 001)
L:	0
AC:	0001
MQ:	0000
4004:	0010
4005:	0000
4006:	0012
4007:	0000
4010:	0001
4012:	0000
4673:	0000
4702:	0000

Breakpoint, PC: 04212 (SAE 006)
L:	0
AC:	0000
MQ:	4000
4004:	0010
4005:	0000
4006:	0012
4007:	0000
4010:	0001
4012:	0000
4673:	0000
4702:	0000

Breakpoint, PC: 04214 (LZE)
L:	0
AC:	0000
MQ:	4000
4004:	0010
4005:	0000
4006:	0012
4007:	0000
4010:	0001
4012:	0000
4673:	0000
4702:	0000

Breakpoint, PC: 04216 (LDA 004)
L:	0
AC:	0000
MQ:	4000
4004:	0010
4005:	0000
4006:	0012
4007:	0000
4010:	0001
4012:	0000
4673:	0000
4702:	0000

Breakpoint, PC: 04217 (STA 006)
L:	0
AC:	0001
MQ:	4000
4004:	0010
4005:	0000
4006:	0012
4007:	0000
4010:	0001
4012:	0000
4673:	0000
4702:	0000

Breakpoint, PC: 04220 (SRO 006)
L:	0
AC:	0001
MQ:	4000
4004:	0010
4005:	0000
4006:	0012
4007:	0000
4010:	0001
4012:	0001
4673:	0000
4702:	0000

Breakpoint, PC: 04221 (NOP)
L:	0
AC:	0001
MQ:	4000
4004:	0010
4005:	0000
4006:	0012
4007:	0000
4010:	0001
4012:	4000
4673:	0000
4702:	0000

Breakpoint, PC: 04222 (ROR 001)
L:	0
AC:	0001
MQ:	4000
4004:	0010
4005:	0000
4006:	0012
4007:	0000
4010:	0001
4012:	4000
4673:	0000
4702:	0000

Breakpoint, PC: 04223 (SAE 006)
L:	0
AC:	4000
MQ:	6000
4004:	0010
4005:	0000
4006:	0012
4007:	0000
4010:	0001
4012:	4000
4673:	0000
4702:	0000

Breakpoint, PC: 04225 (LDA 004)
L:	0
AC:	4000
MQ:	6000
4004:	0010
4005:	0000
4006:	0012
4007:	0000
4010:	0001
4012:	4000
4673:	0000
4702:	0000

Breakpoint, PC: 04226 (STA 006)
L:	0
AC:	0001
MQ:	6000
4004:	0010
4005:	0000
4006:	0012
4007:	0000
4010:	0001
4012:	4000
4673:	0000
4702:	0000

Breakpoint, PC: 04227 (ROR 001)
L:	0
AC:	0001
MQ:	6000
4004:	0010
4005:	0000
4006:	0012
4007:	0000
4010:	0001
4012:	0001
4673:	0000
4702:	0000

Breakpoint, PC: 04230 (SRO 006)
L:	0
AC:	4000
MQ:	7000
4004:	0010
4005:	0000
4006:	0012
4007:	0000
4010:	0001
4012:	0001
4673:	0000
4702:	0000

Breakpoint, PC: 04231 (COM)
L:	0
AC:	4000
MQ:	7000
4004:	0010
4005:	0000
4006:	0012
4007:	0000
4010:	0001
4012:	4000
4673:	0000
4702:	0000

Breakpoint, PC: 04232 (APO)
L:	0
AC:	3777
MQ:	7000
4004:	0010
4005:	0000
4006:	0012
4007:	0000
4010:	0001
4012:	4000
4673:	0000
4702:	0000

Breakpoint, PC: 04234 (LDA 004)
L:	0
AC:	3777
MQ:	7000
4004:	0010
4005:	0000
4006:	0012
4007:	0000
4010:	0001
4012:	4000
4673:	0000
4702:	0000

Breakpoint, PC: 04235 (STA 006)
L:	0
AC:	0001
MQ:	7000
4004:	0010
4005:	0000
4006:	0012
4007:	0000
4010:	0001
4012:	4000
4673:	0000
4702:	0000

Breakpoint, PC: 04236 (SCR I 001)
L:	0
AC:	0001
MQ:	7000
4004:	0010
4005:	0000
4006:	0012
4007:	0000
4010:	0001
4012:	0001
4673:	0000
4702:	0000

Breakpoint, PC: 04237 (SRO 006)
L:	1
AC:	0000
MQ:	7400
4004:	0010
4005:	0000
4006:	0012
4007:	0000
4010:	0001
4012:	0001
4673:	0000
4702:	0000

Breakpoint, PC: 04240 (JMP 0244)
L:	1
AC:	0000
MQ:	7400
4004:	0010
4005:	0000
4006:	0012
4007:	0000
4010:	0001
4012:	4000
4673:	0000
4702:	0000

Breakpoint, PC: 04244 (LZE I)
L:	1
AC:	0000
MQ:	7400
4004:	0010
4005:	0000
4006:	0012
4007:	0000
4010:	0001
4012:	4000
4673:	0000
4702:	0000

Breakpoint, PC: 04246 (LDA 004)
L:	1
AC:	0000
MQ:	7400
4004:	0010
4005:	0000
4006:	0012
4007:	0000
4010:	0001
4012:	4000
4673:	0000
4702:	0000

Breakpoint, PC: 04247 (COM)
L:	1
AC:	0001
MQ:	7400
4004:	0010
4005:	0000
4006:	0012
4007:	0000
4010:	0001
4012:	4000
4673:	0000
4702:	0000

Breakpoint, PC: 04250 (ADA; 0010)
L:	1
AC:	7776
MQ:	7400
4004:	0010
4005:	0000
4006:	0012
4007:	0000
4010:	0001
4012:	4000
4673:	0000
4702:	0000

Breakpoint, PC: 04252 (AZE)
L:	1
AC:	7777
MQ:	7400
4004:	0010
4005:	0000
4006:	0012
4007:	0000
4010:	0001
4012:	4000
4673:	0000
4702:	0000

Breakpoint, PC: 04254 (CLR)
L:	1
AC:	7777
MQ:	7400
4004:	0010
4005:	0000
4006:	0012
4007:	0000
4010:	0001
4012:	4000
4673:	0000
4702:	0000

Breakpoint, PC: 04255 (COM)
L:	0
AC:	0000
MQ:	0000
4004:	0010
4005:	0000
4006:	0012
4007:	0000
4010:	0001
4012:	4000
4673:	0000
4702:	0000

Breakpoint, PC: 04256 (ADA 004)
L:	0
AC:	7777
MQ:	0000
4004:	0010
4005:	0000
4006:	0012
4007:	0000
4010:	0001
4012:	4000
4673:	0000
4702:	0000

Breakpoint, PC: 04257 (SAE 004)
L:	0
AC:	0001
MQ:	0000
4004:	0010
4005:	0000
4006:	0012
4007:	0000
4010:	0001
4012:	4000
4673:	0000
4702:	0000

Breakpoint, PC: 04261 (CLR)
L:	0
AC:	0001
MQ:	0000
4004:	0010
4005:	0000
4006:	0012
4007:	0000
4010:	0001
4012:	4000
4673:	0000
4702:	0000

Breakpoint, PC: 04262 (COM)
L:	0
AC:	0000
MQ:	0000
4004:	0010
4005:	0000
4006:	0012
4007:	0000
4010:	0001
4012:	4000
4673:	0000
4702:	0000

Breakpoint, PC: 04263 (ADA 004)
L:	0
AC:	7777
MQ:	0000
4004:	0010
4005:	0000
4006:	0012
4007:	0000
4010:	0001
4012:	4000
4673:	0000
4702:	0000

Breakpoint, PC: 04264 (ADA 004)
L:	0
AC:	0001
MQ:	0000
4004:	0010
4005:	0000
4006:	0012
4007:	0000
4010:	0001
4012:	4000
4673:	0000
4702:	0000

Breakpoint, PC: 04265 (ROR 001)
L:	0
AC:	0002
MQ:	0000
4004:	0010
4005:	0000
4006:	0012
4007:	0000
4010:	0001
4012:	4000
4673:	0000
4702:	0000

Breakpoint, PC: 04266 (SAE 004)
L:	0
AC:	0001
MQ:	0000
4004:	0010
4005:	0000
4006:	0012
4007:	0000
4010:	0001
4012:	4000
4673:	0000
4702:	0000

Breakpoint, PC: 04270 (LDA 004)
L:	0
AC:	0001
MQ:	0000
4004:	0010
4005:	0000
4006:	0012
4007:	0000
4010:	0001
4012:	4000
4673:	0000
4702:	0000

Breakpoint, PC: 04271 (ADA I; 7777)
L:	0
AC:	0001
MQ:	0000
4004:	0010
4005:	0000
4006:	0012
4007:	0000
4010:	0001
4012:	4000
4673:	0000
4702:	0000

Breakpoint, PC: 04273 (SAE 004)
L:	0
AC:	0001
MQ:	0000
4004:	0010
4005:	0000
4006:	0012
4007:	0000
4010:	0001
4012:	4000
4673:	0000
4702:	0000

Breakpoint, PC: 04275 (LDA 004)
L:	0
AC:	0001
MQ:	0000
4004:	0010
4005:	0000
4006:	0012
4007:	0000
4010:	0001
4012:	4000
4673:	0000
4702:	0000

Breakpoint, PC: 04276 (ROR 006)
L:	0
AC:	0001
MQ:	0000
4004:	0010
4005:	0000
4006:	0012
4007:	0000
4010:	0001
4012:	4000
4673:	0000
4702:	0000

Breakpoint, PC: 04277 (ADD 0010)
L:	0
AC:	0100
MQ:	0100
4004:	0010
4005:	0000
4006:	0012
4007:	0000
4010:	0001
4012:	4000
4673:	0000
4702:	0000

Breakpoint, PC: 04300 (COM)
L:	0
AC:	0101
MQ:	0100
4004:	0010
4005:	0000
4006:	0012
4007:	0000
4010:	0001
4012:	4000
4673:	0000
4702:	0000

Breakpoint, PC: 04301 (ADA 004)
L:	0
AC:	7676
MQ:	0100
4004:	0010
4005:	0000
4006:	0012
4007:	0000
4010:	0001
4012:	4000
4673:	0000
4702:	0000

Breakpoint, PC: 04302 (ROL 006)
L:	0
AC:	7677
MQ:	0100
4004:	0010
4005:	0000
4006:	0012
4007:	0000
4010:	0001
4012:	4000
4673:	0000
4702:	0000

Breakpoint, PC: 04303 (COM)
L:	0
AC:	7776
MQ:	0100
4004:	0010
4005:	0000
4006:	0012
4007:	0000
4010:	0001
4012:	4000
4673:	0000
4702:	0000

Breakpoint, PC: 04304 (SAE 004)
L:	0
AC:	0001
MQ:	0100
4004:	0010
4005:	0000
4006:	0012
4007:	0000
4010:	0001
4012:	4000
4673:	0000
4702:	0000

Breakpoint, PC: 04306 (LZE)
L:	0
AC:	0001
MQ:	0100
4004:	0010
4005:	0000
4006:	0012
4007:	0000
4010:	0001
4012:	4000
4673:	0000
4702:	0000

Breakpoint, PC: 04310 (STC 0012)
L:	0
AC:	0001
MQ:	0100
4004:	0010
4005:	0000
4006:	0012
4007:	0000
4010:	0001
4012:	4000
4673:	0000
4702:	0000

Breakpoint, PC: 04311 (AZE)
L:	0
AC:	0000
MQ:	0100
4004:	0010
4005:	0000
4006:	0012
4007:	0000
4010:	0001
4012:	0001
4673:	0000
4702:	0000

Breakpoint, PC: 04313 (LDA 006)
L:	0
AC:	0000
MQ:	0100
4004:	0010
4005:	0000
4006:	0012
4007:	0000
4010:	0001
4012:	0001
4673:	0000
4702:	0000

Breakpoint, PC: 04314 (SAE 004)
L:	0
AC:	0001
MQ:	0100
4004:	0010
4005:	0000
4006:	0012
4007:	0000
4010:	0001
4012:	0001
4673:	0000
4702:	0000

Breakpoint, PC: 04316 (LDA 004)
L:	0
AC:	0001
MQ:	0100
4004:	0010
4005:	0000
4006:	0012
4007:	0000
4010:	0001
4012:	0001
4673:	0000
4702:	0000

Breakpoint, PC: 04317 (STA 006)
L:	0
AC:	0001
MQ:	0100
4004:	0010
4005:	0000
4006:	0012
4007:	0000
4010:	0001
4012:	0001
4673:	0000
4702:	0000

Breakpoint, PC: 04320 (ADM 006)
L:	0
AC:	0001
MQ:	0100
4004:	0010
4005:	0000
4006:	0012
4007:	0000
4010:	0001
4012:	0001
4673:	0000
4702:	0000

Breakpoint, PC: 04321 (ROR 001)
L:	0
AC:	0002
MQ:	0100
4004:	0010
4005:	0000
4006:	0012
4007:	0000
4010:	0001
4012:	0002
4673:	0000
4702:	0000

Breakpoint, PC: 04322 (SAE 004)
L:	0
AC:	0001
MQ:	0040
4004:	0010
4005:	0000
4006:	0012
4007:	0000
4010:	0001
4012:	0002
4673:	0000
4702:	0000

Breakpoint, PC: 04324 (ROL 001)
L:	0
AC:	0001
MQ:	0040
4004:	0010
4005:	0000
4006:	0012
4007:	0000
4010:	0001
4012:	0002
4673:	0000
4702:	0000

Breakpoint, PC: 04325 (SAE 006)
L:	0
AC:	0002
MQ:	0040
4004:	0010
4005:	0000
4006:	0012
4007:	0000
4010:	0001
4012:	0002
4673:	0000
4702:	0000

Breakpoint, PC: 04327 (LZE)
L:	0
AC:	0002
MQ:	0040
4004:	0010
4005:	0000
4006:	0012
4007:	0000
4010:	0001
4012:	0002
4673:	0000
4702:	0000

Breakpoint, PC: 04331 (CLR)
L:	0
AC:	0002
MQ:	0040
4004:	0010
4005:	0000
4006:	0012
4007:	0000
4010:	0001
4012:	0002
4673:	0000
4702:	0000

Breakpoint, PC: 04332 (STA 006)
L:	0
AC:	0000
MQ:	0000
4004:	0010
4005:	0000
4006:	0012
4007:	0000
4010:	0001
4012:	0002
4673:	0000
4702:	0000

Breakpoint, PC: 04333 (LDA 004)
L:	0
AC:	0000
MQ:	0000
4004:	0010
4005:	0000
4006:	0012
4007:	0000
4010:	0001
4012:	0000
4673:	0000
4702:	0000

Breakpoint, PC: 04334 (LAM 006)
L:	0
AC:	0001
MQ:	0000
4004:	0010
4005:	0000
4006:	0012
4007:	0000
4010:	0001
4012:	0000
4673:	0000
4702:	0000

Breakpoint, PC: 04335 (SAE 004)
L:	0
AC:	0001
MQ:	0000
4004:	0010
4005:	0000
4006:	0012
4007:	0000
4010:	0001
4012:	0001
4673:	0000
4702:	0000

Breakpoint, PC: 04337 (LZE)
L:	0
AC:	0001
MQ:	0000
4004:	0010
4005:	0000
4006:	0012
4007:	0000
4010:	0001
4012:	0001
4673:	0000
4702:	0000

Breakpoint, PC: 04341 (CLR)
L:	0
AC:	0001
MQ:	0000
4004:	0010
4005:	0000
4006:	0012
4007:	0000
4010:	0001
4012:	0001
4673:	0000
4702:	0000

Breakpoint, PC: 04342 (STA 006)
L:	0
AC:	0000
MQ:	0000
4004:	0010
4005:	0000
4006:	0012
4007:	0000
4010:	0001
4012:	0001
4673:	0000
4702:	0000

Breakpoint, PC: 04343 (COM)
L:	0
AC:	0000
MQ:	0000
4004:	0010
4005:	0000
4006:	0012
4007:	0000
4010:	0001
4012:	0000
4673:	0000
4702:	0000

Breakpoint, PC: 04344 (ROL I 001)
L:	0
AC:	7777
MQ:	0000
4004:	0010
4005:	0000
4006:	0012
4007:	0000
4010:	0001
4012:	0000
4673:	0000
4702:	0000

Breakpoint, PC: 04345 (LAM 006)
L:	1
AC:	7776
MQ:	0000
4004:	0010
4005:	0000
4006:	0012
4007:	0000
4010:	0001
4012:	0000
4673:	0000
4702:	0000

Breakpoint, PC: 04346 (LZE)
L:	0
AC:	7777
MQ:	0000
4004:	0010
4005:	0000
4006:	0012
4007:	0000
4010:	0001
4012:	7777
4673:	0000
4702:	0000

Breakpoint, PC: 04350 (AZE)
L:	0
AC:	7777
MQ:	0000
4004:	0010
4005:	0000
4006:	0012
4007:	0000
4010:	0001
4012:	7777
4673:	0000
4702:	0000

Breakpoint, PC: 04352 (CLR)
L:	0
AC:	7777
MQ:	0000
4004:	0010
4005:	0000
4006:	0012
4007:	0000
4010:	0001
4012:	7777
4673:	0000
4702:	0000

Breakpoint, PC: 04353 (STC 0362)
L:	0
AC:	0000
MQ:	0000
4004:	0010
4005:	0000
4006:	0012
4007:	0000
4010:	0001
4012:	7777
4673:	0000
4702:	0000

Breakpoint, PC: 04354 (LDA 004)
L:	0
AC:	0000
MQ:	0000
4004:	0010
4005:	0000
4006:	0012
4007:	0000
4010:	0001
4012:	7777
4673:	0000
4702:	0000

Breakpoint, PC: 04355 (STC 0012)
L:	0
AC:	0001
MQ:	0000
4004:	0010
4005:	0000
4006:	0012
4007:	0000
4010:	0001
4012:	7777
4673:	0000
4702:	0000

Breakpoint, PC: 04356 (LAM 006)
L:	0
AC:	0000
MQ:	0000
4004:	0010
4005:	0000
4006:	0012
4007:	0000
4010:	0001
4012:	0001
4673:	0000
4702:	0000

Breakpoint, PC: 04357 (SAE 006)
L:	0
AC:	0001
MQ:	0000
4004:	0010
4005:	0000
4006:	0012
4007:	0000
4010:	0001
4012:	0001
4673:	0000
4702:	0000

Breakpoint, PC: 04361 (LAM I; 0000)
L:	0
AC:	0001
MQ:	0000
4004:	0010
4005:	0000
4006:	0012
4007:	0000
4010:	0001
4012:	0001
4673:	0000
4702:	0000

Breakpoint, PC: 04363 (NOP)
L:	0
AC:	0001
MQ:	0000
4004:	0010
4005:	0000
4006:	0012
4007:	0000
4010:	0001
4012:	0001
4673:	0000
4702:	0000

Breakpoint, PC: 04364 (SAE 004)
L:	0
AC:	0001
MQ:	0000
4004:	0010
4005:	0000
4006:	0012
4007:	0000
4010:	0001
4012:	0001
4673:	0000
4702:	0000

Breakpoint, PC: 04366 (LDA 004)
L:	0
AC:	0001
MQ:	0000
4004:	0010
4005:	0000
4006:	0012
4007:	0000
4010:	0001
4012:	0001
4673:	0000
4702:	0000

Breakpoint, PC: 04367 (BCL 004)
L:	0
AC:	0001
MQ:	0000
4004:	0010
4005:	0000
4006:	0012
4007:	0000
4010:	0001
4012:	0001
4673:	0000
4702:	0000

Breakpoint, PC: 04370 (AZE)
L:	0
AC:	0000
MQ:	0000
4004:	0010
4005:	0000
4006:	0012
4007:	0000
4010:	0001
4012:	0001
4673:	0000
4702:	0000

Breakpoint, PC: 04372 (LDA 004)
L:	0
AC:	0000
MQ:	0000
4004:	0010
4005:	0000
4006:	0012
4007:	0000
4010:	0001
4012:	0001
4673:	0000
4702:	0000

Breakpoint, PC: 04373 (COM)
L:	0
AC:	0001
MQ:	0000
4004:	0010
4005:	0000
4006:	0012
4007:	0000
4010:	0001
4012:	0001
4673:	0000
4702:	0000

Breakpoint, PC: 04374 (BCL 004)
L:	0
AC:	7776
MQ:	0000
4004:	0010
4005:	0000
4006:	0012
4007:	0000
4010:	0001
4012:	0001
4673:	0000
4702:	0000

Breakpoint, PC: 04375 (COM)
L:	0
AC:	7776
MQ:	0000
4004:	0010
4005:	0000
4006:	0012
4007:	0000
4010:	0001
4012:	0001
4673:	0000
4702:	0000

Breakpoint, PC: 04376 (SAE 004)
L:	0
AC:	0001
MQ:	0000
4004:	0010
4005:	0000
4006:	0012
4007:	0000
4010:	0001
4012:	0001
4673:	0000
4702:	0000

Breakpoint, PC: 04400 (LDA 004)
L:	0
AC:	0001
MQ:	0000
4004:	0010
4005:	0000
4006:	0012
4007:	0000
4010:	0001
4012:	0001
4673:	0000
4702:	0000

Breakpoint, PC: 04401 (ROR 006)
L:	0
AC:	0001
MQ:	0000
4004:	0010
4005:	0000
4006:	0012
4007:	0000
4010:	0001
4012:	0001
4673:	0000
4702:	0000

Breakpoint, PC: 04402 (BCO 004)
L:	0
AC:	0100
MQ:	0100
4004:	0010
4005:	0000
4006:	0012
4007:	0000
4010:	0001
4012:	0001
4673:	0000
4702:	0000

Breakpoint, PC: 04403 (BCO 004)
L:	0
AC:	0101
MQ:	0100
4004:	0010
4005:	0000
4006:	0012
4007:	0000
4010:	0001
4012:	0001
4673:	0000
4702:	0000

Breakpoint, PC: 04404 (ROL 006)
L:	0
AC:	0100
MQ:	0100
4004:	0010
4005:	0000
4006:	0012
4007:	0000
4010:	0001
4012:	0001
4673:	0000
4702:	0000

Breakpoint, PC: 04405 (SAE 004)
L:	0
AC:	0001
MQ:	0100
4004:	0010
4005:	0000
4006:	0012
4007:	0000
4010:	0001
4012:	0001
4673:	0000
4702:	0000

Breakpoint, PC: 04407 (LDA 004)
L:	0
AC:	0001
MQ:	0100
4004:	0010
4005:	0000
4006:	0012
4007:	0000
4010:	0001
4012:	0001
4673:	0000
4702:	0000

Breakpoint, PC: 04410 (BSE I; 0000)
L:	0
AC:	0001
MQ:	0100
4004:	0010
4005:	0000
4006:	0012
4007:	0000
4010:	0001
4012:	0001
4673:	0000
4702:	0000

Breakpoint, PC: 04412 (SAE 004)
L:	0
AC:	0001
MQ:	0100
4004:	0010
4005:	0000
4006:	0012
4007:	0000
4010:	0001
4012:	0001
4673:	0000
4702:	0000

Breakpoint, PC: 04414 (BSE I; 7777)
L:	0
AC:	0001
MQ:	0100
4004:	0010
4005:	0000
4006:	0012
4007:	0000
4010:	0001
4012:	0001
4673:	0000
4702:	0000

Breakpoint, PC: 04416 (ADA 004)
L:	0
AC:	7777
MQ:	0100
4004:	0010
4005:	0000
4006:	0012
4007:	0000
4010:	0001
4012:	0001
4673:	0000
4702:	0000

Breakpoint, PC: 04417 (SAE 004)
L:	0
AC:	0001
MQ:	0100
4004:	0010
4005:	0000
4006:	0012
4007:	0000
4010:	0001
4012:	0001
4673:	0000
4702:	0000

Breakpoint, PC: 04421 (CLR)
L:	0
AC:	0001
MQ:	0100
4004:	0010
4005:	0000
4006:	0012
4007:	0000
4010:	0001
4012:	0001
4673:	0000
4702:	0000

Breakpoint, PC: 04422 (BSE 004)
L:	0
AC:	0000
MQ:	0000
4004:	0010
4005:	0000
4006:	0012
4007:	0000
4010:	0001
4012:	0001
4673:	0000
4702:	0000

Breakpoint, PC: 04423 (SAE 004)
L:	0
AC:	0001
MQ:	0000
4004:	0010
4005:	0000
4006:	0012
4007:	0000
4010:	0001
4012:	0001
4673:	0000
4702:	0000

Breakpoint, PC: 04425 (CLR)
L:	0
AC:	0001
MQ:	0000
4004:	0010
4005:	0000
4006:	0012
4007:	0000
4010:	0001
4012:	0001
4673:	0000
4702:	0000

Breakpoint, PC: 04426 (BCO 004)
L:	0
AC:	0000
MQ:	0000
4004:	0010
4005:	0000
4006:	0012
4007:	0000
4010:	0001
4012:	0001
4673:	0000
4702:	0000

Breakpoint, PC: 04427 (COM)
L:	0
AC:	0001
MQ:	0000
4004:	0010
4005:	0000
4006:	0012
4007:	0000
4010:	0001
4012:	0001
4673:	0000
4702:	0000

Breakpoint, PC: 04430 (BCO 004)
L:	0
AC:	7776
MQ:	0000
4004:	0010
4005:	0000
4006:	0012
4007:	0000
4010:	0001
4012:	0001
4673:	0000
4702:	0000

Breakpoint, PC: 04431 (AZE)
L:	0
AC:	7777
MQ:	0000
4004:	0010
4005:	0000
4006:	0012
4007:	0000
4010:	0001
4012:	0001
4673:	0000
4702:	0000

Breakpoint, PC: 04433 (BCO 004)
L:	0
AC:	7777
MQ:	0000
4004:	0010
4005:	0000
4006:	0012
4007:	0000
4010:	0001
4012:	0001
4673:	0000
4702:	0000

Breakpoint, PC: 04434 (COM)
L:	0
AC:	7776
MQ:	0000
4004:	0010
4005:	0000
4006:	0012
4007:	0000
4010:	0001
4012:	0001
4673:	0000
4702:	0000

Breakpoint, PC: 04435 (SAE 004)
L:	0
AC:	0001
MQ:	0000
4004:	0010
4005:	0000
4006:	0012
4007:	0000
4010:	0001
4012:	0001
4673:	0000
4702:	0000

Breakpoint, PC: 04437 (CLR)
L:	0
AC:	0001
MQ:	0000
4004:	0010
4005:	0000
4006:	0012
4007:	0000
4010:	0001
4012:	0001
4673:	0000
4702:	0000

Breakpoint, PC: 04440 (STA 006)
L:	0
AC:	0000
MQ:	0000
4004:	0010
4005:	0000
4006:	0012
4007:	0000
4010:	0001
4012:	0001
4673:	0000
4702:	0000

Breakpoint, PC: 04441 (LDA I; 4011)
L:	0
AC:	0000
MQ:	0000
4004:	0010
4005:	0000
4006:	0012
4007:	0000
4010:	0001
4012:	0000
4673:	0000
4702:	0000

Breakpoint, PC: 04443 (STC 0006)
L:	0
AC:	4011
MQ:	0000
4004:	0010
4005:	0000
4006:	0012
4007:	0000
4010:	0001
4012:	0000
4673:	0000
4702:	0000

Breakpoint, PC: 04444 (LDA 004)
L:	0
AC:	0000
MQ:	0000
4004:	0010
4005:	0000
4006:	4011
4007:	0000
4010:	0001
4012:	0000
4673:	0000
4702:	0000

Breakpoint, PC: 04445 (ROR 006)
L:	0
AC:	0001
MQ:	0000
4004:	0010
4005:	0000
4006:	4011
4007:	0000
4010:	0001
4012:	0000
4673:	0000
4702:	0000

Breakpoint, PC: 04446 (STH I 006)
L:	0
AC:	0100
MQ:	0100
4004:	0010
4005:	0000
4006:	4011
4007:	0000
4010:	0001
4012:	0000
4673:	0000
4702:	0000

Breakpoint, PC: 04447 (ROR 006)
L:	0
AC:	0100
MQ:	0100
4004:	0010
4005:	0000
4006:	4012
4007:	0000
4010:	0001
4012:	0000
4673:	0000
4702:	0000

Breakpoint, PC: 04450 (STH I 006)
L:	0
AC:	0001
MQ:	0001
4004:	0010
4005:	0000
4006:	4012
4007:	0000
4010:	0001
4012:	0000
4673:	0000
4702:	0000

Breakpoint, PC: 04451 (SAE 004)
L:	0
AC:	0001
MQ:	0001
4004:	0010
4005:	0000
4006:	4013
4007:	0000
4010:	0001
4012:	0000
4673:	0000
4702:	0000

Breakpoint, PC: 04453 (SAE 006)
L:	0
AC:	0001
MQ:	0001
4004:	0010
4005:	0000
4006:	4013
4007:	0000
4010:	0001
4012:	0000
4673:	0000
4702:	0000

Breakpoint, PC: 04455 (CLR)
L:	0
AC:	0001
MQ:	0001
4004:	0010
4005:	0000
4006:	4013
4007:	0000
4010:	0001
4012:	0000
4673:	0000
4702:	0000

Breakpoint, PC: 04456 (COM)
L:	0
AC:	0000
MQ:	0000
4004:	0010
4005:	0000
4006:	4013
4007:	0000
4010:	0001
4012:	0000
4673:	0000
4702:	0000

Breakpoint, PC: 04457 (LDH 006)
L:	0
AC:	7777
MQ:	0000
4004:	0010
4005:	0000
4006:	4013
4007:	0000
4010:	0001
4012:	0000
4673:	0000
4702:	0000

Breakpoint, PC: 04460 (APO)
L:	0
AC:	0001
MQ:	0000
4004:	0010
4005:	0000
4006:	4013
4007:	0000
4010:	0001
4012:	0000
4673:	0000
4702:	0000

Breakpoint, PC: 04462 (SHD 006)
L:	0
AC:	0001
MQ:	0000
4004:	0010
4005:	0000
4006:	4013
4007:	0000
4010:	0001
4012:	0000
4673:	0000
4702:	0000

Breakpoint, PC: 04463 (APO)
L:	0
AC:	0001
MQ:	0000
4004:	0010
4005:	0000
4006:	4013
4007:	0000
4010:	0001
4012:	0000
4673:	0000
4702:	0000

Breakpoint, PC: 04465 (COM)
L:	0
AC:	0001
MQ:	0000
4004:	0010
4005:	0000
4006:	4013
4007:	0000
4010:	0001
4012:	0000
4673:	0000
4702:	0000

Breakpoint, PC: 04466 (SHD 006)
L:	0
AC:	7776
MQ:	0000
4004:	0010
4005:	0000
4006:	4013
4007:	0000
4010:	0001
4012:	0000
4673:	0000
4702:	0000

Breakpoint, PC: 04470 (CLR)
L:	0
AC:	7776
MQ:	0000
4004:	0010
4005:	0000
4006:	4013
4007:	0000
4010:	0001
4012:	0000
4673:	0000
4702:	0000

Breakpoint, PC: 04471 (SHD I; 7700)
L:	0
AC:	0000
MQ:	0000
4004:	0010
4005:	0000
4006:	4013
4007:	0000
4010:	0001
4012:	0000
4673:	0000
4702:	0000

Breakpoint, PC: 04474 (LDA 004)
L:	0
AC:	0000
MQ:	0000
4004:	0010
4005:	0000
4006:	4013
4007:	0000
4010:	0001
4012:	0000
4673:	0000
4702:	0000

Breakpoint, PC: 04475 (STA 006)
L:	0
AC:	0001
MQ:	0000
4004:	0010
4005:	0000
4006:	4013
4007:	0000
4010:	0001
4012:	0000
4673:	0000
4702:	0000

Breakpoint, PC: 04476 (LDA I; 4011)
L:	0
AC:	0001
MQ:	0000
4004:	0010
4005:	0000
4006:	4013
4007:	0000
4010:	0001
4012:	0000
4673:	0000
4702:	0000

Breakpoint, PC: 04500 (STC 0006)
L:	0
AC:	4011
MQ:	0000
4004:	0010
4005:	0000
4006:	4013
4007:	0000
4010:	0001
4012:	0000
4673:	0000
4702:	0000

Breakpoint, PC: 04501 (AZE)
L:	0
AC:	0000
MQ:	0000
4004:	0010
4005:	0000
4006:	4011
4007:	0000
4010:	0001
4012:	0000
4673:	0000
4702:	0000

Breakpoint, PC: 04503 (LDA 004)
L:	0
AC:	0000
MQ:	0000
4004:	0010
4005:	0000
4006:	4011
4007:	0000
4010:	0001
4012:	0000
4673:	0000
4702:	0000

Breakpoint, PC: 04504 (ROR 006)
L:	0
AC:	0001
MQ:	0000
4004:	0010
4005:	0000
4006:	4011
4007:	0000
4010:	0001
4012:	0000
4673:	0000
4702:	0000

Breakpoint, PC: 04505 (SHD I 006)
L:	0
AC:	0100
MQ:	0100
4004:	0010
4005:	0000
4006:	4011
4007:	0000
4010:	0001
4012:	0000
4673:	0000
4702:	0000

Breakpoint, PC: 04506 (LZE)
L:	0
AC:	0100
MQ:	0100
4004:	0010
4005:	0000
4006:	4012
4007:	0000
4010:	0001
4012:	0000
4673:	0000
4702:	0000

Breakpoint, PC: 04510 (SHD 006)
L:	0
AC:	0100
MQ:	0100
4004:	0010
4005:	0000
4006:	4012
4007:	0000
4010:	0001
4012:	0000
4673:	0000
4702:	0000

Breakpoint, PC: 04511 (LZE)
L:	0
AC:	0100
MQ:	0100
4004:	0010
4005:	0000
4006:	4012
4007:	0000
4010:	0001
4012:	0000
4673:	0000
4702:	0000

Breakpoint, PC: 04513 (ROR 006)
L:	0
AC:	0100
MQ:	0100
4004:	0010
4005:	0000
4006:	4012
4007:	0000
4010:	0001
4012:	0000
4673:	0000
4702:	0000

Breakpoint, PC: 04514 (SHD I 006)
L:	0
AC:	0001
MQ:	0001
4004:	0010
4005:	0000
4006:	4012
4007:	0000
4010:	0001
4012:	0000
4673:	0000
4702:	0000

Breakpoint, PC: 04515 (LZE)
L:	0
AC:	0001
MQ:	0001
4004:	0010
4005:	0000
4006:	4013
4007:	0000
4010:	0001
4012:	0000
4673:	0000
4702:	0000

Breakpoint, PC: 04517 (SHD 006)
L:	0
AC:	0001
MQ:	0001
4004:	0010
4005:	0000
4006:	4013
4007:	0000
4010:	0001
4012:	0000
4673:	0000
4702:	0000

Breakpoint, PC: 04520 (LZE)
L:	0
AC:	0001
MQ:	0001
4004:	0010
4005:	0000
4006:	4013
4007:	0000
4010:	0001
4012:	0000
4673:	0000
4702:	0000

Breakpoint, PC: 04522 (SAE 004)
L:	0
AC:	0001
MQ:	0001
4004:	0010
4005:	0000
4006:	4013
4007:	0000
4010:	0001
4012:	0000
4673:	0000
4702:	0000

Breakpoint, PC: 04524 (CLR)
L:	0
AC:	0001
MQ:	0001
4004:	0010
4005:	0000
4006:	4013
4007:	0000
4010:	0001
4012:	0000
4673:	0000
4702:	0000

Breakpoint, PC: 04525 (SHD I; 0077)
L:	0
AC:	0000
MQ:	0000
4004:	0010
4005:	0000
4006:	4013
4007:	0000
4010:	0001
4012:	0000
4673:	0000
4702:	0000

Breakpoint, PC: 04527 (LZE)
L:	0
AC:	0000
MQ:	0000
4004:	0010
4005:	0000
4006:	4013
4007:	0000
4010:	0001
4012:	0000
4673:	0000
4702:	0000

Breakpoint, PC: 04531 (LDA 004)
L:	0
AC:	0000
MQ:	0000
4004:	0010
4005:	0000
4006:	4013
4007:	0000
4010:	0001
4012:	0000
4673:	0000
4702:	0000

Breakpoint, PC: 04532 (ROR 006)
L:	0
AC:	0001
MQ:	0000
4004:	0010
4005:	0000
4006:	4013
4007:	0000
4010:	0001
4012:	0000
4673:	0000
4702:	0000

Breakpoint, PC: 04533 (SHD; 0012)
L:	0
AC:	0100
MQ:	0100
4004:	0010
4005:	0000
4006:	4013
4007:	0000
4010:	0001
4012:	0000
4673:	0000
4702:	0000

Breakpoint, PC: 04535 (LZE)
L:	0
AC:	0100
MQ:	0100
4004:	0010
4005:	0000
4006:	4013
4007:	0000
4010:	0001
4012:	0000
4673:	0000
4702:	0000

Breakpoint, PC: 04537 (LDA 004)
L:	0
AC:	0100
MQ:	0100
4004:	0010
4005:	0000
4006:	4013
4007:	0000
4010:	0001
4012:	0000
4673:	0000
4702:	0000

Breakpoint, PC: 04540 (COM)
L:	0
AC:	0001
MQ:	0100
4004:	0010
4005:	0000
4006:	4013
4007:	0000
4010:	0001
4012:	0000
4673:	0000
4702:	0000

Breakpoint, PC: 04541 (SET 006; 0004)
L:	0
AC:	7776
MQ:	0100
4004:	0010
4005:	0000
4006:	4013
4007:	0000
4010:	0001
4012:	0000
4673:	0000
4702:	0000

Breakpoint, PC: 04543 (COM)
L:	0
AC:	7776
MQ:	0100
4004:	0010
4005:	0000
4006:	0010
4007:	0000
4010:	0001
4012:	0000
4673:	0000
4702:	0000

Breakpoint, PC: 04544 (SAE 004)
L:	0
AC:	0001
MQ:	0100
4004:	0010
4005:	0000
4006:	0010
4007:	0000
4010:	0001
4012:	0000
4673:	0000
4702:	0000

Breakpoint, PC: 04546 (CLR)
L:	0
AC:	0001
MQ:	0100
4004:	0010
4005:	0000
4006:	0010
4007:	0000
4010:	0001
4012:	0000
4673:	0000
4702:	0000

Breakpoint, PC: 04547 (ADD 0004)
L:	0
AC:	0000
MQ:	0000
4004:	0010
4005:	0000
4006:	0010
4007:	0000
4010:	0001
4012:	0000
4673:	0000
4702:	0000

Breakpoint, PC: 04550 (SAE; 0006)
L:	0
AC:	0010
MQ:	0000
4004:	0010
4005:	0000
4006:	0010
4007:	0000
4010:	0001
4012:	0000
4673:	0000
4702:	0000

Breakpoint, PC: 04553 (LDA 004)
L:	0
AC:	0010
MQ:	0000
4004:	0010
4005:	0000
4006:	0010
4007:	0000
4010:	0001
4012:	0000
4673:	0000
4702:	0000

Breakpoint, PC: 04554 (STC 0556)
L:	0
AC:	0001
MQ:	0000
4004:	0010
4005:	0000
4006:	0010
4007:	0000
4010:	0001
4012:	0000
4673:	0000
4702:	0000

Breakpoint, PC: 04555 (SET I 006; 0001)
L:	0
AC:	0000
MQ:	0000
4004:	0010
4005:	0000
4006:	0010
4007:	0000
4010:	0001
4012:	0000
4673:	0000
4702:	0000

Breakpoint, PC: 04557 (AZE)
L:	0
AC:	0000
MQ:	0000
4004:	0010
4005:	0000
4006:	0001
4007:	0000
4010:	0001
4012:	0000
4673:	0000
4702:	0000

Breakpoint, PC: 04561 (LDA; 0006)
L:	0
AC:	0000
MQ:	0000
4004:	0010
4005:	0000
4006:	0001
4007:	0000
4010:	0001
4012:	0000
4673:	0000
4702:	0000

Breakpoint, PC: 04563 (SAE 004)
L:	0
AC:	0001
MQ:	0000
4004:	0010
4005:	0000
4006:	0001
4007:	0000
4010:	0001
4012:	0000
4673:	0000
4702:	0000

Breakpoint, PC: 04565 (LDA 004)
L:	0
AC:	0001
MQ:	0000
4004:	0010
4005:	0000
4006:	0001
4007:	0000
4010:	0001
4012:	0000
4673:	0000
4702:	0000

Breakpoint, PC: 04566 (STC 0006)
L:	0
AC:	0001
MQ:	0000
4004:	0010
4005:	0000
4006:	0001
4007:	0000
4010:	0001
4012:	0000
4673:	0000
4702:	0000

Breakpoint, PC: 04567 (XSK 006)
L:	0
AC:	0000
MQ:	0000
4004:	0010
4005:	0000
4006:	0001
4007:	0000
4010:	0001
4012:	0000
4673:	0000
4702:	0000

Breakpoint, PC: 04570 (NOP)
L:	0
AC:	0000
MQ:	0000
4004:	0010
4005:	0000
4006:	0001
4007:	0000
4010:	0001
4012:	0000
4673:	0000
4702:	0000

Breakpoint, PC: 04571 (AZE)
L:	0
AC:	0000
MQ:	0000
4004:	0010
4005:	0000
4006:	0001
4007:	0000
4010:	0001
4012:	0000
4673:	0000
4702:	0000

Breakpoint, PC: 04573 (LDA; 0006)
L:	0
AC:	0000
MQ:	0000
4004:	0010
4005:	0000
4006:	0001
4007:	0000
4010:	0001
4012:	0000
4673:	0000
4702:	0000

Breakpoint, PC: 04575 (SAE 004)
L:	0
AC:	0001
MQ:	0000
4004:	0010
4005:	0000
4006:	0001
4007:	0000
4010:	0001
4012:	0000
4673:	0000
4702:	0000

Breakpoint, PC: 04577 (SET I 006; 0012)
L:	0
AC:	0001
MQ:	0000
4004:	0010
4005:	0000
4006:	0001
4007:	0000
4010:	0001
4012:	0000
4673:	0000
4702:	0000

Breakpoint, PC: 04601 (LDA 004)
L:	0
AC:	0001
MQ:	0000
4004:	0010
4005:	0000
4006:	0012
4007:	0000
4010:	0001
4012:	0000
4673:	0000
4702:	0000

Breakpoint, PC: 04602 (STA 006)
L:	0
AC:	0001
MQ:	0000
4004:	0010
4005:	0000
4006:	0012
4007:	0000
4010:	0001
4012:	0000
4673:	0000
4702:	0000

Breakpoint, PC: 04603 (ADD 0002)
L:	0
AC:	0001
MQ:	0000
4004:	0010
4005:	0000
4006:	0012
4007:	0000
4010:	0001
4012:	0001
4673:	0000
4702:	0000

Breakpoint, PC: 04604 (XSK I 012)
L:	0
AC:	0002
MQ:	0000
4004:	0010
4005:	0000
4006:	0012
4007:	0000
4010:	0001
4012:	0001
4673:	0000
4702:	0000

Breakpoint, PC: 04605 (SAE 006)
L:	0
AC:	0002
MQ:	0000
4004:	0010
4005:	0000
4006:	0012
4007:	0000
4010:	0001
4012:	0002
4673:	0000
4702:	0000

Breakpoint, PC: 04607 (JMP 0614)
L:	0
AC:	0002
MQ:	0000
4004:	0010
4005:	0000
4006:	0012
4007:	0000
4010:	0001
4012:	0002
4673:	0000
4702:	0000

Breakpoint, PC: 04614 (SET I 006; 1777)
L:	0
AC:	0002
MQ:	0000
4004:	0010
4005:	0000
4006:	0012
4007:	0000
4010:	0001
4012:	0002
4673:	0000
4702:	0000

Breakpoint, PC: 04616 (CLR)
L:	0
AC:	0002
MQ:	0000
4004:	0010
4005:	0000
4006:	1777
4007:	0000
4010:	0001
4012:	0002
4673:	0000
4702:	0000

Breakpoint, PC: 04617 (XSK 006)
L:	0
AC:	0000
MQ:	0000
4004:	0010
4005:	0000
4006:	1777
4007:	0000
4010:	0001
4012:	0002
4673:	0000
4702:	0000

Breakpoint, PC: 04621 (SET I 006; 1776)
L:	0
AC:	0000
MQ:	0000
4004:	0010
4005:	0000
4006:	1777
4007:	0000
4010:	0001
4012:	0002
4673:	0000
4702:	0000

Breakpoint, PC: 04623 (XSK I 006)
L:	0
AC:	0000
MQ:	0000
4004:	0010
4005:	0000
4006:	1776
4007:	0000
4010:	0001
4012:	0002
4673:	0000
4702:	0000

Breakpoint, PC: 04625 (XSK I 006)
L:	0
AC:	0000
MQ:	0000
4004:	0010
4005:	0000
4006:	1777
4007:	0000
4010:	0001
4012:	0002
4673:	0000
4702:	0000

Breakpoint, PC: 04626 (LZE)
L:	0
AC:	0000
MQ:	0000
4004:	0010
4005:	0000
4006:	0000
4007:	0000
4010:	0001
4012:	0002
4673:	0000
4702:	0000

Breakpoint, PC: 04630 (AZE)
L:	0
AC:	0000
MQ:	0000
4004:	0010
4005:	0000
4006:	0000
4007:	0000
4010:	0001
4012:	0002
4673:	0000
4702:	0000

Breakpoint, PC: 04632 (CLR)
L:	0
AC:	0000
MQ:	0000
4004:	0010
4005:	0000
4006:	0000
4007:	0000
4010:	0001
4012:	0002
4673:	0000
4702:	0000

Breakpoint, PC: 04633 (COM)
L:	0
AC:	0000
MQ:	0000
4004:	0010
4005:	0000
4006:	0000
4007:	0000
4010:	0001
4012:	0002
4673:	0000
4702:	0000

Breakpoint, PC: 04634 (STC 0006)
L:	0
AC:	7777
MQ:	0000
4004:	0010
4005:	0000
4006:	0000
4007:	0000
4010:	0001
4012:	0002
4673:	0000
4702:	0000

Breakpoint, PC: 04635 (XSK I 006)
L:	0
AC:	0000
MQ:	0000
4004:	0010
4005:	0000
4006:	7777
4007:	0000
4010:	0001
4012:	0002
4673:	0000
4702:	0000

Breakpoint, PC: 04636 (NOP)
L:	0
AC:	0000
MQ:	0000
4004:	0010
4005:	0000
4006:	6000
4007:	0000
4010:	0001
4012:	0002
4673:	0000
4702:	0000

Breakpoint, PC: 04637 (ADD 0006)
L:	0
AC:	0000
MQ:	0000
4004:	0010
4005:	0000
4006:	6000
4007:	0000
4010:	0001
4012:	0002
4673:	0000
4702:	0000

Breakpoint, PC: 04640 (SAE I; 6000)
L:	0
AC:	6000
MQ:	0000
4004:	0010
4005:	0000
4006:	6000
4007:	0000
4010:	0001
4012:	0002
4673:	0000
4702:	0000

Breakpoint, PC: 04643 (SET I 006; 0010)
L:	0
AC:	6000
MQ:	0000
4004:	0010
4005:	0000
4006:	6000
4007:	0000
4010:	0001
4012:	0002
4673:	0000
4702:	0000

Breakpoint, PC: 04645 (LDA 004)
L:	0
AC:	6000
MQ:	0000
4004:	0010
4005:	0000
4006:	0010
4007:	0000
4010:	0001
4012:	0002
4673:	0000
4702:	0000

Breakpoint, PC: 04646 (ROR 006)
L:	0
AC:	0001
MQ:	0000
4004:	0010
4005:	0000
4006:	0010
4007:	0000
4010:	0001
4012:	0002
4673:	0000
4702:	0000

Breakpoint, PC: 04647 (BCO 004)
L:	0
AC:	0100
MQ:	0100
4004:	0010
4005:	0000
4006:	0010
4007:	0000
4010:	0001
4012:	0002
4673:	0000
4702:	0000

Breakpoint, PC: 04650 (STA; 0012)
L:	0
AC:	0101
MQ:	0100
4004:	0010
4005:	0000
4006:	0010
4007:	0000
4010:	0001
4012:	0002
4673:	0000
4702:	0000

Breakpoint, PC: 04652 (BCO 004)
L:	0
AC:	0101
MQ:	0100
4004:	0010
4005:	0000
4006:	0010
4007:	0000
4010:	0001
4012:	0101
4673:	0000
4702:	0000

Breakpoint, PC: 04653 (APO)
L:	0
AC:	0100
MQ:	0100
4004:	0010
4005:	0000
4006:	0010
4007:	0000
4010:	0001
4012:	0101
4673:	0000
4702:	0000

Breakpoint, PC: 04655 (STC 0005)
L:	0
AC:	0100
MQ:	0100
4004:	0010
4005:	0000
4006:	0010
4007:	0000
4010:	0001
4012:	0101
4673:	0000
4702:	0000

Breakpoint, PC: 04656 (LDA 004)
L:	0
AC:	0000
MQ:	0100
4004:	0010
4005:	0100
4006:	0010
4007:	0000
4010:	0001
4012:	0101
4673:	0000
4702:	0000

Breakpoint, PC: 04657 (APO)
L:	0
AC:	0001
MQ:	0100
4004:	0010
4005:	0100
4006:	0010
4007:	0000
4010:	0001
4012:	0101
4673:	0000
4702:	0000

Breakpoint, PC: 04661 (STC 0673)
L:	0
AC:	0001
MQ:	0100
4004:	0010
4005:	0100
4006:	0010
4007:	0000
4010:	0001
4012:	0101
4673:	0000
4702:	0000

Breakpoint, PC: 04662 (STC 0006)
L:	0
AC:	0000
MQ:	0100
4004:	0010
4005:	0100
4006:	0010
4007:	0000
4010:	0001
4012:	0101
4673:	0001
4702:	0000

Breakpoint, PC: 04663 (STC 0007)
L:	0
AC:	0000
MQ:	0100
4004:	0010
4005:	0100
4006:	0000
4007:	0000
4010:	0001
4012:	0101
4673:	0001
4702:	0000

Breakpoint, PC: 04664 (LDA I; 3777)
L:	0
AC:	0000
MQ:	0100
4004:	0010
4005:	0100
4006:	0000
4007:	0000
4010:	0001
4012:	0101
4673:	0001
4702:	0000

Breakpoint, PC: 04666 (STC 0702)
L:	0
AC:	3777
MQ:	0100
4004:	0010
4005:	0100
4006:	0000
4007:	0000
4010:	0001
4012:	0101
4673:	0001
4702:	0000

Breakpoint, PC: 04667 (CLR)
L:	0
AC:	0000
MQ:	0100
4004:	0010
4005:	0100
4006:	0000
4007:	0000
4010:	0001
4012:	0101
4673:	0001
4702:	3777

Breakpoint, PC: 04670 (ADD 0006)
L:	0
AC:	0000
MQ:	0000
4004:	0010
4005:	0100
4006:	0000
4007:	0000
4010:	0001
4012:	0101
4673:	0001
4702:	3777

Breakpoint, PC: 04671 (ROR I 001)
L:	0
AC:	0000
MQ:	0000
4004:	0010
4005:	0100
4006:	0000
4007:	0000
4010:	0001
4012:	0101
4673:	0001
4702:	3777

Breakpoint, PC: 04672 (SRO I; 0001)
L:	0
AC:	0000
MQ:	0000
4004:	0010
4005:	0100
4006:	0000
4007:	0000
4010:	0001
4012:	0101
4673:	0001
4702:	3777

Breakpoint, PC: 04674 (ADD 0005)
L:	0
AC:	0000
MQ:	0000
4004:	0010
4005:	0100
4006:	0000
4007:	0000
4010:	0001
4012:	0101
4673:	4000
4702:	3777

Breakpoint, PC: 04675 (STC 0006)
L:	0
AC:	0100
MQ:	0000
4004:	0010
4005:	0100
4006:	0000
4007:	0000
4010:	0001
4012:	0101
4673:	4000
4702:	3777

Breakpoint, PC: 04676 (ADD 0007)
L:	0
AC:	0000
MQ:	0000
4004:	0010
4005:	0100
4006:	0100
4007:	0000
4010:	0001
4012:	0101
4673:	4000
4702:	3777

Breakpoint, PC: 04677 (ROR I 001)
L:	0
AC:	0000
MQ:	0000
4004:	0010
4005:	0100
4006:	0100
4007:	0000
4010:	0001
4012:	0101
4673:	4000
4702:	3777

Breakpoint, PC: 04700 (STC 0007)
L:	0
AC:	0000
MQ:	0000
4004:	0010
4005:	0100
4006:	0100
4007:	0000
4010:	0001
4012:	0101
4673:	4000
4702:	3777

Breakpoint, PC: 04701 (SRO I; 3777)
L:	0
AC:	0000
MQ:	0000
4004:	0010
4005:	0100
4006:	0100
4007:	0000
4010:	0001
4012:	0101
4673:	4000
4702:	3777

Breakpoint, PC: 04703 (JMP 0670)
L:	0
AC:	0000
MQ:	0000
4004:	0010
4005:	0100
4006:	0100
4007:	0000
4010:	0001
4012:	0101
4673:	4000
4702:	5777

Breakpoint, PC: 04670 (ADD 0006)
L:	0
AC:	0000
MQ:	0000
4004:	0010
4005:	0100
4006:	0100
4007:	0000
4010:	0001
4012:	0101
4673:	4000
4702:	5777

Breakpoint, PC: 04671 (ROR I 001)
L:	0
AC:	0100
MQ:	0000
4004:	0010
4005:	0100
4006:	0100
4007:	0000
4010:	0001
4012:	0101
4673:	4000
4702:	5777

Breakpoint, PC: 04672 (SRO I; 4000)
L:	0
AC:	0040
MQ:	0000
4004:	0010
4005:	0100
4006:	0100
4007:	0000
4010:	0001
4012:	0101
4673:	4000
4702:	5777

Breakpoint, PC: 04675 (STC 0006)
L:	0
AC:	0040
MQ:	0000
4004:	0010
4005:	0100
4006:	0100
4007:	0000
4010:	0001
4012:	0101
4673:	2000
4702:	5777

Breakpoint, PC: 04676 (ADD 0007)
L:	0
AC:	0000
MQ:	0000
4004:	0010
4005:	0100
4006:	0040
4007:	0000
4010:	0001
4012:	0101
4673:	2000
4702:	5777

Breakpoint, PC: 04677 (ROR I 001)
L:	0
AC:	0000
MQ:	0000
4004:	0010
4005:	0100
4006:	0040
4007:	0000
4010:	0001
4012:	0101
4673:	2000
4702:	5777

Breakpoint, PC: 04700 (STC 0007)
L:	0
AC:	0000
MQ:	0000
4004:	0010
4005:	0100
4006:	0040
4007:	0000
4010:	0001
4012:	0101
4673:	2000
4702:	5777

Breakpoint, PC: 04701 (SRO I; 5777)
L:	0
AC:	0000
MQ:	0000
4004:	0010
4005:	0100
4006:	0040
4007:	0000
4010:	0001
4012:	0101
4673:	2000
4702:	5777

Breakpoint, PC: 04703 (JMP 0670)
L:	0
AC:	0000
MQ:	0000
4004:	0010
4005:	0100
4006:	0040
4007:	0000
4010:	0001
4012:	0101
4673:	2000
4702:	6777

Breakpoint, PC: 04670 (ADD 0006)
L:	0
AC:	0000
MQ:	0000
4004:	0010
4005:	0100
4006:	0040
4007:	0000
4010:	0001
4012:	0101
4673:	2000
4702:	6777

Breakpoint, PC: 04671 (ROR I 001)
L:	0
AC:	0040
MQ:	0000
4004:	0010
4005:	0100
4006:	0040
4007:	0000
4010:	0001
4012:	0101
4673:	2000
4702:	6777

Breakpoint, PC: 04672 (SRO I; 2000)
L:	0
AC:	0020
MQ:	0000
4004:	0010
4005:	0100
4006:	0040
4007:	0000
4010:	0001
4012:	0101
4673:	2000
4702:	6777

Breakpoint, PC: 04675 (STC 0006)
L:	0
AC:	0020
MQ:	0000
4004:	0010
4005:	0100
4006:	0040
4007:	0000
4010:	0001
4012:	0101
4673:	1000
4702:	6777

Breakpoint, PC: 04676 (ADD 0007)
L:	0
AC:	0000
MQ:	0000
4004:	0010
4005:	0100
4006:	0020
4007:	0000
4010:	0001
4012:	0101
4673:	1000
4702:	6777

Breakpoint, PC: 04677 (ROR I 001)
L:	0
AC:	0000
MQ:	0000
4004:	0010
4005:	0100
4006:	0020
4007:	0000
4010:	0001
4012:	0101
4673:	1000
4702:	6777

Breakpoint, PC: 04700 (STC 0007)
L:	0
AC:	0000
MQ:	0000
4004:	0010
4005:	0100
4006:	0020
4007:	0000
4010:	0001
4012:	0101
4673:	1000
4702:	6777

Breakpoint, PC: 04701 (SRO I; 6777)
L:	0
AC:	0000
MQ:	0000
4004:	0010
4005:	0100
4006:	0020
4007:	0000
4010:	0001
4012:	0101
4673:	1000
4702:	6777

Breakpoint, PC: 04703 (JMP 0670)
L:	0
AC:	0000
MQ:	0000
4004:	0010
4005:	0100
4006:	0020
4007:	0000
4010:	0001
4012:	0101
4673:	1000
4702:	7377

Breakpoint, PC: 04670 (ADD 0006)
L:	0
AC:	0000
MQ:	0000
4004:	0010
4005:	0100
4006:	0020
4007:	0000
4010:	0001
4012:	0101
4673:	1000
4702:	7377

Breakpoint, PC: 04671 (ROR I 001)
L:	0
AC:	0020
MQ:	0000
4004:	0010
4005:	0100
4006:	0020
4007:	0000
4010:	0001
4012:	0101
4673:	1000
4702:	7377

Breakpoint, PC: 04672 (SRO I; 1000)
L:	0
AC:	0010
MQ:	0000
4004:	0010
4005:	0100
4006:	0020
4007:	0000
4010:	0001
4012:	0101
4673:	1000
4702:	7377

Breakpoint, PC: 04675 (STC 0006)
L:	0
AC:	0010
MQ:	0000
4004:	0010
4005:	0100
4006:	0020
4007:	0000
4010:	0001
4012:	0101
4673:	0400
4702:	7377

Breakpoint, PC: 04676 (ADD 0007)
L:	0
AC:	0000
MQ:	0000
4004:	0010
4005:	0100
4006:	0010
4007:	0000
4010:	0001
4012:	0101
4673:	0400
4702:	7377

Breakpoint, PC: 04677 (ROR I 001)
L:	0
AC:	0000
MQ:	0000
4004:	0010
4005:	0100
4006:	0010
4007:	0000
4010:	0001
4012:	0101
4673:	0400
4702:	7377

Breakpoint, PC: 04700 (STC 0007)
L:	0
AC:	0000
MQ:	0000
4004:	0010
4005:	0100
4006:	0010
4007:	0000
4010:	0001
4012:	0101
4673:	0400
4702:	7377

Breakpoint, PC: 04701 (SRO I; 7377)
L:	0
AC:	0000
MQ:	0000
4004:	0010
4005:	0100
4006:	0010
4007:	0000
4010:	0001
4012:	0101
4673:	0400
4702:	7377

Breakpoint, PC: 04703 (JMP 0670)
L:	0
AC:	0000
MQ:	0000
4004:	0010
4005:	0100
4006:	0010
4007:	0000
4010:	0001
4012:	0101
4673:	0400
4702:	7577

Breakpoint, PC: 04670 (ADD 0006)
L:	0
AC:	0000
MQ:	0000
4004:	0010
4005:	0100
4006:	0010
4007:	0000
4010:	0001
4012:	0101
4673:	0400
4702:	7577

Breakpoint, PC: 04671 (ROR I 001)
L:	0
AC:	0010
MQ:	0000
4004:	0010
4005:	0100
4006:	0010
4007:	0000
4010:	0001
4012:	0101
4673:	0400
4702:	7577

Breakpoint, PC: 04672 (SRO I; 0400)
L:	0
AC:	0004
MQ:	0000
4004:	0010
4005:	0100
4006:	0010
4007:	0000
4010:	0001
4012:	0101
4673:	0400
4702:	7577

Breakpoint, PC: 04675 (STC 0006)
L:	0
AC:	0004
MQ:	0000
4004:	0010
4005:	0100
4006:	0010
4007:	0000
4010:	0001
4012:	0101
4673:	0200
4702:	7577

Breakpoint, PC: 04676 (ADD 0007)
L:	0
AC:	0000
MQ:	0000
4004:	0010
4005:	0100
4006:	0004
4007:	0000
4010:	0001
4012:	0101
4673:	0200
4702:	7577

Breakpoint, PC: 04677 (ROR I 001)
L:	0
AC:	0000
MQ:	0000
4004:	0010
4005:	0100
4006:	0004
4007:	0000
4010:	0001
4012:	0101
4673:	0200
4702:	7577

Breakpoint, PC: 04700 (STC 0007)
L:	0
AC:	0000
MQ:	0000
4004:	0010
4005:	0100
4006:	0004
4007:	0000
4010:	0001
4012:	0101
4673:	0200
4702:	7577

Breakpoint, PC: 04701 (SRO I; 7577)
L:	0
AC:	0000
MQ:	0000
4004:	0010
4005:	0100
4006:	0004
4007:	0000
4010:	0001
4012:	0101
4673:	0200
4702:	7577

Breakpoint, PC: 04703 (JMP 0670)
L:	0
AC:	0000
MQ:	0000
4004:	0010
4005:	0100
4006:	0004
4007:	0000
4010:	0001
4012:	0101
4673:	0200
4702:	7677

Breakpoint, PC: 04670 (ADD 0006)
L:	0
AC:	0000
MQ:	0000
4004:	0010
4005:	0100
4006:	0004
4007:	0000
4010:	0001
4012:	0101
4673:	0200
4702:	7677

Breakpoint, PC: 04671 (ROR I 001)
L:	0
AC:	0004
MQ:	0000
4004:	0010
4005:	0100
4006:	0004
4007:	0000
4010:	0001
4012:	0101
4673:	0200
4702:	7677

Breakpoint, PC: 04672 (SRO I; 0200)
L:	0
AC:	0002
MQ:	0000
4004:	0010
4005:	0100
4006:	0004
4007:	0000
4010:	0001
4012:	0101
4673:	0200
4702:	7677

Breakpoint, PC: 04675 (STC 0006)
L:	0
AC:	0002
MQ:	0000
4004:	0010
4005:	0100
4006:	0004
4007:	0000
4010:	0001
4012:	0101
4673:	0100
4702:	7677

Breakpoint, PC: 04676 (ADD 0007)
L:	0
AC:	0000
MQ:	0000
4004:	0010
4005:	0100
4006:	0002
4007:	0000
4010:	0001
4012:	0101
4673:	0100
4702:	7677

Breakpoint, PC: 04677 (ROR I 001)
L:	0
AC:	0000
MQ:	0000
4004:	0010
4005:	0100
4006:	0002
4007:	0000
4010:	0001
4012:	0101
4673:	0100
4702:	7677

Breakpoint, PC: 04700 (STC 0007)
L:	0
AC:	0000
MQ:	0000
4004:	0010
4005:	0100
4006:	0002
4007:	0000
4010:	0001
4012:	0101
4673:	0100
4702:	7677

Breakpoint, PC: 04701 (SRO I; 7677)
L:	0
AC:	0000
MQ:	0000
4004:	0010
4005:	0100
4006:	0002
4007:	0000
4010:	0001
4012:	0101
4673:	0100
4702:	7677

Breakpoint, PC: 04703 (JMP 0670)
L:	0
AC:	0000
MQ:	0000
4004:	0010
4005:	0100
4006:	0002
4007:	0000
4010:	0001
4012:	0101
4673:	0100
4702:	7737

Breakpoint, PC: 04670 (ADD 0006)
L:	0
AC:	0000
MQ:	0000
4004:	0010
4005:	0100
4006:	0002
4007:	0000
4010:	0001
4012:	0101
4673:	0100
4702:	7737

Breakpoint, PC: 04671 (ROR I 001)
L:	0
AC:	0002
MQ:	0000
4004:	0010
4005:	0100
4006:	0002
4007:	0000
4010:	0001
4012:	0101
4673:	0100
4702:	7737

Breakpoint, PC: 04672 (SRO I; 0100)
L:	0
AC:	0001
MQ:	0000
4004:	0010
4005:	0100
4006:	0002
4007:	0000
4010:	0001
4012:	0101
4673:	0100
4702:	7737

Breakpoint, PC: 04675 (STC 0006)
L:	0
AC:	0001
MQ:	0000
4004:	0010
4005:	0100
4006:	0002
4007:	0000
4010:	0001
4012:	0101
4673:	0040
4702:	7737

Breakpoint, PC: 04676 (ADD 0007)
L:	0
AC:	0000
MQ:	0000
4004:	0010
4005:	0100
4006:	0001
4007:	0000
4010:	0001
4012:	0101
4673:	0040
4702:	7737

Breakpoint, PC: 04677 (ROR I 001)
L:	0
AC:	0000
MQ:	0000
4004:	0010
4005:	0100
4006:	0001
4007:	0000
4010:	0001
4012:	0101
4673:	0040
4702:	7737

Breakpoint, PC: 04700 (STC 0007)
L:	0
AC:	0000
MQ:	0000
4004:	0010
4005:	0100
4006:	0001
4007:	0000
4010:	0001
4012:	0101
4673:	0040
4702:	7737

Breakpoint, PC: 04701 (SRO I; 7737)
L:	0
AC:	0000
MQ:	0000
4004:	0010
4005:	0100
4006:	0001
4007:	0000
4010:	0001
4012:	0101
4673:	0040
4702:	7737

Breakpoint, PC: 04703 (JMP 0670)
L:	0
AC:	0000
MQ:	0000
4004:	0010
4005:	0100
4006:	0001
4007:	0000
4010:	0001
4012:	0101
4673:	0040
4702:	7757

Breakpoint, PC: 04670 (ADD 0006)
L:	0
AC:	0000
MQ:	0000
4004:	0010
4005:	0100
4006:	0001
4007:	0000
4010:	0001
4012:	0101
4673:	0040
4702:	7757

Breakpoint, PC: 04671 (ROR I 001)
L:	0
AC:	0001
MQ:	0000
4004:	0010
4005:	0100
4006:	0001
4007:	0000
4010:	0001
4012:	0101
4673:	0040
4702:	7757

Breakpoint, PC: 04672 (SRO I; 0040)
L:	1
AC:	0000
MQ:	4000
4004:	0010
4005:	0100
4006:	0001
4007:	0000
4010:	0001
4012:	0101
4673:	0040
4702:	7757

Breakpoint, PC: 04675 (STC 0006)
L:	1
AC:	0000
MQ:	4000
4004:	0010
4005:	0100
4006:	0001
4007:	0000
4010:	0001
4012:	0101
4673:	0020
4702:	7757

Breakpoint, PC: 04676 (ADD 0007)
L:	1
AC:	0000
MQ:	4000
4004:	0010
4005:	0100
4006:	0000
4007:	0000
4010:	0001
4012:	0101
4673:	0020
4702:	7757

Breakpoint, PC: 04677 (ROR I 001)
L:	1
AC:	0001
MQ:	4000
4004:	0010
4005:	0100
4006:	0000
4007:	0000
4010:	0001
4012:	0101
4673:	0020
4702:	7757

Breakpoint, PC: 04700 (STC 0007)
L:	1
AC:	4000
MQ:	6000
4004:	0010
4005:	0100
4006:	0000
4007:	0000
4010:	0001
4012:	0101
4673:	0020
4702:	7757

Breakpoint, PC: 04701 (SRO I; 7757)
L:	1
AC:	0000
MQ:	6000
4004:	0010
4005:	0100
4006:	0000
4007:	4000
4010:	0001
4012:	0101
4673:	0020
4702:	7757

Breakpoint, PC: 04703 (JMP 0670)
L:	1
AC:	0000
MQ:	6000
4004:	0010
4005:	0100
4006:	0000
4007:	4000
4010:	0001
4012:	0101
4673:	0020
4702:	7767

Breakpoint, PC: 04670 (ADD 0006)
L:	1
AC:	0000
MQ:	6000
4004:	0010
4005:	0100
4006:	0000
4007:	4000
4010:	0001
4012:	0101
4673:	0020
4702:	7767

Breakpoint, PC: 04671 (ROR I 001)
L:	1
AC:	0001
MQ:	6000
4004:	0010
4005:	0100
4006:	0000
4007:	4000
4010:	0001
4012:	0101
4673:	0020
4702:	7767

Breakpoint, PC: 04672 (SRO I; 0020)
L:	1
AC:	4000
MQ:	7000
4004:	0010
4005:	0100
4006:	0000
4007:	4000
4010:	0001
4012:	0101
4673:	0020
4702:	7767

Breakpoint, PC: 04675 (STC 0006)
L:	1
AC:	4000
MQ:	7000
4004:	0010
4005:	0100
4006:	0000
4007:	4000
4010:	0001
4012:	0101
4673:	0010
4702:	7767

Breakpoint, PC: 04676 (ADD 0007)
L:	1
AC:	0000
MQ:	7000
4004:	0010
4005:	0100
4006:	4000
4007:	4000
4010:	0001
4012:	0101
4673:	0010
4702:	7767

Breakpoint, PC: 04677 (ROR I 001)
L:	1
AC:	4001
MQ:	7000
4004:	0010
4005:	0100
4006:	4000
4007:	4000
4010:	0001
4012:	0101
4673:	0010
4702:	7767

Breakpoint, PC: 04700 (STC 0007)
L:	1
AC:	6000
MQ:	7400
4004:	0010
4005:	0100
4006:	4000
4007:	4000
4010:	0001
4012:	0101
4673:	0010
4702:	7767

Breakpoint, PC: 04701 (SRO I; 7767)
L:	1
AC:	0000
MQ:	7400
4004:	0010
4005:	0100
4006:	4000
4007:	6000
4010:	0001
4012:	0101
4673:	0010
4702:	7767

Breakpoint, PC: 04703 (JMP 0670)
L:	1
AC:	0000
MQ:	7400
4004:	0010
4005:	0100
4006:	4000
4007:	6000
4010:	0001
4012:	0101
4673:	0010
4702:	7773

Breakpoint, PC: 04670 (ADD 0006)
L:	1
AC:	0000
MQ:	7400
4004:	0010
4005:	0100
4006:	4000
4007:	6000
4010:	0001
4012:	0101
4673:	0010
4702:	7773

Breakpoint, PC: 04671 (ROR I 001)
L:	1
AC:	4001
MQ:	7400
4004:	0010
4005:	0100
4006:	4000
4007:	6000
4010:	0001
4012:	0101
4673:	0010
4702:	7773

Breakpoint, PC: 04672 (SRO I; 0010)
L:	1
AC:	6000
MQ:	7600
4004:	0010
4005:	0100
4006:	4000
4007:	6000
4010:	0001
4012:	0101
4673:	0010
4702:	7773

Breakpoint, PC: 04675 (STC 0006)
L:	1
AC:	6000
MQ:	7600
4004:	0010
4005:	0100
4006:	4000
4007:	6000
4010:	0001
4012:	0101
4673:	0004
4702:	7773

Breakpoint, PC: 04676 (ADD 0007)
L:	1
AC:	0000
MQ:	7600
4004:	0010
4005:	0100
4006:	6000
4007:	6000
4010:	0001
4012:	0101
4673:	0004
4702:	7773

Breakpoint, PC: 04677 (ROR I 001)
L:	1
AC:	6001
MQ:	7600
4004:	0010
4005:	0100
4006:	6000
4007:	6000
4010:	0001
4012:	0101
4673:	0004
4702:	7773

Breakpoint, PC: 04700 (STC 0007)
L:	1
AC:	7000
MQ:	7700
4004:	0010
4005:	0100
4006:	6000
4007:	6000
4010:	0001
4012:	0101
4673:	0004
4702:	7773

Breakpoint, PC: 04701 (SRO I; 7773)
L:	1
AC:	0000
MQ:	7700
4004:	0010
4005:	0100
4006:	6000
4007:	7000
4010:	0001
4012:	0101
4673:	0004
4702:	7773

Breakpoint, PC: 04703 (JMP 0670)
L:	1
AC:	0000
MQ:	7700
4004:	0010
4005:	0100
4006:	6000
4007:	7000
4010:	0001
4012:	0101
4673:	0004
4702:	7775

Breakpoint, PC: 04670 (ADD 0006)
L:	1
AC:	0000
MQ:	7700
4004:	0010
4005:	0100
4006:	6000
4007:	7000
4010:	0001
4012:	0101
4673:	0004
4702:	7775

Breakpoint, PC: 04671 (ROR I 001)
L:	1
AC:	6001
MQ:	7700
4004:	0010
4005:	0100
4006:	6000
4007:	7000
4010:	0001
4012:	0101
4673:	0004
4702:	7775

Breakpoint, PC: 04672 (SRO I; 0004)
L:	1
AC:	7000
MQ:	7740
4004:	0010
4005:	0100
4006:	6000
4007:	7000
4010:	0001
4012:	0101
4673:	0004
4702:	7775

Breakpoint, PC: 04675 (STC 0006)
L:	1
AC:	7000
MQ:	7740
4004:	0010
4005:	0100
4006:	6000
4007:	7000
4010:	0001
4012:	0101
4673:	0002
4702:	7775

Breakpoint, PC: 04676 (ADD 0007)
L:	1
AC:	0000
MQ:	7740
4004:	0010
4005:	0100
4006:	7000
4007:	7000
4010:	0001
4012:	0101
4673:	0002
4702:	7775

Breakpoint, PC: 04677 (ROR I 001)
L:	1
AC:	7001
MQ:	7740
4004:	0010
4005:	0100
4006:	7000
4007:	7000
4010:	0001
4012:	0101
4673:	0002
4702:	7775

Breakpoint, PC: 04700 (STC 0007)
L:	1
AC:	7400
MQ:	7760
4004:	0010
4005:	0100
4006:	7000
4007:	7000
4010:	0001
4012:	0101
4673:	0002
4702:	7775

Breakpoint, PC: 04701 (SRO I; 7775)
L:	1
AC:	0000
MQ:	7760
4004:	0010
4005:	0100
4006:	7000
4007:	7400
4010:	0001
4012:	0101
4673:	0002
4702:	7775

Breakpoint, PC: 04703 (JMP 0670)
L:	1
AC:	0000
MQ:	7760
4004:	0010
4005:	0100
4006:	7000
4007:	7400
4010:	0001
4012:	0101
4673:	0002
4702:	7776

Breakpoint, PC: 04670 (ADD 0006)
L:	1
AC:	0000
MQ:	7760
4004:	0010
4005:	0100
4006:	7000
4007:	7400
4010:	0001
4012:	0101
4673:	0002
4702:	7776

Breakpoint, PC: 04671 (ROR I 001)
L:	1
AC:	7001
MQ:	7760
4004:	0010
4005:	0100
4006:	7000
4007:	7400
4010:	0001
4012:	0101
4673:	0002
4702:	7776

Breakpoint, PC: 04672 (SRO I; 0002)
L:	1
AC:	7400
MQ:	7770
4004:	0010
4005:	0100
4006:	7000
4007:	7400
4010:	0001
4012:	0101
4673:	0002
4702:	7776

Breakpoint, PC: 04675 (STC 0006)
L:	1
AC:	7400
MQ:	7770
4004:	0010
4005:	0100
4006:	7000
4007:	7400
4010:	0001
4012:	0101
4673:	0001
4702:	7776

Breakpoint, PC: 04676 (ADD 0007)
L:	1
AC:	0000
MQ:	7770
4004:	0010
4005:	0100
4006:	7400
4007:	7400
4010:	0001
4012:	0101
4673:	0001
4702:	7776

Breakpoint, PC: 04677 (ROR I 001)
L:	1
AC:	7401
MQ:	7770
4004:	0010
4005:	0100
4006:	7400
4007:	7400
4010:	0001
4012:	0101
4673:	0001
4702:	7776

Breakpoint, PC: 04700 (STC 0007)
L:	1
AC:	7600
MQ:	7774
4004:	0010
4005:	0100
4006:	7400
4007:	7400
4010:	0001
4012:	0101
4673:	0001
4702:	7776

Breakpoint, PC: 04701 (SRO I; 7776)
L:	1
AC:	0000
MQ:	7774
4004:	0010
4005:	0100
4006:	7400
4007:	7600
4010:	0001
4012:	0101
4673:	0001
4702:	7776

Breakpoint, PC: 04704 (LDA; 0012)
L:	1
AC:	0000
MQ:	7774
4004:	0010
4005:	0100
4006:	7400
4007:	7600
4010:	0001
4012:	0101
4673:	0001
4702:	3777

Breakpoint, PC: 04706 (SCR I 014)
L:	1
AC:	0101
MQ:	7774
4004:	0010
4005:	0100
4006:	7400
4007:	7600
4010:	0001
4012:	0101
4673:	0001
4702:	3777

Breakpoint, PC: 04707 (ADD 0006)
L:	0
AC:	0000
MQ:	0101
4004:	0010
4005:	0100
4006:	7400
4007:	7600
4010:	0001
4012:	0101
4673:	0001
4702:	3777

Breakpoint, PC: 04710 (LZE)
L:	0
AC:	7400
MQ:	0101
4004:	0010
4005:	0100
4006:	7400
4007:	7600
4010:	0001
4012:	0101
4673:	0001
4702:	3777

Breakpoint, PC: 04712 (NOP)
L:	0
AC:	7400
MQ:	0101
4004:	0010
4005:	0100
4006:	7400
4007:	7600
4010:	0001
4012:	0101
4673:	0001
4702:	3777

Breakpoint, PC: 04713 (STC 0006)
L:	0
AC:	7400
MQ:	0101
4004:	0010
4005:	0100
4006:	7400
4007:	7600
4010:	0001
4012:	0101
4673:	0001
4702:	3777

Breakpoint, PC: 04714 (ADD 0007)
L:	0
AC:	0000
MQ:	0101
4004:	0010
4005:	0100
4006:	7400
4007:	7600
4010:	0001
4012:	0101
4673:	0001
4702:	3777

Breakpoint, PC: 04715 (LZE)
L:	0
AC:	7600
MQ:	0101
4004:	0010
4005:	0100
4006:	7400
4007:	7600
4010:	0001
4012:	0101
4673:	0001
4702:	3777

Breakpoint, PC: 04717 (ROR 001)
L:	0
AC:	7600
MQ:	0101
4004:	0010
4005:	0100
4006:	7400
4007:	7600
4010:	0001
4012:	0101
4673:	0001
4702:	3777

Breakpoint, PC: 04720 (STC 0007)
L:	0
AC:	3700
MQ:	0040
4004:	0010
4005:	0100
4006:	7400
4007:	7600
4010:	0001
4012:	0101
4673:	0001
4702:	3777

Breakpoint, PC: 04721 (LDA 004)
L:	0
AC:	0000
MQ:	0040
4004:	0010
4005:	0100
4006:	7400
4007:	3700
4010:	0001
4012:	0101
4673:	0001
4702:	3777

Breakpoint, PC: 04722 (ROR 006)
L:	0
AC:	0001
MQ:	0040
4004:	0010
4005:	0100
4006:	7400
4007:	3700
4010:	0001
4012:	0101
4673:	0001
4702:	3777

Breakpoint, PC: 04723 (MUL 004)
L:	0
AC:	0100
MQ:	0100
4004:	0010
4005:	0100
4006:	7400
4007:	3700
4010:	0001
4012:	0101
4673:	0001
4702:	3777

Breakpoint, PC: 04724 (SAE; 0007)
L:	0
AC:	0100
MQ:	0200
4004:	0010
4005:	0100
4006:	7400
4007:	3700
4010:	0001
4012:	0101
4673:	0001
4702:	3777

Breakpoint, PC: 04726 (HLT)
L:	0
AC:	0100
MQ:	0200
4004:	0010
4005:	0100
4006:	7400
4007:	3700
4010:	0001
4012:	0101
4673:	0001
4702:	3777

HALT instruction, PC: 04727 (LZE)
Goodbye
Log file closed
