~/Verilog/bin/smaller.pl M869D.PLD >vv || (rm vv; exit 1)
17 signals were removed:
  clear_l: !clear
  dicd: !dicd_l
  dilx: !dilx_l
  dily: !dily_l
  dire: !dire_l
  disd: !disd_l
  iot_l: !iot
  mtr1_l: !sr07
  n_t_100x: !n_t_1x
  n_t_10x: !chan
  n_t_147x: !write_thru
  n_t_17x: !n_t_17x
  n_t_18x: !clear
  n_t_80x: !n_t_73x
  n_t_85x: !btp3_l
  pin: s_!g
  store_l: !store
~/Verilog/bin/smaller.pl vv >M869DX.PLD || (rm M869DX.PLD; exit 1)
58 signals were removed:
  btp3: !btp3_l
  c1_l: dire_l
  chan_l: !chan
  col_red_l: !color
  color_l: !color
  erase_l: !erase
  internal_io_l: !iot
  n3v: 'b'1
  n3v3: !tpg0
  n_t_11x: s_!g
  n_t_12x: s_!g
  n_t_131x: s_!g
  n_t_138x: s_!g
  n_t_13x: s_!g
  n_t_14x: s_!g
  n_t_15x: s_!g
  n_t_16x: !pause_l
  n_t_17x: !n_t_17x
  n_t_1x: s_!g
  n_t_20x: s_!g
  n_t_21x: s_!g
  n_t_22x: s_!g
  n_t_23x: s_!g
  n_t_24x: s_!g
  n_t_27x: !n_t_25x
  n_t_28x: s_!g
  n_t_29x: s_!g
  n_t_30x: s_!g
  n_t_31x: s_!g
  n_t_32x: s_!g
  n_t_33x: s_!g
  n_t_34x: !int_en
  n_t_35x: s_!g
  n_t_36x: s_!g
  n_t_37x: s_!g
  n_t_3x: s_!g
  n_t_40x: s_!g
  n_t_41x: !erase
  n_t_42x: s_!g
  n_t_43x: !color_l
  n_t_45x: s_!g
  n_t_47x: s_!g
  n_t_48x: s_!g
  n_t_49x: s_!g
  n_t_4x: !c0_l
  n_t_51x: s_!g
  n_t_57x: s_!g
  n_t_5x: !load_data_l
  n_t_61x: s_!g
  n_t_6x: !n_t_16x
  n_t_71x: s_!g
  n_t_72x: s_!g
  n_t_7x: !dixy_l
  n_t_8x: s_!g
  n_t_9x: !n_t_8x
  non_store_l: store
  s_g: !xmit_active_l
  write_thru_l: !write_thru
~/Verilog/bin/cupl2v.pl M869DX.PLD >vv || (rm vv; exit 1)
OE qualifier on FF output write_thru at /home/vrs/Verilog/bin/cupl2v.pl line 223, <INPUT> line 1316.
../Makefile:29: recipe for target 'M869D.v' failed
make: *** [M869D.v] Error 1
rm M869DX.PLD
