~/Verilator/bin/topld.pl M401X
info: 1n4154 ne 1n4148do35_10
warning: making d1/1n4154/ a connector
info: 1n914 ne 1n4148do35_10
warning: making d11/1n914/ a connector
info: 1n914 ne 1n4148do35_10
warning: making d12/1n914/ a connector
info: 1n914 ne 1n4148do35_10
warning: making d13/1n914/ a connector
info: 1n914 ne 1n4148do35_10
warning: making d14/1n914/ a connector
info: 1n914 ne 1n4148do35_10
warning: making d15/1n914/ a connector
info: 1n4154 ne 1n4148do35_10
warning: making d2/1n4154/ a connector
info: 1n4154 ne 1n4148do35_10
warning: making d3/1n4154/ a connector
info: 1n914 ne 1n4148do35_10
warning: making d4/1n914/ a connector
info: 1n914 ne 1n4148do35_10
warning: making d5/1n914/ a connector
info: 1n914 ne 1n4148do35_10
warning: making d6/1n914/ a connector
info: 7400n ne dil14
info: 74h00n ne 7400n
info: pn4250a ne _pnp_to39_ebc
warning: making q1/pn4250a/ a connector
info: pn3569 ne _npn_to39_ebc
warning: making q11/pn3569/ a connector
info: mps6534 ne _pnp_to39_ebc
warning: making q12/mps6534/ a connector
info: pn3569 ne _npn_to39_ebc
warning: making q13/pn3569/ a connector
info: pn3569 ne _npn_to39_ebc
warning: making q14/pn3569/ a connector
info: pn3569 ne _npn_to39_ebc
warning: making q2/pn3569/ a connector
info: pn4250a ne _pnp_to39_ebc
warning: making q3/pn4250a/ a connector
info: pn3569 ne _npn_to39_ebc
warning: making q4/pn3569/ a connector
info: pn3569 ne _npn_to39_ebc
warning: making q5/pn3569/ a connector
info: pn3569 ne _npn_to39_ebc
warning: making q6/pn3569/ a connector
info: pn4250a ne _pnp_to39_ebc
warning: making q7/pn4250a/ a connector
info: pn3569 ne _npn_to39_ebc
warning: making q8/pn3569/ a connector
info: pn4250a ne _pnp_to39_ebc
warning: making q9/pn4250a/ a connector
info: 10k ne 275p
warning: making r8/10k/ a connector
info: edge_1 ne 3006y
warning: making u$2/edge_1/ a connector
warning: non-bypass capacitor deleted: c1
warning: non-bypass capacitor deleted: c2
warning: non-bypass capacitor deleted: c3
warning: non-bypass capacitor deleted: c4
warning: non-bypass capacitor deleted: c7
warning: non-bypass capacitor deleted: c8
warning: non-bypass capacitor deleted: c9
warning: non-bypass capacitor deleted: c10
warning: non-bypass capacitor deleted: c11
warning: non-bypass capacitor deleted: c12
warning: non-pullup resistor deleted: r2
warning: non-pullup resistor deleted: r3
warning: non-pullup resistor deleted: r4
warning: non-pullup resistor deleted: r7
warning: non-pullup resistor deleted: r9
warning: non-pullup resistor deleted: r12
warning: non-pullup resistor deleted: r14
warning: non-pullup resistor deleted: r16
warning: non-pullup resistor deleted: r17
warning: non-pullup resistor deleted: r18
warning: non-pullup resistor deleted: r19
warning: non-pullup resistor deleted: r20
warning: non-pullup resistor deleted: r24
warning: non-pullup resistor deleted: r27
warning: non-pullup resistor deleted: r28
