~/Verilog/bin/topld.pl M8650D
warning: making a/jumper4/ a connector
warning: making b/jumper4/ a connector
warning: making c/jumper4/ a connector
info: cpol_use ne cpol_use20_8axial
info: cpol_use ne cpol_use20_8axial
info: cpol_use ne cpol_use20_8axial
info: cpol_use ne cpol_use20_8axial
info: cpol_use ne cpol_use20_8axial
info: cpol_use ne cpol_use20_8axial
warning: making d/jumper4/ a connector
info: 1n645 ne diode_do35_10
warning: making d1/1n645/ a connector
info: 1n3606 ne diode_do35_10
warning: making d10/1n3606/ a connector
info: 1n3606 ne diode_do35_10
warning: making d11/1n3606/ a connector
info: 1n3606 ne diode_do35_10
warning: making d12/1n3606/ a connector
info: 1n3606 ne diode_do35_10
warning: making d13/1n3606/ a connector
info: 1n3606 ne diode_do35_10
warning: making d14/1n3606/ a connector
info: 1n3606 ne diode_do35_10
warning: making d15/1n3606/ a connector
info: 1n3606 ne diode_do35_10
warning: making d2/1n3606/ a connector
info: 1n3606 ne diode_do35_10
warning: making d3/1n3606/ a connector
info: 1n3606 ne diode_do35_10
warning: making d4/1n3606/ a connector
info: 1n3606 ne diode_do35_10
warning: making d5/1n3606/ a connector
info: 1n3606 ne diode_do35_10
warning: making d6/1n3606/ a connector
info: 1n3606 ne diode_do35_10
warning: making d7/1n3606/ a connector
info: 1n3606 ne diode_do35_10
warning: making d8/1n3606/ a connector
info: 1n3606 ne diode_do35_10
warning: making d9/1n3606/ a connector
info: rcl_l_100 ne rcl_l_00_05
warning: making dl1/rcl_l_100/ a connector
warning: making e/jumper4/ a connector
info: sp380n ne dil14
info: dec8271 ne jumper4
info: 7402n ne dil14
info: 7400n ne dil14
info: sp314n ne dil14
info: 97401 ne 7401n
info: 1489n ne dil14
warning: making e17/1489n/ a connector
info: 7410n ne dil14
info: 97401 ne 7401n
info: 7404n ne dil14
info: 74193n ne dil14
info: sp380n ne dil14
info: n8815 ne jumper4
info: 7450n ne dil14
info: dec8271 ne jumper4
info: sp380n ne dil14
info: dec8271 ne jumper4
info: sp380n ne dil14
info: dec8271 ne jumper4
info: 1488n ne dil14
warning: making e32/1488n/ a connector
info: 97401 ne 7401n
info: sp384n ne dil14
info: 74h00n ne 7400n
info: sp384n ne dil14
info: 97401 ne 7401n
info: 7474n ne dil14
info: 7450n ne dil14
info: dec8251 ne jumper4
info: 7400n ne dil14
info: 7404n ne dil14
info: dec8251 ne jumper4
info: 7400n ne dil14
info: 7402n ne dil14
info: sp380n ne dil14
info: 7402n ne dil14
info: dec8271 ne jumper4
info: sp314n ne dil14
warning: making f/jumper4/ a connector
info: j10mm ne 10
warning: making g12/j10mm/ a connector
info: j10mm ne 10
warning: making g34/j10mm/ a connector
info: j10mm ne 10
warning: making g56/j10mm/ a connector
info: j10mm ne 10
warning: making g78/j10mm/ a connector
info: j10mm ne 10
warning: making g910/j10mm/ a connector
info: j10mm ne 10
warning: making h12/j10mm/ a connector
info: 0r2 ne 0r2/10
warning: making h123/0r2/ a connector
warning: making j1/dec40pinh/ a connector
info: 0r2 ne 0r2/10
warning: making j23/0r2/ a connector
info: j10mm ne 10
warning: making ja12/j10mm/ a connector
info: j10mm ne 10
warning: making ja13/j10mm/ a connector
info: j10mm ne 10
warning: making jb12/j10mm/ a connector
info: j10mm ne 10
warning: making jb13/j10mm/ a connector
info: j10mm ne 10
warning: making jc13/j10mm/ a connector
info: j10mm ne 10
warning: making jc24/j10mm/ a connector
info: j10mm ne 10
warning: making jd13/j10mm/ a connector
info: j10mm ne 10
warning: making jd24/j10mm/ a connector
info: j10mm ne 10
warning: making je13/j10mm/ a connector
info: j10mm ne 10
warning: making je24/j10mm/ a connector
info: j10mm ne 10
warning: making jf12/j10mm/ a connector
info: j10mm ne 10
warning: making jf24/j10mm/ a connector
info: j10mm ne 10
warning: making jj23/j10mm/ a connector
info: 2n3009b ne _npn_to5
warning: making q1/2n3009b/ a connector
info: mps6534 ne _pnp_to5
warning: making q2/mps6534/ a connector
info: mps6534d ne _pnp_to5
warning: making q3/mps6534d/ a connector
info: 750 ne 1w
warning: making r11/750/ a connector
info: 1.5k ne 1/2w
warning: making r12/1.5k/ a connector
info: 750 ne 1w
warning: making r16/750/ a connector
info: 560 ne 1/2w
warning: making r17/560/ a connector
info: 1.5k ne 1/2w
warning: making r25/1.5k/ a connector
info: 16_0951 ne dil16
warning: making t1/16_0951/ a connector
info: quad ne jumper4
warning: making u$2/quad/ a connector
info: 19.661 ne mhz
warning: making y1/19.661/ a connector
warning: non-bypass capacitor deleted: c32
warning: non-bypass capacitor deleted: c49
warning: non-bypass capacitor deleted: c50
warning: non-bypass capacitor deleted: c54
warning: non-bypass capacitor deleted: c55
warning: non-bypass capacitor deleted: c58
warning: non-bypass capacitor deleted: c59
warning: non-bypass capacitor deleted: c60
warning: non-bypass capacitor deleted: c61
warning: non-bypass capacitor deleted: c62
warning: non-bypass capacitor deleted: c63
warning: non-bypass capacitor deleted: c64
warning: non-bypass capacitor deleted: c65
warning: non-bypass capacitor deleted: c66
warning: non-bypass capacitor deleted: c67
unexpected OC output: n_t_35x at /home/vrs/Verilog/bin/topld.pl line 2034, <INPUT> line 2921.
unexpected OC output: n_t_36x at /home/vrs/Verilog/bin/topld.pl line 2034, <INPUT> line 2921.
unexpected OC output: dokrs at /home/vrs/Verilog/bin/topld.pl line 2034, <INPUT> line 2921.
unexpected OC output: n_t_30x at /home/vrs/Verilog/bin/topld.pl line 2034, <INPUT> line 2921.
unexpected OC output: n_t_40x at /home/vrs/Verilog/bin/topld.pl line 2034, <INPUT> line 3228.
unexpected OC output: n_t_39x at /home/vrs/Verilog/bin/topld.pl line 2034, <INPUT> line 3228.
unexpected OC output: dokrs at /home/vrs/Verilog/bin/topld.pl line 2034, <INPUT> line 3228.
unexpected OC output: n_t_37x at /home/vrs/Verilog/bin/topld.pl line 2034, <INPUT> line 3228.
unexpected OC output: dokcc at /home/vrs/Verilog/bin/topld.pl line 2034, <INPUT> line 3554.
unexpected OC output: dokrs at /home/vrs/Verilog/bin/topld.pl line 2034, <INPUT> line 3554.
unexpected OC output: n_t_5x at /home/vrs/Verilog/bin/topld.pl line 2034, <INPUT> line 3554.
unexpected OC output: dokcc at /home/vrs/Verilog/bin/topld.pl line 2034, <INPUT> line 3554.
unexpected OC output: n_t_5x at /home/vrs/Verilog/bin/topld.pl line 2034, <INPUT> line 3621.
unexpected OC output: n_t_4x at /home/vrs/Verilog/bin/topld.pl line 2034, <INPUT> line 3621.
unexpected OC output: n_t_22x at /home/vrs/Verilog/bin/topld.pl line 2034, <INPUT> line 3621.
unexpected OC output: int_enab at /home/vrs/Verilog/bin/topld.pl line 2034, <INPUT> line 3621.
warning: non-pullup resistor deleted: r4
warning: non-pullup resistor deleted: r5
warning: non-pullup resistor deleted: r6
warning: non-pullup resistor deleted: r9
warning: non-pullup resistor deleted: r13
warning: non-pullup resistor deleted: r18
warning: non-pullup resistor deleted: r19
warning: non-pullup resistor deleted: r22
warning: non-pullup resistor deleted: r23
