~/Verilog/bin/topld.pl M514X
info: cpol_use ne cpol_use20_8axial
info: cpol_use ne cpol_use20_8axial
info: 1n746a ne zener_diodedo35z10
warning: making d1/1n746a/ a connector
info: 1n914 ne 1n4148do35_10
warning: making d10/1n914/ a connector
info: nte109 ne 1n4148do35_10
warning: making d2/nte109/ a connector
info: nte109 ne 1n4148do35_10
warning: making d3/nte109/ a connector
info: nte109 ne 1n4148do35_10
warning: making d4/nte109/ a connector
info: nte109 ne 1n4148do35_10
warning: making d5/nte109/ a connector
info: nte109 ne 1n4148do35_10
warning: making d6/nte109/ a connector
info: nte109 ne 1n4148do35_10
warning: making d7/nte109/ a connector
info: nte109 ne 1n4148do35_10
warning: making d8/nte109/ a connector
info: nte109 ne 1n4148do35_10
warning: making d9/nte109/ a connector
info: 7440n ne 7420n
info: 7400n ne dil14
info: 9601 ne dil14
warning: making e3/9601/ a connector
info: 7486n ne dil14
info: sp384n ne dil14
info: 2n2904 ne 2n3635
warning: making q1/2n2904/ a connector
info: pn3569 ne 2n3439
warning: making q10/pn3569/ a connector
info: pn3569 ne 2n3439
warning: making q11/pn3569/ a connector
info: pn3569 ne 2n3439
warning: making q12/pn3569/ a connector
info: mps6534 ne 2n3635
warning: making q13/mps6534/ a connector
info: mps6534 ne 2n3635
warning: making q15/mps6534/ a connector
info: pn3569 ne 2n3439
warning: making q16/pn3569/ a connector
info: pn3569 ne 2n3439
warning: making q17/pn3569/ a connector
info: mps6534 ne 2n3635
warning: making q18/mps6534/ a connector
info: pn3569 ne 2n3439
warning: making q19/pn3569/ a connector
info: pn3569 ne 2n3439
warning: making q2/pn3569/ a connector
info: pn3569 ne 2n3439
warning: making q20/pn3569/ a connector
info: mps6534 ne 2n3635
warning: making q21/mps6534/ a connector
info: pn3569 ne 2n3439
warning: making q22/pn3569/ a connector
info: pn3569 ne 2n3439
warning: making q23/pn3569/ a connector
info: pn3569 ne 2n3439
warning: making q24/pn3569/ a connector
info: pn3569 ne 2n3439
warning: making q25/pn3569/ a connector
info: pn3569 ne 2n3439
warning: making q26/pn3569/ a connector
info: pn3569 ne 2n3439
warning: making q27/pn3569/ a connector
info: pn3569 ne 2n3439
warning: making q28/pn3569/ a connector
info: pn3569 ne 2n3439
warning: making q29/pn3569/ a connector
info: pn3569 ne 2n3439
warning: making q3/pn3569/ a connector
info: pn3569 ne 2n3439
warning: making q30/pn3569/ a connector
info: bc639 ne 2n3439
warning: making q31/bc639/ a connector
info: pn3569 ne 2n3439
warning: making q4/pn3569/ a connector
info: pn3569 ne 2n3439
warning: making q5/pn3569/ a connector
info: pn3569 ne 2n3439
warning: making q6/pn3569/ a connector
info: pn3569 ne 2n3439
warning: making q7/pn3569/ a connector
info: 120 ne 2w
warning: making r5/120/ a connector
info: 68 ne 2w
warning: making r6/68/ a connector
info: double ne edge_con4
warning: making u$1/double/ a connector
warning: non-bypass capacitor deleted: c1
warning: non-bypass capacitor deleted: c2
warning: non-bypass capacitor deleted: c4
warning: non-bypass capacitor deleted: c5
warning: non-bypass capacitor deleted: c6
warning: non-bypass capacitor deleted: c7
warning: non-bypass capacitor deleted: c8
warning: non-bypass capacitor deleted: c9
warning: non-bypass capacitor deleted: c15
warning: non-bypass capacitor deleted: c16
warning: non-bypass capacitor deleted: c17
warning: non-bypass capacitor deleted: c18
warning: non-bypass capacitor deleted: c19
warning: non-bypass capacitor deleted: c20
~/Verilog/bin/smaller.pl M514X.PLD >vv || (rm vv; exit 1)
1 signals were removed:
  n_t_10x: !n7ch_h
~/Verilog/bin/smaller.pl vv >M514XX.PLD || (rm M514XX.PLD; exit 1)
0 signals were removed:
~/Verilog/bin/cupl2v.pl M514XX.PLD >vv || (rm vv; exit 1)
mv vv M514X.v
rm M514XX.PLD
