~/Verilog/bin/topld.pl M220B
info: cpol_use ne cpol_use15_5axial
info: cpol_use ne cpol_use15_5axial
info: cpol_use ne cpol_use15_5axial
info: cpol_use ne cpol_use15_5axial
info: cpol_use ne cpol_use15_5axial
info: cpol_use ne cpol_use15_5axial
info: cpol_use ne cpol_use15_5axial
info: cpol_use ne cpol_use15_5axial
info: 7453n ne dil14
info: 7440n ne 7420n
info: 7453n ne dil14
info: 7482n ne dil14
info: 7453n ne dil14
info: 7453n ne dil14
info: 7453n ne dil14
info: 7453n ne dil14
info: 7453n ne dil14
info: 7453n ne dil14
info: 7460n ne dil14
info: 7460n ne dil14
info: 7460n ne dil14
info: 7440n ne 7420n
info: 2n3009b ne 2n1613
warning: making t1/2n3009b/ a connector
info: double ne edge_con4
warning: making u$1/double/ a connector
warning: non-bypass capacitor deleted: c9
warning: non-pullup resistor deleted: r3
warning: non-pullup resistor deleted: r5
~/Verilog/bin/smaller.pl M220B.PLD >vv || (rm vv; exit 1)
10 signals were removed:
  mb2_l: !mb2_h
  mb3_l: !mb3_h
  n3v: 'b'1
  n_t_11x: ak2
  n_t_12x: n_t_63x
  n_t_13x: aj1
  n_t_14x: n_t_4x
  n_t_5x: n_t_6x
  n_t_60x: !n_t_63x
  n_t_8x: n_t_4x
~/Verilog/bin/smaller.pl vv >M220BX.PLD || (rm M220BX.PLD; exit 1)
0 signals were removed:
~/Verilog/bin/cupl2v.pl M220BX.PLD >vv || (rm vv; exit 1)
mv vv M220B.v
rm M220BX.PLD
