~/Verilog/bin/topld.pl M304A
info: 1n645 ne 1n4148do35_10
warning: making d1/1n645/ a connector
info: 1n3606 ne 1n4148do35_10
warning: making d10/1n3606/ a connector
info: 1n3606 ne 1n4148do35_10
warning: making d11/1n3606/ a connector
info: 1n645 ne 1n4148do35_10
warning: making d2/1n645/ a connector
info: 1n645 ne 1n4148do35_10
warning: making d3/1n645/ a connector
info: 1n3606 ne 1n4148do35_10
warning: making d4/1n3606/ a connector
info: 1n3606 ne 1n4148do35_10
warning: making d5/1n3606/ a connector
info: 1n3606 ne 1n4148do35_10
warning: making d6/1n3606/ a connector
info: 1n3606 ne 1n4148do35_10
warning: making d7/1n3606/ a connector
info: 1n3606 ne 1n4148do35_10
warning: making d8/1n3606/ a connector
info: 1n3606 ne 1n4148do35_10
warning: making d9/1n3606/ a connector
info: 7440n ne 7420n
info: 7400n ne dil14
info: 7440n ne 7420n
info: 7402n ne dil14
info: 7440n ne 7420n
info: 7440n ne 7420n
info: 7400n ne dil14
info: 2n3009 ne _npn_to39_ebc
warning: making q1/2n3009/ a connector
info: 2n3009 ne _npn_to39_ebc
warning: making q2/2n3009/ a connector
info: 2n3009 ne _npn_to39_ebc
warning: making q3/2n3009/ a connector
info: 2n3009 ne _npn_to39_ebc
warning: making q4/2n3009/ a connector
info: single ne edge_con2
warning: making u$1/single/ a connector
warning: non-bypass capacitor deleted: c8
warning: non-bypass capacitor deleted: c9
warning: non-bypass capacitor deleted: c10
warning: non-bypass capacitor deleted: c11
warning: non-bypass capacitor deleted: c12
warning: non-bypass capacitor deleted: c13
warning: non-bypass capacitor deleted: c14
warning: non-bypass capacitor deleted: c15
warning: non-bypass capacitor deleted: c16
warning: non-pullup resistor deleted: r5
warning: non-pullup resistor deleted: r9
warning: non-pullup resistor deleted: r13
warning: non-pullup resistor deleted: r17
