~/Verilog/bin/smaller.pl M705J.PLD >vv || (rm vv; exit 1)
11 signals were removed:
  n_t_15x: !n_t_1x
  n_t_16x: !n_t_13x
  n_t_23x: !n3v3
  n_t_26x: !aj2
  n_t_27x: !pwr
  n_t_33x: !clr_flag
  n_t_34x: !n_t_10x
  n_t_4x: !n_t_23x
  n_t_5x: !rdr_flag
  n_t_6x: !iot_012
  n_t_8x: !n_t_5x
~/Verilog/bin/smaller.pl vv >M705JX.PLD || (rm M705JX.PLD; exit 1)
3 signals were removed:
  n_t_1x: bb_l
  n_t_23x: !n3v3
  n_t_5x: !rdr_flag
~/Verilog/bin/cupl2v.pl M705JX.PLD >vv || (rm vv; exit 1)
mv vv M705J.v
rm M705JX.PLD
