~/Verilog/bin/topld.pl M401M
info: 1n3606 ne 1n4148do35_10
warning: making d1/1n3606/ a connector
info: 1n645 ne 1n4148do35_10
warning: making d11/1n645/ a connector
info: 1n645 ne 1n4148do35_10
warning: making d12/1n645/ a connector
info: 1n645 ne 1n4148do35_10
warning: making d13/1n645/ a connector
info: 1n645 ne 1n4148do35_10
warning: making d14/1n645/ a connector
info: 1n645 ne 1n4148do35_10
warning: making d15/1n645/ a connector
info: 1n3606 ne 1n4148do35_10
warning: making d2/1n3606/ a connector
info: 1n3606 ne 1n4148do35_10
warning: making d3/1n3606/ a connector
info: 1n645 ne 1n4148do35_10
warning: making d4/1n645/ a connector
info: 1n645 ne 1n4148do35_10
warning: making d5/1n645/ a connector
info: 1n645 ne 1n4148do35_10
warning: making d6/1n645/ a connector
info: 7400n ne dil14
info: 74h00n ne 7400n
info: 2n4258 ne _pnp_to39_ebc
warning: making q1/2n4258/ a connector
info: 2n4274 ne _npn_to39_ebc
warning: making q11/2n4274/ a connector
info: mps6534 ne _pnp_to39_ebc
warning: making q12/mps6534/ a connector
info: 2n3009 ne _npn_to39_ebc
warning: making q13/2n3009/ a connector
info: 2n3009 ne _npn_to39_ebc
warning: making q14/2n3009/ a connector
info: 2n4274 ne _npn_to39_ebc
warning: making q2/2n4274/ a connector
info: 2n4258 ne _pnp_to39_ebc
warning: making q3/2n4258/ a connector
info: 2n4274 ne _npn_to39_ebc
warning: making q4/2n4274/ a connector
info: 2n4274 ne _npn_to39_ebc
warning: making q5/2n4274/ a connector
info: 2n4274 ne _npn_to39_ebc
warning: making q6/2n4274/ a connector
info: 2n4258 ne _pnp_to39_ebc
warning: making q7/2n4258/ a connector
info: 2n4274 ne _npn_to39_ebc
warning: making q8/2n4274/ a connector
info: 2n4258 ne _pnp_to39_ebc
warning: making q9/2n4258/ a connector
info: 10k ne 275p
warning: making r8/10k/ a connector
info: edge_1 ne 3006y
warning: making u$2/edge_1/ a connector
warning: non-bypass capacitor deleted: c1
warning: non-bypass capacitor deleted: c2
warning: non-bypass capacitor deleted: c3
warning: non-bypass capacitor deleted: c4
warning: non-bypass capacitor deleted: c7
warning: non-bypass capacitor deleted: c8
warning: non-bypass capacitor deleted: c9
warning: non-bypass capacitor deleted: c10
warning: non-bypass capacitor deleted: c11
warning: non-bypass capacitor deleted: c12
warning: non-pullup resistor deleted: r2
warning: non-pullup resistor deleted: r3
warning: non-pullup resistor deleted: r4
warning: non-pullup resistor deleted: r7
warning: non-pullup resistor deleted: r9
warning: non-pullup resistor deleted: r12
warning: non-pullup resistor deleted: r14
warning: non-pullup resistor deleted: r16
warning: non-pullup resistor deleted: r17
warning: non-pullup resistor deleted: r18
warning: non-pullup resistor deleted: r19
warning: non-pullup resistor deleted: r20
warning: non-pullup resistor deleted: r24
warning: non-pullup resistor deleted: r27
warning: non-pullup resistor deleted: r28
