~/Verilog/bin/topld.pl M306B
warning: making _/3,17/ a connector
info: c_us075_032x103 ne c075_032x103
warning: making c4/c_us075_032x103/ a connector
info: c_us075_032x103 ne c075_032x103
warning: making c5/c_us075_032x103/ a connector
info: c_us075_032x103 ne c075_032x103
warning: making c6/c_us075_032x103/ a connector
info: 74h10n ne 7410n
info: 74h00n ne 7400n
info: _pnp_to5 ne to5
warning: making q1/_pnp_to5/ a connector
info: _pnp_to5 ne to5
warning: making q2/_pnp_to5/ a connector
info: _pnp_to5 ne to5
warning: making q3/_pnp_to5/ a connector
info: _npn_to39_ebc ne to39
warning: making q4/_npn_to39_ebc/ a connector
info: _npn_to39_ebc ne to39
warning: making q5/_npn_to39_ebc/ a connector
info: _npn_to39_ebc ne to39
warning: making q6/_npn_to39_ebc/ a connector
info: _npn_to39_ebc ne to39
warning: making q7/_npn_to39_ebc/ a connector
info: 2n2219 ne to5
warning: making q8/2n2219/ a connector
info: 20k ne 275p
warning: making r24/20k/ a connector
info: single ne edge_con2
warning: making u$1/single/ a connector
warning: non-pullup resistor deleted: r4
warning: non-pullup resistor deleted: r6
warning: non-pullup resistor deleted: r8
warning: non-pullup resistor deleted: r13
warning: non-pullup resistor deleted: r14
warning: non-pullup resistor deleted: r16
warning: non-pullup resistor deleted: r19
~/Verilog/bin/smaller.pl M306B.PLD >vv || (rm vv; exit 1)
0 signals were removed:
~/Verilog/bin/smaller.pl vv >M306BX.PLD || (rm M306BX.PLD; exit 1)
0 signals were removed:
~/Verilog/bin/cupl2v.pl M306BX.PLD >vv || (rm vv; exit 1)
mv vv M306B.v
rm M306BX.PLD
