~/Verilog/bin/topld.pl M224X
info: cpol_use ne cpol_use20_8axial
info: cpol_use ne cpol_use20_8axial
info: 74h53n ne dil14
info: 74h00n ne 7400n
info: 74h00n ne 7400n
info: 74h00n ne 7400n
info: 74h53n ne dil14
info: 7482n ne dil14
info: 74h53n ne dil14
info: 74h53n ne dil14
info: 74h53n ne dil14
info: 74h53n ne dil14
info: 74h53n ne dil14
info: 7482n ne dil14
info: 7482n ne dil14
info: 74h53n ne dil14
info: 74h53n ne dil14
info: 74h53n ne dil14
info: 74h53n ne dil14
info: 74h53n ne dil14
info: 74h53n ne dil14
info: 74h00n ne 7400n
info: 74h00n ne 7400n
info: 74h00n ne 7400n
info: 74h53n ne dil14
info: 74h00n ne 7400n
info: 74h53n ne dil14
info: 74h53n ne dil14
info: 74h53n ne dil14
info: 74h53n ne dil14
info: 74h53n ne dil14
info: 74h53n ne dil14
info: 74h53n ne dil14
info: 74h53n ne dil14
info: 74h53n ne dil14
info: 74h53n ne dil14
info: 7482n ne dil14
info: 74h00n ne 7400n
info: double ne dil14
warning: making u$3/double/ a connector
