~/Verilator/bin/topld.pl M715F
warning: making be/1,6/ a connector
warning: making bh/1,6/ a connector
info: cpol_use ne cpol_use20_8axial
info: cpol_use ne cpol_use20_8axial
info: cpol_use ne cpol_use20_8axial
info: cpol_use ne cpol_use20_8axial
info: 1n3606 ne 1n4148do35_10
warning: making d1/1n3606/ a connector
info: 1n3606 ne 1n4148do35_10
warning: making d2/1n3606/ a connector
info: 1n3606 ne 1n4148do35_10
warning: making d3/1n3606/ a connector
info: 1n3606 ne 1n4148do35_10
warning: making d4/1n3606/ a connector
info: 1n3606 ne 1n4148do35_10
warning: making d5/1n3606/ a connector
info: 1n3606 ne 1n4148do35_10
warning: making d6/1n3606/ a connector
info: 1n3606 ne 1n4148do35_10
warning: making d7/1n3606/ a connector
info: 1n3606 ne 1n4148do35_10
warning: making d8/1n3606/ a connector
info: 1n3606 ne 1n4148do35_10
warning: making d9/1n3606/ a connector
info: 7400n ne dil14
info: 9601dec ne 9601
warning: making e2/9601dec/ a connector
info: 7400n ne dil14
info: 7404n ne dil14
info: 9601dec ne 9601
warning: making e5/9601dec/ a connector
info: 7400n ne dil14
info: 7402n ne dil14
info: mps6534 ne _pnp_to5
warning: making q1/mps6534/ a connector
info: mps6534 ne _pnp_to5
warning: making q2/mps6534/ a connector
info: mps6534 ne _pnp_to5
warning: making q3/mps6534/ a connector
info: mps6534 ne _pnp_to5
warning: making q4/mps6534/ a connector
info: mps6534 ne _pnp_to5
warning: making q5/mps6534/ a connector
info: mps6534 ne _pnp_to5
warning: making q6/mps6534/ a connector
info: mps6531 ne _npn_to5
warning: making q7/mps6531/ a connector
info: 1k ne 275p
warning: making r19/1k/ a connector
info: double ne e12_8
warning: making u$1/double/ a connector
warning: non-bypass capacitor deleted: c1
warning: non-bypass capacitor deleted: c2
warning: non-bypass capacitor deleted: c3
warning: non-bypass capacitor deleted: c4
warning: non-bypass capacitor deleted: c5
warning: non-bypass capacitor deleted: c6
warning: non-bypass capacitor deleted: c7
warning: non-bypass capacitor deleted: c8
warning: non-bypass capacitor deleted: c9
warning: non-bypass capacitor deleted: c10
warning: non-bypass capacitor deleted: c11
warning: non-bypass capacitor deleted: c18
warning: non-bypass capacitor deleted: c20
warning: non-pullup resistor deleted: r3
warning: non-pullup resistor deleted: r4
warning: non-pullup resistor deleted: r5
warning: non-pullup resistor deleted: r6
warning: non-pullup resistor deleted: r7
warning: non-pullup resistor deleted: r8
warning: non-pullup resistor deleted: r10
warning: non-pullup resistor deleted: r11
warning: non-pullup resistor deleted: r12
warning: non-pullup resistor deleted: r13
warning: non-pullup resistor deleted: r14
warning: non-pullup resistor deleted: r15
warning: non-pullup resistor deleted: r16
warning: non-pullup resistor deleted: r20
warning: non-pullup resistor deleted: r23
