
 25-FEB-76

TM8E.PA  	0007	28	6-JAN-72
DISPV3.PA	0043	18	5-JAN-72
XONOF.PA 	0065	27	5-JAN-72
PT8E.PA  	0120	11	5-JAN-72
LSPT.PA  	0133	10	5-JAN-72
CR8E.PA  	0145	21	6-JAN-72
TM8EZ.PA 	0172	34	6-JAN-72
BAT.PA   	0234	12	6-JAN-72
RXX1SY.PA	0250	23	2-JAN-72
RX02NS.PA	0277	32	5-JAN-72
RX01BT.PA	0337	5	2-JAN-72
RX22SY.PA	0344	42	2-JAN-72
RX21SY.PA	0416	42	2-JAN-72
RX01NS.PA	0470	12	2-JAN-72
RB27SY.PA	0504	41	4-JAN-72
RB17SY.PA	0555	41	4-JAN-72
RB18SY.PA	0626	42	6-FEB-72
RB28SY.PA	0700	42	6-FEB-72
RX2BNS.PA	0752	34	5-JAN-72
RB01NS.PA	1014	42	5-JAN-72
<empty>  	1066	171	

