
 25-FEB-76

DPFK.SV  	0007	31	29-FEB-72
TECO.SV  	0046	32	29-OCT-72
LINK.SV  	0106	55	19-JAN-71
FCODEO.SV	0175	5	10-OCT-72
RLFRMT.SV	0202	7	1-JUL-71
FRUN.SV  	0211	25	6-OCT-72
DCP.SV   	0242	21	21-SEP-70
OCOMP.SV 	0267	8	13-OCT-72
MASTER.FO	0277	6	28-JAN-71
DHKMA8.SV	0305	17	13-NOV-71
DJKKA8.SV	0326	10	13-NOV-71
DHKMC8.SV	0340	14	14-NOV-71
DPF.SV   	0356	31	29-FEB-72
HELP.HL  	0415	71	18-OCT-72
DM8E30.SV	0524	7	14-MAR-72
DM8E40.SV	0533	7	14-MAR-72
ACID.SV  	0542	30	8-OCT-72
LPTSPL.SV	0600	2	15-OCT-72
CHECK8.SV	0602	15	25-NOV-71
RANDIS.FO	0621	1	24-JAN-71
TECKBM.TE	0622	2	26-NOV-71
VT100.TE 	0624	5	3-DEC-71
FPPTST.SV	0631	6	6-OCT-72
CONRKE.PA	0637	5	6-OCT-72
GENRKE.BI	0644	6	6-OCT-72
M8RKE.BI 	0652	1	6-OCT-72
BLMRKE.SV	0653	37	6-OCT-72
BLDRKE.SV	0720	37	6-OCT-72
RTES.SV  	0765	30	8-OCT-72
LOGOUT.BI	1023	1	15-OCT-72
LOGIN.BI 	1024	1	15-OCT-72
PXPA.SV  	1025	34	29-OCT-72
PXPB.SV  	1067	5	28-OCT-72
<empty>  	1074	165	

