
 18-AUG-76

HLTBIN.BN	0007	83	10-APR-71
VXNS.BN  	0132	1	3-FEB-72
CR8E.BN  	0133	2	3-FEB-72
TM8E.BN  	0135	2	3-FEB-72
TC08SY.BN	0137	1	3-FEB-72
LPSS.BN  	0140	2	3-FEB-72
TC08NS.BN	0142	2	3-FEB-72
XONOF.BN 	0144	2	3-FEB-72
MDR.BN   	0146	2	3-FEB-72
DIABLO.BN	0150	2	3-FEB-72
VXSY.BN  	0152	1	3-FEB-72
RLC.BN   	0153	2	3-FEB-72
RB18SY.BN	0155	2	6-FEB-72
RB01NS.BN	0157	2	3-FEB-72
RX2BNS.BN	0161	2	3-FEB-72
RB17SY.BN	0163	2	3-FEB-72
RXX1SY.BN	0165	1	3-FEB-72
RX01BT.BN	0166	1	3-FEB-72
RX22SY.BN	0167	2	3-FEB-72
RX21SY.BN	0171	2	3-FEB-72
RX01NS.BN	0173	1	3-FEB-72
RX02NS.BN	0174	2	3-FEB-72
RB27SY.BN	0176	2	3-FEB-72
RB28SY.BN	0200	2	6-FEB-72
TU58NS.BN	0202	2	3-FEB-72
RK8ESY.BN	0204	1	3-FEB-72
KL8E.BN  	0205	2	3-FEB-72
LQP.BN   	0207	2	3-FEB-72
LSPT.BN  	0211	1	3-FEB-72
PT8E.BN  	0212	1	3-FEB-72
SD8X.BN  	0213	2	3-FEB-72
SI43NS.BN	0215	2	26-AUG-72
DISPV3.BN	0217	2	3-FEB-72
RL1.BN   	0221	2	3-FEB-72
RK8ENS.BN	0223	2	3-FEB-72
TM8EZ.BN 	0225	2	3-FEB-72
BAT.BN   	0227	1	3-FEB-72
RL0.BN   	0230	2	3-FEB-72
RLSY.BN  	0232	2	3-FEB-72
SD8SY.BN 	0234	2	3-MAR-72
SI43SY.BN	0236	1	26-AUG-72
VXSY.PA  	0237	14	5-JAN-72
TC08NS.PA	0255	14	5-JAN-72
TC08SY.PA	0273	12	5-JAN-72
VXNS.PA  	0307	14	5-JAN-72
RLC.PA   	0325	27	5-JAN-72
TU58NS.PA	0360	27	5-JAN-72
RK8ESY.PA	0413	18	5-JAN-72
RK8ENS.PA	0435	17	6-JAN-72
SD8X.PA  	0456	25	5-JAN-72
SI43NS.PA	0507	11	27-AUG-72
<empty>  	0522	2	
RL0.PA   	0524	28	5-JAN-72
RL1.PA   	0560	28	6-JAN-72
RLSY.PA  	0614	34	6-JAN-72
SD8SY.PA 	0656	26	3-MAR-72
SI43SY.PA	0710	14	26-AUG-72
DEVLEN.WU	0726	4	5-JAN-72
ENTRYP.WU	0732	10	5-JAN-72
VERSON.WU	0744	22	4-FEB-72
DSDHDN.PA	0772	34	9-JUL-71
KL8E.PA  	1034	35	5-JAN-72
LPSS.PA  	1077	25	5-JAN-72
DISCNS.PA	1130	37	13-SEP-70
DIABLO.PA	1175	17	5-JAN-72
RXHDSY.PA	1216	53	24-SEP-71
LQP.PA   	1303	13	6-JAN-72
<empty>  	1320	17	

