
 18-AUG-76

FORLIB.RL	0007	189	29-JUN-72
LIB8.RL  	0304	30	13-OCT-72
DTCOPY.SV	0342	5	5-JUL-69
TDCOPY.SV	0347	7	5-JUL-69
DTFRMT.SV	0356	7	5-JUL-69
TDFRMT.SV	0365	9	5-JUL-69
BASIC.UF 	0376	4	22-SEP-70
BCOMP.SV 	0402	17	21-JUL-69
BLOAD.SV 	0423	8	22-JUL-69
BRTS.SV  	0433	15	17-AUG-70
BASIC.SF 	0452	4	21-JUL-69
BASIC.FF 	0456	4	21-JUL-69
BASIC.AF 	0462	4	17-AUG-70
BASIC.SV 	0466	9	22-SEP-70
MACREL.SV	0477	83	19-JAN-71
LINK.SV  	0622	55	19-JAN-71
DCP.SV   	0711	21	21-SEP-70
DHKMA8.SV	0736	17	13-NOV-71
KREF.SV  	0757	12	19-JAN-71
<empty>  	0773	230	

