
 18-AUG-76

TECINI.MA	0007	28	27-NOV-71
TECDEF.MA	0043	3	10-APR-71
TECOVF.MA	0046	14	21-NOV-71
TECO12.MA	0064	12	10-APR-71
TECSRH.MA	0100	21	10-APR-71
TECOVI.MA	0125	17	10-APR-71
TECOVQ.MA	0146	19	10-APR-71
TECO.IN  	0171	1	26-NOV-71
TECNUM.MA	0172	11	20-NOV-71
TECTBL.MA	0205	9	19-NOV-71
TECOVX.MA	0216	19	26-NOV-71
TECINS.TX	0241	43	26-NOV-71
TECO.MA  	0314	145	26-NOV-71
TECASM.BI	0535	1	26-NOV-71
TECLNK.BI	0536	1	26-NOV-71
TECKBM.TE	0537	2	26-NOV-71
TECOVT.MA	0541	80	2-NOV-72
VT100.TE 	0661	5	3-DEC-71
LAYOUT.TX	0666	4	27-NOV-71
TECHLP.TX	0672	26	4-DEC-71
VTEDIT.SR	0724	9	6-DEC-71
VTEDIT.TE	0735	5	6-DEC-71
VTEDIT.TX	0742	16	27-NOV-71
TECO8.DC 	0762	71	10-APR-71
TECHLP.EN	1071	29	29-NOV-71
TECERR.MA	1126	41	9-AUG-72
TECORN.TX	1177	10	28-NOV-71
TECO.MP  	1211	23	4-DEC-71
VT100.TX 	1240	5	3-DEC-71
VT100.PR 	1245	5	6-DEC-71
TECO.TE  	1252	1	18-OCT-72
WI.TE    	1253	2	18-OCT-72
BESETZ.TE	1255	8	29-NOV-71
<empty>  	1265	44	

