
 18-AUG-76

USR.FT   	0007	14	29-JUN-72
USR3.FT  	0025	14	29-JUN-72
USR8.RA  	0043	36	29-JUN-72
USRS.RA  	0107	29	5-SEP-72
SQRT.RA  	0144	8	23-MAY-72
ABS.RA   	0154	2	23-MAY-72
IFIX.RA  	0156	2	23-MAY-72
REAL.RA  	0160	3	23-MAY-72
CARITH.RA	0163	5	23-MAY-72
RFDV.RA  	0170	3	23-MAY-72
RFCV.RA  	0173	2	23-MAY-72
LTR.RA   	0175	2	23-MAY-72
CHKEOF.RA	0177	2	23-MAY-72
CMPLX.RA 	0201	2	23-MAY-72
CABS.RA  	0203	2	23-MAY-72
SNGL.RA  	0205	1	23-MAY-72
SIGN.RA  	0206	2	23-MAY-72
FLOAT.RA 	0210	1	23-MAY-72
DIM.RA   	0211	2	23-MAY-72
AMAX.RA  	0213	3	23-MAY-72
AMIN.RA  	0216	3	23-MAY-72
AMOD.RA  	0221	3	23-MAY-72
XFIX.RA  	0224	1	23-MAY-72
IDINT.RA 	0225	2	23-MAY-72
DATE.RA  	0227	5	23-MAY-72
CHARS.RA 	0234	7	24-MAY-72
COS.RA   	0243	2	26-MAY-72
SIN.RA   	0245	6	26-MAY-72
TAN.RA   	0253	2	26-MAY-72
EXP.RA   	0255	6	26-MAY-72
ALOG.RA  	0263	7	26-MAY-72
SINH.RA  	0272	5	27-MAY-72
COSH.RA  	0277	4	27-MAY-72
TANH.RA  	0303	2	27-MAY-72
ALOG10.RA	0305	2	27-MAY-72
ATAN.RA  	0307	7	27-MAY-72
ASIN.RA  	0316	3	27-MAY-72
ACOS.RA  	0321	4	27-MAY-72
ATAN2.RA 	0325	4	27-MAY-72
SIND.RA  	0331	2	27-MAY-72
COSD.RA  	0333	2	27-MAY-72
TAND.RA  	0335	2	27-MAY-72
EXPIR.RA 	0337	1	27-MAY-72
EXP3.RA  	0340	3	27-MAY-72
EXPII.RA 	0343	3	27-MAY-72
CSQRT.RA 	0346	4	27-MAY-72
CSIN.RA  	0352	4	27-MAY-72
CEXP.RA  	0356	3	27-MAY-72
EXPCI.RA 	0361	4	27-MAY-72
EXPIC.RA 	0365	5	27-MAY-72
EXPCC.RA 	0372	6	27-MAY-72
CLOG.RA  	0400	3	27-MAY-72
ONQIB.RA 	0403	6	27-MAY-72
DABS.RA  	0411	1	27-MAY-72
DSIGN.RA 	0412	2	27-MAY-72
DMAX1.RA 	0414	2	27-MAY-72
DMIN1.RA 	0416	2	27-MAY-72
DMOD.RA  	0420	4	27-MAY-72
DBLE.RA  	0424	2	27-MAY-72
DSQRT.RA 	0426	5	28-MAY-72
DSIN.RA  	0433	8	28-MAY-72
DCOS.RA  	0443	2	28-MAY-72
DEXP.RA  	0445	9	28-MAY-72
EXPDI.RA 	0456	3	28-MAY-72
EXPID2.RA	0461	3	28-MAY-72
EXPID.RA 	0464	1	28-MAY-72
DEXP3.RA 	0465	3	28-MAY-72
EXPDD.RA 	0470	1	28-MAY-72
EXPDR.RA 	0471	1	28-MAY-72
DLOG.RA  	0472	8	28-MAY-72
DLOG10.RA	0502	2	28-MAY-72
DATAN.RA 	0504	7	28-MAY-72
DATAN2.RA	0513	4	28-MAY-72
ADC.RA   	0517	4	29-MAY-72
PAUSE.RA 	0523	3	28-MAY-72
REALTM.RA	0526	15	29-MAY-72
RSW.RA   	0545	8	29-MAY-72
PLOT.RA  	0555	13	29-MAY-72
CLK8A.RA 	0572	27	29-MAY-72
XYPLOT.RA	0625	66	28-MAY-72
MULTI8.RA	0727	8	29-MAY-72
DINT.RA  	0737	3	1-JUN-72
NUMBER.FT	0742	5	29-MAY-72
LINE.FT  	0747	3	29-MAY-72
AXIS.FT  	0752	5	29-MAY-72
PSCALE.FT	0757	4	29-MAY-72
ATAN.SB  	0763	7	13-OCT-72
TRIG.SB  	0772	11	13-OCT-72
IOPEN.SB 	1005	10	13-OCT-72
IOH.SB   	1017	46	13-OCT-72
UTILTY.SB	1075	19	13-OCT-72
SQRT.SB  	1120	4	13-OCT-72
IPOWRS.SB	1124	6	13-OCT-72
INTEGR.SB	1132	14	13-OCT-72
POWERS.SB	1150	13	13-OCT-72
FLOAT.SB 	1165	25	13-OCT-72
RWTAPE.SB	1216	8	13-OCT-72
LIBSET.PA	1226	30	13-OCT-72
<empty>  	1264	45	

