
 18-AUG-76

CCLTAB.MA	0007	16	18-OCT-72
CCLERR.MA	0027	14	16-OCT-72
CCLREM.MA	0045	25	8-DEC-71
CCLLNK.BI	0076	1	11-OCT-72
CCLDEF.MA	0077	5	16-OCT-72
SET.BI   	0104	1	29-JUN-71
BOOT40.MA	0105	31	3-MAR-72
CCLDRV.MA	0144	17	8-DEC-71
CCLSUB.MA	0165	19	18-OCT-72
CCLSB3.MA	0210	13	16-OCT-72
RESLNK.BI	0225	1	1-JUL-71
CCLCD.MA 	0226	44	18-OCT-72
RESOV3.MA	0302	9	14-JAN-72
RESORC.BI	0313	1	1-JUL-71
CCLCDX.MA	0314	7	8-DEC-71
CCLMSG.MA	0323	7	8-DEC-71
CCL.BI   	0332	3	11-OCT-72
CCLDAT.MA	0335	6	16-OCT-72
CCLSB2.MA	0343	16	16-OCT-72
CCL.SV   	0363	40	18-OCT-72
CCLCOR.MA	0433	8	16-OCT-72
RESOVD.MA	0443	17	27-JUN-71
CCL.MA   	0464	40	16-OCT-72
CCLTBL.MA	0534	35	18-OCT-72
CCL.MP   	0577	10	16-OCT-72
CCLSEM.MA	0611	7	18-OCT-72
RESOV2.MA	0620	14	14-JAN-72
RESOV1.MA	0636	22	14-JAN-72
RXCOPY.MA	0664	94	19-JUL-71
RESOV0.MA	1022	9	14-JAN-72
RESORC.MA	1033	47	15-JAN-72
SET40.MA 	1112	114	4-FEB-72
CCLAT.MA 	1274	10	8-DEC-71
<empty>  	1306	27	

