
 25-FEB-76

PAL8.SV  	0007	19	1-JUL-71
GLOBL.SV 	0032	4	14-FEB-71
ABSLDR.SV	0036	6	9-JUL-71
DTCOPY.SV	0044	5	5-JUL-69
TDCOPY.SV	0051	7	5-JUL-69
DTFRMT.SV	0060	7	5-JUL-69
TDFRMT.SV	0067	9	5-JUL-69
BASIC.UF 	0100	4	22-SEP-70
BCOMP.SV 	0104	17	21-JUL-69
BLOAD.SV 	0125	8	22-JUL-69
BRTS.SV  	0135	15	17-AUG-70
BASIC.SF 	0154	4	21-JUL-69
BASIC.FF 	0160	4	21-JUL-69
BASIC.AF 	0164	4	17-AUG-70
BASIC.SV 	0170	9	22-SEP-70
CCL.SV   	0201	40	18-OCT-72
RESORC.SV	0251	16	15-JAN-72
PASS3.SV 	0271	8	10-OCT-72
F4.SV    	0301	20	10-OCT-72
LIBRA.SV 	0325	11	2-NOV-70
PASS2O.SV	0340	5	10-OCT-72
LOAD.SV  	0345	16	10-OCT-72
PASS2.SV 	0365	20	10-OCT-72
RALF.SV  	0411	19	10-OCT-72
LIBSET.SV	0434	5	13-OCT-72
LOADER.SV	0441	12	13-OCT-72
SABR.SV  	0455	24	13-OCT-72
FORT.SV  	0505	25	13-OCT-72
WI.TE    	0536	2	18-OCT-72
FCODE.SV 	0540	20	10-OCT-72
SET.SV   	0564	17	4-FEB-72
MACREL.SV	0605	83	19-JAN-71
RKLFMT.SV	0730	9	9-JUL-71
DIRECT.SV	0741	7	3-FEB-72
HELP.SV  	0750	8	9-JUL-71
BATCH.SV 	0760	17	3-FEB-72
VTEDIT.TE	1001	5	6-DEC-71
TECO.TE  	1006	1	18-OCT-72
TECHLP.TX	1007	26	4-DEC-71
PIP.SV   	1041	11	24-JAN-72
BESETZ.TE	1054	8	29-NOV-71
SHSAVE.SV	1064	6	16-NOV-71
BUILD.SV 	1072	23	9-JUL-71
FUTIL.SV 	1121	27	1-JUL-71
EDIT.SV  	1154	10	31-AUG-71
FOTP.SV  	1166	8	24-JAN-72
BOOT.SV  	1176	5	3-MAR-72
SRCCOM.SV	1203	5	9-JUL-71
BITMAP.SV	1210	5	1-JUL-71
CREF.SV  	1215	14	9-JUL-71
KREF.SV  	1233	12	19-JAN-71
FRTS.SV  	1247	25	11-SEP-72
RXCOPY.SV	1300	9	1-JUL-71
TECO.IN  	1311	1	26-NOV-71
FCOMP.SV 	1312	20	10-OCT-72
<empty>  	1336	3	

