~/Verilog/bin/topld.pl M402X
info: .01uf ne mylar
warning: making c1/.01uf/ a connector
info: cpol_use ne cpol_use15_5axial
info: cpol_use ne cpol_use15_5axial
warning: making clm1/clm4006/ a connector
info: 1n4154 ne diode_do35_10
warning: making d1/1n4154/ a connector
info: 1n914 ne diode_do35_10
warning: making d10/1n914/ a connector
info: 1n914 ne diode_do35_10
warning: making d11/1n914/ a connector
info: 1n914 ne diode_do35_10
warning: making d12/1n914/ a connector
info: 1n914 ne diode_do35_10
warning: making d13/1n914/ a connector
info: 1n4154 ne diode_do35_10
warning: making d2/1n4154/ a connector
info: 1n4154 ne diode_do35_10
warning: making d3/1n4154/ a connector
info: 1n914 ne diode_do35_10
warning: making d4/1n914/ a connector
info: 1n914 ne diode_do35_10
warning: making d5/1n914/ a connector
info: 1n914 ne diode_do35_10
warning: making d6/1n914/ a connector
info: 1n4154 ne diode_do35_10
warning: making d7/1n4154/ a connector
info: 1n4154 ne diode_do35_10
warning: making d8/1n4154/ a connector
info: 1n914 ne diode_do35_10
warning: making d9/1n914/ a connector
info: 7400n ne dil14
info: bc557 ne _pnp_to5
warning: making q1/bc557/ a connector
info: pn3640 ne _pnp_to5
warning: making q10/pn3640/ a connector
info: pn3569 ne _npn_to5
warning: making q11/pn3569/ a connector
info: mps6534 ne _pnp_to5
warning: making q12/mps6534/ a connector
info: pn3569 ne _npn_to5
warning: making q13/pn3569/ a connector
info: pn3569 ne _npn_to5
warning: making q14/pn3569/ a connector
info: 2n5088 ne _npn_to5
warning: making q2/2n5088/ a connector
info: bc557 ne _pnp_to5
warning: making q3/bc557/ a connector
info: 2n5088 ne _npn_to5
warning: making q4/2n5088/ a connector
info: pn3569 ne _npn_to5
warning: making q5/pn3569/ a connector
info: pn3569 ne _npn_to5
warning: making q6/pn3569/ a connector
info: pn3640 ne _pnp_to5
warning: making q7/pn3640/ a connector
info: 2n5088 ne _npn_to5
warning: making q8/2n5088/ a connector
info: bc557 ne _pnp_to5
warning: making q9/bc557/ a connector
info: edge_1 ne clm4006
warning: making u$3/edge_1/ a connector
warning: non-bypass capacitor deleted: c2
warning: non-bypass capacitor deleted: c3
warning: non-bypass capacitor deleted: c4
warning: non-bypass capacitor deleted: c5
warning: non-bypass capacitor deleted: c6
warning: non-bypass capacitor deleted: c10
warning: non-bypass capacitor deleted: c11
warning: non-bypass capacitor deleted: c12
warning: non-pullup resistor deleted: r2
warning: non-pullup resistor deleted: r3
warning: non-pullup resistor deleted: r4
warning: non-pullup resistor deleted: r7
warning: non-pullup resistor deleted: r8
warning: non-pullup resistor deleted: r11
warning: non-pullup resistor deleted: r13
warning: non-pullup resistor deleted: r15
warning: non-pullup resistor deleted: r16
warning: non-pullup resistor deleted: r17
warning: non-pullup resistor deleted: r18
warning: non-pullup resistor deleted: r19
warning: non-pullup resistor deleted: r23
