~/Verilog/bin/topld.pl M594X
info: cpol_use ne cpol_use20_8axial
info: cpol_use ne cpol_use20_8axial
info: 1n758a ne zener_diodedo35z10
warning: making d1/1n758a/ a connector
info: 1n758a ne zener_diodedo35z10
warning: making d2/1n758a/ a connector
info: 7404n ne dil14
info: 1489n ne dil14
warning: making e2/1489n/ a connector
info: 1489n ne dil14
warning: making e3/1489n/ a connector
info: 7404n ne dil14
info: 1488n ne dil14
warning: making e5/1488n/ a connector
info: 7404n ne dil14
info: 1488n ne dil14
warning: making e7/1488n/ a connector
info: 2n2904a ne _pnp_to5
warning: making q1/2n2904a/ a connector
info: 2n2219 ne _npn_to5
warning: making q2/2n2219/ a connector
info: single ne edge_con2
warning: making u$2/single/ a connector
warning: non-bypass capacitor deleted: c6
warning: non-bypass capacitor deleted: c7
warning: non-bypass capacitor deleted: c8
warning: non-bypass capacitor deleted: c9
warning: non-bypass capacitor deleted: c10
warning: non-bypass capacitor deleted: c11
warning: non-bypass capacitor deleted: c12
warning: non-bypass capacitor deleted: c13
warning: non-bypass capacitor deleted: c14
warning: non-bypass capacitor deleted: c15
warning: non-bypass capacitor deleted: c16
warning: non-bypass capacitor deleted: c17
warning: non-bypass capacitor deleted: c18
warning: non-bypass capacitor deleted: c19
warning: non-bypass capacitor deleted: c20
warning: non-bypass capacitor deleted: c21
~/Verilog/bin/smaller.pl M594X.PLD >vv || (rm vv; exit 1)
0 signals were removed:
~/Verilog/bin/smaller.pl vv >M594XX.PLD || (rm M594XX.PLD; exit 1)
0 signals were removed:
~/Verilog/bin/cupl2v.pl M594XX.PLD >vv || (rm vv; exit 1)
mv vv M594X.v
rm M594XX.PLD
