------------------------------------------------------------
TimeQuest Timing Analyzer Summary
------------------------------------------------------------

Type  : Setup 'bd1200'
Slack : -9.000
TNS   : -37.500

Type  : Setup 'bd600'
Slack : -9.000
TNS   : -9.000

Type  : Setup 'm8650d:m8650d|gdollar_3'
Slack : -9.000
TNS   : -9.000

Type  : Setup 'clk'
Slack : -6.000
TNS   : -6.000

Type  : Setup 'bd115200'
Slack : -1.500
TNS   : -1.500

Type  : Setup 'bd19200'
Slack : -1.500
TNS   : -1.500

Type  : Setup 'bd2400'
Slack : -1.500
TNS   : -1.500

Type  : Setup 'bd38400'
Slack : -1.500
TNS   : -1.500

Type  : Setup 'bd4800'
Slack : -1.500
TNS   : -1.500

Type  : Setup 'bd9600'
Slack : -1.500
TNS   : -1.500

Type  : Setup 'm8650d:m8650d|gdollar_2'
Slack : -1.500
TNS   : -1.500

Type  : Setup 'm8650d:m8650d|rx_rate'
Slack : -1.500
TNS   : -1.500

Type  : Setup 'n_t_1x'
Slack : -1.500
TNS   : -1.500

Type  : Setup 'cf0'
Slack : 7.000
TNS   : 0.000

Type  : Hold 'cf0'
Slack : -12.300
TNS   : -12.300

Type  : Hold 'bd600'
Slack : -11.800
TNS   : -11.800

Type  : Hold 'clk'
Slack : -11.500
TNS   : -11.500

Type  : Hold 'bd115200'
Slack : -11.000
TNS   : -14.000

Type  : Hold 'bd1200'
Slack : -11.000
TNS   : -14.000

Type  : Hold 'bd38400'
Slack : -11.000
TNS   : -14.000

Type  : Hold 'bd9600'
Slack : -11.000
TNS   : -14.000

Type  : Hold 'bd19200'
Slack : -3.000
TNS   : -3.000

Type  : Hold 'bd2400'
Slack : -3.000
TNS   : -3.000

Type  : Hold 'bd4800'
Slack : -3.000
TNS   : -3.000

Type  : Hold 'm8650d:m8650d|gdollar_2'
Slack : -3.000
TNS   : -3.000

Type  : Hold 'm8650d:m8650d|rx_rate'
Slack : -3.000
TNS   : -3.000

Type  : Hold 'n_t_1x'
Slack : -3.000
TNS   : -3.000

Type  : Hold 'm8650d:m8650d|gdollar_3'
Slack : 5.000
TNS   : 0.000

Type  : Recovery 'bd115200'
Slack : -4.500
TNS   : -4.500

Type  : Recovery 'n_t_1x'
Slack : -4.500
TNS   : -4.500

Type  : Removal 'bd115200'
Slack : 0.000
TNS   : 0.000

Type  : Removal 'n_t_1x'
Slack : 0.000
TNS   : 0.000

Type  : Minimum Pulse Width 'cf0'
Slack : -4.300
TNS   : -16.800

Type  : Minimum Pulse Width 'bd1200'
Slack : -3.500
TNS   : -42.000

Type  : Minimum Pulse Width 'bd115200'
Slack : -3.500
TNS   : -14.000

Type  : Minimum Pulse Width 'bd38400'
Slack : -3.500
TNS   : -14.000

Type  : Minimum Pulse Width 'bd600'
Slack : -3.500
TNS   : -14.000

Type  : Minimum Pulse Width 'bd9600'
Slack : -3.500
TNS   : -14.000

Type  : Minimum Pulse Width 'clk'
Slack : -3.500
TNS   : -14.000

Type  : Minimum Pulse Width 'bd19200'
Slack : -3.500
TNS   : -7.000

Type  : Minimum Pulse Width 'bd2400'
Slack : -3.500
TNS   : -7.000

Type  : Minimum Pulse Width 'bd4800'
Slack : -3.500
TNS   : -7.000

Type  : Minimum Pulse Width 'm8650d:m8650d|gdollar_2'
Slack : -3.500
TNS   : -7.000

Type  : Minimum Pulse Width 'm8650d:m8650d|gdollar_3'
Slack : -3.500
TNS   : -7.000

Type  : Minimum Pulse Width 'm8650d:m8650d|rx_rate'
Slack : -3.500
TNS   : -7.000

Type  : Minimum Pulse Width 'n_t_1x'
Slack : -3.500
TNS   : -7.000

------------------------------------------------------------
