Flow report for cpld
Sat Nov 18 05:24:00 2023
Quartus II 64-Bit Version 13.0.1 Build 232 06/12/2013 Service Pack 1 SJ Web Edition


---------------------
; Table of Contents ;
---------------------
  1. Legal Notice
  2. Flow Summary
  3. Flow Settings
  4. Flow Non-Default Global Settings
  5. Flow Elapsed Time
  6. Flow OS Summary
  7. Flow Log
  8. Flow Messages
  9. Flow Suppressed Messages



----------------
; Legal Notice ;
----------------
Copyright (C) 1991-2013 Altera Corporation
Your use of Altera Corporation's design tools, logic functions 
and other software and tools, and its AMPP partner logic 
functions, and any output files from any of the foregoing 
(including device programming or simulation files), and any 
associated documentation or information are expressly subject 
to the terms and conditions of the Altera Program License 
Subscription Agreement, Altera MegaCore Function License 
Agreement, or other applicable license agreement, including, 
without limitation, that your use is for the sole purpose of 
programming logic devices manufactured by Altera and sold by 
Altera or its authorized distributors.  Please refer to the 
applicable agreement for further details.



+-----------------------------------------------------------------------------+
; Flow Summary                                                                ;
+---------------------------+-------------------------------------------------+
; Flow Status               ; Successful - Sat Nov 18 05:23:58 2023           ;
; Quartus II 64-Bit Version ; 13.0.1 Build 232 06/12/2013 SP 1 SJ Web Edition ;
; Revision Name             ; cpld                                            ;
; Top-level Entity Name     ; cpld                                            ;
; Family                    ; MAX7000S                                        ;
; Device                    ; EPM7128SLI84-10                                 ;
; Timing Models             ; Final                                           ;
; Total macrocells          ; 86 / 128 ( 67 % )                               ;
; Total pins                ; 68 / 68 ( 100 % )                               ;
+---------------------------+-------------------------------------------------+


+-----------------------------------------+
; Flow Settings                           ;
+-------------------+---------------------+
; Option            ; Setting             ;
+-------------------+---------------------+
; Start date & time ; 11/18/2023 05:23:52 ;
; Main task         ; Compilation         ;
; Revision Name     ; cpld                ;
+-------------------+---------------------+


+---------------------------------------------------------------------------------------------------------+
; Flow Non-Default Global Settings                                                                        ;
+--------------------------------+-----------------------------+---------------+-------------+------------+
; Assignment Name                ; Value                       ; Default Value ; Entity Name ; Section Id ;
+--------------------------------+-----------------------------+---------------+-------------+------------+
; COMPILER_SIGNATURE_ID          ; 91765374221.170031383218940 ; --            ; --          ; --         ;
; MAX7000_OPTIMIZATION_TECHNIQUE ; Area                        ; Speed         ; --          ; --         ;
; PROJECT_OUTPUT_DIRECTORY       ; output_files                ; --            ; --          ; --         ;
; SYNTH_TIMING_DRIVEN_SYNTHESIS  ; Off                         ; --            ; --          ; --         ;
+--------------------------------+-----------------------------+---------------+-------------+------------+


+-------------------------------------------------------------------------------------------------------------------------------+
; Flow Elapsed Time                                                                                                             ;
+---------------------------+--------------+-------------------------+---------------------+------------------------------------+
; Module Name               ; Elapsed Time ; Average Processors Used ; Peak Virtual Memory ; Total CPU Time (on all processors) ;
+---------------------------+--------------+-------------------------+---------------------+------------------------------------+
; Analysis & Synthesis      ; 00:00:03     ; 1.0                     ; 4577 MB             ; 00:00:01                           ;
; Fitter                    ; 00:00:01     ; 1.0                     ; 4690 MB             ; 00:00:00                           ;
; Assembler                 ; 00:00:01     ; 1.0                     ; 4526 MB             ; 00:00:00                           ;
; TimeQuest Timing Analyzer ; 00:00:02     ; 1.0                     ; 4523 MB             ; 00:00:01                           ;
; Total                     ; 00:00:07     ; --                      ; --                  ; 00:00:02                           ;
+---------------------------+--------------+-------------------------+---------------------+------------------------------------+


+----------------------------------------------------------------------------------------+
; Flow OS Summary                                                                        ;
+---------------------------+------------------+-----------+------------+----------------+
; Module Name               ; Machine Hostname ; OS Name   ; OS Version ; Processor type ;
+---------------------------+------------------+-----------+------------+----------------+
; Analysis & Synthesis      ; vrs-w10          ; Windows 7 ; 6.2        ; x86_64         ;
; Fitter                    ; vrs-w10          ; Windows 7 ; 6.2        ; x86_64         ;
; Assembler                 ; vrs-w10          ; Windows 7 ; 6.2        ; x86_64         ;
; TimeQuest Timing Analyzer ; vrs-w10          ; Windows 7 ; 6.2        ; x86_64         ;
+---------------------------+------------------+-----------+------------+----------------+


------------
; Flow Log ;
------------
quartus_map --read_settings_files=on --write_settings_files=off cpld -c cpld
quartus_fit --read_settings_files=off --write_settings_files=off cpld -c cpld
quartus_asm --read_settings_files=off --write_settings_files=off cpld -c cpld
quartus_sta cpld -c cpld



