
 18-AUG-76

ADVENT.BI	0007	1	10-OCT-72
STARWR.LD	0010	50	12-DEC-69
PXPB.SV  	0072	5	28-OCT-72
PXCHRS.BN	0077	5	25-OCT-72
PXOPEN.RL	0104	1	28-OCT-72
PLOT2.PL 	0105	8	26-SEP-72
PXSYMB.SB	0115	13	24-OCT-72
PXPB.BN  	0132	4	28-OCT-72
PXPA.MP  	0136	2	28-OCT-72
PXDELT.RL	0140	2	27-OCT-72
PXSYMB.RL	0142	3	25-OCT-72
RANDIS.FO	0145	1	24-JAN-71
CHECK8.SV	0146	15	25-NOV-71
ADVENT.DC	0165	5	27-FEB-71
TEXT.TX  	0172	196	20-FEB-71
ADVENT.LD	0476	141	27-FEB-71
PXPA.SV  	0713	34	28-OCT-72
PLOT1.PL 	0755	22	20-OCT-72
PXCHRS.PA	1003	77	25-OCT-72
PXPB.PA  	1120	26	28-OCT-72
PXDELT.SB	1152	8	27-OCT-72
PXGETC.SB	1162	5	27-OCT-72
PXOPEN.SB	1167	5	27-OCT-72
PXPLOT.RL	1174	5	28-OCT-72
PXPA.BI  	1201	2	27-OCT-72
PXPLOT.TX	1203	11	28-OCT-72
PLOT3.PL 	1216	4	26-SEP-72
PXGETC.RL	1222	2	28-OCT-72
PXPA.FT  	1224	10	28-OCT-72
PXPA.RL  	1236	9	28-OCT-72
PXPLOT.SB	1247	33	28-OCT-72
MASTER.FO	1310	6	28-JAN-71
<empty>  	1316	19	

