
 18-AUG-76

RECOVR.SV	0007	3	19-MAR-75
COPCOM.SV	0012	5	12-DEC-74
DROP.SV  	0017	9	3-SEP-75
LISP16.SV	0030	16	30-MAR-69
MURPHY.TX	0050	21	29-DEC-70
MAPLE.MU 	0075	17	30-NOV-71
RKCOPY.PA	0116	7	31-DEC-69
DUMP.PA  	0125	42	13-APR-70
RESTOR.PA	0177	40	13-APR-70
RKVER.PA 	0247	25	6-APR-70
CHECK.PA 	0300	10	9-FEB-71
CHECK.WU 	0312	1	4-SEP-71
HEADER.SV	0313	14	14-FEB-70
DCP24.BN 	0331	23	28-OCT-69
HEADER.HL	0360	3	14-FEB-70
COMPAF.PA	0363	34	15-AUG-69
CHEKMO.WU	0425	34	1-JAN-76
ADVENT.FT	0467	9	15-AUG-70
ASUB.FT  	0500	15	15-AUG-70
IOSUB.FT 	0517	11	15-AUG-70
ISHFT.MA 	0532	3	15-AUG-70
INITAD.FT	0535	54	15-AUG-70
RKB.FT   	0623	139	15-AUG-70
ADVENT.OV	1036	1	15-AUG-70
<empty>  	1037	194	

