
 18-AUG-76

ABSLDR.SV	0070	5	1-JUN-69
CCL.SV   	0075	18	5-JUL-69
FOTP.SV  	0117	8	5-JUL-69
DIRECT.SV	0127	7	5-JUL-69
EDIT.SV  	0136	10	5-JUL-69
PAL8.SV  	0150	19	5-JUL-69
CREF.SV  	0173	13	5-JUL-69
PIP.SV   	0210	11	15-MAR-71
BOOT.SV  	0223	5	5-JUL-69
LOADER.SV	0230	12	5-JUL-69
SABR.SV  	0244	24	5-JUL-69
FORT.SV  	0274	25	5-JUL-69
<empty>  	0325	10	
LIBSET.SV	0337	5	5-JUL-69
BUILD.SV 	0344	33	21-JUL-69
SET.SV   	0405	14	6-JUL-69
SRCCOM.SV	0423	5	5-JUL-69
BITMAP.SV	0430	5	5-JUL-69
DTCOPY.SV	0435	5	5-JUL-69
TDCOPY.SV	0442	7	5-JUL-69
DTFRMT.SV	0451	7	5-JUL-69
TDFRMT.SV	0460	9	5-JUL-69
RXCOPY.SV	0471	6	5-JUL-69
MCPIP.SV 	0477	13	5-JUL-69
CAMP.SV  	0514	13	5-JUL-69
EPIC.SV  	0531	14	5-JUL-69
PIP10.SV 	0547	17	5-JUL-69
HELP.SV  	0570	8	5-JUL-69
RKLFMT.SV	0600	9	5-JUL-69
LIB8.RL  	0611	29	5-JUL-69
BLTDSI.SV	0646	33	11-MAR-71
RESORC.SV	0707	10	15-MAR-71
M43TST.SV	0721	12	17-NOV-74
<empty>  	0735	22	
SI43SY.BN	0763	1	15-MAR-71
SI43NS.BN	0764	2	15-MAR-71
BLSITD.SV	0766	33	15-MAR-71
DMPSI1.PA	1027	29	22-MAR-71
DMPSI1.BN	1064	2	22-MAR-71
<empty>  	1066	171	

