Unit 0:

 18-AUG-76

ABSLDR.SV	0070	5	1-JUN-69
CCL.SV   	0075	18	5-JUL-69
FOTP.SV  	0117	8	5-JUL-69
DIRECT.SV	0127	7	5-JUL-69
EDIT.SV  	0136	10	5-JUL-69
PAL8.SV  	0150	19	5-JUL-69
CREF.SV  	0173	13	5-JUL-69
PIP.SV   	0210	11	15-MAR-71
BOOT.SV  	0223	5	5-JUL-69
LOADER.SV	0230	12	5-JUL-69
SABR.SV  	0244	24	5-JUL-69
FORT.SV  	0274	25	5-JUL-69
LIBSET.SV	0325	5	5-JUL-69
BUILD.SV 	0332	33	21-JUL-69
SET.SV   	0373	14	6-JUL-69
SRCCOM.SV	0411	5	5-JUL-69
BITMAP.SV	0416	5	5-JUL-69
DTCOPY.SV	0423	5	5-JUL-69
TDCOPY.SV	0430	7	5-JUL-69
DTFRMT.SV	0437	7	5-JUL-69
TDFRMT.SV	0446	9	5-JUL-69
RXCOPY.SV	0457	6	5-JUL-69
MCPIP.SV 	0465	13	5-JUL-69
CAMP.SV  	0502	13	5-JUL-69
EPIC.SV  	0517	14	5-JUL-69
PIP10.SV 	0535	17	5-JUL-69
HELP.SV  	0556	8	5-JUL-69
RKLFMT.SV	0566	9	5-JUL-69
LIB8.RL  	0577	29	5-JUL-69
BLTDSI.SV	0634	33	11-MAR-71
RESORC.SV	0675	10	15-MAR-71
<empty>  	0707	3	
BLSITD.SV	0712	33	15-MAR-71
<empty>  	0753	227	
SI43NS.PA	1316	11	27-AUG-72
SI43SY.PA	1331	14	26-AUG-72
<empty>  	1347	103	
SI43NS.BN	1516	2	22-MAR-71
SI43SY.BN	1520	1	22-MAR-71
DMPSI1.PA	1521	29	22-MAR-71
<empty>  	1556	2	
DMPTD8.PA	1560	56	22-MAR-71
DMPTD8.BN	1650	3	22-MAR-71
DMPSI1.BN	1653	2	7-APR-75
<empty>  	1655	2307	

Unit 1:

 7-MAY-2

ABSLDR.SV	0007	5	1-JUN-69
CCL.SV   	0014	18	5-JUL-69
FOTP.SV  	0036	8	5-JUL-69
DIRECT.SV	0046	7	5-JUL-69
EDIT.SV  	0055	10	5-JUL-69
PAL8.SV  	0067	19	5-JUL-69
CREF.SV  	0112	13	5-JUL-69
BOOT.SV  	0127	5	5-JUL-69
LOADER.SV	0134	12	5-JUL-69
SABR.SV  	0150	24	5-JUL-69
FORT.SV  	0200	25	5-JUL-69
RESORC.SV	0231	10	12-MAR-71
LIBSET.SV	0243	5	5-JUL-69
BUILD.SV 	0250	33	21-JUL-69
SET.SV   	0311	14	6-JUL-69
SRCCOM.SV	0327	5	5-JUL-69
BITMAP.SV	0334	5	5-JUL-69
DTCOPY.SV	0341	5	5-JUL-69
TDCOPY.SV	0346	7	5-JUL-69
DTFRMT.SV	0355	7	5-JUL-69
TDFRMT.SV	0364	9	5-JUL-69
RXCOPY.SV	0375	6	5-JUL-69
MCPIP.SV 	0403	13	5-JUL-69
CAMP.SV  	0420	13	5-JUL-69
EPIC.SV  	0435	14	5-JUL-69
PIP10.SV 	0453	17	5-JUL-69
HELP.SV  	0474	8	5-JUL-69
RKLFMT.SV	0504	9	5-JUL-69
LIB8.RL  	0515	29	5-JUL-69
BLTDSI.SV	0552	33	11-MAR-71
PIP.SV   	0613	11	12-MAR-71
BLSITD.SV	0626	33	12-MAR-71
DMPTD1.PA	0667	56	12-MAR-71
DMPTD2.PA	0757	56	12-MAR-71
DMPTD3.PA	1047	56	12-MAR-71
DMPTD8.PA	1137	56	12-MAR-71
DMPTD8.BN	1227	3	12-MAR-71
DMPSI1.PA	1232	30	0-0-70
DMPSI1.BN	1270	2	0-0-70
<empty>  	1272	2550	

