Unit 0:

 18-AUG-76

ABSLDR.SV	0070	6	9-JUL-71
CCL.SV   	0076	40	18-OCT-72
RESORC.SV	0146	16	15-JAN-72
BOOT.SV  	0166	5	3-MAR-72
DIRECT.SV	0173	7	3-FEB-72
HELP.SV  	0202	8	9-JUL-71
PIP.SV   	0212	11	24-JAN-72
FUTIL.SV 	0225	27	1-JUL-71
FOTP.SV  	0260	8	24-JAN-72
PAL8.SV  	0270	19	1-JUL-71
BATCH.SV 	0313	17	3-FEB-72
VTEDIT.TE	0334	5	2-OCT-72
EDIT.SV  	0341	10	31-AUG-71
TECO.IN  	0353	1	26-NOV-71
TECO.SV  	0354	32	31-OCT-72
SET.SV   	0414	17	4-FEB-72
TECHLP.TX	0435	26	4-DEC-71
TDCOPY.SV	0467	7	5-JUL-69
TDFRMT.SV	0476	9	5-JUL-69
RXCOPY.SV	0507	9	1-JUL-71
OCOMP.SV 	0520	8	13-OCT-72
BLDSI.SV 	0530	37	2-SEP-72
BUILD.SV 	0575	37	26-JAN-70
DPF.SV   	0642	31	29-FEB-72
SRCCOM.SV	0701	5	9-JUL-71
BITMAP.SV	0706	5	1-JUL-71
CREF.SV  	0713	14	9-JUL-71
KREF.SV  	0731	12	19-JAN-71
FRTS.SV  	0745	25	11-SEP-72
MACREL.SV	0776	83	19-JAN-71
LINK.SV  	1121	55	19-JAN-71
CHECK8.SV	1210	15	25-NOV-71
GLOBL.SV 	1227	4	14-FEB-71
PASS3.SV 	1233	8	10-OCT-72
PASS2.SV 	1243	20	10-OCT-72
RALF.SV  	1267	19	10-OCT-72
SHSAVE.SV	1312	6	16-NOV-71
FRUN.SV  	1320	25	6-OCT-72
F4.SV    	1351	20	10-OCT-72
LIBRA.SV 	1375	11	2-NOV-70
PASS2O.SV	1410	5	10-OCT-72
LOAD.SV  	1415	16	10-OCT-72
FCOMP.SV 	1435	20	10-OCT-72
FCODE.SV 	1461	20	10-OCT-72
FCODEO.SV	1505	5	10-OCT-72
LIBSET.SV	1512	5	13-OCT-72
LOADER.SV	1517	12	13-OCT-72
SABR.SV  	1533	24	13-OCT-72
FORT.SV  	1563	25	13-OCT-72
WI.TE    	1614	2	18-OCT-72
TECO.TE  	1616	1	30-OCT-72
BLDTD.SV 	1617	37	27-FEB-73
LPTSPL.SV	1664	2	15-OCT-72
HELP.HL  	1666	76	30-OCT-72
LOGOUT.BI	2002	1	15-OCT-72
LOGIN.BI 	2003	1	15-OCT-72
QUIT.BI  	2004	1	3-OCT-72
DHKMA8.SV	2005	17	13-NOV-71
DJKKA8.SV	2026	10	13-NOV-71
DHKMC8.SV	2040	14	14-NOV-71
RTES.SV  	2056	30	8-OCT-72
FORLIB.RL	2114	189	29-JUN-72
VISTA.SV 	2411	29	5-JAN-70
DCP.BI   	2446	1	5-JAN-70
ACID.SV  	2447	30	8-OCT-72
M43TST.SV	2505	12	17-NOV-74
VENUS.SV 	2521	2	15-SEP-76
VENUS1.SV	2523	8	28-JUN-76
USERA.SV 	2533	8	2-OCT-72
TECOW.SV 	2543	12	30-OCT-76
TDBLKP.SV	2557	11	23-NOV-69
TODAY.   	2572	1	14-JUN-73
VT100.TX 	2573	5	9-SEP-72
BESETZ.TE	2600	8	29-NOV-71
M8SI.BI  	2610	1	30-OCT-72
CONSI.BK 	2611	6	26-JAN-70
MS.BK    	2617	14	26-JAN-70
OS8V40.SY	2635	50	5-FEB-73
MULTI8.SV	2717	70	26-JAN-70
LIB8.RL  	3025	30	13-OCT-72
GENSI.BK 	3063	7	16-JAN-70
D1.BN    	3072	1	16-JAN-70
BATTM1.BI	3073	1	11-JUN-70
GENM8.BI 	3074	2	16-JAN-70
SPOOL.LP 	3076	64	26-JAN-70
<empty>  	3176	389	
DHTDAB.SV	4003	15	0-0-70
POLFIT.FC	4022	11	11-JAN-70
FOUPIC.FP	4035	4	20-AUG-75
FOC875.SV	4041	37	11-SEP-75
FOCCOM.ZE	4106	4	23-AUG-76
HANS.FD  	4112	1	29-JUL-74
FR.SV    	4113	25	31-DEC-69
TEST.LD  	4144	4	31-DEC-69
LSPT.BN  	4150	1	16-JAN-70
MONDUM.SV	4151	5	26-JAN-70
TEST.BN  	4156	1	16-JAN-70
AD8ATS.BN	4157	19	16-JAN-70
BLDTD8.SV	4202	37	3-JAN-70
LISP16.SV	4247	16	30-MAR-69
X.SV     	4267	31	27-DEC-69
TDBOOT.SV	4326	3	3-JAN-70
CHARS.FO 	4331	1	31-DEC-69
PAGE8.SV 	4332	49	7-FEB-71
DCP.SV   	4413	21	5-JAN-70
COMPAF.SV	4440	5	16-JAN-70
TEST.RL  	4445	2	31-DEC-69
GENSI.BI 	4447	7	16-JAN-70
MONDUM.BN	4456	4	26-JAN-70
MS.BN    	4462	3	26-JAN-70
MS.PA    	4465	8	26-JAN-70
CONSI.PA 	4475	6	26-JAN-70
M.BN     	4503	38	26-JAN-70
DK8EPT.BN	4551	18	16-JAN-70
LPTPAL.BI	4573	1	29-DEC-69
TD8ETE.SV	4574	17	28-OCT-69
TDSCAN.SV	4615	2	4-JAN-70
TEST.SV  	4617	12	5-JAN-70
BLMSI.SV 	4633	37	16-JAN-70
BLDLPT.SV	4700	37	16-JAN-70
M8GEN.BK 	4745	20	19-APR-71
HPSORT.7A	4771	13	23-JUL-76
VCM0.SV  	5006	3	5-JAN-70
IBPAL.BI 	5011	1	5-JAN-70
LP.BN    	5012	3	26-JAN-70
COMPAF.BN	5015	5	16-JAN-70
M8GEN.FT 	5022	20	0-0-70
<empty>  	5046	78	
M8GEN.RL 	5164	21	0-0-70
SWPFIL.M8	5211	391	4-MAY-75
<empty>  	6020	160	

Unit 1:

 4-JUN-2

<empty>  	0070	1	
VT100.TX 	0071	5	9-SEP-72
LPSS.PA  	0076	25	5-JAN-72
DIABLO.PA	0127	17	5-JAN-72
LQP.PA   	0150	13	6-JAN-72
IBMPRO.PA	0165	13	16-JAN-70
TEST.PA  	0202	2	28-DEC-69
TEST.FT  	0204	1	31-DEC-69
MIDI.PA  	0205	1	1-JAN-72
<empty>  	0206	194	
MIDO.SV  	0510	2	1-JAN-72
IBQUA.BI 	0512	1	30-DEC-69
MIDI.DA  	0513	17	1-JAN-72
TEST.FD  	0534	1	31-DEC-69
MIDI.SV  	0535	2	1-JAN-72
TDBOOT.PA	0537	3	3-JAN-70
MIDO.PA  	0542	2	1-JAN-72
LIST.LX  	0544	3	5-JAN-70
LIST.CF  	0547	25	5-JAN-70
LISP1.SM 	0600	1	5-JAN-70
<empty>  	0601	17	
LISP3.SM 	0622	1	5-JAN-70
LISP2.BK 	0623	1	5-JAN-70
LIST2.DC 	0624	16	5-JAN-70
TEST.DA  	0644	1	31-DEC-69
TDSCAN.PA	0645	1	4-JAN-70
DCP1.BK  	0646	1	5-JAN-70
DCP2.BI  	0647	1	5-JAN-70
DCP3.BI  	0650	1	5-JAN-70
LISP3.BK 	0651	1	5-JAN-70
LIST3.DC 	0652	14	5-JAN-70
LISP2.SM 	0670	1	5-JAN-70
<empty>  	0671	1	
<empty>  	0672	3	
LSPT.BK  	0675	10	5-JAN-72
IBMPRO.BN	0707	2	16-JAN-70
LSPT.PA  	0711	10	16-JAN-70
MEMTST.  	0723	1	26-JAN-70
MEMTST.BN	0724	1	26-JAN-70
BATCH.SV 	0725	17	3-FEB-72
LISP16.SV	0746	16	30-MAR-69
<empty>  	0766	4	
CONSI.BK 	0772	6	16-JAN-70
CONSI.PA 	1000	6	26-JAN-70
<empty>  	1006	119	
LP.BN    	1175	3	26-JAN-70
<empty>  	1200	79	
LP.BK    	1317	40	26-JAN-70
LP.TK    	1367	40	26-JAN-70
<empty>  	1437	3	
DCP1.BI  	1442	1	26-JAN-70
LIST1.DC 	1443	17	26-JAN-70
<empty>  	1464	2	
DCP.BK   	1466	1	11-JUN-70
DCP.BI   	1467	1	11-JUN-70
<empty>  	1470	194	
LISP.BK  	1772	3	11-JUN-70
LISP.SM  	1775	3	11-JUN-70
LIST.DC  	2000	196	11-JUN-70
<empty>  	2304	2028	

