Unit 0:

 25-FEB-76

D8AC.SV  	0007	15	17-APR-75
D8ACMO.SV	0026	15	22-APR-75
D0LEAE.SV	0045	17	23-APR-75
D0MEAE.SV	0066	12	3-MAY-75
TDCOPY.BN	0102	8	0-0-70
TDCOPY.LS	0112	178	0-0-70
D0BB.SV  	0374	11	29-SEP-73
D0AB.SV  	0407	12	4-AUG-76
D0CC.SV  	0423	13	29-SEP-73
D0IB.SV  	0440	11	3-OCT-73
D0EB.SV  	0453	5	3-OCT-73
D0DB.SV  	0460	4	3-OCT-73
<empty>  	0464	3	
D0GC.SV  	0467	3	4-OCT-73
DHPCA.PA 	0472	147	24-OCT-73
DHPCA.BN 	0715	10	24-OCT-73
DHPCA.LS 	0727	319	24-OCT-73
DHPCA.CR 	1426	400	24-OCT-73
D0HC.SV  	2246	10	29-OCT-73
D1AA.SV  	2260	10	29-OCT-73
DHPCA.SV 	2272	10	29-OCT-73
DHTDAB.SV	2304	15	6-AUG-74
DHTDAA.SV	2323	15	6-AUG-74
<empty>  	2342	1998	

Unit 1:

 6-SEP-2

<empty>  	0007	3241	

