~/Verilog/bin/topld.pl M060A
info: 1n4003 ne 1n4004
warning: making d1/1n4003/ a connector
info: 1n4003 ne 1n4004
warning: making d2/1n4003/ a connector
info: 1n4003 ne 1n4004
warning: making d3/1n4003/ a connector
info: 1n4003 ne 1n4004
warning: making d4/1n4003/ a connector
info: 7400n ne dil14
info: 2n2219 ne to5
warning: making q1/2n2219/ a connector
info: 2n4912 ne _npn_to66
warning: making q2/2n4912/ a connector
info: 2n2219 ne to5
warning: making q3/2n2219/ a connector
info: 2n4912 ne _npn_to66
warning: making q4/2n4912/ a connector
info: 2n2219 ne to5
warning: making q5/2n2219/ a connector
info: 2n4912 ne _npn_to66
warning: making q6/2n4912/ a connector
info: 2n2219 ne to5
warning: making q7/2n2219/ a connector
info: 2n4912 ne _npn_to66
warning: making q8/2n4912/ a connector
info: 15 ne 1/2w
warning: making r10/15/ a connector
info: 15 ne 1/2w
warning: making r11/15/ a connector
info: 15 ne 1/2w
warning: making r14/15/ a connector
info: 15 ne 1/2w
warning: making r15/15/ a connector
info: 15 ne 1/2w
warning: making r2/15/ a connector
info: 15 ne 1/2w
warning: making r3/15/ a connector
info: 15 ne 1/2w
warning: making r6/15/ a connector
info: 15 ne 1/2w
warning: making r7/15/ a connector
info: single ne edge_con2
warning: making u$1/single/ a connector
warning: non-bypass capacitor deleted: c1
warning: non-pullup resistor deleted: r1
warning: non-pullup resistor deleted: r4
warning: non-pullup resistor deleted: r5
warning: non-pullup resistor deleted: r8
warning: non-pullup resistor deleted: r9
warning: non-pullup resistor deleted: r12
warning: non-pullup resistor deleted: r13
warning: non-pullup resistor deleted: r16
~/Verilog/bin/smaller.pl M060A.PLD >vv || (rm vv; exit 1)
0 signals were removed:
~/Verilog/bin/smaller.pl vv >M060AX.PLD || (rm M060AX.PLD; exit 1)
0 signals were removed:
~/Verilog/bin/cupl2v.pl M060AX.PLD >vv || (rm vv; exit 1)
mv vv M060A.v
rm M060AX.PLD
