
 18-AUG-76

FORLIB.RL	0007	189	29-JUN-72
SQRT.RA  	0304	8	23-MAY-72
ABS.RA   	0314	2	23-MAY-72
IFIX.RA  	0316	2	23-MAY-72
REAL.RA  	0320	3	23-MAY-72
CARITH.RA	0323	5	23-MAY-72
RFDV.RA  	0330	3	23-MAY-72
RFCV.RA  	0333	2	23-MAY-72
LTR.RA   	0335	2	23-MAY-72
CHKEOF.RA	0337	2	23-MAY-72
CMPLX.RA 	0341	2	23-MAY-72
CABS.RA  	0343	2	23-MAY-72
SNGL.RA  	0345	1	23-MAY-72
SIGN.RA  	0346	2	23-MAY-72
FLOAT.RA 	0350	1	23-MAY-72
DIM.RA   	0351	2	23-MAY-72
AMAX.RA  	0353	3	23-MAY-72
AMIN.RA  	0356	3	23-MAY-72
AMOD.RA  	0361	3	23-MAY-72
XFIX.RA  	0364	1	23-MAY-72
IDINT.RA 	0365	2	23-MAY-72
DATE.RA  	0367	5	23-MAY-72
CHARS.RA 	0374	7	24-MAY-72
COS.RA   	0403	2	26-MAY-72
SIN.RA   	0405	6	26-MAY-72
TAN.RA   	0413	2	26-MAY-72
EXP.RA   	0415	6	26-MAY-72
ALOG.RA  	0423	7	26-MAY-72
SINH.RA  	0432	5	27-MAY-72
COSH.RA  	0437	4	27-MAY-72
TANH.RA  	0443	2	27-MAY-72
ALOG10.RA	0445	2	27-MAY-72
ATAN.RA  	0447	7	27-MAY-72
ASIN.RA  	0456	3	27-MAY-72
ACOS.RA  	0461	4	27-MAY-72
ATAN2.RA 	0465	4	27-MAY-72
SIND.RA  	0471	2	27-MAY-72
COSD.RA  	0473	2	27-MAY-72
TAND.RA  	0475	2	27-MAY-72
EXPIR.RA 	0477	1	27-MAY-72
EXP3.RA  	0500	3	27-MAY-72
EXPII.RA 	0503	3	27-MAY-72
CSQRT.RA 	0506	4	27-MAY-72
CSIN.RA  	0512	4	27-MAY-72
CEXP.RA  	0516	3	27-MAY-72
EXPCI.RA 	0521	4	27-MAY-72
EXPIC.RA 	0525	5	27-MAY-72
EXPCC.RA 	0532	6	27-MAY-72
CLOG.RA  	0540	3	27-MAY-72
ONQIB.RA 	0543	6	27-MAY-72
DABS.RA  	0551	1	27-MAY-72
DSIGN.RA 	0552	2	27-MAY-72
DMAX1.RA 	0554	2	27-MAY-72
DMIN1.RA 	0556	2	27-MAY-72
DMOD.RA  	0560	4	27-MAY-72
DBLE.RA  	0564	2	27-MAY-72
DSQRT.RA 	0566	5	28-MAY-72
DSIN.RA  	0573	8	28-MAY-72
DCOS.RA  	0603	2	28-MAY-72
DEXP.RA  	0605	9	28-MAY-72
EXPDI.RA 	0616	3	28-MAY-72
EXPID2.RA	0621	3	28-MAY-72
EXPID.RA 	0624	1	28-MAY-72
DEXP3.RA 	0625	3	28-MAY-72
EXPDD.RA 	0630	1	28-MAY-72
EXPDR.RA 	0631	1	28-MAY-72
DLOG.RA  	0632	8	28-MAY-72
DLOG10.RA	0642	2	28-MAY-72
DATAN.RA 	0644	7	28-MAY-72
DATAN2.RA	0653	4	28-MAY-72
ADC.RA   	0657	4	29-MAY-72
PAUSE.RA 	0663	3	28-MAY-72
REALTM.RA	0666	15	29-MAY-72
RSW.RA   	0705	8	29-MAY-72
PLOT.RA  	0715	13	29-MAY-72
CLK8A.RA 	0732	27	29-MAY-72
XYPLOT.RA	0765	66	28-MAY-72
MULTI8.RA	1067	8	29-MAY-72
DINT.RA  	1077	3	1-JUN-72
NUMBER.FT	1102	5	29-MAY-72
LINE.FT  	1107	3	29-MAY-72
AXIS.FT  	1112	5	29-MAY-72
PSCALE.FT	1117	4	29-MAY-72
<empty>  	1123	142	

