
 18-AUG-76

RTL.PA   	0007	93	9-FEB-69
RTS.PA   	0144	220	10-FEB-69
DMIN1.RA 	0500	2	16-FEB-72
AMAX.RA  	0502	3	5-NOV-71
AMIN.RA  	0505	3	5-NOV-71
SNGL.RA  	0510	1	16-FEB-72
DEXP3.RA 	0511	3	16-FEB-72
EXP3.RA  	0514	3	19-JAN-72
RSW.RA   	0517	8	15-FEB-72
DEXP.RA  	0527	10	16-FEB-72
CHKEOF.RA	0541	2	13-APR-73
DATE.RA  	0543	4	18-APR-73
CLOCK.RA 	0547	27	18-APR-73
REALTM.RA	0602	15	9-MAY-73
ATAN2.RA 	0621	4	18-APR-73
DATAN2.RA	0625	4	18-APR-73
PLOT.RA  	0631	13	18-APR-73
CHARS.RA 	0646	6	18-APR-73
ONQIB.RA 	0654	5	18-APR-73
SQRT.RA  	0661	8	19-JAN-72
DIM.RA   	0671	1	1-NOV-71
IDINT.RA 	0672	2	16-FEB-72
TAND.RA  	0674	2	28-OCT-71
ALOG10.RA	0676	2	28-OCT-71
EXP.RA   	0700	5	19-JAN-72
SINH.RA  	0705	5	28-OCT-71
IFIX.RA  	0712	2	5-NOV-71
CSIN.RA  	0714	4	16-FEB-72
ACOS.RA  	0720	3	19-JAN-72
SIND.RA  	0723	2	28-OCT-71
COSD.RA  	0725	2	28-OCT-71
TANH.RA  	0727	2	28-OCT-71
DSIGN.RA 	0731	2	16-FEB-72
ATAN.RA  	0733	5	28-OCT-71
DMAX1.RA 	0740	2	16-FEB-72
DMOD.RA  	0742	4	16-FEB-72
COS.RA   	0746	2	28-OCT-71
SIGN.RA  	0750	2	8-NOV-71
FLOAT.RA 	0752	1	28-OCT-71
ABS.RA   	0753	1	28-OCT-71
COSH.RA  	0754	4	19-JAN-72
ADC.RA   	0760	3	15-FEB-72
CABS.RA  	0763	2	16-FEB-72
CLOG.RA  	0765	3	16-FEB-72
AMOD.RA  	0770	3	26-MAY-72
DABS.RA  	0773	1	16-FEB-72
DCOS.RA  	0774	2	16-FEB-72
ASIN.RA  	0776	3	19-JAN-72
DSQRT.RA 	1001	3	16-FEB-72
DSIN.RA  	1004	8	16-FEB-72
DBLE.RA  	1014	1	16-FEB-72
CSQRT.RA 	1015	4	16-FEB-72
REAL.RA  	1021	3	16-FEB-72
SIN.RA   	1024	6	19-JAN-72
TAN.RA   	1032	2	19-JAN-72
CMPLX.RA 	1034	2	16-FEB-72
DLOG.RA  	1036	8	16-FEB-72
DLOG10.RA	1046	2	16-FEB-72
CEXP.RA  	1050	3	16-FEB-72
DATAN.RA 	1053	7	16-FEB-72
ALOG.RA  	1062	7	6-FEB-72
LCTEST.FT	1071	1	24-APR-69
LOCAPT.PA	1072	5	24-APR-69
USR.RL   	1077	4	12-AUG-76
USRTST.FT	1103	11	12-AUG-76
FRTS.SV  	1116	26	3-JAN-69
FRTSLC.SV	1150	26	24-APR-69
SYMBTW.RA	1202	15	13-MAR-75
PDPPLT.RA	1221	13	29-JUL-74
XYPLOT.RA	1236	9	29-JUL-74
SYMBTB.RA	1247	10	29-JUL-74
PDPPLW.RA	1261	14	15-JUL-75
XYPLOW.RA	1277	9	1-SEP-75
SYMBOW.RA	1310	9	1-SEP-75
SYMBOL.RA	1321	9	1-SEP-75
<empty>  	1332	7	

