~/Verilog/bin/topld.pl M044B
info: 100pf ne 100v
warning: making c3/100pf/ a connector
info: 100pf ne 100v
warning: making c4/100pf/ a connector
info: 100pf ne 100v
warning: making c5/100pf/ a connector
info: 100pf ne 100v
warning: making c6/100pf/ a connector
info: 1n3606 ne 1n4148do35_10
warning: making d1/1n3606/ a connector
info: 1n3606 ne 1n4148do35_10
warning: making d10/1n3606/ a connector
info: 1n3606 ne 1n4148do35_10
warning: making d11/1n3606/ a connector
info: d672 ne 1n4148do35_10
warning: making d12/d672/ a connector
info: 1n3606 ne 1n4148do35_10
warning: making d2/1n3606/ a connector
info: d672 ne 1n4148do35_10
warning: making d3/d672/ a connector
info: 1n3606 ne 1n4148do35_10
warning: making d4/1n3606/ a connector
info: 1n3606 ne 1n4148do35_10
warning: making d5/1n3606/ a connector
info: d672 ne 1n4148do35_10
warning: making d6/d672/ a connector
info: 1n3606 ne 1n4148do35_10
warning: making d7/1n3606/ a connector
info: 1n3606 ne 1n4148do35_10
warning: making d8/1n3606/ a connector
info: d672 ne 1n4148do35_10
warning: making d9/d672/ a connector
info: 2n3009 ne 2n3019
warning: making q1/2n3009/ a connector
info: 2n3009 ne 2n3019
warning: making q2/2n3009/ a connector
info: 2n3009 ne 2n3019
warning: making q3/2n3009/ a connector
info: 2n3009 ne 2n3019
warning: making q4/2n3009/ a connector
info: mps6534 ne _pnp_to39_ebc
warning: making q5/mps6534/ a connector
info: mps6534 ne _pnp_to39_ebc
warning: making q6/mps6534/ a connector
info: mps6534 ne _pnp_to39_ebc
warning: making q7/mps6534/ a connector
info: mps6534 ne _pnp_to39_ebc
warning: making q8/mps6534/ a connector
info: edge_1 ne edge_con1
warning: making u$2/edge_1/ a connector
warning: non-pullup resistor deleted: r2
warning: non-pullup resistor deleted: r4
warning: non-pullup resistor deleted: r6
warning: non-pullup resistor deleted: r8
