~/Verilog/bin/topld.pl M660A
info: 1n3606 ne 1n4148do35_10
warning: making d1/1n3606/ a connector
info: 1n3606 ne 1n4148do35_10
warning: making d2/1n3606/ a connector
info: 1n3606 ne 1n4148do35_10
warning: making d3/1n3606/ a connector
info: 1n750a ne 4.7v
warning: making d4/1n750a/ a connector
info: 2n3009 ne 2n2219
warning: making q1/2n3009/ a connector
info: 2n3009 ne 2n2219
warning: making q2/2n3009/ a connector
info: 2n3009 ne 2n2219
warning: making q3/2n3009/ a connector
info: 2n3009 ne 2n2219
warning: making q4/2n3009/ a connector
info: 2n3009 ne 2n2219
warning: making q5/2n3009/ a connector
info: 2n3009 ne 2n2219
warning: making q6/2n3009/ a connector
info: edge_1 ne edge_con1
warning: making u$3/edge_1/ a connector
unexpected OC output: n_t_22x at /home/vrs/Verilog/bin/topld.pl line 2034, <INPUT> line 536.
unexpected OC output: n_t_19x at /home/vrs/Verilog/bin/topld.pl line 2034, <INPUT> line 536.
