~/Verilator/bin/topld.pl M705D
info: 1n3606 ne 1n4148do35_10
warning: making d1/1n3606/ a connector
info: 7430n ne dil14
info: 7440n ne 7420n
info: 7410n ne dil14
info: 7400n ne dil14
info: 7400n ne dil14
info: 7400n ne dil14
info: 7400n ne dil14
info: 7400n ne dil14
info: double ne edge_con4
warning: making u$5/double/ a connector
warning: non-bypass capacitor deleted: c23
unexpected OC output: n_t_10x at /home/vrs/Verilator/bin/topld.pl line 2034, <INPUT> line 1059.
unexpected OC output: iot_012 at /home/vrs/Verilator/bin/topld.pl line 2034, <INPUT> line 1059.
unexpected OC output: n_t_2x at /home/vrs/Verilator/bin/topld.pl line 2034, <INPUT> line 1059.
unexpected OC output: n_t_14x at /home/vrs/Verilator/bin/topld.pl line 2034, <INPUT> line 1083.
unexpected OC output: n_t_13x at /home/vrs/Verilator/bin/topld.pl line 2034, <INPUT> line 1083.
unexpected OC output: n_t_12x at /home/vrs/Verilator/bin/topld.pl line 2034, <INPUT> line 1083.
unexpected OC output: feed_hole at /home/vrs/Verilator/bin/topld.pl line 2034, <INPUT> line 1127.
unexpected OC output: iot_014_l at /home/vrs/Verilator/bin/topld.pl line 2034, <INPUT> line 1127.
unexpected OC output: rdr_flag at /home/vrs/Verilator/bin/topld.pl line 2034, <INPUT> line 1127.
unexpected OC output: iot_011 at /home/vrs/Verilator/bin/topld.pl line 2034, <INPUT> line 1127.
