~/Verilog/bin/topld.pl M227B
info: cpol_use ne cpol_use20_8axial
info: 74h62 ne 7462
warning: making e1/sn74h62n/ a connector
info: 74h53n ne e12_8
info: 74h62 ne 7462
warning: making e11/sn74h62n/ a connector
info: 74h53n ne e12_8
info: 74h62 ne 7462
warning: making e14/sn74h62n/ a connector
info: 74h53n ne e12_8
info: 74h62 ne 7462
warning: making e17/sn74h62n/ a connector
info: 74h53n ne e12_8
info: 74h53n ne e12_8
info: 74h62 ne 7462
warning: making e20/sn74h62n/ a connector
info: 74h53n ne e12_8
info: 74h62 ne 7462
warning: making e23/sn74h62n/ a connector
info: 74h62 ne 7462
warning: making e3/sn74h62n/ a connector
info: 74h53n ne e12_8
info: 74h53n ne e12_8
info: 74h62 ne 7462
warning: making e6/sn74h62n/ a connector
info: 74h53n ne e12_8
info: 74h62 ne 7462
warning: making e9/sn74h62n/ a connector
info: double ne e12_8
warning: making u$3/double/ a connector
warning: non-bypass capacitor deleted: c25
warning: non-bypass capacitor deleted: c26
warning: non-bypass capacitor deleted: c27
