Unit 0:

 18-AUG-76

FOTP.SV  	0070	8	2-JUN-71
ABSLDR.SV	0100	6	1-JUN-71
BUILTD.SV	0106	37	1-JUN-76
PASS3.SV 	0153	8	18-JUL-72
BATTM1.BI	0163	1	25-JUL-72
SET.SV   	0164	17	5-JUN-71
BATCH.SV 	0205	17	6-JUN-71
BOOT.SV  	0226	5	15-JUN-71
LOAD.SV  	0233	16	21-JUL-72
DECODE.SV	0253	5	13-JUL-71
BITMAP.SV	0260	5	17-JUN-71
PASS2O.SV	0265	5	6-MAR-76
OCOMP.SV 	0272	8	13-JUL-71
TD8EA.BN 	0302	2	29-MAY-71
EDIT.SV  	0304	10	18-JUN-71
EDITOR.BN	0316	1	30-MAY-71
TESTUS.R 	0317	1	25-JUL-72
BUIL50.SV	0320	34	11-OCT-74
MACREL.SV	0362	83	19-JAN-71
LINK.SV  	0505	55	19-JAN-71
KREF.SV  	0574	12	19-JAN-71
TD8E50.SY	0610	50	1-JUN-76
TECO.SV  	0672	32	5-DEC-74
F4.SV    	0732	20	6-MAR-76
FRTS.SV  	0756	25	10-APR-76
PASS2.SV 	1007	20	6-MAR-76
CCL.SV   	1033	40	3-JUN-76
LIBRA.SV 	1103	11	19-JUL-72
BUIL5D.SV	1116	37	1-JUN-76
SV2BN.SV 	1163	3	7-JUL-72
DPF.SV   	1166	31	9-JUL-72
PIP.SV   	1225	11	16-JUL-72
<empty>  	1240	10	
USRTST.LD	1252	8	31-JUL-72
<empty>  	1262	9	
DIRECT.SV	1273	7	1-JUL-72
BUIL5X.BN	1302	42	6-JUN-76
RESORC.SV	1354	16	10-JUN-71
SI43NS.BN	1374	2	9-JUN-71
PT8E.BN  	1376	1	31-MAY-71
KL8E.BN  	1377	2	31-MAY-71
LPSS.BN  	1401	2	31-MAY-71
TD8ESY.BN	1403	2	1-JUN-72
TECO.IN  	1405	1	6-NOV-74
DHMCA.SV 	1406	10	17-SEP-71
SRCCOM.SV	1420	5	29-AUG-72
DHKMA.SV 	1425	17	21-SEP-76
DHKMC.SV 	1446	14	21-SEP-76
MACR.SV  	1464	83	13-JUL-71
HEADER.SV	1607	14	1-JUL-72
VTEDIT.TE	1625	5	4-DEC-74
HELP.SV  	1632	8	20-FEB-76
DM8E50.SV	1642	8	1-DEC-71
BUIL5T.SV	1652	37	1-JUN-76
SISY50.SY	1717	50	1-JUN-76
BUIL5X.SV	2001	34	11-OCT-74
FORLIB.RL	2043	268	8-APR-76
BUIL51.SV	2457	34	9-JUL-72
SISY51.SY	2521	50	11-JUL-72
TD8E51.SY	2603	50	12-JUL-72
RALF.SV  	2665	19	19-JUL-72
PAL8.SV  	2710	19	15-JUL-72
<empty>  	2733	327	
HELP.HL  	3442	68	16-JUL-72
USR.RA   	3546	46	21-JUL-72
FORTRN.LD	3624	8	31-JUL-72
FORTRN.RL	3634	52	24-JUL-72
<empty>  	3720	28	
USR.RL   	3754	4	28-JUL-72
<empty>  	3760	131	
USRTST.LS	4163	10	30-JUL-72
TEST.    	4175	1	31-JUL-72
<empty>  	4176	409	
FUTIL.SV 	5027	27	22-JUL-72
<empty>  	5062	7	
TTEST.LD 	5071	3	25-JUL-72
<empty>  	5074	2	
TTEST.RL 	5076	2	25-JUL-72
<empty>  	5100	4	
TEST.LD  	5104	4	25-JUL-72
TEST.RL  	5110	3	25-JUL-72
<empty>  	5113	58	
USR.LS   	5205	94	28-JUL-72
<empty>  	5343	21	
USRTST.FT	5370	7	30-JUL-72
<empty>  	5377	19	
USRTST.RL	5422	5	30-JUL-72
<empty>  	5427	409	

Unit 1:

 30-AUG-2

DIRECT.SV	0007	7	1-JUL-72
FOTP.SV  	0016	8	2-JUN-71
ABSLDR.SV	0026	6	1-JUN-71
<empty>  	0034	48	
SET.SV   	0114	17	5-JUN-71
BATCH.SV 	0135	17	6-JUN-71
BOOT.SV  	0156	5	15-JUN-71
PAL8.SV  	0163	19	15-JUL-72
DECODE.SV	0206	5	13-JUL-71
BITMAP.SV	0213	5	17-JUN-71
TMP.SV   	0220	5	17-JUN-71
EDIT.SV  	0225	10	18-JUN-71
PIP.SV   	0237	11	16-JUL-72
<empty>  	0252	23	
MACREL.SV	0301	83	19-JAN-71
LINK.SV  	0424	55	19-JAN-71
KREF.SV  	0513	12	19-JAN-71
SISY50.SY	0527	50	16-OCT-74
<empty>  	0611	37	
DM8E50.SV	0656	8	12-JUL-71
RESORC.SV	0666	16	10-JUN-71
MACR.SV  	0706	83	13-JUL-71
OCOMP.SV 	1031	8	13-JUL-71
TD8E50.SY	1041	50	16-OCT-74
<empty>  	1123	2653	

