Unit 0:

 25-FEB-76

ABSLDR.SV	0070	6	9-JUL-71
BUIL5D.SV	0076	37	16-OCT-74
PAL8.SV  	0143	19	30-MAY-71
BUIL50.SV	0166	34	11-OCT-74
BUIL5X.SV	0230	34	11-OCT-74
FOTP.SV  	0272	8	2-JUN-71
BOOT.SV  	0302	5	15-JUN-71
DIRECT.SV	0307	7	2-JUN-71
BITMAP.SV	0316	5	17-JUN-71
PIP.SV   	0323	11	2-JUN-71
SET.SV   	0336	17	10-JUN-71
BATCH.SV 	0357	17	6-JUN-71
RESORC.SV	0400	16	10-JUN-71
EDIT.SV  	0420	10	18-JUN-71
SISY50.SY	0432	50	16-OCT-74
BUIL5T.SV	0514	37	16-OCT-74
DM8E50.PA	0561	55	21-SEP-76
DM8E50.BN	0650	7	10-JUL-71
DM8E40.LS	0657	111	10-JUL-71
TD8E50.SY	1036	50	16-OCT-74
<empty>  	1120	2656	

Unit 1:

 16-NOV-2

<empty>  	0007	3241	

