~/Verilog/bin/topld.pl M515X
info: cpol_use ne cpol_use20_8axial
info: 1n4154 ne diode_do35_10
warning: making d1/1n4154/ a connector
info: 1n748a ne zener_diodedo35z10
warning: making d2/1n748a/ a connector
info: 1n748a ne zener_diodedo35z10
warning: making d3/1n748a/ a connector
info: 1n4154 ne diode_do35_10
warning: making d4/1n4154/ a connector
info: 1n750a ne zener_diodedo35z10
warning: making d5/1n750a/ a connector
info: 74h40n ne 7440n
info: mc1709 ne e12_8
warning: making e2/mc1709/ a connector
info: 1_480459_0 ne e12_8
warning: making j1/1_480459_0/ a connector
info: mps6534 ne _pnp_to5
warning: making q1/mps6534/ a connector
info: edge_1 ne e12_8
warning: making u$3/edge_1/ a connector
warning: non-bypass capacitor deleted: c1
warning: non-bypass capacitor deleted: c2
warning: non-pullup resistor deleted: r1
warning: non-pullup resistor deleted: r5
warning: non-pullup resistor deleted: r6
warning: non-pullup resistor deleted: r7
~/Verilog/bin/smaller.pl M515X.PLD >vv || (rm vv; exit 1)
0 signals were removed:
~/Verilog/bin/smaller.pl vv >M515XX.PLD || (rm M515XX.PLD; exit 1)
0 signals were removed:
~/Verilog/bin/cupl2v.pl M515XX.PLD >vv || (rm vv; exit 1)
mv vv M515X.v
rm M515XX.PLD
