~/Verilog/bin/topld.pl M621A
info: cpol_use ne cpol_use15_5axial
info: 7450n ne dil14
info: 74h00n ne 7400n
info: 7450n ne dil14
info: 74h00n ne 7400n
info: 7450n ne dil14
info: dec3009b ne _npn_to5
warning: making q1/dec3009b/ a connector
info: dec3009b ne _npn_to5
warning: making q2/dec3009b/ a connector
info: dec3009b ne _npn_to5
warning: making q3/dec3009b/ a connector
info: dec3009b ne _npn_to5
warning: making q4/dec3009b/ a connector
info: dec3009b ne _npn_to5
warning: making q5/dec3009b/ a connector
info: dec3009b ne _npn_to5
warning: making q6/dec3009b/ a connector
info: edge ne single
warning: making u$2/edge/ a connector
warning: non-pullup resistor deleted: r7
warning: non-pullup resistor deleted: r8
warning: non-pullup resistor deleted: r9
warning: non-pullup resistor deleted: r10
warning: non-pullup resistor deleted: r11
warning: non-pullup resistor deleted: r12
~/Verilog/bin/smaller.pl M621A.PLD >vv || (rm vv; exit 1)
6 signals were removed:
  n_t_1x: !n_t_14x
  n_t_2x: !n_t_13x
  n_t_3x: !n_t_18x
  n_t_4x: !n_t_20x
  n_t_5x: !n_t_25x
  n_t_6x: !n_t_27x
~/Verilog/bin/smaller.pl vv >M621AX.PLD || (rm M621AX.PLD; exit 1)
0 signals were removed:
~/Verilog/bin/cupl2v.pl M621AX.PLD >vv || (rm vv; exit 1)
mv vv M621A.v
rm M621AX.PLD
