BBGGGFFF
MORE DIFFERENT
REMOVE THIS!/     INITIAL DIALOGUE FOR FOCAL, 1969        P?S PAL V08S    TUE  03-JUN-15  PAGE 1

    1                 /       INITIAL DIALOGUE FOR FOCAL, 1969
    2   
    3                 /       OPTIONAL INITIAL DIALOGUE TO BE LOADED OVER FOCAL, 1969 BEFORE STARTUP.
    4   
    5                 /       USED TO CUSTOMIZE TRIGONOMETRIC FUNCTIONS RETAINED IN MEMORY.
    6   
    7                 /       DISASSEMBLED FROM THE FOCAL, 1969 SECOND BINARY SECTION (INIT) IN THE STANDARD
    8                 /       BINARY PAPER-TAPE RELEASE: DEC-08-AJAE-PB FOCAL, 1969 + INIT 09-JUL-1969 BY
    9                 /       CHARLES LASNER P?S NY.
   10   
   11                 /       LAST EDIT:      03-JUN-2015     CJL.
   12   
   13                 /       EQUATED SYMBOLS FROM FOCAL, 1969.
   14   
   15           3217          BUFBEG= 3217                    /START OF AVAILABLE TEXT BUFFER
   16           0060          BUFR=   0060                    /BUFFER POINTER [LAST LOCATION OF TEXT]
   17           3206          FRST=   3206                    /FIRST [PERMANENT] TEXT LINE HERE
   18           0031          LASTV=  0031                    /TOP OF VARIABLES POINTER [FOR TEXT]
   19           4037          SPARROW=" -200^100+37           /<SP><LEFT-ARROW> OUTPUT FOR CERTAIN TERMINALS
   20   
   21                 /       ASSEMBLY INSTRUCTIONS.
   22   
   23                 /       MUST BE ASSEMBLED WITHOUT /J (PAL8 /F) SET (TEXT CAN GENERATE 0000 FILL WORD).
   24   
   25                 /       TOPS-10 PAL10 (THE ORIGINAL FOCAL DEVELOPMENT UTILITY) CAN ASSEMBLE THIS
   26                 /       FILE; PAL10 DOES NOT SUPPORT THE FEATURE OF DISABLING THE TEXT 0000 FILL.
   27   
   28           0000          FIELD   0                       /ENSURE FIELD 0 LOADING
   29   
   30          *0031          *LASTV                          /OVER TEXT POINTER
   31   
   32   000031  3760          ENDTXT                          /FIRST FREE LOCATION
   33   
   34          *0060          *BUFR                           /OVER BUFFER POINTER
   35   
   36   000060  3760          ENDTXT                          /FIRST FREE LOCATION
   37   
   38          *3206          *FRST                           /OVER FIRST TEXT LINE'S TEXT POINTER
   39   
   40   003206  3217          BUFBEG                          /POINT TO ADDED INITIAL DIALOGUE TEXT
   41   
   42          *3217          *BUFBEG                         /INITIAL DIALOGUE STATEMENTS LOAD HERE
   43   
   44                 /       INTERNAL FORMAT OF FOCAL STATEMENTS.
   45   
   46                 /       WORD [0]        POINTER TO NEXT LINE (0000 IF LAST LINE).
   47   
   48                 /       WORD [1]        BITS[0-4] GROUP NUMBER, BITS[5-11] RELATIVE LINE NUMBER.
   49   
   50                 /       WORD [2-LAST]   STATEMENT TEXT.  CHARACTERS ARE STORED IN SIXBIT BYTE FORMAT
   51                 /                       PACKED TWO PER 12-BIT WORD; LINE IS TERMINATED BY <CR> STORED
   52                 /                       AS 7715.  NOTE: CONTROL CHARACTERS ARE STORED AS 77XX WHERE XX
   53                 /                       IS THE CONTROL CHARACTER CODE; ? (CODE 77) IS NOT ALLOWED.


/     INITIAL DIALOGUE FOR FOCAL, 1969        P?S PAL V08S    TUE  03-JUN-15  PAGE 2

   55                 /       INITIAL DIALOGUE FOCAL STATEMENTS.
   56   
   57           3217          LN0110= .                       /BEGINNING OF LINE 01.10
   58   
   59   003217  3235          LN0120                          /POINTER TO NEXT LINE
   60   
   61                         DECIMAL                         /MAKE IT EASIER
   62   
   63   003220  0212          01^128+10                       /LINE 01.10
   64   
   65                         OCTAL                           /BACK TO NORMAL
   66   
   67   003221  2440          TEXT    \T !"CONGRATULATIONS!!"\
        003222  4142 
        003223  0317 
        003224  1607 
        003225  2201 
        003226  2425 
        003227  1401 
        003230  2411 
        003231  1716 
        003232  2341 
        003233  4142 
        003234  0000 
   68   
   69          *3234          *.-1                            /OVER AUTOMATICALLY GENERATED TEXT TERMINATOR
   70   
   71   003234  7715          "?^100+"M-300                   /<CR>
   72   
   73           3235          LN0120= .                       /BEGINNING OF LINE 01.20
   74   
   75   003235  3272          LN0125                          /POINTER TO NEXT LINE
   76   
   77                         DECIMAL                         /MAKE IT EASIER
   78   
   79   003236  0224          01^128+20                       /LINE 01.20
   80   
   81                         OCTAL                           /BACK TO NORMAL


/     INITIAL DIALOGUE FOR FOCAL, 1969        P?S PAL V08S    TUE  03-JUN-15  PAGE 3

   83   003237  2440          TEXT    \T  !"YOU HAVE SUCCESSFULLY LOADED 'FOCAL,1969' ON A \
        003240  4041 
        003241  4231 
        003242  1725 
        003243  4010 
        003244  0126 
        003245  0540 
        003246  2325 
        003247  0303 
        003250  0523 
        003251  2306 
        003252  2514 
        003253  1431 
        003254  4014 
        003255  1701 
        003256  0405 
        003257  0440 
        003260  4706 
        003261  1703 
        003262  0114 
        003263  5461 
        003264  7166 
        003265  7147 
        003266  4017 
        003267  1640 
        003270  0140 
        003271  0000 
   84   
   85          *3271          *.-1                            /OVER AUTOMATICALLY GENERATED TEXT TERMINATOR
   86   
   87   003271  7715          "?^100+"M-300                   /<CR>
   88   
   89           3272          LN0125= .                       /BEGINNING OF LINE 01.25
   90   
   91   003272  3330          LN0126                          /POINTER TO NEXT LINE
   92   
   93                         DECIMAL                         /MAKE IT EASIER
   94   
   95   003273  0231          01^128+25                       /LINE 01.25
   96   
   97                         OCTAL                           /BACK TO NORMAL


/     INITIAL DIALOGUE FOR FOCAL, 1969        P?S PAL V08S    TUE  03-JUN-15  PAGE 4

   99                 /       THE CPU ID PASSED BY FOCAL WILL BE CONVERTED TO AN INTEGER BEFORE FURTHER
  100                 /       PROCESSING.  THE CORRESPONDING MODEL WILL BE DISPLAYED.
  101   
  102   003274  2305          TEXT    \SET PDP=PDP*2^11;D 1.26;DO 1.9;DO 2; T !"PROCEED."!!;R\
        003275  2440 
        003276  2004 
        003277  2075 
        003300  2004 
        003301  2052 
        003302  6236 
        003303  6161 
        003304  7304 
        003305  4061 
        003306  5662 
        003307  6673 
        003310  0417 
        003311  4061 
        003312  5671 
        003313  7304 
        003314  1740 
        003315  6273 
        003316  4024 
        003317  4041 
        003320  4220 
        003321  2217 
        003322  0305 
        003323  0504 
        003324  5642 
        003325  4141 
        003326  7322 
        003327  0000 
  103   
  104          *3327          *.-1                            /OVER AUTOMATICALLY GENERATED TEXT TERMINATOR
  105   
  106   003327  7715          "?^100+"M-300                   /<CR>
  107   
  108           3330          LN0126= .                       /BEGINNING OF LINE 01.26
  109   
  110   003330  3354          LN0127                          /POINTER TO NEXT LINE
  111   
  112                         DECIMAL                         /MAKE IT EASIER
  113   
  114   003331  0232          01^128+26                       /LINE 01.26
  115   
  116                         OCTAL                           /BACK TO NORMAL


/     INITIAL DIALOGUE FOR FOCAL, 1969        P?S PAL V08S    TUE  03-JUN-15  PAGE 5

  118   003332  1106          TEXT    \IF (PDP-6) 1.30,1.27;T "PDP-8/L";R\
        003333  4050 
        003334  2004 
        003335  2055 
        003336  6651 
        003337  4061 
        003340  5663 
        003341  6054 
        003342  6156 
        003343  6267 
        003344  7324 
        003345  4042 
        003346  2004 
        003347  2055 
        003350  7057 
        003351  1442 
        003352  7322 
        003353  0000 
  119   
  120          *3353          *.-1                            /OVER AUTOMATICALLY GENERATED TEXT TERMINATOR
  121   
  122   003353  7715          "?^100+"M-300                   /<CR>
  123   
  124           3354          LN0127= .                       /BEGINNING OF LINE 01.27
  125   
  126   003354  3365          LN0130                          /POINTER TO THE NEXT LINE
  127   
  128                         DECIMAL                         /MAKE IT EASIER
  129   
  130   003355  0233          01^128+27                       /LINE 01.27
  131   
  132                         OCTAL                           /BACK TO NORMAL
  133   
  134   003356  2440          TEXT    \T "PDP-12";R\
        003357  4220 
        003360  0420 
        003361  5561 
        003362  6242 
        003363  7322 
        003364  0000 
  135   
  136          *3364          *.-1                            /OVER AUTOMATICALLY GENERATED TEXT TERMINATOR
  137   
  138   003364  7715          "?^100+"M-300                   /<CR>
  139   
  140           3365          LN0130= .                       /BEGINNING OF LINE 01.30
  141   
  142   003365  3403          LN0140                          /POINTER TO THE NEXT LINE
  143   
  144                         DECIMAL                         /MAKE IT EASIER
  145   
  146   003366  0236          01^128+30                       /LINE 01.30
  147   
  148                         OCTAL                           /BACK TO NORMAL


/     INITIAL DIALOGUE FOR FOCAL, 1969        P?S PAL V08S    TUE  03-JUN-15  PAGE 6

  150   003367  1140          TEXT    \I (PDP-5)1.4;T "LAB-8"
        003370  5020 
        003371  0420 
        003372  5565 
        003373  5161 
        003374  5664 
        003375  7324 
        003376  4042 
        003377  1401 
        003400  0255 
        003401  7042 
        003402  0000 
  151   
  152          *3402          *.-1                            /OVER AUTOMATICALLY GENERATED TEXT TERMINATOR
  153   
  154   003402  7715          "?^100+"M-300                   /<CR>
  155   
  156           3403          LN0140= .                       /BEGINNING OF LINE 01.40
  157   
  158   003403  3421          LN0150                          /POINTER TO THE NEXT LINE
  159   
  160                         DECIMAL                         /MAKE IT EASIER
  161   
  162   003404  0250          01^128+40                       /LINE 01.40
  163   
  164                         OCTAL                           /BACK TO NORMAL
  165   
  166   003405  1140          TEXT    \I (PDP-4)1.5;T "LINC-8\
        003406  5020 
        003407  0420 
        003410  5564 
        003411  5161 
        003412  5665 
        003413  7324 
        003414  4042 
        003415  1411 
        003416  1603 
        003417  5570 
        003420  0000 
  167   
  168                 /       NOTE: TRAILING " IS UNNECESSARY SINCE THE STRING IS LAST ON THE LINE.
  169   
  170          *3420          *.-1                            /OVER AUTOMATICALLY GENERATED TEXT TERMINATOR
  171   
  172   003420  7715          "?^100+"M-300                   /<CR>
  173   
  174           3421          LN0150= .                       /BEGINNING OF LINE 01.50
  175   
  176   003421  3443          LN0160                          /POINTER TO THE NEXT LINE
  177   
  178                         DECIMAL                         /MAKE IT EASIER
  179   
  180   003422  0262          01^128+50                       /LINE 01.50
  181   
  182                         OCTAL                           /BACK TO NORMAL


/     INITIAL DIALOGUE FOR FOCAL, 1969        P?S PAL V08S    TUE  03-JUN-15  PAGE 7

  184   003423  2440          TEXT    \T "PDP-";IF (PDP-3)1.6;T "8/I"\
        003424  4220 
        003425  0420 
        003426  5542 
        003427  7311 
        003430  0640 
        003431  5020 
        003432  0420 
        003433  5563 
        003434  5161 
        003435  5666 
        003436  7324 
        003437  4042 
        003440  7057 
        003441  1142 
        003442  0000 
  185   
  186          *3442          *.-1                            /OVER AUTOMATICALLY GENERATED TEXT TERMINATOR
  187   
  188   003442  7715          "?^100+"M-300                   /<CR>
  189   
  190           3443          LN0160= .                       /BEGINNING OF LINE 01.60
  191   
  192   003443  3457          LN0170                          /POINTER TO NEXT LINE
  193   
  194                         DECIMAL                         /MAKE IT EASIER
  195   
  196   003444  0274          01^128+60                       /LINE 01.60
  197   
  198                         OCTAL                           /BACK TO NORMAL
  199   
  200   003445  1106          TEXT    \IF (PDP-2)1.7;T "8\
        003446  4050 
        003447  2004 
        003450  2055 
        003451  6251 
        003452  6156 
        003453  6773 
        003454  2440 
        003455  4270 
        003456  0000 
  201   
  202          *3456          *.-1                            /OVER AUTOMATICALLY GENERATED TEXT TERMINATOR
  203   
  204   003456  7715          "?^100+"M-300                   /<CR>
  205   
  206           3457          LN0170= .                       /BEGINNING OF LINE 1.70
  207   
  208   003457  3474          LN0180                          /POINTER TO NEXT LINE
  209   
  210                         DECIMAL                         /MAKE IT EASIER
  211   
  212   003460  0306          01^128+70                       /LINE 01.70
  213   
  214                         OCTAL                           /BACK TO NORMAL


/     INITIAL DIALOGUE FOR FOCAL, 1969        P?S PAL V08S    TUE  03-JUN-15  PAGE 8

  216   003461  1106          TEXT    \IF (PDP-1)1.8;T "8/S\
        003462  4050 
        003463  2004 
        003464  2055 
        003465  6151 
        003466  6156 
        003467  7073 
        003470  2440 
        003471  4270 
        003472  5723 
        003473  0000 
  217   
  218          *3473          *.-1                            /OVER AUTOMATICALLY GENERATED TEXT TERMINATOR
  219   
  220   003473  7715          "?^100+"M-300                   /<CR>
  221   
  222           3474          LN0180= .                       /BEGINNING OF LINE 01.80
  223   
  224   003474  3507          LN0190                          /POINTER TO NEXT LINE
  225   
  226                         DECIMAL                         /MAKE IT EASIER
  227   
  228   003475  0320          01^128+80                       /LINE 01.80
  229   
  230                         OCTAL                           /BACK TO NORMAL
  231   
  232   003476  1106          TEXT    \IF (PDP)1.9;T "5\
        003477  4050 
        003500  2004 
        003501  2051 
        003502  6156 
        003503  7173 
        003504  2440 
        003505  4265 
        003506  0000 
  233   
  234          *3506          *.-1                            /OVER AUTOMATICALLY GENERATED TEXT TERMINATOR
  235   
  236   003506  7715          "?^100+"M-300                   /<CR>
  237   
  238           3507          LN0190= .                       /BEGINNING OF LINE 1.90
  239   
  240   003507  3522          LN0215                          /POINTER TO NEXT LINE
  241   
  242                         DECIMAL                         /MAKE IT EASIER
  243   
  244   003510  0332          01^128+90                       /LINE 01.90
  245   
  246                         OCTAL                           /BACK TO NORMAL


/     INITIAL DIALOGUE FOR FOCAL, 1969        P?S PAL V08S    TUE  03-JUN-15  PAGE 9

  248   003511  2440          TEXT    \T " COMPUTER."!!\
        003512  4240 
        003513  0317 
        003514  1520 
        003515  2524 
        003516  0522 
        003517  5642 
        003520  4141 
        003521  0000 
  249   
  250          *3521          *.-1                            /OVER AUTOMATICALLY GENERATED TEXT TERMINATOR
  251   
  252   003521  7715          "?^100+"M-300                   /<CR>
  253   
  254           3522          LN0215= .                       /BEGINNING OF LINE 02.15
  255   
  256   003522  3531          LN0220                          /POINTER TO NEXT LINE
  257   
  258                         DECIMAL                         /MAKE IT EASIER
  259   
  260   003523  0417          02^128+15                       /LINE 02.15
  261   
  262                         OCTAL                           /BACK TO NORMAL
  263   
  264   003524  2305          TEXT    \SET XF=1\
        003525  2440 
        003526  3006 
        003527  7561 
        003530  0000 
  265   
  266          *3530          *.-1                            /OVER AUTOMATICALLY GENERATED TEXT TERMINATOR
  267   
  268   003530  7715          "?^100+"M-300                   /<CR>
  269   
  270           3531          LN0220= .                       /BEGINNING OF LINE 02.20
  271   
  272   003531  3546          LN0225                          /POINTER TO NEXT LINE
  273   
  274                         DECIMAL                         /MAKE IT EASIER
  275   
  276   003532  0424          02^128+20                       /LINE 02.20
  277   
  278                         OCTAL                           /BACK TO NORMAL


/     INITIAL DIALOGUE FOR FOCAL, 1969        P?S PAL V08S    TUE  03-JUN-15  PAGE 10

  280   003533  2440          TEXT    \T !"SHALL I RETAIN "\
        003534  4142 
        003535  2310 
        003536  0114 
        003537  1440 
        003540  1140 
        003541  2205 
        003542  2401 
        003543  1116 
        003544  4042 
        003545  0000 
  281   
  282          *3545          *.-1                            /OVER AUTOMATICALLY GENERATED TEXT TERMINATOR
  283   
  284   003545  7715          "?^100+"M-300                   /<CR>
  285   
  286           3546          LN0225= .                       /BEGINNING OF LINE 02.25
  287   
  288   003546  3562          LN0230                          /POINTER TO NEXT LINE
  289   
  290                         DECIMAL                         /MAKE IT EASIER
  291   
  292   003547  0431          02^128+25                       /LINE 02.25
  293   
  294                         OCTAL                           /BACK TO NORMAL
  295   
  296   003550  2440          TEXT    \T "LOG, EXP, ATN\
        003551  4214 
        003552  1707 
        003553  5440 
        003554  0530 
        003555  2054 
        003556  4001 
        003557  2416 
        003560  0000 
  297   
  298          *3560          *.-1                            /OVER AUTOMATICALLY GENERATED TEXT TERMINATOR
  299   
  300                 /       THIS FORMATTING SEQUENCE CANNOT NORMALLY BE ADDED TO FOCAL STATEMENTS!
  301   
  302   003560  4037          SPARROW                         /<SP>, LEFT-ARROW (UNDERSCORE)
  303   
  304   003561  7715          "?^100+"M-300                   /<CR>
  305   
  306           3562          LN0230= .                       /BEGINNING OF LINE 02.30
  307   
  308   003562  3601          LN0240                          /POINTER TO NEXT LINE
  309   
  310                         DECIMAL                         /MAKE IT EASIER
  311   
  312   003563  0436          02^128+30                       /LINE 02.30
  313   
  314                         OCTAL                           /BACK TO NORMAL


/     INITIAL DIALOGUE FOR FOCAL, 1969        P?S PAL V08S    TUE  03-JUN-15  PAGE 11

  316   003564  0417          TEXT    \DO 10;IF (RE)2.9,2.4,2.4\
        003565  4061 
        003566  6073 
        003567  1106 
        003570  4050 
        003571  2205 
        003572  5162 
        003573  5671 
        003574  5462 
        003575  5664 
        003576  5462 
        003577  5664 
        003600  0000 
  317   
  318          *3600          *.-1                            /OVER AUTOMATICALLY GENERATED TEXT TERMINATOR
  319   
  320   003600  7715          "?^100+"M-300                   /<CR>
  321   
  322           3601          LN0240= .                       /BEGINNING OF LINE 02.40
  323   
  324   003601  3632          LN0250                          /POINTER TO NEXT LINE
  325   
  326                         DECIMAL                         /MAKE IT EASIER
  327   
  328   003602  0450          02^128+40                       /LINE 02.40
  329   
  330                         OCTAL                           /BACK TO NORMAL
  331   
  332   003603  0417          TEXT    \DO 2.2;T "SINE, COSINE\
        003604  4062 
        003605  5662 
        003606  7324 
        003607  4042 
        003610  2311 
        003611  1605 
        003612  5440 
        003613  0317 
        003614  2311 
        003615  1605 
        003616  0000 
  333   
  334          *3616          *.-1                            /OVER AUTOMATICALLY GENERATED TEXT TERMINATOR
  335   
  336                 /       THIS FORMATTING SEQUENCE CANNOT NORMALLY BE ADDED TO FOCAL STATEMENTS!
  337   
  338   003616  4037          SPARROW                         /<SP>, LEFT-ARROW (UNDERSCORE)


/     INITIAL DIALOGUE FOR FOCAL, 1969        P?S PAL V08S    TUE  03-JUN-15  PAGE 12

  340   003617  4273          TEXT    \";DO 10;IF (RE)2.5;R\
        003620  0417 
        003621  4061 
        003622  6073 
        003623  1106 
        003624  4050 
        003625  2205 
        003626  5162 
        003627  5665 
        003630  7322 
        003631  0000 
  341   
  342          *3631          *.-1                            /OVER AUTOMATICALLY GENERATED TEXT TERMINATOR
  343   
  344   003631  7715          "?^100+"M-300                   /<CR>
  345   
  346           3632          LN0250= .                       /BEGINNING OF LINE 02.50
  347   
  348   003632  3642          LN0290                          /POINTER TO NEXT LINE
  349   
  350                         DECIMAL                         /MAKE IT EASIER
  351   
  352   003633  0462          02^128+50                       /LINE 02.50
  353   
  354                         OCTAL                           /BACK TO NORMAL
  355   
  356   003634  2340          TEXT    \S XF=-1; R\
        003635  3006 
        003636  7555 
        003637  6173 
        003640  4022 
        003641  0000 
  357   
  358          *3641          *.-1                            /OVER AUTOMATICALLY GENERATED TEXT TERMINATOR
  359   
  360   003641  7715          "?^100+"M-300                   /<CR>
  361   
  362           3642          LN0290= .                       /BEGINNING OF LINE 2.90
  363   
  364   003642  3650          LN1040                          /POINTER TO NEXT LINE
  365   
  366                         DECIMAL                         /MAKE IT EASIER
  367   
  368   003643  0532          02^128+90                       /LINE 02/90
  369   
  370                         OCTAL                           /BACK TO NORMAL
  371   
  372   003644  2340          TEXT    \S XF=0\
        003645  3006 
        003646  7560 
        003647  0000 
  373   
  374          *3647          *.-1                            /OVER AUTOMATICALLY GENERATED TEXT TERMINATOR
  375   
  376   003647  7715          "?^100+"M-300                   /<CR>


/     INITIAL DIALOGUE FOR FOCAL, 1969        P?S PAL V08S    TUE  03-JUN-15  PAGE 13

  378           3650          LN1040= .                       /BEGINNING OF LINE 10.40
  379   
  380   003650  3673          LN1045                          /POINTER TO NEXT LINE
  381   
  382                         DECIMAL                         /MAKE IT EASIER
  383   
  384   003651  2450          10^128+40                       /LINE 10.40
  385   
  386                         OCTAL                           /BACK TO NORMAL
  387   
  388   003652  0140          TEXT    \A RE;I (RE-0YES) 10.5,10.45,10.5\
        003653  2205 
        003654  7311 
        003655  4050 
        003656  2205 
        003657  5560 
        003660  3105 
        003661  2351 
        003662  4061 
        003663  6056 
        003664  6554 
        003665  6160 
        003666  5664 
        003667  6554 
        003670  6160 
        003671  5665 
        003672  0000 
  389   
  390          *3672          *.-1                            /OVER AUTOMATICALLY GENERATED TEXT TERMINATOR
  391   
  392   003672  7715          "?^100+"M-300                   /<CR>
  393   
  394           3673          LN1045= .                       /BEGINNING OF LINE 10.45
  395   
  396   003673  3704          LN1050                          /POINTER TO NEXT LINE
  397   
  398                         DECIMAL                         /MAKE IT EASIER
  399   
  400   003674  2455          10^128+45                       /LINE 10.45
  401   
  402                         OCTAL                           /BACK TO NORMAL
  403   
  404   003675  4023          TEXT    \ SET RE=-1;R\
        003676  0524 
        003677  4022 
        003700  0575 
        003701  5561 
        003702  7322 
        003703  0000 
  405   
  406          *3703          *.-1                            /OVER AUTOMATICALLY GENERATED TEXT TERMINATOR
  407   
  408   003703  7715          "?^100+"M-300                   /<CR>


/     INITIAL DIALOGUE FOR FOCAL, 1969        P?S PAL V08S    TUE  03-JUN-15  PAGE 14

  410           3704          LN1050= .                       /BEGINNING OF LINE 10.50
  411   
  412   003704  3721          LN1060                          /POINTER TO THE NEXT LINE
  413   
  414                         DECIMAL                         /MAKE IT EASIER
  415   
  416   003705  2462          10^128+50                       /LINE 10.50
  417   
  418                         OCTAL                           /BACK TO NORMAL
  419   
  420   003706  1106          TEXT    \IF (RE-0NO)10.6,10.8\
        003707  4050 
        003710  2205 
        003711  5560 
        003712  1617 
        003713  5161 
        003714  6056 
        003715  6654 
        003716  6160 
        003717  5670 
        003720  0000 
  421   
  422          *3720          *.-1                            /OVER AUTOMATICALLY GENERATED TEXT TERMINATOR
  423   
  424   003720  7715          "?^100+"M-300                   /<CR>
  425   
  426           3721          LN1060= .                       /BEGINNING OF LINE 10.60
  427   
  428   003721  3750          LN1080                          /POINTER TO THE NEXT LINE
  429   
  430                         DECIMAL                         /MAKE IT EASIER
  431   
  432   003722  2474          10^128+60                       /LINE 10.60
  433   
  434                         OCTAL                           /BACK TO NORMAL


/     INITIAL DIALOGUE FOR FOCAL, 1969        P?S PAL V08S    TUE  03-JUN-15  PAGE 15

  436   003723  2440          TEXT    \T !"PLEASE ANSWER 'YES' OR 'NO' ";G 10.4\
        003724  4142 
        003725  2014 
        003726  0501 
        003727  2305 
        003730  4001 
        003731  1623 
        003732  2705 
        003733  2240 
        003734  4731 
        003735  0523 
        003736  4740 
        003737  1722 
        003740  4047 
        003741  1617 
        003742  4740 
        003743  4273 
        003744  0740 
        003745  6160 
        003746  5664 
        003747  0000 
  437   
  438          *3747          *.-1                            /OVER AUTOMATICALLY GENERATED TEXT TERMINATOR
  439   
  440   003747  7715          "?^100+"M-300                   /<CR>
  441   
  442           3750          LN1080= .                       /BEGINNING OF LINE 10.80
  443   
  444   003750  0000          0000                            /NO FURTHER FOCAL STATEMENTS
  445   
  446                         DECIMAL                         /MAKE IT EASIER
  447   
  448   003751  2520          10^128+80                       /LINE 10.80
  449   
  450                         OCTAL                           /BACK TO NORMAL
  451   
  452   003752  2305          TEXT    \SET RE=1;R\
        003753  2440 
        003754  2205 
        003755  7561 
        003756  7322 
        003757  0000 
  453   
  454          *3757          *.-1                            /OVER AUTOMATICALLY GENERATED TEXT TERMINATOR
  455   
  456   003757  7715          "?^100+"M-300                   /<CR>
  457   
  458           3760          ENDTXT= .                       /END OF DIALOGUE TEXT
  459   
  460                         $                               /THAT'S ALL FOLK!


/     INITIAL DIALOGUE FOR FOCAL, 1969        P?S PAL V08S    TUE  03-JUN-15  PAGE S-1
USER SYMBOL TABLE LISTING


BUFBEG=3217 
BUFR  =0060 
ENDTXT=3760 
FRST  =3206 
LASTV =0031 
LN0110=3217 
LN0120=3235 
LN0125=3272 
LN0126=3330 
LN0127=3354 
LN0130=3365 
LN0140=3403 
LN0150=3421 
LN0160=3443 
LN0170=3457 
LN0180=3474 
LN0190=3507 
LN0215=3522 
LN0220=3531 
LN0225=3546 
LN0230=3562 
LN0240=3601 
LN0250=3632 
LN0290=3642 
LN1040=3650 
LN1045=3673 
LN1050=3704 
LN1060=3721 
LN1080=3750 
SPARRO=4037 


/     INITIAL DIALOGUE FOR FOCAL, 1969        P?S PAL V08S    TUE  03-JUN-15  PAGE S-2
ASSEMBLY STATISTICS


NO ERRORS DETECTED 

NO LINKS GENERATED

5K MEMORY UTILIZED 

1 FILE  CREATED

30 SYMBOLS




MAP OF FIELD 0          P?S BITMAP V04E    SUN  03-JUN-15  PAGE M-1
NO MAPPING RESTRICTIONS




00000 00000000 00000000 00000000 01000000 00000000 00000000 10000000 00000000 
00100

00200
00300

00400
00500

00600
00700

01000
01100

01200
01300

01400
01500

01600
01700

02000
02100

02200
02300

02400
02500

02600
02700

03000
03100

03200 00000010 00000001 11111111 11112111 11111111 11111111 11111111 12111111 
03300 11111111 11111111 11111112 11111111 11111111 11121111 11112111 11111111 

03400 11211111 11111111 21111111 11111111 11211111 11111121 11111111 11121111 
03500 11111121 11111111 12111111 21111111 11111211 11111111 21111111 11111111 

03600 21111111 11111121 11111111 12111111 12111112 11111111 11111111 11211111 
03700 11121111 11111111 21111111 11111111 11111112 11111112 00000000 00000000 

MAP OF FIELD 0          P?S BITMAP V04E    SUN  03-JUN-15  PAGE M-2





04000
04100

04200
04300

04400
04500

04600
04700

05000
05100

05200
05300

05400
05500

05600
05700

06000
06100

06200
06300

06400
06500

06600
06700

07000
07100

07200
07300

07400
07500

07600
07700
