~/Verilog/bin/topld.pl M688X
info: cpol_use ne cpol_use20_8axial
info: cpol_use ne cpol_use20_8axial
info: cpol_use ne cpol_use20_8axial
info: 1n750a ne zener_diodedo35z10
warning: making d1/1n750a/ a connector
info: 1n750a ne zener_diodedo35z10
warning: making d2/1n750a/ a connector
info: 1n4154 ne diode_do35_10
warning: making d3/1n4154/ a connector
info: 1n4154 ne diode_do35_10
warning: making d4/1n4154/ a connector
info: 1n4154 ne diode_do35_10
warning: making d5/1n4154/ a connector
info: 7452 ne dil14
info: 7404n ne dil14
info: 7405n ne dil14
info: 7452 ne dil14
info: mps6534 ne _pnp_to5
warning: making q1/mps6534/ a connector
info: mps6534 ne _pnp_to5
warning: making q2/mps6534/ a connector
info: 2n1309 ne _pnp_to5
warning: making q3/2n1309/ a connector
info: 2n1308 ne _npn_to5
warning: making q4/2n1308/ a connector
info: mps6534 ne _pnp_to5
warning: making q5/mps6534/ a connector
info: mps6534 ne _pnp_to5
warning: making q6/mps6534/ a connector
info: 2n1309 ne _pnp_to5
warning: making q7/2n1309/ a connector
info: 2n1308 ne _npn_to5
warning: making q8/2n1308/ a connector
info: 2n3009b ne _npn_to5
warning: making q9/2n3009b/ a connector
info: single ne edge_con2
warning: making u$2/single/ a connector
warning: non-bypass capacitor deleted: c4
warning: non-bypass capacitor deleted: c5
warning: non-bypass capacitor deleted: c6
warning: non-bypass capacitor deleted: c10
warning: non-bypass capacitor deleted: c11
~/Verilog/bin/smaller.pl M688X.PLD >vv || (rm vv; exit 1)
1 signals were removed:
  n_t_21x: !n_t_20x
~/Verilog/bin/smaller.pl vv >M688XX.PLD || (rm M688XX.PLD; exit 1)
0 signals were removed:
~/Verilog/bin/cupl2v.pl M688XX.PLD >vv || (rm vv; exit 1)
mv vv M688X.v
rm M688XX.PLD
