~/Verilog/bin/topld.pl M402B
info: .01uf ne mylar
warning: making c1/.01uf/ a connector
info: cpol_use ne cpol_use15_5axial
info: cpol_use ne cpol_use15_5axial
warning: making clm1/clm4006/ a connector
info: d664 ne diode_do35_10
warning: making d1/d664/ a connector
info: d662 ne diode_do35_10
warning: making d10/d662/ a connector
info: d662 ne diode_do35_10
warning: making d11/d662/ a connector
info: d662 ne diode_do35_10
warning: making d12/d662/ a connector
info: d662 ne diode_do35_10
warning: making d13/d662/ a connector
info: d664 ne diode_do35_10
warning: making d2/d664/ a connector
info: d664 ne diode_do35_10
warning: making d3/d664/ a connector
info: d662 ne diode_do35_10
warning: making d4/d662/ a connector
info: d662 ne diode_do35_10
warning: making d5/d662/ a connector
info: d662 ne diode_do35_10
warning: making d6/d662/ a connector
info: d664 ne diode_do35_10
warning: making d7/d664/ a connector
info: d664 ne diode_do35_10
warning: making d8/d664/ a connector
info: d662 ne diode_do35_10
warning: making d9/d662/ a connector
info: 7400n ne dil14
info: 2n4250 ne _pnp_to5
warning: making q1/2n4250/ a connector
info: 2n3639 ne _pnp_to5
warning: making q10/2n3639/ a connector
info: 2n3009 ne _npn_to5
warning: making q11/2n3009/ a connector
info: mps6534 ne _pnp_to5
warning: making q12/mps6534/ a connector
info: 2n3009 ne _npn_to5
warning: making q13/2n3009/ a connector
info: 2n3009 ne _npn_to5
warning: making q14/2n3009/ a connector
info: 2n5088 ne _npn_to5
warning: making q2/2n5088/ a connector
info: 2n4250 ne _pnp_to5
warning: making q3/2n4250/ a connector
info: 2n5088 ne _npn_to5
warning: making q4/2n5088/ a connector
info: 2n3009 ne _npn_to5
warning: making q5/2n3009/ a connector
info: 2n3009 ne _npn_to5
warning: making q6/2n3009/ a connector
info: 2n3639 ne _pnp_to5
warning: making q7/2n3639/ a connector
info: 2n5088 ne _npn_to5
warning: making q8/2n5088/ a connector
info: 2n4250 ne _pnp_to5
warning: making q9/2n4250/ a connector
info: edge_1 ne clm4006
warning: making u$3/edge_1/ a connector
warning: non-bypass capacitor deleted: c2
warning: non-bypass capacitor deleted: c3
warning: non-bypass capacitor deleted: c4
warning: non-bypass capacitor deleted: c5
warning: non-bypass capacitor deleted: c6
warning: non-bypass capacitor deleted: c10
warning: non-bypass capacitor deleted: c11
warning: non-bypass capacitor deleted: c12
warning: non-pullup resistor deleted: r2
warning: non-pullup resistor deleted: r3
warning: non-pullup resistor deleted: r4
warning: non-pullup resistor deleted: r7
warning: non-pullup resistor deleted: r8
warning: non-pullup resistor deleted: r11
warning: non-pullup resistor deleted: r13
warning: non-pullup resistor deleted: r15
warning: non-pullup resistor deleted: r16
warning: non-pullup resistor deleted: r17
warning: non-pullup resistor deleted: r18
warning: non-pullup resistor deleted: r19
warning: non-pullup resistor deleted: r23
~/Verilog/bin/smaller.pl M402B.PLD >vv || (rm vv; exit 1)
0 signals were removed:
~/Verilog/bin/smaller.pl vv >M402BX.PLD || (rm M402BX.PLD; exit 1)
0 signals were removed:
~/Verilog/bin/cupl2v.pl M402BX.PLD >vv || (rm vv; exit 1)
mv vv M402B.v
rm M402BX.PLD
