Unit 0:

 18-AUG-76

<empty>  	0070	3192	

Unit 1:

 18-AUG-76

BATCH.SV 	0070	17	3-FEB-72
TORQ1.BI 	0111	1	13-FEB-73
OUTA1.BI 	0112	1	16-FEB-73
TEMPA1.BI	0113	1	18-FEB-73
MEAS1.BI 	0114	1	18-FEB-73
TEMPB1.BI	0115	1	18-FEB-73
OUTB1.BI 	0116	1	16-FEB-73
TPERR1.BI	0117	1	18-FEB-73
MSERR1.BI	0120	1	18-FEB-73
TORQT.BI 	0121	1	14-APR-73
MEAST.BI 	0122	1	14-APR-73
MS1.BI   	0123	1	19-FEB-73
MSLOAD.BI	0124	1	3-MAR-73
MS1T.BI  	0125	1	19-MAY-73
MS2T.BI  	0126	1	14-APR-73
DINODA.RA	0127	14	3-OCT-72
SCINP.RA 	0145	11	30-SEP-72
MULTI8.RA	0160	8	29-MAY-72
IANDOR.RA	0170	5	22-SEP-72
BCDBIN.RA	0175	7	11-SEP-72
USR8.RA  	0204	36	29-JUN-72
USRS.RA  	0250	29	5-SEP-72
DVINP.RA 	0305	11	4-FEB-73
USR.BI   	0320	1	3-OCT-72
SCTEST.BI	0321	1	27-JAN-73
DATEST.BI	0322	1	27-JAN-73
DVTEST.BI	0323	1	4-FEB-73
DOTEST.BI	0324	1	11-FEB-73
F2TEST.LD	0325	10	5-MAR-74
TORQ1.FT 	0337	1	16-JUN-73
TORQ1.RL 	0340	2	16-JUN-73
TEMPB1.FT	0342	4	16-JUN-73
TEMPB1.RL	0346	7	16-JUN-73
TPERR1.FT	0355	4	16-JUN-73
TPERR1.RL	0361	5	16-JUN-73
DINODA.RL	0366	2	16-JUN-73
SCINP.RL 	0370	2	16-JUN-73
BCDBIN.RL	0372	2	16-JUN-73
DVINP.RL 	0374	2	16-JUN-73
MSERR1.FT	0376	4	22-JUL-73
MSERR1.RL	0402	6	22-JUL-73
OUTB1.FT 	0410	3	30-JUL-73
OUTB1.RL 	0413	5	30-JUL-73
DATEST.FT	0420	1	20-AUG-73
MS2.BI   	0421	1	20-AUG-73
INIT1.BI 	0422	1	8-SEP-73
OUTA1.FT 	0423	4	9-SEP-73
INIT1.LD 	0427	34	5-NOV-73
CONSI.AL 	0471	6	12-OCT-73
CONSI.PA 	0477	6	12-OCT-73
TIMAFI.BI	0505	1	19-OCT-73
TMF.FT   	0506	5	14-OCT-73
MRES.BI  	0513	1	16-OCT-73
PDRM01.FD	0514	4	16-OCT-73
PDRM03.FD	0520	4	16-OCT-73
MRESL.BI 	0524	1	16-OCT-73
INRES.BI 	0525	1	16-OCT-73
MRES.FT  	0526	11	16-OCT-73
PDRM02.FD	0541	4	16-OCT-73
TEMPA1.FT	0545	9	16-OCT-73
TEMPA1.RL	0556	9	16-OCT-73
TEMPAR.FD	0567	1	20-OCT-73
FIEX.BI  	0570	1	20-OCT-73
FILOAD.BI	0571	1	20-OCT-73
INRES.FT 	0572	29	5-NOV-73
INRES.RL 	0627	35	5-NOV-73
INIT1.FT 	0672	29	5-NOV-73
INIT1.RL 	0727	35	5-NOV-73
MTRE.FO  	0772	15	23-OCT-70
MESS.FO  	1011	14	23-OCT-70
TORQT.FT 	1027	1	14-NOV-73
TORQT.RL 	1030	2	14-NOV-73
SCTEST.FT	1032	1	23-NOV-73
DVTEST.FT	1033	1	27-NOV-73
MEASTT.FT	1034	5	31-NOV-73
MST.LD   	1041	26	23-DEC-73
MS3T.BI  	1073	1	8-DEC-73
IN.FD    	1074	8	8-DEC-73
CC1T02.FD	1104	8	8-DEC-73
DOTEST.FT	1114	1	16-DEC-73
DITEST.BI	1115	1	16-DEC-73
DITEST.LD	1116	3	16-DEC-73
DITEST.RL	1121	2	16-DEC-73
DITEST.FT	1123	1	16-DEC-73
MEAS1.FT 	1124	11	17-DEC-73
MEAS1.RL 	1137	11	17-DEC-73
MS1.LD   	1152	67	18-DEC-73
BESETZ.TE	1255	8	21-DEC-73
CC1T01.FD	1265	8	22-DEC-73
CC1T03.FD	1275	8	23-DEC-73
CC1T04.FD	1305	8	23-DEC-73
CC1T06.FD	1315	8	23-DEC-73
MEAST.FT 	1325	5	23-DEC-73
MEAST.RL 	1332	6	23-DEC-73
PARAM.FD 	1340	1	23-DEC-73
CC1T05.FD	1341	8	23-DEC-73
AUDIT.CD 	1351	7	7-JAN-74
USRTES.FT	1360	14	30-JAN-74
USRTES.BI	1376	1	30-JAN-74
FTESTM.FT	1377	4	5-MAR-74
USRTES.LD	1403	13	6-MAR-74
ABFALL.FT	1420	9	1-MAR-74
ABFALL.BI	1431	1	0-MAR-74
BASETE.FT	1432	1	31-FEB-74
WERTE.FT 	1433	2	26-JAN-74
WERTE.BI 	1435	1	26-JAN-74
INTERP.FT	1436	2	8-MAR-74
THFIT.BI 	1440	1	25-JUN-74
RFIT.FT  	1441	4	26-JUN-74
KELVIN.FT	1445	1	7-DEC-73
POWER.FT 	1446	1	6-MAR-74
AV.FT    	1447	1	8-MAR-74
AB1.BI   	1450	1	8-MAR-74
CONT.FT  	1451	4	8-MAR-74
LIN.FT   	1455	1	11-MAR-74
LIN.BI   	1456	1	11-MAR-74
LINREG.FT	1457	3	11-MAR-74
SUB.FT   	1462	1	19-MAR-74
SUB.RL   	1463	2	19-MAR-74
SUB.LD   	1465	2	19-MAR-74
KAMA.FT  	1467	8	24-MAR-74
TOTAL.LD 	1477	8	15-JUN-74
PHONON.LD	1507	2	22-APR-74
KAMA.RL  	1511	11	24-MAR-74
PHONON.FT	1524	10	19-APR-74
PHONON.RL	1536	2	19-APR-74
MAKA.LD  	1540	15	28-JUN-74
AB1.FT   	1557	12	27-APR-74
MAKA.FT  	1573	10	28-APR-74
MAKA.RL  	1605	12	28-APR-74
WAERP.LD 	1621	14	26-JUN-74
AB1.LD   	1637	40	21-JUN-74
TOTAL.FT 	1707	5	26-MAY-74
TOTAL.RL 	1714	7	26-MAY-74
GEZAHL.FT	1723	8	21-JUN-74
ABC.FT   	1733	13	21-JUN-74
AB1.RL   	1750	15	21-JUN-74
CONT.RL  	1767	6	21-JUN-74
POWER.RL 	1775	2	21-JUN-74
AV.RL    	1777	3	21-JUN-74
BASETE.RL	2002	3	21-JUN-74
ABC1.FT  	2005	14	26-JUN-74
ABC1.RL  	2023	17	23-JUN-74
THFIT.LD 	2044	16	26-JUN-74
WERTE.LD 	2064	3	26-JUN-74
WAERP.FT 	2067	10	26-JUN-74
WAERP.RL 	2101	13	26-JUN-74
THFIT.FT 	2116	6	26-JUN-74
WERTE.RL 	2124	3	26-JUN-74
ZAHL.FT  	2127	2	26-JUN-74
THFIT.RL 	2131	8	26-JUN-74
RFIT.RL  	2141	6	26-JUN-74
KELVIN.RL	2147	2	26-JUN-74
<empty>  	2151	2119	

