Unit 0:

 25-FEB-76

PD3M01.FD	0007	15	25-NOV-73
PD3M02.FD	0026	28	26-NOV-73
PD3M03.FD	0062	8	26-NOV-73
PD3M04.FD	0072	8	26-NOV-73
PD3M05.FD	0102	8	27-NOV-73
PD3M06.FD	0112	8	27-NOV-73
PD3M07.FD	0122	8	27-NOV-73
PD3M08.FD	0132	8	27-NOV-73
PD3M09.FD	0142	8	27-NOV-73
PD3M10.FD	0152	8	27-NOV-73
PD3M11.FD	0162	8	27-NOV-73
TG0M01.FD	0172	8	31-NOV-73
TG0M02.FD	0202	28	31-NOV-73
TG0M03.FD	0236	28	31-NOV-73
PD3M12.FD	0272	8	31-NOV-73
PD3M13.FD	0302	8	31-NOV-73
PD3M14.FD	0312	15	31-NOV-73
PD3M15.FD	0331	15	31-NOV-73
PD3M16.FD	0350	15	3-DEC-73
TX0M01.FD	0367	15	3-DEC-73
PD3M17.FD	0406	15	3-DEC-73
PD3M18.FD	0425	15	3-DEC-73
PD3M19.FD	0444	15	3-DEC-73
PD3M20.FD	0463	15	3-DEC-73
PD3M21.FD	0502	15	3-DEC-73
PD4M01.FD	0521	2	16-DEC-73
PD0M37.FD	0523	8	18-DEC-73
PD0M38.FD	0533	28	18-DEC-73
PD1M09.FD	0567	8	23-DEC-73
PD1M10.FD	0577	8	23-DEC-73
YBPP13.FD	0607	1	30-JAN-74
<empty>  	0610	2856	

Unit 1:

 30-FEB-2

BATCH.SV 	0070	17	3-FEB-72
FIT1.BI  	0111	1	9-OCT-73
FITSP.BI 	0112	1	9-OCT-73
FI.BI    	0113	1	12-OCT-73
HLS.FT   	0114	19	19-OCT-73
HLSE.FT  	0137	7	19-OCT-73
HLSR.FT  	0146	4	19-OCT-73
HHPIV.FT 	0152	1	19-OCT-73
HHSMSQ.FT	0153	1	19-OCT-73
HHSTEP.FT	0154	2	19-OCT-73
HHSWOP.FT	0156	1	19-OCT-73
HHUK.FT  	0157	2	19-OCT-73
FIBENN.FT	0161	6	19-OCT-73
TIMAFI.BI	0167	1	19-OCT-73
TIMA.FT  	0170	7	19-OCT-73
FIT.FT   	0177	5	23-OCT-73
FIT.BI   	0204	1	23-OCT-73
WE.FT    	0205	2	29-OCT-73
DIAMAN.FT	0207	4	15-AUG-69
FIEX.BI  	0213	1	5-NOV-73
IN8.FD   	0214	14	11-NOV-73
IN9.FD   	0232	14	11-NOV-73
DVTEST.BI	0250	1	4-FEB-73
BCDBIN.RL	0251	2	16-JUN-73
DVINP.RL 	0253	2	16-JUN-73
SCINP.RL 	0255	2	16-JUN-73
IN.FD    	0257	8	8-DEC-73
DVTEST.FT	0267	1	23-NOV-73
PT4D20.FD	0270	14	13-NOV-73
PT4D26.FD	0306	14	17-NOV-73
WE.BI    	0324	1	27-NOV-73
TG0M03.FD	0325	28	31-NOV-73
TAU.BI   	0361	1	2-DEC-73
TX0M01.FD	0362	15	3-DEC-73
KELVIN.BI	0401	1	7-DEC-73
KELVIN.FT	0402	1	7-DEC-73
OUTB1.BI 	0403	2	14-DEC-73
DINODA.RL	0405	2	16-JUN-73
TESTEW.FD	0407	2	29-OCT-73
FITEST.BI	0411	1	17-DEC-73
MS1T.BI  	0412	1	19-MAY-73
MS3T.BI  	0413	1	8-DEC-73
CC1T02.FD	0414	8	22-DEC-73
TEMPFI.FT	0424	4	23-DEC-73
QUAT.BI  	0430	1	6-JAN-74
FITR.FT  	0431	4	7-JAN-74
TAU.FT   	0435	7	7-JAN-74
FITRT.BI 	0444	1	7-JAN-74
SPECHE.BI	0445	1	8-JAN-74
SPECHE.FT	0446	13	8-JAN-74
F2TEST.BI	0463	1	21-JAN-74
FTEST.BI 	0464	1	21-JAN-74
CO.BI    	0465	1	27-MAR-73
USRTES.FT	0466	14	3-OCT-72
FITSP.FT 	0504	5	26-JAN-74
FITSP.RL 	0511	7	26-JAN-74
WERTE.BI 	0520	1	26-JAN-74
WERTE.FT 	0521	2	26-JAN-74
RTES.FT  	0523	1	29-JAN-74
RTES.BI  	0524	1	29-JAN-74
RTES.LD  	0525	2	29-JAN-74
USR8.RL  	0527	3	16-JUN-73
USRTES.BI	0532	1	30-JAN-74
WARM.BI  	0533	1	10-FEB-74
WARM.FT  	0534	3	10-FEB-74
BASETE.FT	0537	1	31-FEB-74
ABFALL.BI	0540	1	0-MAR-74
ABFALL.FT	0541	9	1-MAR-74
CONT.BI  	0552	1	5-MAR-74
CONT.LD  	0553	17	5-MAR-74
AB1M.FT  	0574	11	5-MAR-74
FTESTM.FT	0607	4	5-MAR-74
INTERP.BI	0613	1	6-MAR-74
POWER.FT 	0614	1	6-MAR-74
FTEST.FT 	0615	3	6-MAR-74
HH.LD    	0620	4	22-MAR-74
F2TEST.FT	0624	4	6-MAR-74
LIN.FT   	0630	1	11-MAR-74
LIN.BI   	0631	1	11-MAR-74
AV.FT    	0632	1	8-MAR-74
INTERP.FT	0633	2	8-MAR-74
LIN.LD   	0635	7	16-MAR-74
LIN.RL   	0644	2	16-MAR-74
TESTPL.BI	0646	1	16-MAR-74
LINREG.FT	0647	3	16-MAR-74
INTERP.LD	0652	5	23-MAR-74
HH.BI    	0657	1	22-MAR-74
HH.FT    	0660	1	22-MAR-74
INTERP.RL	0661	4	23-MAR-74
AB1.BI   	0665	1	23-MAR-74
TESTPL.LD	0666	9	16-MAY-74
PHONON.LD	0677	9	19-APR-74
PHONON.BI	0710	1	19-APR-74
PHONON.FT	0711	6	19-APR-74
NUC.FT   	0717	5	19-APR-74
NUC.LD   	0724	7	26-APR-74
CO1.BI   	0733	1	21-APR-74
NUC1.LD  	0734	7	21-APR-74
NUC1.RL  	0743	7	21-APR-74
NUC1.FT  	0752	5	21-APR-74
QUAT.FT  	0757	2	21-APR-74
QUAT.LD  	0761	7	21-APR-74
QUAT.RL  	0770	3	21-APR-74
ISUS.FT  	0773	4	21-APR-74
NUC.RL   	0777	7	26-APR-74
AB1.FT   	1006	12	27-APR-74
FILOAD.BI	1022	1	27-APR-74
TEMNEW.FD	1023	1	28-APR-74
ABC.BI   	1024	1	2-MAY-74
MIST5T.FD	1025	2	9-MAY-74
MIST3T.FD	1027	2	9-MAY-74
TESTPL.FT	1031	1	16-MAY-74
TESTPL.RL	1032	2	16-MAY-74
FIT.LD   	1034	10	18-MAY-74
FIT.RL   	1046	7	18-MAY-74
MISTAT.FD	1055	2	23-MAY-74
ABC.FT   	1057	13	21-JUN-74
BENFIT.FT	1074	15	4-JUN-74
TFIT12.FT	1113	15	4-JUN-74
TFIT11.FT	1132	15	4-JUN-74
LAN.BI   	1151	1	11-JUN-74
LAN.LD   	1152	7	12-JUN-74
LAN.FT   	1161	4	12-JUN-74
LAN.RL   	1165	6	12-JUN-74
MIST0T.FD	1173	2	14-JUN-74
MIST7T.FD	1175	2	14-JUN-74
SHODA.BI 	1177	1	18-JUN-74
SHODA.FT 	1200	4	18-JUN-74
SHODA.LD 	1204	7	18-JUN-74
SHODA.RL 	1213	6	18-JUN-74
TFIT02.FT	1221	15	19-JUN-74
WERTE.LD 	1240	3	28-JUN-74
GEFIT.FT 	1243	3	21-JUN-74
GEFIT.BI 	1246	1	21-JUN-74
GEFIT.LD 	1247	13	21-JUN-74
GEFIT.RL 	1264	5	21-JUN-74
AB1.LD   	1271	46	21-JUN-74
AB1.RL   	1347	15	21-JUN-74
ABC.LD   	1366	48	21-JUN-74
ABC1.BI  	1446	1	22-JUN-74
ABC.RL   	1447	16	22-JUN-74
YPLOT.FT 	1467	3	22-JUN-74
YTHFIT.FT	1472	2	25-JUN-74
THFIT.BI 	1474	1	25-JUN-74
RSZAHL.FT	1475	2	26-JUN-74
ZAHL.FT  	1477	2	26-JUN-74
FZAHL.FT 	1501	2	25-JUN-74
RFIT.FT  	1503	4	26-JUN-74
RFIT1.FT 	1507	4	5-MAR-74
CONT2.FT 	1513	5	25-JUN-74
ABC1.FT  	1520	14	26-JUN-74
GEZAHL.FT	1536	8	28-JUN-74
THFIT.LD 	1546	16	28-JUN-74
THFIT.FT 	1566	6	28-JUN-74
CONT.FT  	1574	3	28-JUN-74
YPLOT.RL 	1577	4	28-JUN-74
LINREG.RL	1603	5	28-JUN-74
AV.RL    	1610	3	28-JUN-74
BASETE.RL	1613	3	28-JUN-74
POWER.RL 	1616	2	28-JUN-74
RFIT.RL  	1620	6	28-JUN-74
CONT.RL  	1626	5	28-JUN-74
WERTE.RL 	1633	3	28-JUN-74
KELVIN.RL	1636	2	28-JUN-74
THFIT.RL 	1640	8	28-JUN-74
ABC1.LD  	1650	50	28-JUN-74
ABC1.RL  	1732	17	28-JUN-74
TFIT03.FT	1753	15	29-JUN-74
TFITLF.FT	1772	15	29-JUN-74
INDI3T.FD	2011	1	29-JUL-74
PNOMFT.BI	2012	1	27-JUL-74
PNOMFT.LD	2013	8	27-JUL-74
BUFFER.FT	2023	6	27-JUL-74
PNOMFT.FT	2031	6	27-JUL-74
DATAWE.FD	2037	1	27-JUL-74
PNOMFT.RL	2040	7	27-JUL-74
CPINDM.FD	2047	1	27-JUL-74
INDI0T.FD	2050	1	28-JUL-74
INDI5T.FD	2051	1	29-JUL-74
INDI7T.FD	2052	1	29-JUL-74
FIBENN.LD	2053	21	3-AUG-74
TEMOLD.FD	2100	1	28-JUL-74
TIMAFI.FT	2101	16	3-AUG-74
TIMAFI.RL	2121	19	3-AUG-74
<empty>  	2144	500	

