Unit 0:

 25-FEB-76

ABSLDR.SV	0070	6	9-JUL-71
CCL.SV   	0076	40	18-OCT-72
RESORC.SV	0146	16	15-JAN-72
BOOT.SV  	0166	5	3-MAR-72
DIRECT.SV	0173	7	3-FEB-72
HELP.SV  	0202	8	9-JUL-71
PIP.SV   	0212	11	24-JAN-72
FUTIL.SV 	0225	27	1-JUL-71
FOTP.SV  	0260	8	24-JAN-72
PAL8.SV  	0270	19	1-JUL-71
BATCH.SV 	0313	17	3-FEB-72
VTEDIT.TE	0334	5	2-OCT-72
EDIT.SV  	0341	10	31-AUG-71
TECO.IN  	0353	1	26-NOV-71
TECO.SV  	0354	32	31-OCT-72
SET.SV   	0414	17	4-FEB-72
TECHLP.TX	0435	26	4-DEC-71
TDCOPY.SV	0467	7	5-JUL-69
TDFRMT.SV	0476	9	5-JUL-69
RXCOPY.SV	0507	9	1-JUL-71
OCOMP.SV 	0520	8	13-OCT-72
BLDSI.SV 	0530	37	2-SEP-72
BLMSI.SV 	0575	37	2-SEP-72
DPF.SV   	0642	31	29-FEB-72
SRCCOM.SV	0701	5	9-JUL-71
BITMAP.SV	0706	5	1-JUL-71
CREF.SV  	0713	14	9-JUL-71
KREF.SV  	0731	12	19-JAN-71
FRTS.SV  	0745	25	11-SEP-72
MACREL.SV	0776	83	19-JAN-71
LINK.SV  	1121	55	19-JAN-71
CHECK8.SV	1210	15	25-NOV-71
GLOBL.SV 	1227	4	14-FEB-71
PASS3.SV 	1233	8	10-OCT-72
PASS2.SV 	1243	20	10-OCT-72
RALF.SV  	1267	19	10-OCT-72
SHSAVE.SV	1312	6	16-NOV-71
FRUN.SV  	1320	25	6-OCT-72
F4.SV    	1351	20	10-OCT-72
LIBRA.SV 	1375	11	2-NOV-70
PASS2O.SV	1410	5	10-OCT-72
LOAD.SV  	1415	16	10-OCT-72
FCOMP.SV 	1435	20	10-OCT-72
FCODE.SV 	1461	20	10-OCT-72
FCODEO.SV	1505	5	10-OCT-72
LIBSET.SV	1512	5	13-OCT-72
LOADER.SV	1517	12	13-OCT-72
SABR.SV  	1533	24	13-OCT-72
FORT.SV  	1563	25	13-OCT-72
WI.TE    	1614	2	18-OCT-72
TECO.TE  	1616	1	30-OCT-72
BLDTD.SV 	1617	37	27-FEB-73
LPTSPL.SV	1664	2	15-OCT-72
HELP.HL  	1666	76	30-OCT-72
LOGOUT.BI	2002	1	15-OCT-72
LOGIN.BI 	2003	1	15-OCT-72
QUIT.BI  	2004	1	3-OCT-72
DHKMA8.SV	2005	17	13-NOV-71
DJKKA8.SV	2026	10	13-NOV-71
DHKMC8.SV	2040	14	14-NOV-71
RTES.SV  	2056	30	8-OCT-72
FORLIB.RL	2114	189	29-JUN-72
VISTA.SV 	2411	29	5-JAN-70
DCP.BI   	2446	1	5-JAN-70
ACID.SV  	2447	30	8-OCT-72
M43TST.SV	2505	12	17-NOV-74
VENUS.SV 	2521	2	15-SEP-76
VENUS1.SV	2523	8	28-JUN-76
USERA.SV 	2533	8	2-OCT-72
TECOW.SV 	2543	12	30-OCT-76
TDBLKP.SV	2557	11	23-NOV-69
TODAY.   	2572	1	14-JUN-73
VT100.TX 	2573	5	9-SEP-72
BESETZ.TE	2600	8	29-NOV-71
GENSI.BI 	2610	7	3-OCT-72
M8SI.BI  	2617	1	30-OCT-72
MONDUM.SV	2620	5	14-JUN-73
MULTI8.SV	2625	80	3-OCT-72
OS8V40.SY	2745	50	5-FEB-73
CONSI.PA 	3027	6	14-JUN-73
M.BN     	3035	40	14-JUN-73
MS.PA    	3105	14	14-JUN-73
SPOOL.LP 	3123	64	14-JUN-73
SWPFIL.M8	3223	515	15-JUN-73
TD8ETE.SV	4226	17	28-OCT-69
BUILD.SV 	4247	37	5-JAN-70
DHTDAB.SV	4314	15	5-JAN-70
POLFIT.FC	4333	11	11-JAN-70
FOUPIC.FP	4346	4	20-AUG-75
FOC875.SV	4352	37	11-SEP-75
FOCCOM.ZE	4417	4	23-AUG-76
HANS.FD  	4423	1	29-JUL-74
LPSS.PA  	4424	25	5-JAN-72
DIABLO.PA	4455	17	5-JAN-72
LQP.PA   	4476	13	6-JAN-72
FR.SV    	4513	25	31-DEC-69
TEST.LD  	4544	4	31-DEC-69
BLDLPT.SV	4550	37	28-DEC-69
BLDTD8.SV	4615	37	3-JAN-70
LISP16.SV	4662	16	30-MAR-69
X.SV     	4702	31	27-DEC-69
TDBOOT.SV	4741	3	3-JAN-70
CHARS.FO 	4744	1	31-DEC-69
PAGE8.SV 	4745	49	7-FEB-71
DCP.SV   	5026	21	5-JAN-70
TEST.PA  	5053	2	28-DEC-69
TEST.FT  	5055	1	31-DEC-69
TEST.RL  	5056	2	31-DEC-69
MIDI.PA  	5060	1	1-JAN-72
LIST.DC  	5061	194	5-JAN-70
LPTPAL.BI	5363	1	29-DEC-69
MIDO.SV  	5364	2	1-JAN-72
IBQUA.BI 	5366	1	30-DEC-69
MIDI.DA  	5367	17	1-JAN-72
TEST.FD  	5410	1	31-DEC-69
TDSCAN.SV	5411	2	4-JAN-70
IBMPRO.PA	5413	13	31-DEC-69
MIDI.SV  	5430	2	1-JAN-72
TDBOOT.PA	5432	3	3-JAN-70
MIDO.PA  	5435	2	1-JAN-72
LIST.LX  	5437	3	5-JAN-70
LIST.CF  	5442	25	5-JAN-70
DCP2.BK  	5473	1	5-JAN-70
TEST.SV  	5474	12	5-JAN-70
LISP1.SM 	5510	1	5-JAN-70
LIST1.DC 	5511	17	5-JAN-70
LISP3.SM 	5532	1	5-JAN-70
LISP2.BK 	5533	1	5-JAN-70
LIST2.DC 	5534	16	5-JAN-70
HPSORT.7A	5554	13	23-JUL-76
TEST.    	5571	1	31-DEC-69
IBMPRO.BN	5572	2	31-DEC-69
LIB8.RL  	5574	1	31-DEC-69
TEST.DA  	5575	1	31-DEC-69
TDSCAN.PA	5576	1	4-JAN-70
VCM0.SV  	5577	3	5-JAN-70
IBPAL.BI 	5602	1	5-JAN-70
DCP1.BI  	5603	1	5-JAN-70
DCP2.BI  	5604	1	5-JAN-70
DCP3.BI  	5605	1	5-JAN-70
LISP3.BK 	5606	1	5-JAN-70
LIST3.DC 	5607	14	5-JAN-70
LISP2.SM 	5625	1	5-JAN-70
LPT:.DU  	5626	1	5-JAN-70
LISP.BK  	5627	1	5-JAN-70
LISP.SM  	5630	3	5-JAN-70
<empty>  	5633	277	

Unit 1:

 5-FEB-2

BATCH.SV 	0070	17	3-FEB-72
TORQ1.BI 	0111	1	13-FEB-73
OUTA1.BI 	0112	1	16-FEB-73
TEMPA1.BI	0113	1	18-FEB-73
MEAS1.BI 	0114	1	18-FEB-73
TEMPB1.BI	0115	1	18-FEB-73
OUTB1.BI 	0116	1	16-FEB-73
TPERR1.BI	0117	1	18-FEB-73
MSERR1.BI	0120	1	18-FEB-73
TORQT.BI 	0121	1	14-APR-73
MEAST.BI 	0122	1	14-APR-73
MS1.BI   	0123	1	19-FEB-73
MSLOAD.BI	0124	1	3-MAR-73
MS1T.BI  	0125	1	19-MAY-73
MS2T.BI  	0126	1	14-APR-73
DINODA.RA	0127	14	3-OCT-72
SCINP.RA 	0145	11	30-SEP-72
MULTI8.RA	0160	8	29-MAY-72
IANDOR.RA	0170	5	22-SEP-72
BCDBIN.RA	0175	7	11-SEP-72
USR8.RA  	0204	36	29-JUN-72
USRS.RA  	0250	29	5-SEP-72
DVINP.RA 	0305	11	4-FEB-73
USR.BI   	0320	1	3-OCT-72
SCTEST.BI	0321	1	27-JAN-73
DATEST.BI	0322	1	27-JAN-73
DVTEST.BI	0323	1	4-FEB-73
DOTEST.BI	0324	1	11-FEB-73
F2TEST.LD	0325	10	5-MAR-74
TORQ1.FT 	0337	1	16-JUN-73
TORQ1.RL 	0340	2	16-JUN-73
TEMPB1.FT	0342	4	16-JUN-73
TEMPB1.RL	0346	7	16-JUN-73
TPERR1.FT	0355	4	16-JUN-73
TPERR1.RL	0361	5	16-JUN-73
DINODA.RL	0366	2	16-JUN-73
SCINP.RL 	0370	2	16-JUN-73
BCDBIN.RL	0372	2	16-JUN-73
DVINP.RL 	0374	2	16-JUN-73
MSERR1.FT	0376	4	22-JUL-73
MSERR1.RL	0402	6	22-JUL-73
OUTB1.FT 	0410	3	30-JUL-73
OUTB1.RL 	0413	5	30-JUL-73
DATEST.FT	0420	1	20-AUG-73
MS2.BI   	0421	1	20-AUG-73
INIT1.BI 	0422	1	8-SEP-73
OUTA1.FT 	0423	4	9-SEP-73
INIT1.LD 	0427	34	5-NOV-73
CONSI.AL 	0471	6	12-OCT-73
CONSI.PA 	0477	6	12-OCT-73
TIMAFI.BI	0505	1	19-OCT-73
TMF.FT   	0506	5	14-OCT-73
MRES.BI  	0513	1	16-OCT-73
PDRM01.FD	0514	4	16-OCT-73
PDRM03.FD	0520	4	16-OCT-73
MRESL.BI 	0524	1	16-OCT-73
INRES.BI 	0525	1	16-OCT-73
MRES.FT  	0526	11	16-OCT-73
PDRM02.FD	0541	4	16-OCT-73
TEMPA1.FT	0545	9	16-OCT-73
TEMPA1.RL	0556	9	16-OCT-73
TEMPAR.FD	0567	1	20-OCT-73
FIEX.BI  	0570	1	20-OCT-73
FILOAD.BI	0571	1	20-OCT-73
INRES.FT 	0572	29	5-NOV-73
INRES.RL 	0627	35	5-NOV-73
INIT1.FT 	0672	29	5-NOV-73
INIT1.RL 	0727	35	5-NOV-73
MTRE.FO  	0772	15	23-OCT-70
MESS.FO  	1011	14	23-OCT-70
TORQT.FT 	1027	1	14-NOV-73
TORQT.RL 	1030	2	14-NOV-73
SCTEST.FT	1032	1	23-NOV-73
DVTEST.FT	1033	1	27-NOV-73
MEASTT.FT	1034	5	31-NOV-73
MST.LD   	1041	26	23-DEC-73
MS3T.BI  	1073	1	8-DEC-73
IN.FD    	1074	8	8-DEC-73
CC1T02.FD	1104	8	8-DEC-73
DOTEST.FT	1114	1	16-DEC-73
DITEST.BI	1115	1	16-DEC-73
DITEST.LD	1116	3	16-DEC-73
DITEST.RL	1121	2	16-DEC-73
DITEST.FT	1123	1	16-DEC-73
MEAS1.FT 	1124	11	17-DEC-73
MEAS1.RL 	1137	11	17-DEC-73
MS1.LD   	1152	67	18-DEC-73
BESETZ.TE	1255	8	21-DEC-73
CC1T01.FD	1265	8	22-DEC-73
CC1T03.FD	1275	8	23-DEC-73
CC1T04.FD	1305	8	23-DEC-73
CC1T06.FD	1315	8	23-DEC-73
MEAST.FT 	1325	5	23-DEC-73
MEAST.RL 	1332	6	23-DEC-73
PARAM.FD 	1340	1	23-DEC-73
CC1T05.FD	1341	8	23-DEC-73
AUDIT.CD 	1351	7	7-JAN-74
USRTES.FT	1360	14	30-JAN-74
USRTES.BI	1376	1	30-JAN-74
FTESTM.FT	1377	4	5-MAR-74
USRTES.LD	1403	13	6-MAR-74
ABFALL.FT	1420	9	1-MAR-74
ABFALL.BI	1431	1	0-MAR-74
BASETE.FT	1432	1	31-FEB-74
WERTE.FT 	1433	2	26-JAN-74
WERTE.BI 	1435	1	26-JAN-74
INTERP.FT	1436	2	8-MAR-74
THFIT.BI 	1440	1	25-JUN-74
RFIT.FT  	1441	4	26-JUN-74
KELVIN.FT	1445	1	7-DEC-73
POWER.FT 	1446	1	6-MAR-74
AV.FT    	1447	1	8-MAR-74
AB1.BI   	1450	1	8-MAR-74
CONT.FT  	1451	4	8-MAR-74
LIN.FT   	1455	1	11-MAR-74
LIN.BI   	1456	1	11-MAR-74
LINREG.FT	1457	3	11-MAR-74
SUB.FT   	1462	1	19-MAR-74
SUB.RL   	1463	2	19-MAR-74
SUB.LD   	1465	2	19-MAR-74
KAMA.FT  	1467	8	24-MAR-74
TOTAL.LD 	1477	8	15-JUN-74
PHONON.LD	1507	2	22-APR-74
KAMA.RL  	1511	11	24-MAR-74
PHONON.FT	1524	10	19-APR-74
PHONON.RL	1536	2	19-APR-74
MAKA.LD  	1540	15	28-JUN-74
AB1.FT   	1557	12	27-APR-74
MAKA.FT  	1573	10	28-APR-74
MAKA.RL  	1605	12	28-APR-74
WAERP.LD 	1621	14	26-JUN-74
AB1.LD   	1637	40	21-JUN-74
TOTAL.FT 	1707	5	26-MAY-74
TOTAL.RL 	1714	7	26-MAY-74
GEZAHL.FT	1723	8	21-JUN-74
ABC.FT   	1733	13	21-JUN-74
AB1.RL   	1750	15	21-JUN-74
CONT.RL  	1767	6	21-JUN-74
POWER.RL 	1775	2	21-JUN-74
AV.RL    	1777	3	21-JUN-74
BASETE.RL	2002	3	21-JUN-74
ABC1.FT  	2005	14	26-JUN-74
ABC1.RL  	2023	17	23-JUN-74
THFIT.LD 	2044	16	26-JUN-74
WERTE.LD 	2064	3	26-JUN-74
WAERP.FT 	2067	10	26-JUN-74
WAERP.RL 	2101	13	26-JUN-74
THFIT.FT 	2116	6	26-JUN-74
WERTE.RL 	2124	3	26-JUN-74
ZAHL.FT  	2127	2	26-JUN-74
THFIT.RL 	2131	8	26-JUN-74
RFIT.RL  	2141	6	26-JUN-74
KELVIN.RL	2147	2	26-JUN-74
<empty>  	2151	2119	

