Unit 0:

 25-FEB-76

RX.TK    	0070	19	14-MAR-72
PP.TK    	0113	6	30-MAR-71
CR.TK    	0121	11	8-SEP-71
ME.TK    	0134	22	10-JUN-72
KE.TK    	0162	10	12-JUN-72
FE.TK    	0174	10	12-JUN-72
DS.TK    	0206	10	16-JUN-72
PL.TK    	0220	28	6-DEC-71
KR.TK    	0254	18	23-JUL-71
CD.TK    	0276	9	12-MAY-72
MA.TK    	0307	10	8-JAN-71
OD.TK    	0321	10	14-MAY-72
PR.TK    	0333	7	14-FEB-71
DI.TK    	0342	12	8-JAN-71
PE.TK    	0356	19	10-JUN-72
<empty>  	0401	49	
TE.TK    	0462	10	28-FEB-72
RE.TK    	0474	11	10-JUN-72
MR.TK    	0507	19	4-OCT-71
TA.TK    	0532	7	3-MAR-72
PA.TK    	0541	7	13-MAY-72
LA.TK    	0550	6	12-MAY-72
CB.TK    	0556	26	12-JUN-72
NS.TK    	0610	57	31-MAY-72
DN.TK    	0701	10	12-JUN-72
GE.TK    	0713	15	9-JUN-72
BS.TK    	0732	42	6-MAY-73
LP.TK    	1004	37	21-JUN-72
MEOLD.TK 	1051	7	8-JAN-71
BE.TK    	1060	11	3-MAR-72
MTOLD.TK 	1073	17	18-APR-71
TK.TK    	1114	5	13-MAY-72
LI.TK    	1121	14	14-MAY-72
LE.TK    	1137	30	9-JUN-72
ST.TK    	1175	13	30-APR-72
EX.TK    	1212	8	13-MAY-72
IT.TK    	1222	10	13-MAY-72
DC.TK    	1234	11	12-JUN-72
DA.TK    	1247	8	24-SEP-72
D1.TK    	1257	9	23-SEP-72
D2.TK    	1270	9	23-SEP-72
DV.TK    	1301	10	23-SEP-72
SC.TK    	1313	15	8-OCT-72
VE.TK    	1332	15	9-SEP-72
M2.PA    	1351	140	2-SEP-72
M5.PA    	1565	111	9-SEP-72
<empty>  	1744	17	
M4.PA    	1765	97	9-JUN-72
<empty>  	2126	110	
M3FPP.PA 	2304	62	19-JUN-72
M3.PA    	2402	95	17-JUN-72
CONRKE.PA	2541	5	6-OCT-72
LOGOUT.BI	2546	1	15-OCT-72
LOGIN.BI 	2547	1	15-OCT-72
PATCH.BI 	2550	4	6-APR-71
M8RKE.BI 	2554	1	6-OCT-72
ACLOAD.PA	2555	2	5-JAN-72
M8GEN.FT 	2557	20	19-APR-71
GENRKE.BI	2603	6	6-OCT-72
GENRL0.BI	2611	6	5-JUN-72
CONRL0.PA	2617	5	4-JUL-72
<empty>  	2624	7	
MULTI8.HL	2633	7	12-MAR-71
MS.PA    	2642	14	6-OCT-72
M8RL0.BI 	2660	1	7-DEC-71
<empty>  	2661	32	
SHSAVE.PA	2721	31	2-NOV-71
GLOBL.PA 	2760	26	7-DEC-69
DM8E30.PA	3012	40	14-MAR-72
DM8E40.PA	3062	38	14-MAR-72
FPPTST.PA	3130	46	30-AUG-72
BLZMRE.SV	3206	37	17-JUN-72
ZM16RE.SV	3253	74	22-JUN-72
ZM16RL.BI	3365	1	22-JUN-72
ZM16RE.BI	3366	1	22-JUN-72
MZMRE.BN 	3367	43	22-JUN-72
LPREDB.BN	3442	3	22-JUN-72
LPRELE.BN	3445	3	22-JUN-72
MZMRL.BN 	3450	45	22-JUN-72
MDZMRE.SV	3525	5	22-JUN-72
CNZMRE.PA	3532	3	22-JUN-72
CNZMRL.PA	3535	3	22-JUN-72
GNZMRE.BI	3540	5	17-JUN-72
GNZMRL.BI	3545	5	17-JUN-72
ZM16RL.SV	3552	73	22-JUN-72
MDZMRL.SV	3663	5	22-JUN-72
LPREDK.BN	3670	3	22-JUN-72
LPREKL.BN	3673	3	22-JUN-72
LPRLKL.BN	3676	3	22-JUN-72
MSZMRL.PA	3701	14	22-JUN-72
LPRLDK.BN	3717	3	22-JUN-72
LPRLDB.BN	3722	3	22-JUN-72
LPRLLE.BN	3725	3	22-JUN-72
MSZMRE.PA	3730	14	22-JUN-72
GLOBL.SV 	3746	4	14-FEB-71
SHSAVE.SV	3752	6	16-NOV-71
SABR.SV  	3760	24	13-OCT-72
FORT.SV  	4010	25	13-OCT-72
LIB8.RL  	4041	30	13-OCT-72
LOADER.SV	4077	12	13-OCT-72
DHKMA8.SV	4113	17	13-NOV-71
DJKKA8.SV	4134	10	13-NOV-71
DM8E30.SV	4146	7	14-MAR-72
DM8E40.SV	4155	7	14-MAR-72
DHKMC8.SV	4164	14	14-NOV-71
M1.PA    	4202	132	25-SEP-72
<empty>  	4406	252	
SYMBLS.PA	5002	7	26-JAN-70
DT.TK    	5011	49	26-JAN-70
<empty>  	5072	64	
MONDUM.BK	5172	32	26-JAN-70
MONDUM.PA	5232	32	26-JAN-70
CB.TK    	5272	0	26-JAN-70
<empty>  	5272	502	

Unit 1:

 26-FEB-2

ABSLDR.SV	0070	6	9-JUL-71
CCL.SV   	0076	40	18-OCT-72
RESORC.SV	0146	16	15-JAN-72
BOOT.SV  	0166	5	3-MAR-72
DIRECT.SV	0173	7	3-FEB-72
HELP.SV  	0202	8	9-JUL-71
PIP.SV   	0212	11	24-JAN-72
FUTIL.SV 	0225	27	1-JUL-71
FOTP.SV  	0260	8	24-JAN-72
PAL8.SV  	0270	19	1-JUL-71
BATCH.SV 	0313	17	3-FEB-72
EDIT.SV  	0334	10	31-AUG-71
TECO.SV  	0346	32	31-OCT-72
SET.SV   	0406	17	4-FEB-72
TDCOPY.SV	0427	7	5-JUL-69
TDFRMT.SV	0436	9	5-JUL-69
RXCOPY.SV	0447	9	1-JUL-71
OCOMP.SV 	0460	8	13-OCT-72
BLDSI.SV 	0470	37	2-SEP-72
BLMSI.SV 	0535	37	2-SEP-72
DPF.SV   	0602	31	29-FEB-72
SRCCOM.SV	0641	5	9-JUL-71
BITMAP.SV	0646	5	1-JUL-71
CREF.SV  	0653	14	9-JUL-71
KREF.SV  	0671	12	19-JAN-71
FRTS.SV  	0705	25	11-SEP-72
MACREL.SV	0736	83	19-JAN-71
LINK.SV  	1061	55	19-JAN-71
CHECK8.SV	1150	15	25-NOV-71
GLOBL.SV 	1167	4	14-FEB-71
PASS3.SV 	1173	8	10-OCT-72
PASS2.SV 	1203	20	10-OCT-72
RALF.SV  	1227	19	10-OCT-72
SHSAVE.SV	1252	6	16-NOV-71
FRUN.SV  	1260	25	6-OCT-72
F4.SV    	1311	20	10-OCT-72
LIBRA.SV 	1335	11	2-NOV-70
PASS2O.SV	1350	5	10-OCT-72
LOAD.SV  	1355	16	10-OCT-72
FCOMP.SV 	1375	20	10-OCT-72
FCODE.SV 	1421	20	10-OCT-72
FCODEO.SV	1445	5	10-OCT-72
LIBSET.SV	1452	5	13-OCT-72
LOADER.SV	1457	12	13-OCT-72
SABR.SV  	1473	24	13-OCT-72
FORT.SV  	1523	25	13-OCT-72
BLDTD.SV 	1554	37	27-FEB-73
LPTSPL.SV	1621	2	15-OCT-72
DHKMA8.SV	1623	17	13-NOV-71
DJKKA8.SV	1644	10	13-NOV-71
DHKMC8.SV	1656	14	14-NOV-71
RTES.SV  	1674	30	8-OCT-72
ACID.SV  	1732	30	8-OCT-72
M43TST.SV	1770	12	17-NOV-74
VENUS.SV 	2004	2	15-SEP-76
VENUS1.SV	2006	8	28-JUN-76
USERA.SV 	2016	8	2-OCT-72
TECOW.SV 	2026	12	30-OCT-76
TDBLKP.SV	2042	11	23-NOV-69
MONDUM.SV	2055	5	14-JUN-73
MULTI8.SV	2062	80	3-OCT-72
FOC875.SV	2202	37	11-SEP-75
<empty>  	2247	433	

