Unit 0:

 18-AUG-76

ABSLDR.SV	0070	5	1-JUN-69
CCL.SV   	0075	18	9-MAR-70
DIRECT.SV	0117	7	22-NOV-69
PIP.SV   	0126	11	5-JUL-69
FOTP.SV  	0141	8	5-JUL-69
BITMAP.SV	0151	5	5-JUL-69
SET.SV   	0156	14	6-JUL-69
FUTIL.SV 	0174	26	21-JUL-69
CONVRT.SV	0226	4	24-JUN-76
PARAM.SV 	0232	12	23-MAY-74
BLOCKS.SV	0246	8	16-DEC-75
SRCCOM.SV	0256	5	5-JUL-69
RESORC.SV	0263	10	5-JUL-69
PIP10.SV 	0275	17	5-JUL-69
MCPIP.SV 	0316	13	5-JUL-69
MSBAT.SV 	0333	23	5-JUL-69
CAMP.SV  	0362	13	5-JUL-69
BATCH.SV 	0377	10	5-JUL-69
EDIT.SV  	0411	10	5-JUL-69
EPIC.SV  	0423	14	5-JUL-69
TECO.SV  	0441	22	5-JUL-69
BOOT.SV  	0467	5	5-JUL-69
RKBOOT.SV	0474	2	19-DEC-69
QUIT.SV  	0476	2	28-APR-75
HELP.SV  	0500	8	5-JUL-69
RKFRMT.SV	0510	9	5-JUL-69
TDFRMT.SV	0521	9	5-JUL-69
DTFRMT.SV	0532	7	5-JUL-69
RXCOPY.SV	0541	6	5-JUL-69
TDCOPY.SV	0547	7	5-JUL-69
DTCOPY.SV	0556	5	5-JUL-69
LPTSPL.SV	0563	10	30-MAY-75
BCOMP.SV 	0575	17	1-DEC-75
DECX8.SV 	0616	33	5-AUG-76
DECX8A.SV	0657	33	28-OCT-69
CHESS.SV 	0720	15	18-JAN-69
MUSIC.SV 	0737	9	5-MAY-75
INIT.CM  	0750	1	28-MAR-70
INIT.TX  	0751	2	28-MAR-70
BASIC.AF 	0753	4	1-DEC-75
BASIC.FF 	0757	4	1-DEC-75
BASIC.UF 	0763	4	1-DEC-75
BACKUP.BI	0767	1	20-DEC-69
FLOP1.BI 	0770	2	28-MAR-70
FLOP2.BI 	0772	2	28-MAR-70
FLOP3.BI 	0774	2	30-MAR-70
FLOPX8.BI	0776	2	30-MAR-70
CUSPAK.BI	1000	2	9-MAR-70
BOOK.BI  	1002	1	1-FEB-70
RK8E.SY  	1003	50	6-DEC-69
RX8E.SY  	1065	50	6-DEC-69
TC08.SY  	1147	50	9-JAN-70
TD8E.SY  	1231	50	15-FEB-70
HELP.HL  	1313	102	9-MAR-70
MRI08A.BN	1461	2	5-AUG-76
OPRATE.BN	1463	2	5-AUG-76
RANMRI.BN	1465	2	5-AUG-76
NOTFUN.BN	1467	2	5-AUG-76
EAEALL.BN	1471	3	5-AUG-76
EAEDP.BN 	1474	2	5-AUG-76
FLOPPY.BN	1476	3	5-AUG-76
RF08DS.BN	1501	3	5-AUG-76
DF32DS.BN	1504	3	5-AUG-76
RK8EDS.BN	1507	3	5-AUG-76
RK8DS.BN 	1512	3	5-AUG-76
TC01DT.BN	1515	4	5-AUG-76
TD8EDT.BN	1521	3	5-AUG-76
TA8ECS.BN	1524	4	5-AUG-76
TM8EMT.BN	1530	4	5-AUG-76
TC58MT.BN	1534	4	5-AUG-76
TC12LT.BN	1540	3	5-AUG-76
HSRHSP.BN	1543	2	5-AUG-76
PRNTER.BN	1545	2	5-AUG-76
MULTTY.BN	1547	2	5-AUG-76
MULSLU.BN	1551	3	5-AUG-76
TTYLUP.BN	1554	2	5-AUG-76
TIMERA.BN	1556	4	5-AUG-76
DP8E.BN  	1562	4	5-AUG-76
DC02.BN  	1566	2	5-AUG-76
DC08A.BN 	1570	4	5-AUG-76
CARD8E.BN	1574	2	5-AUG-76
PLOTER.BN	1576	3	5-AUG-76
VCAD8E.BN	1601	2	5-AUG-76
VT8E.BN  	1603	3	5-AUG-76
TYPSET.BN	1606	4	5-AUG-76
ICSX8.BN 	1612	2	5-AUG-76
ADRSTT.BN	1614	4	5-AUG-76
CDP8.BN  	1620	2	5-AUG-76
LPD8.BN  	1622	2	5-AUG-76
FPP12.BN 	1624	3	5-AUG-76
RKS8E.BN 	1627	3	10-JAN-70
D3BDD0.SV	1632	14	28-MAY-76
D3RAD0.SV	1650	11	28-MAY-76
DHTDAB.SV	1663	17	28-MAY-76
D2GF.SV  	1704	10	28-MAY-76
DIDFAC.SV	1716	7	24-FEB-69
TYPSET.SV	1725	10	28-MAY-76
D5EBD.SV 	1737	11	9-JUL-76
D5FA00.SV	1752	5	9-JUL-76
DILABC.SV	1757	16	6-DEC-69
DIRXBC.SV	1777	19	23-MAR-76
DJEXCA.SV	2022	12	6-DEC-69
DJKKBA.SV	2036	12	6-DEC-69
DHKGAB.SV	2052	14	6-DEC-69
DIRXAB.SV	2070	20	23-OCT-75
DJCLAA.SV	2114	12	6-DEC-69
DHCMAA.SV	2130	10	6-DEC-69
DILPAC.SV	2142	24	6-DEC-69
DHLSAC.SV	2172	17	6-DEC-69
DHVTCD.SV	2213	16	6-DEC-69
DHDPAC.SV	2233	19	6-DEC-69
D5CG.SV  	2256	17	6-JAN-76
AUVAAA.SV	2277	16	11-JAN-76
AUVBAB.SV	2317	16	11-JAN-76
AUVCAA.SV	2337	6	11-JAN-76
AUVDAB.SV	2345	9	11-JAN-76
AUVEAD.SV	2356	8	11-JAN-76
INSTR1.SV	2366	14	24-FEB-69
INSTR2.SV	2404	11	24-FEB-69
DHKAAB.SV	2417	15	24-FEB-69
DHKLDA.SV	2436	15	24-FEB-69
DHTMAA.SV	2455	17	24-FEB-69
DHTMBA.SV	2476	17	24-FEB-69
DHTMCA.SV	2517	10	24-FEB-69
DHTMDA.SV	2531	15	24-FEB-69
DHTMEA.SV	2550	15	24-FEB-69
DHTMFB.SV	2567	11	24-FEB-69
D5DB.SV  	2602	4	24-FEB-69
DIRFAA.SV	2606	11	24-FEB-69
D5FA.SV  	2621	5	24-FEB-69
DHCRAA.SV	2626	10	21-APR-69
DIRXBD.SV	2640	17	6-DEC-69
DHRKDC.SV	2661	9	6-DEC-69
DHKMCB.SV	2672	12	6-DEC-69
DIRXAC.SV	2706	20	6-DEC-69
DHRKCH.SV	2732	12	6-JAN-70
XMCKBD.SV	2746	17	6-DEC-69
DILPEB.SV	2767	24	6-DEC-69
DILACB.SV	3017	24	6-DEC-69
DJADAC.SV	3047	24	6-DEC-69
DHMCAA.SV	3077	10	7-DEC-69
DHRKBG.DG	3111	19	6-JAN-70
DHRKAE.SV	3134	20	9-MAR-70
ALIGNX.SV	3160	7	27-MAR-70
SYSSHE.SV	3167	4	22-MAR-69
SHELLY.SV	3173	4	22-MAR-69
8AOPT1.BN	3177	14	0-0-70
8AOPT2.BN	3215	14	0-0-70
8ACPU.BN 	3233	11	0-0-70
8APROC.BN	3246	11	0-0-70
RKECPT.SV	3261	6	0-0-70
RKECON.SV	3267	17	0-0-70
DHDHA.SV 	3310	17	0-0-70
DHDX1.BN 	3331	42	0-0-70
EDITX8.X8	3403	129	0-0-70
ASYSX8.X8	3604	129	0-0-70
BSYSX8.X8	4005	129	0-0-70
DHDHC.BN 	4206	1	0-0-70
RKSCPT.SV	4207	6	0-0-70
DHRKBG.JR	4215	6	0-0-70
BASIC.SF 	4223	4	1-DEC-75
BLOAD.SV 	4227	8	1-DEC-75
DRIVE.SV 	4237	19	18-MAY-76
DHRKBG.SV	4262	19	0-0-70
SMITH.X8 	4305	65	0-0-70
DHKMAC.SV	4406	17	6-DEC-69
RKCOPY.SV	4427	11	4-JAN-73
KENT.X8  	4442	129	0-0-70
PAL8.SV  	4643	19	0-0-70
CREF.SV  	4666	13	0-0-70
K12CLR.BN	4703	42	0-0-70
K12ENC.BN	4755	6	0-0-70
K12DEC.BN	4763	5	0-0-70
K12ENC.SV	4770	6	0-0-70
K12DEC.SV	4776	5	0-0-70
K12MIT.SV	5003	33	0-0-70
K12DJG.SV	5044	33	0-0-70
K12DEB.SV	5105	4	0-0-70
K12ENB.SV	5111	4	0-0-70
K12MIT.BN	5115	24	0-0-70
K12DJG.BN	5145	24	0-0-70
K12DEB.BN	5175	3	0-0-70
K12ENB.BN	5200	3	0-0-70
BASIC.BA 	5203	11	0-0-70
BASIC.SV 	5216	9	1-DEC-75
BRTS.SV  	5227	15	1-DEC-75
BASIC.WS 	5246	22	0-0-70
F4.SV    	5274	20	21-JUL-69
FRTS.SV  	5320	26	4-OCT-71
PASS2.SV 	5352	20	21-JUL-69
PASS2O.SV	5376	5	21-JUL-69
PASS3.SV 	5403	8	21-JUL-69
RALF.SV  	5413	19	5-JUL-69
LOAD.SV  	5436	16	5-JUL-69
T.FT     	5456	1	0-0-70
<empty>  	5457	385	

Unit 1:

 0-JAN-2

BABYEL.MU	0070	11	8-APR-75
MUSIC5.MU	0103	4	12-JAN-75
SCALE.MU 	0107	1	5-MAR-75
MUSIC2.MU	0110	14	12-JAN-75
MUSIC3.MU	0126	14	12-JAN-75
MUSIC4.MU	0144	14	12-JAN-75
MUSIC1.MU	0162	11	21-MAY-75
MUSIC6.MU	0175	13	21-MAY-75
USA.MU   	0212	3	5-MAR-75
JCOOK2.MU	0215	8	11-MAY-75
FIFTH3.MU	0225	37	21-MAY-75
JCOOK1.MU	0272	7	11-MAY-75
FIFTH1.MU	0301	43	11-MAY-75
MINUET.MU	0354	17	21-MAY-75
YANKEE.MU	0375	3	17-OCT-75
FUGUE.MU 	0400	42	30-DEC-75
CASCAD.MU	0452	21	24-MAR-76
MAPLE.MU 	0477	38	10-MAR-75
ENTER.MU 	0545	23	21-MAY-75
GMINOR.MU	0574	27	21-MAY-75
RESEQ.BA 	0627	6	11-JUN-76
BINGO.BA 	0635	13	30-MAY-75
BLKJAC.BA	0652	22	30-MAY-75
BLKJAK.BA	0700	7	30-MAY-75
BUNNY.BA 	0707	7	30-MAY-75
CALNDR.BA	0716	5	30-MAY-75
CHECKR.BA	0723	12	30-MAY-75
CRAPS.BA 	0737	8	30-MAY-75
DICE.BA  	0747	2	30-MAY-75
FOOTBL.BA	0751	23	30-MAY-75
GOLF.BA  	1000	17	30-MAY-75
LIFE.BA  	1021	5	30-MAY-75
LIFE2.BA 	1026	7	30-MAY-75
POKER.BA 	1035	20	30-MAY-75
ROCKET.BA	1061	9	30-MAY-75
ROCKT1.BA	1072	8	30-MAY-75
ROULET.BA	1102	17	30-MAY-75
TICTAC.BA	1123	7	30-MAY-75
WAR.BA   	1132	7	30-MAY-75
WAR2.BA  	1141	9	30-MAY-75
WEKDAY.BA	1152	10	30-MAY-75
SIGNS.BA 	1164	19	1-OCT-75
SNOOPY.BA	1207	10	26-OCT-75
HELLO.BA 	1221	11	16-DEC-75
WUMPUS.BA	1234	17	10-NOV-75
SPACWR.BA	1255	39	6-JAN-70
YAHTZE.BA	1324	27	6-JAN-70
MONPLY.BA	1357	22	6-JAN-70
HOCKEY.BA	1405	16	10-AUG-74
FOTBAL.BA	1425	21	30-MAY-75
KING.BA  	1452	23	30-MAY-75
MONPLY.B1	1501	6	30-MAY-75
YAHTZE.IN	1507	7	6-JAN-70
TITLE.TX 	1516	7	28-MAR-70
NOTES.TX 	1525	6	28-MAR-70
DISC.TX  	1533	39	30-MAR-70
DIAG.TX  	1602	42	13-FEB-70
ALIGN.TX 	1654	17	29-MAR-70
DECX8.TX 	1675	18	28-OCT-69
CHESS.TX 	1717	38	9-JAN-76
FUTIL.TX 	1765	316	24-MAR-69
K12CLR.PA	2461	2	0-0-70
K12DEC.PA	2463	91	0-0-70
K12ENC.PA	2616	93	0-0-70
PARAM.PA 	2753	1	0-0-70
PARAM2.PA	2754	1	0-0-70
K12ENB.PA	2755	62	0-0-70
K12MIT.PA	3053	605	0-0-70
K12DEB.PA	4210	59	0-0-70
ADVENT.DC	4303	9	0-0-70
ADVENT.LD	4314	143	0-0-70
ADVENT.TX	4533	200	0-0-70
ADVENT.DA	5043	145	0-0-70
ADVENT.SV	5264	129	0-0-70
<empty>  	5465	379	

