Unit 0:

 18-AUG-76

ABSLDR.SV	0070	6	4-JAN-73
CCL.SV   	0076	31	4-JAN-73
DIRECT.SV	0135	7	4-JAN-73
PIP.SV   	0144	11	4-JAN-73
FOTP.SV  	0157	8	4-JAN-73
SET.SV   	0167	20	4-JAN-73
PAL8.SV  	0213	19	4-JAN-73
CREF.SV  	0236	13	4-JAN-73
FUTIL.SV 	0253	27	4-JAN-73
CONVRT.SV	0306	5	4-JAN-73
SVDUMP.SV	0313	4	8-APR-73
HEADER.SV	0317	14	4-JAN-73
REMEM.SV 	0335	5	4-JAN-73
COMPAF.SV	0342	5	4-JAN-73
RTFLOP.SV	0347	15	4-JAN-73
WPFLOP.SV	0366	14	4-JAN-73
RESORC.SV	0404	14	4-JAN-73
QUIT.SV  	0422	2	4-JAN-73
BATCH.SV 	0424	10	4-JAN-73
HELP.SV  	0436	8	4-JAN-73
EDIT.SV  	0446	10	4-JAN-73
TECO.SV  	0460	32	4-JAN-73
LPTSPL.SV	0520	10	4-JAN-73
BUILD.SV 	0532	37	21-FEB-73
BUILDR.SV	0577	37	4-JAN-73
BOOT.SV  	0644	5	4-JAN-73
RKBOOT.SV	0651	2	4-JAN-73
RKUTIL.SV	0653	15	19-SEP-69
RKFRMT.SV	0672	9	4-JAN-73
RLFRMT.SV	0703	7	4-JAN-73
RL2FMT.SV	0712	8	4-JAN-73
TDFRMT.SV	0722	9	4-JAN-73
DTFRMT.SV	0733	7	4-JAN-73
RXREAD.SV	0742	7	4-JAN-73
RXFIX.SV 	0751	3	4-JAN-73
RXCOPY.SV	0754	9	4-JAN-73
RKCOPY.SV	0765	11	4-JAN-73
TDCOPY.SV	1000	7	4-JAN-73
DTCOPY.SV	1007	5	4-JAN-73
DECX8.SV 	1014	43	24-MAR-71
TECO.IN  	1067	1	8-OCT-71
VTEDIT.TE	1070	8	5-DEC-71
INUSE.TE 	1100	8	1-APR-73
WILD.TE  	1110	2	10-APR-71
RTOUT.TE 	1112	4	18-APR-71
RTIN.TE  	1116	4	18-APR-71
TECHLP.TX	1122	29	10-APR-71
HELP.HL  	1157	193	21-FEB-73
FLOP.HL  	1460	60	21-FEB-73
LPT.HN   	1554	2	4-JAN-73
LQP.HN   	1556	3	4-JAN-73
FLOP.HN  	1561	3	4-JAN-73
BYTE.HN  	1564	3	4-JAN-73
TD8E.HN  	1567	3	18-JAN-73
TC08.HN  	1572	2	18-JAN-73
CARD8E.BX	1574	2	25-AUG-70
CDP8.BX  	1576	2	25-AUG-70
DC02.BX  	1600	2	25-AUG-70
BACKUP.BI	1602	24	30-MAR-73
RKMAKE.BI	1632	8	31-MAR-73
RLMAKE.BI	1642	8	1-APR-73
ADRSTT.BX	1652	4	25-AUG-70
DGPACK.BI	1656	5	31-FEB-75
CUSPAK.BI	1663	3	21-FEB-73
RLPACK.BI	1666	4	2-MAR-73
FLOP1.BI 	1672	4	21-FEB-73
FLOP2.BI 	1676	4	21-FEB-73
FLOP3.BI 	1702	4	21-FEB-73
FLOPX8.BI	1706	3	21-FEB-73
TC08DG.BI	1711	3	21-FEB-73
TC08X8.BI	1714	2	21-FEB-73
TD8EDG.BI	1716	3	21-FEB-73
TD8EX8.BI	1721	2	21-FEB-73
BOOK.BI  	1723	1	26-FEB-72
GAMES.BI 	1724	4	21-FEB-73
ADVENT.BI	1730	3	21-FEB-73
BYTE.BI  	1733	2	20-FEB-73
RK8EA.SY 	1735	50	21-FEB-73
RK8EB.SY 	2017	50	19-FEB-73
RKS8EA.SY	2101	50	19-FEB-73
RKS8EB.SY	2163	50	19-FEB-73
RL8A.SY  	2245	50	27-FEB-73
RXSY1.SY 	2327	50	19-FEB-73
RXSY2.SY 	2411	50	19-FEB-73
BYTE.SY  	2473	50	19-FEB-73
TD8E.SY  	2555	50	19-FEB-73
TC08.SY  	2637	50	19-FEB-73
DC08A.BX 	2721	4	25-AUG-70
DF32DS.BX	2725	4	25-AUG-70
DP8E.BX  	2731	4	25-AUG-70
EAEALL.BX	2735	3	25-AUG-70
EAEDP.BX 	2740	2	25-AUG-70
FLOPPY.BX	2742	4	25-AUG-70
FPP12.BX 	2746	3	25-AUG-70
FPP8A.BX 	2751	3	25-AUG-70
HSRHSP.BX	2754	2	25-AUG-70
ICSX8.BX 	2756	2	25-AUG-70
LA180.BX 	2760	2	25-AUG-70
LPD8.BX  	2762	2	25-AUG-70
LQP8.BX  	2764	2	25-AUG-70
MRI08A.BX	2766	2	25-AUG-70
MSLULP.BX	2770	3	25-AUG-70
MULSLU.BX	2773	3	25-AUG-70
MULTTY.BX	2776	2	25-AUG-70
NOTFUN.BX	3000	2	25-AUG-70
OPRATE.BX	3002	2	25-AUG-70
PLOTER.BX	3004	3	25-AUG-70
PRNTER.BX	3007	2	25-AUG-70
RANMRI.BX	3011	2	25-AUG-70
RF08DS.BX	3013	3	25-AUG-70
RK8DS.BX 	3016	3	25-AUG-70
RK8EDS.BX	3021	3	25-AUG-70
RL8A.BX  	3024	3	25-AUG-70
RX02.BX  	3027	4	25-AUG-70
TA8ECS.BX	3033	4	25-AUG-70
TC01DT.BX	3037	4	25-AUG-70
TC12LT.BX	3043	3	25-AUG-70
TC58MT.BX	3046	4	25-AUG-70
TD8EDT.BX	3052	3	25-AUG-70
TIMERA.BX	3055	4	25-AUG-70
TM8EMT.BX	3061	4	25-AUG-70
TTYLUP.BX	3065	2	25-AUG-70
TYPSET.BX	3067	4	25-AUG-70
VCAD8E.BX	3073	2	25-AUG-70
VT8E.BX  	3075	4	25-AUG-70
RK8SES.BX	3101	3	24-MAR-71
AHKLAB.DG	3104	33	14-JAN-71
AILABE.DG	3145	16	4-APR-70
AIRXAE.DG	3165	21	28-NOV-70
AIRXBF.DG	3212	18	7-DEC-70
AJEXCC.DG	3234	12	22-JAN-71
AJKTAB.DG	3250	17	25-AUG-70
AJRLAC.DG	3271	27	12-FEB-73
AJRLBB.DG	3324	26	25-AUG-70
AJRLCA.DG	3356	23	21-APR-70
AJRLDA.DG	3405	25	25-AUG-70
AJRLEA.DG	3436	33	21-APR-70
AJRLGA.DG	3477	16	21-APR-70
AJRLHA.DG	3517	26	12-FEB-73
AJRLIA.DG	3551	23	12-FEB-73
AJRLJA.DG	3600	25	12-FEB-73
AJRLLA.DG	3631	16	12-FEB-73
AJRLKA.DG	3651	33	5-DEC-71
AKVTBB.DG	3712	32	6-DEC-70
DGMCAB.DG	3752	6	19-JAN-70
DHKAAB.DG	3760	15	1-FEB-70
DHKABA.DG	3777	4	15-MAY-70
DHKACA.DG	4003	5	15-MAY-70
DHKADA.DG	4010	4	1-FEB-70
DHKAFA.DG	4014	14	15-MAY-70
DHKAGA.DG	4032	11	15-MAY-70
DHKEBB.DG	4045	17	15-MAY-70
DHKECA.DG	4066	12	15-MAY-70
DHKLDA.DG	4102	15	18-MAY-76
DHKMAD.DG	4121	17	4-APR-70
DHKMCC.DG	4142	14	4-APR-70
DHKPAB.DG	4160	3	15-MAY-70
DHLQAB.DG	4163	15	1-FEB-70
DHLSAC.DG	4202	17	12-JUN-70
DHMCAB.DG	4223	10	15-MAY-70
DHMPAA.DG	4235	13	15-MAY-70
DHPCAA.DG	4252	10	15-MAY-70
DHRKAE.DG	4264	20	14-MAR-71
DHRKBG.DG	4310	19	12-JUN-70
DHRKCH.DG	4333	12	12-JUN-70
DHRKEA.DG	4347	20	12-JUN-70
DHTDAB.DG	4373	15	12-JUN-70
DHVTCD.DG	4412	16	18-FEB-76
DIKLAC.DG	4432	15	24-OCT-69
DIKLBA.DG	4451	10	18-MAY-76
DILACB.DG	4463	14	1-FEB-70
DILPAC.DG	4501	17	12-JUN-70
DILPEC.DG	4522	17	12-JUN-70
DJDKAD.DG	4543	12	24-OCT-69
DJFPAB.DG	4557	31	15-MAY-70
DJFPBC.DG	4616	33	15-MAY-70
DJKKBA.DG	4657	12	15-MAY-70
DJKLAD.DG	4673	17	1-FEB-70
DJKMAC.DG	4714	13	24-OCT-69
DKVTAA.DG	4731	8	16-AUG-69
TCBASX.DG	4741	14	31-MAR-76
TCRANX.DG	4757	11	31-MAR-76
JDAY8E.X8	4772	129	12-AUG-73
TEMPJD.X8	5173	129	21-MAR-69
PCA310.X8	5374	49	11-NOV-72
SQIR8A.X8	5455	129	21-OCT-72
VIKING.X8	5656	97	12-AUG-73
CWRU12.X8	6017	129	12-MAR-71
RKEALN.DG	6220	2	12-AUG-73
RKSALN.DG	6222	2	12-AUG-73
ALIGN.DG 	6224	3	31-15-70
CCBTCH.TM	6227	1	31-15-69
<empty>  	6230	24	

Unit 1:

 31--2

ABSLDR.SV	0070	6	4-JAN-73
CCL.SV   	0076	31	4-JAN-73
DIRECT.SV	0135	7	4-JAN-73
PIP.SV   	0144	11	4-JAN-73
FOTP.SV  	0157	8	4-JAN-73
SET.SV   	0167	20	4-JAN-73
FUTIL.SV 	0213	27	4-JAN-73
BATCH.SV 	0246	10	4-JAN-73
HELP.SV  	0260	8	4-JAN-73
FRTS.SV  	0270	26	4-JAN-73
RKBOOT.SV	0322	2	4-JAN-73
BASIC.SV 	0324	11	4-JAN-73
BLOAD.SV 	0337	10	4-JAN-73
BCOMP.SV 	0351	26	4-JAN-73
BRTS.SV  	0403	25	4-JAN-73
CHESS.SV 	0434	28	13-DEC-71
ADVENT.SV	0470	129	20-FEB-73
BASIC.UF 	0671	2	4-JAN-73
BASIC.OV 	0673	16	4-JAN-73
RK8EA.SY 	0713	50	19-FEB-73
RK8EB.SY 	0775	50	19-FEB-73
RKS8EA.SY	1057	50	19-FEB-73
RKS8EB.SY	1141	50	19-FEB-73
HELP.HL  	1223	67	1-APR-73
GAMES.HL 	1326	63	21-FEB-73
ASR33.BH 	1425	1	4-JAN-73
BAT.BH   	1426	1	4-JAN-73
CR8E.BH  	1427	2	4-JAN-73
CS.BH    	1431	2	4-JAN-73
DF32SY.BH	1433	1	4-JAN-73
DF32NS.BH	1434	1	4-JAN-73
DUMP.BH  	1435	2	4-JAN-73
KL8E.BH  	1437	2	4-JAN-73
LINCSY.BH	1441	1	4-JAN-73
LINCNS.BH	1442	2	4-JAN-73
LPSV.BH  	1444	1	4-JAN-73
LQP.BH   	1445	2	4-JAN-73
MODLQP.BH	1447	2	4-JAN-73
PT8E.BH  	1451	1	4-JAN-73
RF08SY.BH	1452	1	4-JAN-73
RF08NS.BH	1453	1	4-JAN-73
RK08SY.BH	1454	1	4-JAN-73
RK08NS.BH	1455	1	4-JAN-73
RK8EA.BH 	1456	1	4-JAN-73
RK8EB.BH 	1457	1	4-JAN-73
RK8ENS.BH	1460	2	4-JAN-73
RKS8EA.BH	1462	1	4-JAN-73
RKS8EB.BH	1463	1	4-JAN-73
RKS8NS.BH	1464	2	4-JAN-73
RLSY.BH  	1466	2	4-JAN-73
RL0.BH   	1470	2	4-JAN-73
RL1.BH   	1472	2	4-JAN-73
RLC.BH   	1474	2	4-JAN-73
RL2SY.BH 	1476	2	4-JAN-73
RL20.BH  	1500	2	4-JAN-73
RL21.BH  	1502	2	4-JAN-73
RL2E.BH  	1504	2	4-JAN-73
ROMMSY.BH	1506	1	4-JAN-73
RXSY1.BH 	1507	2	4-JAN-73
RXSY2.BH 	1511	2	4-JAN-73
RXNS.BH  	1513	2	4-JAN-73
RXBSY1.BH	1515	2	4-JAN-73
RXBSY2.BH	1517	2	4-JAN-73
RXBNS.BH 	1521	2	4-JAN-73
RX28C.BH 	1523	2	4-JAN-73
RX78C.BH 	1525	2	4-JAN-73
TC08SY.BH	1527	1	4-JAN-73
TC08NS.BH	1530	2	4-JAN-73
TD8ESY.BH	1532	2	4-JAN-73
TD8EA.BH 	1534	2	4-JAN-73
TD8EB.BH 	1536	2	4-JAN-73
TM8E.BH  	1540	2	4-JAN-73
VXSY.BH  	1542	1	4-JAN-73
VXNS.BH  	1543	1	4-JAN-73
RECOVR.BI	1544	2	4-JAN-73
ADVENT.DA	1546	145	4-JAN-73
ADVENT.LD	1767	143	4-JAN-73
ADVENT.TX	2206	200	3-MAY-72
BANNER.BA	2516	23	31-FEB-75
FUTIL.TX 	2545	316	24-MAR-69
DECX8.TX 	3241	64	31-FEB-75
OS8.TX   	3341	58	31-FEB-75
DIAG.TX  	3433	88	31-FEB-75
TITLE.TX 	3563	7	20-FEB-73
TYPSET.DG	3572	10	28-MAY-76
SHELLY.DG	3604	4	23-FEB-72
AUVAAA.DG	3610	16	10-OCT-70
AUVBAB.DG	3630	16	10-OCT-70
AUVCAA.DG	3650	6	10-OCT-70
AUVDAB.DG	3656	9	10-OCT-70
AUVEAD.DG	3667	8	10-OCT-70
DGV5AB.DG	3677	13	12-JUN-70
DHADAA.DG	3714	11	12-JUN-70
DHCMAA.DG	3727	10	12-JUN-70
DHCRAA.DG	3741	10	12-JUN-70
DHDHAA.DG	3753	7	12-JUN-70
DHDHCA.DG	3762	2	12-JUN-70
DHDKAA.DG	3764	15	12-JUN-70
DHDPAD.DG	4003	18	12-JUN-70
DHDRAB.DG	4025	11	12-JUN-70
DHDRHA.DG	4040	11	12-JUN-70
DHICAA.DG	4053	21	12-JUN-70
DHKGAB.DG	4100	14	12-JUN-70
DHKLBB.DG	4116	13	12-JUN-70
DHKLCD.DG	4133	8	12-JUN-70
DHLAAB.DG	4143	13	12-JUN-70
DHTAAC.DG	4160	17	12-JUN-70
DHTABC.DG	4201	13	12-JUN-70
DHTMAB.DG	4216	17	12-JUN-70
DHTMBB.DG	4237	17	12-JUN-70
DHTMCA.DG	4260	10	12-JUN-70
DHTMDB.DG	4272	15	12-JUN-70
DHTMEB.DG	4311	15	12-JUN-70
DHTMFC.DG	4330	11	12-JUN-70
DHTSAB.DG	4343	17	12-JUN-70
DHTSBB.DG	4364	17	12-JUN-70
DHTSCB.DG	4405	15	12-JUN-70
DHTSDB.DG	4424	13	12-JUN-70
DHTSEA.DG	4441	10	12-JUN-70
DHTSFA.DG	4453	3	12-JUN-70
DHVCAA.DG	4456	13	12-JUN-70
DHVTAB.DG	4473	11	12-JUN-70
DHVTBA.DG	4506	4	12-JUN-70
DHVTDA.DG	4512	16	12-JUN-70
DIADFA.DG	4532	11	12-JUN-70
DIAFBA.DG	4545	17	12-JUN-70
DIDBAA.DG	4566	7	12-JUN-70
DIDFAC.DG	4575	7	15-MAY-70
DIDFBA.DG	4604	10	15-MAY-70
DIDFCA.DG	4616	17	15-MAY-70
DILTCA.DG	4637	6	12-JUN-70
DILTDA.DG	4645	10	12-JUN-70
DILVAA.DG	4657	10	12-JUN-70
DIRTAB.DG	4671	14	12-JUN-70
DITCBA.DG	4707	11	12-JUN-70
DITCCA.DG	4722	9	12-JUN-70
DITCDA.DG	4733	15	12-JUN-70
DIUDAC.DG	4752	17	12-JUN-70
DIVTBA.DG	4773	8	12-JUN-70
DIVTCA.DG	5003	11	12-JUN-70
DJADAC.DG	5016	16	12-JUN-70
DJVKAB.DG	5036	15	15-MAY-70
DIRECT.TS	5055	6	1-APR-73
RKS8ES.PA	5063	37	31-MAR-73
RKSFMT.LC	5130	6	12-AUG-73
RKSREL.LC	5136	9	12-AUG-73
RKSLES.LC	5147	16	12-AUG-73
RKSWCT.LC	5167	8	10-OCT-70
RKSCTL.LC	5177	16	10-OCT-70
RKCOPY.LC	5217	5	12-AUG-73
JDAY8E.SY	5224	50	12-AUG-73
RKSFMT.DG	5306	6	10-OCT-70
RKSWCT.DG	5314	8	10-OCT-70
RKSCTL.DG	5324	16	10-OCT-70
RKSREL.DG	5344	9	10-OCT-70
RKSLES.DG	5355	16	10-OCT-70
RKCOPY.DG	5375	5	15-SEP-75
<empty>  	5402	430	

