Unit 0:

 25-FEB-76

COPYIT.SV	0070	2	9-MAR-69
DIRECT.SV	0072	7	11-OCT-76
CCLX.SV  	0101	24	25-FEB-69
PIP.SV   	0131	11	11-OCT-76
FOTP.SV  	0144	8	11-OCT-76
ABSLDR.SV	0154	5	11-OCT-76
BASIC.SV 	0161	11	11-OCT-76
BATCH.SV 	0174	10	11-OCT-76
BCOMP.SV 	0206	26	11-OCT-76
BITMAP.SV	0240	5	11-OCT-76
BLOAD.SV 	0245	10	11-OCT-76
BOOT.SV  	0257	5	11-OCT-76
BRTS.SV  	0264	24	11-OCT-76
CHEKMO.SV	0314	15	11-OCT-76
COMPAF.SV	0333	5	11-OCT-76
CREF.SV  	0340	13	11-OCT-76
EDIT.SV  	0355	10	11-OCT-76
EDITS.SV 	0367	6	11-OCT-76
EPIC.SV  	0375	14	11-OCT-76
F4.SV    	0413	20	11-OCT-76
FRTS.SV  	0437	26	11-OCT-76
FUTIL.SV 	0471	26	11-OCT-76
HELP.SV  	0523	5	11-OCT-76
LIBRA.SV 	0530	11	11-OCT-76
LIBSET.SV	0543	5	11-OCT-76
LOAD.SV  	0550	16	11-OCT-76
LOADER.SV	0570	12	11-OCT-76
MATST.SV 	0604	9	11-AUG-69
MDTST.SV 	0615	14	11-AUG-69
OCOMP.SV 	0633	8	11-OCT-76
OPTF4.SV 	0643	13	11-OCT-76
PAL8.SV  	0660	19	11-OCT-76
PASS2.SV 	0703	20	11-OCT-76
PASS2O.SV	0727	5	11-OCT-76
PASS3.SV 	0734	8	11-OCT-76
RALF.SV  	0744	19	11-OCT-76
RESORC.SV	0767	10	11-OCT-76
RUNOFF.SV	1001	24	11-OCT-76
SABR.SV  	1031	24	11-OCT-76
SCROLL.SV	1061	17	11-OCT-76
SET.SV   	1102	20	11-OCT-76
SRCCOM.SV	1126	5	11-OCT-76
TECO.SV  	1133	32	11-OCT-76
VERSN3.SV	1173	10	11-OCT-76
BUILD.SV 	1205	33	11-OCT-76
BASIC.OV 	1246	16	11-OCT-76
BUILD6.SV	1266	33	11-OCT-76
BUILT.SV 	1327	33	12-OCT-76
HELP.HE  	1370	1	18-OCT-76
HELP.HL  	1371	72	18-OCT-76
HELP.OC  	1501	4	18-OCT-76
FORT7.LD 	1505	2	7-SEP-69
JMPTST.SV	1507	3	18-OCT-76
JMPJMS.SV	1512	3	18-OCT-76
RK8ENS.BN	1515	1	30-OCT-76
INST1.SV 	1516	14	1-DEC-76
INST2.SV 	1534	11	1-DEC-76
FORT.FT  	1547	1	17-JUN-69
FORT.LD  	1550	2	9-JUL-69
FORT2.LD 	1552	2	9-JUL-69
FORT2.FT 	1554	1	22-JUN-69
DOS.SV   	1555	2	25-JAN-70
SHELL.SV 	1557	2	25-JAN-70
FORT3.FT 	1561	1	26-JUN-69
FORT3.LD 	1562	3	6-JUL-69
CLOSE.SV 	1565	2	10-JUL-69
FORT4.FT 	1567	1	11-JUL-69
FORT4.LD 	1570	2	4-AUG-69
FORT6.LD 	1572	2	9-AUG-69
FORT5.FT 	1574	1	9-AUG-69
FORT5.LD 	1575	2	9-AUG-69
FORT6.FT 	1577	1	9-AUG-69
METSC.SV 	1600	10	11-AUG-69
METSC2.SV	1612	10	11-AUG-69
EMAT.SV  	1624	9	11-AUG-69
EMDCT.SV 	1635	14	11-AUG-69
EMTST.SV 	1653	10	11-AUG-69
SINST1.SV	1665	14	11-AUG-69
ADDER.SV 	1703	13	11-AUG-69
FORT7.FT 	1720	1	30-AUG-69
CLEAR.LS 	1721	2	13-JAN-70
CLEAR.CF 	1723	2	13-JAN-70
CLEAR.SV 	1725	2	13-JAN-70
CLEAR.PA 	1727	1	13-JAN-70
CLEAR.BN 	1730	2	13-JAN-70
DEMO.    	1732	28	21-MAR-71
DOS.PA   	1766	4	25-JAN-70
DOS.BN   	1772	1	25-JAN-70
DOS.LS   	1773	10	25-JAN-70
SHELL.PA 	2005	1	25-JAN-70
SHELL.BN 	2006	1	25-JAN-70
SHELL.LS 	2007	2	25-JAN-70
<empty>  	2011	2215	

Unit 1:

 25-FEB-2

<empty>  	0007	3241	

