Unit 0:

 18-AUG-76

ABSLDR.SV	0070	6	4-JAN-73
CCL.SV   	0076	31	4-JAN-73
DIRECT.SV	0135	7	4-JAN-73
FOTP.SV  	0144	8	4-JAN-73
SET.SV   	0154	20	4-JAN-73
PAL8.SV  	0200	19	4-JAN-73
CREF.SV  	0223	13	4-JAN-73
FUTIL.SV 	0240	27	4-JAN-73
CONVRT.SV	0273	5	4-JAN-73
SVDUMP.SV	0300	4	8-APR-73
HEADER.SV	0304	14	4-JAN-73
REMEM.SV 	0322	5	4-JAN-73
COMPAF.SV	0327	5	4-JAN-73
RESORC.SV	0334	14	4-JAN-73
ICET.AC  	0352	2	16-NOV-70
BATCH.SV 	0354	10	4-JAN-73
HELP.SV  	0366	8	4-JAN-73
EDIT.SV  	0376	10	4-JAN-73
TECO.SV  	0410	32	4-JAN-73
PIPORG.SV	0450	11	4-JAN-73
PIP.SV   	0463	11	0-0-70
BOOT.SV  	0476	5	4-JAN-73
RKBOOT.SV	0503	2	4-JAN-73
RKUTIL.SV	0505	15	19-SEP-69
RKFRMT.SV	0524	9	4-JAN-73
RLFRMT.SV	0535	7	4-JAN-73
RL2FMT.SV	0544	8	4-JAN-73
TDFRMT.SV	0554	9	4-JAN-73
DTFRMT.SV	0565	7	4-JAN-73
RXREAD.SV	0574	7	4-JAN-73
RXFIX.SV 	0603	3	4-JAN-73
RXCOPY.SV	0606	9	4-JAN-73
RKCOPY.SV	0617	11	4-JAN-73
TDCOPY.SV	0632	7	4-JAN-73
DTCOPY.SV	0641	5	4-JAN-73
TECO.IN  	0646	1	8-OCT-71
VTEDIT.TE	0647	8	5-DEC-71
INUSE.TE 	0657	8	1-APR-73
WILD.TE  	0667	2	10-APR-71
RTOUT.TE 	0671	4	18-APR-71
RTIN.TE  	0675	4	18-APR-71
TECHLP.TX	0701	29	10-APR-71
HELP.HL  	0736	193	21-FEB-73
FLOP.HN  	1237	3	4-JAN-73
BYTE.HN  	1242	3	4-JAN-73
TD8E.HN  	1245	3	18-JAN-73
TC08.HN  	1250	2	18-JAN-73
ACID.SV  	1252	30	16-NOV-70
ICE.SV   	1310	26	16-NOV-70
PAGE8.SV 	1342	49	16-NOV-70
VISTA.SV 	1423	29	16-NOV-70
HPSORT.7A	1460	13	16-NOV-70
PT8E.BH  	1475	1	4-JAN-73
DEMO.    	1476	28	16-NOV-70
ICE.AC   	1532	107	16-NOV-70
ICE.LS   	1705	170	16-NOV-70
LICENS.  	2157	2	16-NOV-70
PAGE8.AC 	2161	355	16-NOV-70
PAGE8.LS 	2724	431	16-NOV-70
PAGE8T.AC	3603	2	16-NOV-70
FRTS.SV  	3605	26	4-OCT-71
SYSTAT.SV	3637	5	12-DEC-75
OSA.PG   	3644	63	0-0-70
OSB.PG   	3743	258	0-0-70
OSC.PG   	4345	223	0-0-70
OSD.PG   	4704	84	0-0-70
JOBS.PG  	5030	6	0-0-70
JOBS.BN  	5036	2	0-0-70
F4.SV    	5040	20	21-JUL-69
DATE.SV  	5064	2	12-DEC-75
ENDTSS.PA	5066	10	0-0-70
LOGOFF.PA	5100	14	0-0-70
LPTTSS.PA	5116	43	0-0-70
SYSTAT.PA	5171	38	0-0-70
TALK.PA  	5237	12	0-0-70
TIME.PA  	5253	4	0-0-70
ENDTSS.SV	5257	4	0-0-70
LOGOFF.SV	5263	4	0-0-70
LPTTSS.SV	5267	6	0-0-70
TALK.SV  	5275	3	0-0-70
TIME.SV  	5300	2	0-0-70
PARAM.PG 	5302	9	0-0-70
BUILD.SV 	5313	37	0-0-70
PFOCAL.SV	5360	26	19-AUG-71
BARON.FC 	5412	6	19-AUG-71
MULTOS.SV	5420	37	0-0-70
<empty>  	5465	187	

Unit 1:

 0-JAN-2

ABSLDR.SV	0070	6	4-JAN-73
CCL.SV   	0076	31	4-JAN-73
DIRECT.SV	0135	7	4-JAN-73
PIP.SV   	0144	11	4-JAN-73
FOTP.SV  	0157	8	4-JAN-73
SET.SV   	0167	20	4-JAN-73
FUTIL.SV 	0213	27	4-JAN-73
BATCH.SV 	0246	10	4-JAN-73
HELP.SV  	0260	8	4-JAN-73
FRTS.SV  	0270	26	4-JAN-73
RKBOOT.SV	0322	2	4-JAN-73
BASIC.SV 	0324	11	4-JAN-73
BLOAD.SV 	0337	10	4-JAN-73
BCOMP.SV 	0351	26	4-JAN-73
BRTS.SV  	0403	25	4-JAN-73
CHESS.SV 	0434	28	13-DEC-71
ADVENT.SV	0470	129	20-FEB-73
BASIC.UF 	0671	2	4-JAN-73
BASIC.OV 	0673	16	4-JAN-73
RK8EA.SY 	0713	50	19-FEB-73
RK8EB.SY 	0775	50	19-FEB-73
RKS8EA.SY	1057	50	19-FEB-73
RKS8EB.SY	1141	50	19-FEB-73
HELP.HL  	1223	67	1-APR-73
GAMES.HL 	1326	63	21-FEB-73
ASR33.BH 	1425	1	4-JAN-73
BAT.BH   	1426	1	4-JAN-73
CR8E.BH  	1427	2	4-JAN-73
CS.BH    	1431	2	4-JAN-73
DF32SY.BH	1433	1	4-JAN-73
DF32NS.BH	1434	1	4-JAN-73
DUMP.BH  	1435	2	4-JAN-73
KL8E.BH  	1437	2	4-JAN-73
LINCSY.BH	1441	1	4-JAN-73
LINCNS.BH	1442	2	4-JAN-73
LPSV.BH  	1444	1	4-JAN-73
LQP.BH   	1445	2	4-JAN-73
MODLQP.BH	1447	2	4-JAN-73
PT8E.BH  	1451	1	4-JAN-73
RF08SY.BH	1452	1	4-JAN-73
RF08NS.BH	1453	1	4-JAN-73
RK08SY.BH	1454	1	4-JAN-73
RK08NS.BH	1455	1	4-JAN-73
RK8EA.BH 	1456	1	4-JAN-73
RK8EB.BH 	1457	1	4-JAN-73
RK8ENS.BH	1460	2	4-JAN-73
RKS8EA.BH	1462	1	4-JAN-73
RKS8EB.BH	1463	1	4-JAN-73
RKS8NS.BH	1464	2	4-JAN-73
RLSY.BH  	1466	2	4-JAN-73
RL0.BH   	1470	2	4-JAN-73
RL1.BH   	1472	2	4-JAN-73
RLC.BH   	1474	2	4-JAN-73
RL2SY.BH 	1476	2	4-JAN-73
RL20.BH  	1500	2	4-JAN-73
RL21.BH  	1502	2	4-JAN-73
RL2E.BH  	1504	2	4-JAN-73
ROMMSY.BH	1506	1	4-JAN-73
RXSY1.BH 	1507	2	4-JAN-73
RXSY2.BH 	1511	2	4-JAN-73
RXNS.BH  	1513	2	4-JAN-73
RXBSY1.BH	1515	2	4-JAN-73
RXBSY2.BH	1517	2	4-JAN-73
RXBNS.BH 	1521	2	4-JAN-73
RX28C.BH 	1523	2	4-JAN-73
RX78C.BH 	1525	2	4-JAN-73
TC08SY.BH	1527	1	4-JAN-73
TC08NS.BH	1530	2	4-JAN-73
TD8ESY.BH	1532	2	4-JAN-73
TD8EA.BH 	1534	2	4-JAN-73
TD8EB.BH 	1536	2	4-JAN-73
TM8E.BH  	1540	2	4-JAN-73
VXSY.BH  	1542	1	4-JAN-73
VXNS.BH  	1543	1	4-JAN-73
RECOVR.BI	1544	2	4-JAN-73
ADVENT.DA	1546	145	4-JAN-73
ADVENT.LD	1767	143	4-JAN-73
ADVENT.TX	2206	200	3-MAY-72
BANNER.BA	2516	23	31-FEB-75
FUTIL.TX 	2545	316	24-MAR-69
DECX8.TX 	3241	64	31-FEB-75
OS8.TX   	3341	58	31-FEB-75
DIAG.TX  	3433	88	31-FEB-75
TITLE.TX 	3563	7	20-FEB-73
TYPSET.DG	3572	10	28-MAY-76
SHELLY.DG	3604	4	23-FEB-72
AUVAAA.DG	3610	16	10-OCT-70
AUVBAB.DG	3630	16	10-OCT-70
AUVCAA.DG	3650	6	10-OCT-70
AUVDAB.DG	3656	9	10-OCT-70
AUVEAD.DG	3667	8	10-OCT-70
DGV5AB.DG	3677	13	12-JUN-70
DHADAA.DG	3714	11	12-JUN-70
DHCMAA.DG	3727	10	12-JUN-70
DHCRAA.DG	3741	10	12-JUN-70
DHDHAA.DG	3753	7	12-JUN-70
DHDHCA.DG	3762	2	12-JUN-70
DHDKAA.DG	3764	15	12-JUN-70
DHDPAD.DG	4003	18	12-JUN-70
DHDRAB.DG	4025	11	12-JUN-70
DHDRHA.DG	4040	11	12-JUN-70
DHICAA.DG	4053	21	12-JUN-70
DHKGAB.DG	4100	14	12-JUN-70
DHKLBB.DG	4116	13	12-JUN-70
DHKLCD.DG	4133	8	12-JUN-70
DHLAAB.DG	4143	13	12-JUN-70
DHTAAC.DG	4160	17	12-JUN-70
DHTABC.DG	4201	13	12-JUN-70
DHTMAB.DG	4216	17	12-JUN-70
DHTMBB.DG	4237	17	12-JUN-70
DHTMCA.DG	4260	10	12-JUN-70
DHTMDB.DG	4272	15	12-JUN-70
DHTMEB.DG	4311	15	12-JUN-70
DHTMFC.DG	4330	11	12-JUN-70
DHTSAB.DG	4343	17	12-JUN-70
DHTSBB.DG	4364	17	12-JUN-70
DHTSCB.DG	4405	15	12-JUN-70
DHTSDB.DG	4424	13	12-JUN-70
DHTSEA.DG	4441	10	12-JUN-70
DHTSFA.DG	4453	3	12-JUN-70
DHVCAA.DG	4456	13	12-JUN-70
DHVTAB.DG	4473	11	12-JUN-70
DHVTBA.DG	4506	4	12-JUN-70
DHVTDA.DG	4512	16	12-JUN-70
DIADFA.DG	4532	11	12-JUN-70
DIAFBA.DG	4545	17	12-JUN-70
DIDBAA.DG	4566	7	12-JUN-70
DIDFAC.DG	4575	7	15-MAY-70
DIDFBA.DG	4604	10	15-MAY-70
DIDFCA.DG	4616	17	15-MAY-70
DILTCA.DG	4637	6	12-JUN-70
DILTDA.DG	4645	10	12-JUN-70
DILVAA.DG	4657	10	12-JUN-70
DIRTAB.DG	4671	14	12-JUN-70
DITCBA.DG	4707	11	12-JUN-70
DITCCA.DG	4722	9	12-JUN-70
DITCDA.DG	4733	15	12-JUN-70
DIUDAC.DG	4752	17	12-JUN-70
DIVTBA.DG	4773	8	12-JUN-70
DIVTCA.DG	5003	11	12-JUN-70
DJADAC.DG	5016	16	12-JUN-70
DJVKAB.DG	5036	15	15-MAY-70
<empty>  	5055	6	
RKS8ES.PA	5063	37	31-MAR-73
RKSFMT.LC	5130	6	12-AUG-73
RKSREL.LC	5136	9	12-AUG-73
RKSLES.LC	5147	16	12-AUG-73
RKSWCT.LC	5167	8	10-OCT-70
RKSCTL.LC	5177	16	10-OCT-70
RKCOPY.LC	5217	5	12-AUG-73
JDAY8E.SY	5224	50	12-AUG-73
RKSFMT.DG	5306	6	10-OCT-70
RKSWCT.DG	5314	8	10-OCT-70
RKSCTL.DG	5324	16	10-OCT-70
RKSREL.DG	5344	9	10-OCT-70
RKSLES.DG	5355	16	10-OCT-70
RKCOPY.DG	5375	5	15-SEP-75
DIRECT.TS	5402	6	0-0-70
<empty>  	5410	424	

