~/Verilog/bin/topld.pl M706O
info: 1n3606 ne 1n4148do35_10
warning: making d1/1n3606/ a connector
info: 1n3606 ne 1n4148do35_10
warning: making d2/1n3606/ a connector
info: 1n3606 ne 1n4148do35_10
warning: making d3/1n3606/ a connector
info: 1n3606 ne 1n4148do35_10
warning: making d4/1n3606/ a connector
info: 1n3606 ne 1n4148do35_10
warning: making d5/1n3606/ a connector
info: 1n3606 ne 1n4148do35_10
warning: making d6/1n3606/ a connector
info: 1n3606 ne 1n4148do35_10
warning: making d7/1n3606/ a connector
info: 1n3606 ne 1n4148do35_10
warning: making d8/1n3606/ a connector
info: 7430n ne dil14
info: 7410n ne dil14
info: 7400n ne dil14
info: 7440n ne 7420n
info: 7400n ne dil14
info: 7460n ne dil14
info: 7440n ne 7420n
info: 7400n ne dil14
info: 7400n ne dil14
info: 7400n ne dil14
info: 7400n ne dil14
info: 7410n ne dil14
info: dec6b ne 2n2904
warning: making q1/dec6b/ a connector
info: double ne edge_con4
warning: making u$2/double/ a connector
warning: non-bypass capacitor deleted: c24
warning: non-bypass capacitor deleted: c25
warning: non-bypass capacitor deleted: c27
warning: non-bypass capacitor deleted: c28
~/Verilog/bin/smaller.pl M706O.PLD >vv || (rm vv; exit 1)
11 signals were removed:
  in_last_l: !in_last
  n_t_1x: !n_t_45x
  n_t_22x: !shift
  n_t_23x: !n_t_12x
  n_t_28x: !spike
  n_t_33x: !n_t_5x
  n_t_34x: !serial_l
  n_t_38x: !n_t_39x
  n_t_39x: !serial_l
  n_t_42x: !io_clear_l
  n_t_48x: 'b'1
~/Verilog/bin/smaller.pl vv >M706OX.PLD || (rm M706OX.PLD; exit 1)
1 signals were removed:
  n_t_39x: !serial_l
~/Verilog/bin/cupl2v.pl M706OX.PLD >vv || (rm vv; exit 1)
mv vv M706O.v
rm M706OX.PLD
