~/Verilog/bin/topld.pl M100A
info: 1n645 ne 1n4148do35_10
warning: making d1/1n645/ a connector
info: 1n645 ne 1n4148do35_10
warning: making d2/1n645/ a connector
info: 1n3606 ne 1n4148do35_10
warning: making d3/1n3606/ a connector
info: 1n645 ne 1n4148do35_10
warning: making d4/1n645/ a connector
info: 1n645 ne 1n4148do35_10
warning: making d5/1n645/ a connector
info: 1n645 ne 1n4148do35_10
warning: making d6/1n645/ a connector
info: 1n645 ne 1n4148do35_10
warning: making d7/1n645/ a connector
info: 7400n ne dil14
info: 7400n ne dil14
info: 7400n ne dil14
info: 7400n ne dil14
info: 2n3009 ne 2n2219
warning: making q1/2n3009/ a connector
info: 2n3009 ne 2n2219
warning: making q10/2n3009/ a connector
info: 2n3009 ne 2n2219
warning: making q11/2n3009/ a connector
info: 2n3009 ne 2n2219
warning: making q12/2n3009/ a connector
info: 2n3009 ne 2n2219
warning: making q13/2n3009/ a connector
info: 2n3009 ne 2n2219
warning: making q14/2n3009/ a connector
info: 2n3009 ne 2n2219
warning: making q15/2n3009/ a connector
info: mps6534 ne _pnp_to5
warning: making q16/mps6534/ a connector
info: mps6534 ne _pnp_to5
warning: making q17/mps6534/ a connector
info: 2n3009 ne 2n2219
warning: making q2/2n3009/ a connector
info: 2n3009 ne 2n2219
warning: making q3/2n3009/ a connector
info: 2n3009 ne 2n2219
warning: making q4/2n3009/ a connector
info: 2n3009 ne 2n2219
warning: making q5/2n3009/ a connector
info: 2n3009 ne 2n2219
warning: making q6/2n3009/ a connector
info: 2n3009 ne 2n2219
warning: making q7/2n3009/ a connector
info: 2n3009 ne 2n2219
warning: making q8/2n3009/ a connector
info: 2n3009 ne 2n2219
warning: making q9/2n3009/ a connector
info: single ne edge_con2
warning: making u$1/single/ a connector
warning: non-bypass capacitor deleted: c5
warning: non-bypass capacitor deleted: c6
warning: non-pullup resistor deleted: r1
warning: non-pullup resistor deleted: r2
warning: non-pullup resistor deleted: r3
warning: non-pullup resistor deleted: r4
warning: non-pullup resistor deleted: r5
warning: non-pullup resistor deleted: r6
warning: non-pullup resistor deleted: r7
warning: non-pullup resistor deleted: r8
warning: non-pullup resistor deleted: r9
warning: non-pullup resistor deleted: r10
warning: non-pullup resistor deleted: r11
warning: non-pullup resistor deleted: r12
warning: non-pullup resistor deleted: r13
warning: non-pullup resistor deleted: r14
warning: non-pullup resistor deleted: r15
warning: non-pullup resistor deleted: r16
warning: non-pullup resistor deleted: r17
warning: non-pullup resistor deleted: r18
warning: non-pullup resistor deleted: r19
warning: non-pullup resistor deleted: r20
warning: non-pullup resistor deleted: r21
warning: non-pullup resistor deleted: r22
warning: non-pullup resistor deleted: r23
warning: non-pullup resistor deleted: r24
warning: non-pullup resistor deleted: r25
warning: non-pullup resistor deleted: r26
warning: non-pullup resistor deleted: r27
warning: non-pullup resistor deleted: r28
warning: non-pullup resistor deleted: r29
warning: non-pullup resistor deleted: r30
warning: non-pullup resistor deleted: r31
warning: non-pullup resistor deleted: r32
warning: non-pullup resistor deleted: r34
warning: non-pullup resistor deleted: r35
