~/Verilog/bin/topld.pl M507X
info: 1n4154 ne 1n4148do35_10
warning: making d1/1n4154/ a connector
info: 1n4154 ne 1n4148do35_10
warning: making d10/1n4154/ a connector
info: 1n4154 ne 1n4148do35_10
warning: making d11/1n4154/ a connector
info: 1n4154 ne 1n4148do35_10
warning: making d12/1n4154/ a connector
info: 1n4154 ne 1n4148do35_10
warning: making d13/1n4154/ a connector
info: 1n4154 ne 1n4148do35_10
warning: making d14/1n4154/ a connector
info: 1n4154 ne 1n4148do35_10
warning: making d15/1n4154/ a connector
info: 1n4154 ne 1n4148do35_10
warning: making d16/1n4154/ a connector
info: 1n4154 ne 1n4148do35_10
warning: making d17/1n4154/ a connector
info: 1n4154 ne 1n4148do35_10
warning: making d18/1n4154/ a connector
info: 1n914 ne 1n4148do35_10
warning: making d19/1n914/ a connector
info: 1n4154 ne 1n4148do35_10
warning: making d2/1n4154/ a connector
info: 1n914 ne 1n4148do35_10
warning: making d20/1n914/ a connector
info: 1n914 ne 1n4148do35_10
warning: making d21/1n914/ a connector
info: 1n914 ne 1n4148do35_10
warning: making d22/1n914/ a connector
info: 1n4154 ne 1n4148do35_10
warning: making d3/1n4154/ a connector
info: 1n4154 ne 1n4148do35_10
warning: making d4/1n4154/ a connector
info: 1n4154 ne 1n4148do35_10
warning: making d5/1n4154/ a connector
info: 1n4154 ne 1n4148do35_10
warning: making d6/1n4154/ a connector
info: 1n4154 ne 1n4148do35_10
warning: making d7/1n4154/ a connector
info: 1n4154 ne 1n4148do35_10
warning: making d8/1n4154/ a connector
info: 1n4154 ne 1n4148do35_10
warning: making d9/1n4154/ a connector
info: pn3569 ne 2n3019
warning: making q1/pn3569/ a connector
info: pn3569 ne 2n3019
warning: making q10/pn3569/ a connector
info: pn3569 ne 2n3019
warning: making q11/pn3569/ a connector
info: pn3569 ne 2n3019
warning: making q12/pn3569/ a connector
info: pn3569 ne 2n3019
warning: making q13/pn3569/ a connector
info: pn3569 ne 2n3019
warning: making q14/pn3569/ a connector
info: pn3569 ne 2n3019
warning: making q15/pn3569/ a connector
info: pn3569 ne 2n3019
warning: making q16/pn3569/ a connector
info: pn3569 ne 2n3019
warning: making q17/pn3569/ a connector
info: pn3569 ne 2n3019
warning: making q18/pn3569/ a connector
info: pn3569 ne 2n3019
warning: making q2/pn3569/ a connector
info: pn3569 ne 2n3019
warning: making q3/pn3569/ a connector
info: pn3569 ne 2n3019
warning: making q4/pn3569/ a connector
info: pn3569 ne 2n3019
warning: making q5/pn3569/ a connector
info: pn3569 ne 2n3019
warning: making q6/pn3569/ a connector
info: pn3569 ne 2n3019
warning: making q7/pn3569/ a connector
info: pn3569 ne 2n3019
warning: making q8/pn3569/ a connector
info: pn3569 ne 2n3019
warning: making q9/pn3569/ a connector
info: edge_1 ne edge_con1
warning: making u$3/edge_1/ a connector
warning: non-bypass capacitor deleted: c1
warning: non-bypass capacitor deleted: c2
warning: non-bypass capacitor deleted: c3
warning: non-bypass capacitor deleted: c4
warning: non-bypass capacitor deleted: c5
warning: non-bypass capacitor deleted: c6
warning: non-bypass capacitor deleted: c7
warning: non-bypass capacitor deleted: c8
warning: non-bypass capacitor deleted: c9
warning: non-bypass capacitor deleted: c10
warning: non-pullup resistor deleted: r1
warning: non-pullup resistor deleted: r2
warning: non-pullup resistor deleted: r3
warning: non-pullup resistor deleted: r4
warning: non-pullup resistor deleted: r5
warning: non-pullup resistor deleted: r6
warning: non-pullup resistor deleted: r7
warning: non-pullup resistor deleted: r8
warning: non-pullup resistor deleted: r9
warning: non-pullup resistor deleted: r10
warning: non-pullup resistor deleted: r11
warning: non-pullup resistor deleted: r12
warning: non-pullup resistor deleted: r13
warning: non-pullup resistor deleted: r14
warning: non-pullup resistor deleted: r15
warning: non-pullup resistor deleted: r16
warning: non-pullup resistor deleted: r17
warning: non-pullup resistor deleted: r18
warning: non-pullup resistor deleted: r19
~/Verilog/bin/smaller.pl M507X.PLD >vv || (rm vv; exit 1)
0 signals were removed:
~/Verilog/bin/smaller.pl vv >M507XX.PLD || (rm M507XX.PLD; exit 1)
0 signals were removed:
~/Verilog/bin/cupl2v.pl M507XX.PLD >vv || (rm vv; exit 1)
mv vv M507X.v
rm M507XX.PLD
