~/Verilog/bin/topld.pl M3020X
info: cpol_use ne cpol_use15_5axial
info: cpol_use ne cpol_use20_8axial
info: cpol_use ne cpol_use20_8axial
info: cpol_use ne cpol_use15_5axial
info: 1n746 ne zener_diodedo35z10
warning: making d1/1n746/ a connector
info: 74121n ne dil14
warning: making e1/sn74121/ a connector
info: 7413n ne dil14
warning: making e2/sn7413/ a connector
info: 74121n ne dil14
warning: making e3/sn74121/ a connector
info: 275p ne 3006y
warning: making r3/275p/ a connector
info: 275p ne 3006y
warning: making r4/275p/ a connector
info: single ne edge_con2
warning: making u$2/single/ a connector
warning: non-bypass capacitor deleted: c5
warning: non-bypass capacitor deleted: c6
warning: non-bypass capacitor deleted: c7
warning: non-bypass capacitor deleted: c8
warning: non-bypass capacitor deleted: c9
warning: non-bypass capacitor deleted: c10
warning: non-bypass capacitor deleted: c11
warning: non-bypass capacitor deleted: c12
warning: non-bypass capacitor deleted: c13
warning: non-bypass capacitor deleted: c14
warning: non-bypass capacitor deleted: c15
~/Verilog/bin/smaller.pl M3020X.PLD >vv || (rm vv; exit 1)
0 signals were removed:
~/Verilog/bin/smaller.pl vv >M3020XX.PLD || (rm M3020XX.PLD; exit 1)
0 signals were removed:
~/Verilog/bin/cupl2v.pl M3020XX.PLD >vv || (rm vv; exit 1)
mv vv M3020X.v
rm M3020XX.PLD
