--------------------------------------------------------------------------------
Release 7.1.04i Trace H.42
Copyright (c) 1995-2005 Xilinx, Inc.  All rights reserved.

G:/Xilinx_ISE_7.1i/bin/nt/trce.exe -ise
g:\vhdl\pdp8-v_1.24\v124\b5x300\B5X300.ise -intstyle ise -e 3 -l 3 -a -s 6 -xml
b5x300 b5x300.ncd -o b5x300.twr b5x300.pcf


Design file:              b5x300.ncd
Physical constraint file: b5x300.pcf
Device,speed:             xc2s300e,-6 (PRODUCTION 1.18 2005-01-22)
Report level:             error report

Environment Variable      Effect 
--------------------      ------ 
NONE                      No environment variables were set
--------------------------------------------------------------------------------

INFO:Timing:2700 - Timing constraints ignored because advanced analysis with
   offsets was specified.
INFO:Timing:2752 - To get complete path coverage, use the unconstrained paths
   option. All paths that are not constrained will be reported in the
   unconstrained paths section(s) of the report.

================================================================================
Timing constraint: Default period analysis for net "dotclk"

 79918 items analyzed, 0 timing errors detected. (0 setup errors, 0 hold errors)
 Minimum period is  26.420ns.
--------------------------------------------------------------------------------

================================================================================
Timing constraint: Default OFFSET IN BEFORE analysis for clock "dotclk"

 394 items analyzed, 356 timing errors detected. (356 setup errors, 0 hold errors)
 Minimum allowable offset is  14.980ns.
--------------------------------------------------------------------------------

================================================================================
Timing constraint: Default OFFSET OUT AFTER analysis for clock "dotclk"

 55 items analyzed, 0 timing errors detected.
 Maximum allowable offset is   8.168ns.
--------------------------------------------------------------------------------


All constraints were met.


Data Sheet report:
-----------------
All values displayed in nanoseconds (ns)

Setup/Hold to clock clkin
------------+------------+------------+------------------+--------+
            |  Setup to  |  Hold to   |                  |  Clock |
Source      | clk (edge) | clk (edge) |Internal Clock(s) |  Phase |
------------+------------+------------+------------------+--------+
PPdata<0>   |    2.934(R)|   -0.774(R)|dotclk            |   0.000|
PPdata<1>   |    2.958(R)|   -0.774(R)|dotclk            |   0.000|
PPdata<2>   |    2.759(R)|   -0.774(R)|dotclk            |   0.000|
PPdata<3>   |    2.738(R)|   -0.697(R)|dotclk            |   0.000|
PPdata<4>   |    2.770(R)|   -0.697(R)|dotclk            |   0.000|
PPdata<5>   |    2.975(R)|   -0.753(R)|dotclk            |   0.000|
PPdata<6>   |    3.068(R)|   -0.753(R)|dotclk            |   0.000|
PPdata<7>   |    3.268(R)|   -0.753(R)|dotclk            |   0.000|
PPstrobe    |    2.714(R)|   -2.237(R)|dotclk            |   0.000|
PS2KBclk    |    5.536(R)|   -0.746(R)|dotclk            |   0.000|
PS2KBdata   |    6.396(R)|   -2.259(R)|dotclk            |   0.000|
RS232RxD    |    8.246(R)|   -2.394(R)|dotclk            |   0.000|
SRAMdata<0> |    3.600(R)|   -3.038(R)|dotclk            |   0.000|
SRAMdata<10>|    2.829(R)|   -2.267(R)|dotclk            |   0.000|
SRAMdata<11>|    3.003(R)|   -2.451(R)|dotclk            |   0.000|
SRAMdata<1> |    3.753(R)|   -3.201(R)|dotclk            |   0.000|
SRAMdata<2> |    3.434(R)|   -2.872(R)|dotclk            |   0.000|
SRAMdata<3> |    3.044(R)|   -2.492(R)|dotclk            |   0.000|
SRAMdata<4> |    3.149(R)|   -2.587(R)|dotclk            |   0.000|
SRAMdata<5> |    2.995(R)|   -2.443(R)|dotclk            |   0.000|
SRAMdata<6> |    3.655(R)|   -3.093(R)|dotclk            |   0.000|
SRAMdata<7> |    2.849(R)|   -2.297(R)|dotclk            |   0.000|
SRAMdata<8> |    3.176(R)|   -2.614(R)|dotclk            |   0.000|
SRAMdata<9> |    3.021(R)|   -2.469(R)|dotclk            |   0.000|
pbutton     |   14.980(R)|   -3.758(R)|dotclk            |   0.000|
------------+------------+------------+------------------+--------+

Clock clkin to Pad
---------------+------------+------------------+--------+
               | clk (edge) |                  |  Clock |
Destination    | to PAD     |Internal Clock(s) |  Phase |
---------------+------------+------------------+--------+
PPbusy         |    7.364(R)|dotclk            |   0.000|
RS232TxD       |    4.693(R)|dotclk            |   0.000|
SRAMaddress<0> |    6.529(R)|dotclk            |   0.000|
SRAMaddress<10>|    5.819(R)|dotclk            |   0.000|
SRAMaddress<11>|    5.833(R)|dotclk            |   0.000|
SRAMaddress<12>|    6.438(R)|dotclk            |   0.000|
SRAMaddress<13>|    6.386(R)|dotclk            |   0.000|
SRAMaddress<14>|    7.068(R)|dotclk            |   0.000|
SRAMaddress<1> |    6.599(R)|dotclk            |   0.000|
SRAMaddress<2> |    5.805(R)|dotclk            |   0.000|
SRAMaddress<3> |    6.565(R)|dotclk            |   0.000|
SRAMaddress<4> |    5.796(R)|dotclk            |   0.000|
SRAMaddress<5> |    6.363(R)|dotclk            |   0.000|
SRAMaddress<6> |    6.440(R)|dotclk            |   0.000|
SRAMaddress<7> |    6.376(R)|dotclk            |   0.000|
SRAMaddress<8> |    5.809(R)|dotclk            |   0.000|
SRAMaddress<9> |    6.406(R)|dotclk            |   0.000|
SRAMdata<0>    |    7.752(R)|dotclk            |   0.000|
SRAMdata<10>   |    7.365(R)|dotclk            |   0.000|
SRAMdata<11>   |    7.365(R)|dotclk            |   0.000|
SRAMdata<12>   |    7.571(R)|dotclk            |   0.000|
SRAMdata<13>   |    7.571(R)|dotclk            |   0.000|
SRAMdata<14>   |    7.964(R)|dotclk            |   0.000|
SRAMdata<15>   |    7.964(R)|dotclk            |   0.000|
SRAMdata<1>    |    7.694(R)|dotclk            |   0.000|
SRAMdata<2>    |    7.673(R)|dotclk            |   0.000|
SRAMdata<3>    |    7.003(R)|dotclk            |   0.000|
SRAMdata<4>    |    6.870(R)|dotclk            |   0.000|
SRAMdata<5>    |    7.126(R)|dotclk            |   0.000|
SRAMdata<6>    |    6.585(R)|dotclk            |   0.000|
SRAMdata<7>    |    7.370(R)|dotclk            |   0.000|
SRAMdata<8>    |    7.370(R)|dotclk            |   0.000|
SRAMdata<9>    |    7.370(R)|dotclk            |   0.000|
SRAMwel        |    7.029(R)|dotclk            |   0.000|
SRAMweu        |    6.678(R)|dotclk            |   0.000|
VGAblue0       |    7.665(R)|dotclk            |   0.000|
VGAblue1       |    7.246(R)|dotclk            |   0.000|
VGAgreen0      |    7.163(R)|dotclk            |   0.000|
VGAgreen1      |    7.548(R)|dotclk            |   0.000|
VGAhsync       |    6.958(R)|dotclk            |   0.000|
VGAred0        |    8.130(R)|dotclk            |   0.000|
VGAred1        |    8.168(R)|dotclk            |   0.000|
VGAvsync       |    7.775(R)|dotclk            |   0.000|
---------------+------------+------------------+--------+

Clock to Setup on destination clock clkin
---------------+---------+---------+---------+---------+
               | Src:Rise| Src:Fall| Src:Rise| Src:Fall|
Source Clock   |Dest:Rise|Dest:Rise|Dest:Fall|Dest:Fall|
---------------+---------+---------+---------+---------+
clkin          |   19.087|   13.271|   12.395|    7.226|
---------------+---------+---------+---------+---------+


Timing summary:
---------------

Timing errors: 0  Score: 0

Constraints cover 80367 paths, 0 nets, and 12051 connections

Design statistics:
   Minimum period:  26.420ns (Maximum frequency:  37.850MHz)
   Minimum input required time before clock:  14.980ns
   Maximum output delay after clock:   8.168ns


Analysis completed Sun Feb 18 17:03:34 2007
--------------------------------------------------------------------------------



Peak Memory Usage: 103 MB
