
 25-FEB-76

BUIL5T.SV	0070	37	14-OCT-74
ABSLDR.SV	0135	6	1-JAN-73
BUIL5D.SV	0143	37	14-OCT-74
TD8EA.BN 	0210	2	29-MAY-71
EDITOR.BN	0212	1	30-MAY-71
SI43SY.BN	0213	1	30-MAY-71
SI43NS.BN	0214	2	9-JUN-71
PT8E.BN  	0216	1	31-MAY-71
KL8E.BN  	0217	2	31-MAY-71
LPSS.BN  	0221	2	31-MAY-71
TD8ESY.BN	0223	2	30-MAY-71
OS850.BN 	0225	24	11-OCT-74
BUIL50.BN	0255	37	11-OCT-74
BUIL5X.BN	0322	42	12-OCT-74
CD50.BN  	0374	9	11-OCT-74
DIRECT.SV	0405	7	2-JUN-71
FOTP.SV  	0414	8	2-JUN-71
PIP.SV   	0424	11	2-JUN-71
BUIL50.SV	0437	34	11-OCT-74
BUIL5X.SV	0501	34	11-OCT-74
SV2BN.SV 	0543	3	25-OCT-71
PAL8.SV  	0546	19	30-MAY-71
SISY50.SY	0571	50	14-OCT-74
TD8E50.SY	0653	50	14-OCT-74
<empty>  	0735	260	

