Unit 0:

 18-AUG-76

ABSLDR.SV	0070	6	1-JAN-73
BUIL5D.SV	0076	37	14-OCT-74
TD8EA.BN 	0143	2	29-MAY-71
EDITOR.BN	0145	1	30-MAY-71
SI43SY.BN	0146	1	30-MAY-71
SI43NS.BN	0147	2	9-JUN-71
PT8E.BN  	0151	1	31-MAY-71
KL8E.BN  	0152	2	31-MAY-71
LPSS.BN  	0154	2	31-MAY-71
TD8ESY.BN	0156	2	30-MAY-71
OS850.BN 	0160	24	11-OCT-74
BUIL50.BN	0210	37	11-OCT-74
BUIL5X.BN	0255	42	12-OCT-74
CD50.BN  	0327	9	11-OCT-74
DIRECT.SV	0340	7	2-JUN-71
FOTP.SV  	0347	8	2-JUN-71
PIP.SV   	0357	11	2-JUN-71
BUIL50.SV	0372	34	11-OCT-74
BUIL5X.SV	0434	34	11-OCT-74
SV2BN.SV 	0476	3	25-OCT-71
PAL8.SV  	0501	19	30-MAY-71
SISY50.SY	0524	50	14-OCT-74
BUIL5T.SV	0606	37	14-OCT-74
TD8E50.SY	0653	50	14-OCT-74
<empty>  	0735	2771	

Unit 1:

 14-NOV-2

SI43SY.PA	0007	15	30-MAY-71
TD8ESY.PA	0026	24	30-MAY-71
PT8E.PA  	0056	11	31-MAY-71
KL8E.PA  	0071	36	31-MAY-71
LPSS.PA  	0135	26	31-MAY-71
TD8EA.PA 	0167	20	29-MAY-71
EDITOR.PA	0213	14	30-MAY-71
SI43NS.PA	0231	13	9-JUN-71
EDITOR.LS	0246	23	30-MAY-71
SI43SY.LS	0275	25	30-MAY-71
TD8ESY.LS	0326	43	30-MAY-71
PT8E.LS  	0401	19	31-MAY-71
KL8E.LS  	0424	53	31-MAY-71
LPSS.LS  	0511	41	31-MAY-71
TD8EA.LS 	0562	35	29-MAY-71
SI43NS.LS	0625	23	9-JUN-71
<empty>  	0654	120	
OS850.LS 	1044	446	11-OCT-74
BUIL50.LS	1742	367	11-OCT-74
CD50.PA  	2521	81	11-OCT-74
CD50.LS  	2642	161	11-OCT-74
OS850.PA 	3103	243	11-OCT-74
BUIL50.PA	3466	205	10-OCT-74
<empty>  	4003	1197	

