~/Verilog/bin/topld.pl M405B
info: c_us150_054x183 ne c150_054x183
warning: making c2/c_us150_054x183/ a connector
info: crystalhc13u_h ne hc13u_h
warning: making cr1/crystalhc13u_h/ a connector
info: 1n645 ne 1n4148do35_10
warning: making d1/1n645/ a connector
info: 1n645 ne 1n4148do35_10
warning: making d2/1n645/ a connector
info: 1n3606 ne 1n4148do35_10
warning: making d3/1n3606/ a connector
info: 1n645 ne 1n4148do35_10
warning: making d4/1n645/ a connector
info: 1n645 ne 1n4148do35_10
warning: making d5/1n645/ a connector
info: 1n645 ne 1n4148do35_10
warning: making d6/1n645/ a connector
info: 1n645 ne 1n4148do35_10
warning: making d7/1n645/ a connector
info: 1n3606 ne 1n4148do35_10
warning: making d8/1n3606/ a connector
info: 7400n ne dil14
info: mount_pad_round2.8 ne 2,8_pad
warning: making h1/mount_pad_round2.8/ a connector
info: mount_pad_round2.8 ne 2,8_pad
warning: making h2/mount_pad_round2.8/ a connector
info: mount_pad_round2.8 ne 2,8_pad
warning: making h3/mount_pad_round2.8/ a connector
info: mount_pad_round2.8 ne 2,8_pad
warning: making h4/mount_pad_round2.8/ a connector
info: mount_pad_round2.8 ne 2,8_pad
warning: making h5/mount_pad_round2.8/ a connector
info: l_us0207/12 ne 0207/12
warning: making l1/l_us0207/ a connector
info: 2n4258 ne _pnp_to39_ebc
warning: making q1/2n4258/ a connector
info: 2n4258 ne _pnp_to39_ebc
warning: making q2/2n4258/ a connector
info: 2n4274 ne _npn_to39_ebc
warning: making q3/2n4274/ a connector
info: 2n4274 ne _npn_to39_ebc
warning: making q4/2n4274/ a connector
info: edge_1 ne edge_con1
warning: making u$2/edge_1/ a connector
warning: non-bypass capacitor deleted: c1
warning: non-bypass capacitor deleted: c3
warning: non-bypass capacitor deleted: c4
warning: non-bypass capacitor deleted: c5
warning: non-bypass capacitor deleted: c6
warning: non-bypass capacitor deleted: c7
warning: non-pullup resistor deleted: r1
warning: non-pullup resistor deleted: r2
warning: non-pullup resistor deleted: r4
warning: non-pullup resistor deleted: r6
warning: non-pullup resistor deleted: r9
warning: non-pullup resistor deleted: r11
~/Verilog/bin/smaller.pl M405B.PLD >vv || (rm vv; exit 1)
1 signals were removed:
  n_t_14x: !n_t_11x
~/Verilog/bin/smaller.pl vv >M405BX.PLD || (rm M405BX.PLD; exit 1)
0 signals were removed:
~/Verilog/bin/cupl2v.pl M405BX.PLD >vv || (rm vv; exit 1)
mv vv M405B.v
rm M405BX.PLD
