~/Verilog/bin/topld.pl M906A
info: 1n3606 ne 1n4148do35_10
warning: making d1/1n3606/ a connector
info: 1n3606 ne 1n4148do35_10
warning: making d10/1n3606/ a connector
info: 1n3606 ne 1n4148do35_10
warning: making d11/1n3606/ a connector
info: 1n3606 ne 1n4148do35_10
warning: making d12/1n3606/ a connector
info: 1n3606 ne 1n4148do35_10
warning: making d13/1n3606/ a connector
info: 1n3606 ne 1n4148do35_10
warning: making d14/1n3606/ a connector
info: 1n3606 ne 1n4148do35_10
warning: making d15/1n3606/ a connector
info: 1n3606 ne 1n4148do35_10
warning: making d16/1n3606/ a connector
info: 1n3606 ne 1n4148do35_10
warning: making d17/1n3606/ a connector
info: 1n3606 ne 1n4148do35_10
warning: making d18/1n3606/ a connector
info: 1n3606 ne 1n4148do35_10
warning: making d19/1n3606/ a connector
info: 1n3606 ne 1n4148do35_10
warning: making d2/1n3606/ a connector
info: 1n3606 ne 1n4148do35_10
warning: making d20/1n3606/ a connector
info: 1n3606 ne 1n4148do35_10
warning: making d21/1n3606/ a connector
info: 1n3606 ne 1n4148do35_10
warning: making d22/1n3606/ a connector
info: 1n3606 ne 1n4148do35_10
warning: making d23/1n3606/ a connector
info: 1n3606 ne 1n4148do35_10
warning: making d24/1n3606/ a connector
info: 1n3606 ne 1n4148do35_10
warning: making d25/1n3606/ a connector
info: 1n3606 ne 1n4148do35_10
warning: making d26/1n3606/ a connector
info: 1n3606 ne 1n4148do35_10
warning: making d27/1n3606/ a connector
info: 1n3606 ne 1n4148do35_10
warning: making d28/1n3606/ a connector
info: 1n3606 ne 1n4148do35_10
warning: making d29/1n3606/ a connector
info: 1n3606 ne 1n4148do35_10
warning: making d3/1n3606/ a connector
info: 1n3606 ne 1n4148do35_10
warning: making d30/1n3606/ a connector
info: 1n3606 ne 1n4148do35_10
warning: making d31/1n3606/ a connector
info: 1n3606 ne 1n4148do35_10
warning: making d32/1n3606/ a connector
info: 1n3606 ne 1n4148do35_10
warning: making d33/1n3606/ a connector
info: 1n3606 ne 1n4148do35_10
warning: making d34/1n3606/ a connector
info: 1n3606 ne 1n4148do35_10
warning: making d35/1n3606/ a connector
info: 1n3606 ne 1n4148do35_10
warning: making d36/1n3606/ a connector
info: 1n645 ne 1n4148do35_10
warning: making d37/1n645/ a connector
info: 1n645 ne 1n4148do35_10
warning: making d38/1n645/ a connector
info: 1n645 ne 1n4148do35_10
warning: making d39/1n645/ a connector
info: 1n3606 ne 1n4148do35_10
warning: making d4/1n3606/ a connector
info: 1n645 ne 1n4148do35_10
warning: making d40/1n645/ a connector
info: 1n3606 ne 1n4148do35_10
warning: making d5/1n3606/ a connector
info: 1n3606 ne 1n4148do35_10
warning: making d6/1n3606/ a connector
info: 1n3606 ne 1n4148do35_10
warning: making d7/1n3606/ a connector
info: 1n3606 ne 1n4148do35_10
warning: making d8/1n3606/ a connector
info: 1n3606 ne 1n4148do35_10
warning: making d9/1n3606/ a connector
info: single ne edge_con2
warning: making u$1/single/ a connector
warning: non-bypass capacitor deleted: c1
warning: non-bypass capacitor deleted: c2
~/Verilog/bin/smaller.pl M906A.PLD >vv || (rm vv; exit 1)
0 signals were removed:
~/Verilog/bin/smaller.pl vv >M906AX.PLD || (rm M906AX.PLD; exit 1)
0 signals were removed:
~/Verilog/bin/cupl2v.pl M906AX.PLD >vv || (rm vv; exit 1)
mv vv M906A.v
rm M906AX.PLD
