~/Verilog/bin/topld.pl M312C
info: do130 ne rc_l_22
warning: making dl1/do130/ a connector
info: do150 ne rc_l_22
warning: making dl2/do150/ a connector
info: do150 ne rc_l_22
warning: making dl3/do150/ a connector
info: do150 ne rc_l_22
warning: making dl4/do150/ a connector
info: do150 ne rc_l_22
warning: making dl5/do150/ a connector
warning: making dl6/dv540/ a connector
info: 74h40n ne 7420n
info: 74h40n ne 7420n
info: 74h40n ne 7420n
info: single ne edge_con2
warning: making u$4/single/ a connector
~/Verilog/bin/smaller.pl M312C.PLD >vv || (rm vv; exit 1)
1 signals were removed:
  n_t_1x: 'b'1
~/Verilog/bin/smaller.pl vv >M312CX.PLD || (rm M312CX.PLD; exit 1)
0 signals were removed:
~/Verilog/bin/cupl2v.pl M312CX.PLD >vv || (rm vv; exit 1)
mv vv M312C.v
rm M312CX.PLD
