~/Verilator/bin/topld.pl M7075X
info: 7475n ne dil14
info: 7475n ne dil14
info: 8266 ne dil16
warning: making e12/8266/ a connector
info: dec8271 ne dil16
info: 7404n ne dil14
info: 8266 ne dil16
warning: making e2/8266/ a connector
info: dec8271 ne dil16
info: dec4015 ne dil16
warning: making e4/dec4015/ a connector
info: 7410n ne dil14
info: 7400n ne dil14
info: 7416n ne dil14
info: 7416n ne dil14
info: 7400n ne dil14
info: single ne dil16
warning: making u$2/single/ a connector
unexpected OC output: n_t_5x at /home/vrs/Verilator/bin/topld.pl line 2034, <INPUT> line 991.
unexpected OC output: n_t_2x at /home/vrs/Verilator/bin/topld.pl line 2034, <INPUT> line 1015.
