~/Verilog/bin/smaller.pl M8416P.PLD >vv || (rm vv; exit 1)
99 signals were removed:
  ad11_l: !p4_plxa
  ext_ld_l: !key_ctl_l
  gdollar_9: 'b'0
  left: !p4_plxa_l
  n_t_102x: !n_t_101x
  n_t_106x: !gdollar_4
  n_t_108x: !mams_ld_ctl
  n_t_127x: !ir1_l
  n_t_131x: !p4_gtf_l
  n_t_132x: !p4_fatal_lp_0_rp
  n_t_134x: !n_t_112x
  n_t_138x: !p4_cuf_l
  n_t_147x: !p4_new_fld
  n_t_148x: !p4_lxa
  n_t_155x: 'b'1
  n_t_156x: !n_t_159x
  n_t_158x: !n_t_157x
  n_t_160x: !n_t_163x
  n_t_165x: !p2_int_l
  n_t_166x: !p2_suf_out
  n_t_168x: !mq_data_l
  n_t_170x: !ts1
  n_t_171x: !n_t_103x
  n_t_176x: !mq08_l
  n_t_177x: 'b'1
  n_t_262x: !p3_btp2_l
  n_t_263x: !p3_btp2
  n_t_30x: !n_t_31x
  n_t_347x: !p3_e2cfrom_l
  n_t_348x: !n_t_343x
  n_t_351x: tp4
  n_t_44x: !p3_bd8
  n_t_45x: !n_t_96x
  n_t_46x: ema2_l
  n_t_47x: ema1_l
  n_t_48x: ema0_l
  n_t_50x: 'b'1
  n_t_65x: !rd4_l
  n_t_70x: !p3_bm9_l
  n_t_71x: !rdata_strobe
  n_t_75x: !rd10_l
  n_t_76x: !rd11_l
  n_t_78x: !rd7_l
  n_t_79x: !p3_bm3_l
  n_t_80x: !rd6_l
  n_t_82x: !p3_bm0_l
  n_t_83x: !rd3_l
  n_t_84x: !rd2_l
  n_t_85x: !user_mode_l
  n_t_86x: !n_t_65x
  n_t_88x: !pause_l
  n_t_90x: 'b'1
  n_t_91x: 'b'1
  n_t_94x: !p4_sint_l
  p2_3v: 'b'1
  p2_bcpmad_l: cpma_disable_l
  p2_dfc: !p2_dfc_l
  p2_emaen_l: !p2_emaen
  p2_enbs_l: !p2_elar_l
  p2_ifa: !p2_ifa_l
  p2_ifc: !p2_ifc_l
  p3_bd11: !data11_l
  p3_bd5: !data05_l
  p3_bd6: !data06_l
  p3_bd7: !data07_l
  p3_bd9: !data09_l
  p3_binit: initialize
  p3_binit_l: !p4_mbc_l
  p3_bm0: !md00_l
  p3_bm1: !md01_l
  p3_bm11_l: !p3_bm11
  p3_bm2_l: !p3_bm2
  p3_bm4_l: !p3_bm4
  p3_bm9: !md09_l
  p3_bpla: pulse_la
  p3_btp1: tp1
  p3_btp2: tp2
  p3_btp3: !p3_btp3_l
  p3_btp3_l: !tp3
  p3_bts3: !ts3_l
  p3_mbk: !p3_mbk
  p4_3v: 'b'1
  p4_init_en: !p4_init_en_l
  p4_int_in_prog: !int_in_prog_l
  p4_int_inh_l: !p4_int_in
  p4_let_io_l: 'b'1
  p4_usint: !p4_usint_l
  p6_bind2: ind2_l
  p6_dioi_l: !p6_dioi
  p6_ebm_l: !p6_ebm
  p6_eem_l: !p6_eem
  p6_en5_l: !p6_en5
  p6_en9_l: !p6_en9
  p6_maint_l: !cpma11
  p6_prup: !p6_prup_l
  p6_rvfen_l: !p6_rvfen
  punch_strobe_l: 'b'1
  rdata_to_bus: !p4_rmf_l
  tp3h: !rd8_l
~/Verilog/bin/smaller.pl vv >M8416PX.PLD || (rm M8416PX.PLD; exit 1)
4 signals were removed:
  n_t_81x: p3_bm9_l
  p2_int_l: !ind1_l
  p3_btp2: tp2
  p3_mbk: !p3_mbk
~/Verilog/bin/cupl2v.pl M8416PX.PLD >vv || (rm vv; exit 1)
OE qualifier on FF output gdollar_0 at /home/vrs/Verilog/bin/cupl2v.pl line 223, <INPUT> line 2989.
../Makefile:29: recipe for target 'M8416P.v' failed
make: *** [M8416P.v] Error 1
rm M8416PX.PLD
