~/Verilog/bin/topld.pl M226A
info: cpol_use ne cpol_use20_8axial
info: cpol_use ne cpol_use20_8axial
info: 74h53n ne dil14
info: 7462 ne dil14
info: 74h53n ne dil14
info: 74h00n ne 7400n
info: 74h50n ne 7450n
info: 7462 ne dil14
info: 74h53n ne dil14
info: double ne edge_con4
warning: making u$3/double/ a connector
warning: non-bypass capacitor deleted: c14
warning: non-bypass capacitor deleted: c17
warning: non-bypass capacitor deleted: c18
~/Verilog/bin/smaller.pl M226A.PLD >vv || (rm vv; exit 1)
3 signals were removed:
  gdollar_1: !gdollar_0
  n_t_18x: !n_t_54x
  n_t_64x: !n_t_63x
~/Verilog/bin/smaller.pl vv >M226AX.PLD || (rm M226AX.PLD; exit 1)
0 signals were removed:
~/Verilog/bin/cupl2v.pl M226AX.PLD >vv || (rm vv; exit 1)
mv vv M226A.v
rm M226AX.PLD
