~/Verilog/bin/topld.pl M516X
info: 1n4154 ne 1n4148do35_10
warning: making d1/1n4154/ a connector
info: 1n4154 ne 1n4148do35_10
warning: making d10/1n4154/ a connector
info: 1n4154 ne 1n4148do35_10
warning: making d11/1n4154/ a connector
info: 1n4154 ne 1n4148do35_10
warning: making d12/1n4154/ a connector
info: 1n914 ne 1n4148do35_10
warning: making d13/1n914/ a connector
info: 1n914 ne 1n4148do35_10
warning: making d14/1n914/ a connector
info: 1n914 ne 1n4148do35_10
warning: making d15/1n914/ a connector
info: 1n914 ne 1n4148do35_10
warning: making d16/1n914/ a connector
info: 1n4154 ne 1n4148do35_10
warning: making d2/1n4154/ a connector
info: 1n4154 ne 1n4148do35_10
warning: making d3/1n4154/ a connector
info: 1n4154 ne 1n4148do35_10
warning: making d4/1n4154/ a connector
info: 1n4154 ne 1n4148do35_10
warning: making d5/1n4154/ a connector
info: 1n4154 ne 1n4148do35_10
warning: making d6/1n4154/ a connector
info: 1n4154 ne 1n4148do35_10
warning: making d7/1n4154/ a connector
info: 1n4154 ne 1n4148do35_10
warning: making d8/1n4154/ a connector
info: 1n4154 ne 1n4148do35_10
warning: making d9/1n4154/ a connector
info: single ne edge_con2
warning: making u$2/single/ a connector
warning: non-bypass capacitor deleted: c4
warning: non-bypass capacitor deleted: c5
~/Verilog/bin/smaller.pl M516X.PLD >vv || (rm vv; exit 1)
0 signals were removed:
~/Verilog/bin/smaller.pl vv >M516XX.PLD || (rm M516XX.PLD; exit 1)
0 signals were removed:
~/Verilog/bin/cupl2v.pl M516XX.PLD >vv || (rm vv; exit 1)
mv vv M516X.v
rm M516XX.PLD
