~/Verilog/bin/topld.pl M602A
info: 1n3606 ne 1n4004
warning: making d1/1n3606/ a connector
info: 1n3606 ne 1n4004
warning: making d10/1n3606/ a connector
info: 1n3606 ne 1n4004
warning: making d11/1n3606/ a connector
info: 1n645 ne 1n4004
warning: making d12/1n645/ a connector
info: 1n645 ne 1n4004
warning: making d13/1n645/ a connector
info: 1n645 ne 1n4004
warning: making d14/1n645/ a connector
info: 1n3606 ne 1n4004
warning: making d2/1n3606/ a connector
info: 1n3606 ne 1n4004
warning: making d3/1n3606/ a connector
info: 1n3606 ne 1n4004
warning: making d4/1n3606/ a connector
info: 1n645 ne 1n4004
warning: making d5/1n645/ a connector
info: 1n645 ne 1n4004
warning: making d6/1n645/ a connector
info: 1n645 ne 1n4004
warning: making d7/1n645/ a connector
info: 1n3606 ne 1n4004
warning: making d8/1n3606/ a connector
info: 1n3606 ne 1n4004
warning: making d9/1n3606/ a connector
info: 74h40n ne 7420n
info: 2n3639 ne 2n5415
warning: making q1/2n3639/ a connector
info: 2n3639 ne 2n5415
warning: making q2/2n3639/ a connector
info: 2n3009b ne 2n1711
warning: making q3/2n3009b/ a connector
info: 2n3639 ne 2n5415
warning: making q4/2n3639/ a connector
info: 2n3639 ne 2n5415
warning: making q5/2n3639/ a connector
info: 2n3009b ne 2n1711
warning: making q6/2n3009b/ a connector
info: 100 ne 1/2w
warning: making r15/100/ a connector
info: 100 ne 1/2w
warning: making r7/100/ a connector
info: edge_1 ne edge_con1
warning: making u$1/edge_1/ a connector
warning: non-bypass capacitor deleted: c1
warning: non-bypass capacitor deleted: c2
warning: non-bypass capacitor deleted: c3
warning: non-bypass capacitor deleted: c4
warning: non-bypass capacitor deleted: c5
warning: non-bypass capacitor deleted: c6
warning: non-bypass capacitor deleted: c7
warning: non-bypass capacitor deleted: c8
warning: non-pullup resistor deleted: r2
warning: non-pullup resistor deleted: r6
warning: non-pullup resistor deleted: r10
warning: non-pullup resistor deleted: r14
~/Verilog/bin/smaller.pl M602A.PLD >vv || (rm vv; exit 1)
0 signals were removed:
~/Verilog/bin/smaller.pl vv >M602AX.PLD || (rm M602AX.PLD; exit 1)
0 signals were removed:
~/Verilog/bin/cupl2v.pl M602AX.PLD >vv || (rm vv; exit 1)
mv vv M602A.v
rm M602AX.PLD
