~/Verilog/bin/topld.pl M103X
info: 1n4154 ne 1n4148do35_10
warning: making d1/1n4154/ a connector
info: 1n4154 ne 1n4148do35_10
warning: making d10/1n4154/ a connector
info: 1n4154 ne 1n4148do35_10
warning: making d11/1n4154/ a connector
info: 1n4154 ne 1n4148do35_10
warning: making d12/1n4154/ a connector
info: 1n4154 ne 1n4148do35_10
warning: making d13/1n4154/ a connector
info: 1n4154 ne 1n4148do35_10
warning: making d14/1n4154/ a connector
info: 1n4154 ne 1n4148do35_10
warning: making d15/1n4154/ a connector
info: 1n4154 ne 1n4148do35_10
warning: making d16/1n4154/ a connector
info: 1n4154 ne 1n4148do35_10
warning: making d2/1n4154/ a connector
info: 1n4154 ne 1n4148do35_10
warning: making d3/1n4154/ a connector
info: 1n4154 ne 1n4148do35_10
warning: making d4/1n4154/ a connector
info: 1n4154 ne 1n4148do35_10
warning: making d5/1n4154/ a connector
info: 1n4154 ne 1n4148do35_10
warning: making d6/1n4154/ a connector
info: 1n4154 ne 1n4148do35_10
warning: making d7/1n4154/ a connector
info: 1n4154 ne 1n4148do35_10
warning: making d8/1n4154/ a connector
info: 1n4154 ne 1n4148do35_10
warning: making d9/1n4154/ a connector
info: 7430n ne dil14
info: 74h40n ne 7420n
info: 74h40n ne 7420n
info: 7400n ne dil14
info: 74h40n ne 7420n
info: pn3569 ne _npn_to39_ebc
warning: making q1/pn3569/ a connector
info: single ne edge_con2
warning: making u$8/single/ a connector
warning: non-bypass capacitor deleted: c6
warning: non-pullup resistor deleted: r1
warning: non-pullup resistor deleted: r2
warning: non-pullup resistor deleted: r3
warning: non-pullup resistor deleted: r4
warning: non-pullup resistor deleted: r5
~/Verilog/bin/smaller.pl M103X.PLD >vv || (rm vv; exit 1)
2 signals were removed:
  n_t_2x: !n_t_9x
  n_t_5x: 'b'1
~/Verilog/bin/smaller.pl vv >M103XX.PLD || (rm M103XX.PLD; exit 1)
0 signals were removed:
~/Verilog/bin/cupl2v.pl M103XX.PLD >vv || (rm vv; exit 1)
mv vv M103X.v
rm M103XX.PLD
