~/Verilog/bin/topld.pl M632X
info: cpol_use ne cpol_use20_8axial
info: 1n4154 ne 1n4148do35_10
warning: making d1/1n4154/ a connector
info: 1n4154 ne 1n4148do35_10
warning: making d10/1n4154/ a connector
info: 1n4154 ne 1n4148do35_10
warning: making d11/1n4154/ a connector
info: 1n4154 ne 1n4148do35_10
warning: making d12/1n4154/ a connector
info: 1n4154 ne 1n4148do35_10
warning: making d13/1n4154/ a connector
info: 1n4154 ne 1n4148do35_10
warning: making d14/1n4154/ a connector
info: 1n4154 ne 1n4148do35_10
warning: making d15/1n4154/ a connector
info: 1n4154 ne 1n4148do35_10
warning: making d16/1n4154/ a connector
info: 1n4154 ne 1n4148do35_10
warning: making d17/1n4154/ a connector
info: 1n4154 ne 1n4148do35_10
warning: making d18/1n4154/ a connector
info: 1n4154 ne 1n4148do35_10
warning: making d19/1n4154/ a connector
info: 1n4154 ne 1n4148do35_10
warning: making d2/1n4154/ a connector
info: 1n4154 ne 1n4148do35_10
warning: making d20/1n4154/ a connector
info: 1n4154 ne 1n4148do35_10
warning: making d21/1n4154/ a connector
info: 1n4154 ne 1n4148do35_10
warning: making d22/1n4154/ a connector
info: 1n4154 ne 1n4148do35_10
warning: making d23/1n4154/ a connector
info: 1n4154 ne 1n4148do35_10
warning: making d24/1n4154/ a connector
info: 1n914 ne 1n4148do35_10
warning: making d25/1n914/ a connector
info: 1n914 ne 1n4148do35_10
warning: making d26/1n914/ a connector
info: 1n914 ne 1n4148do35_10
warning: making d27/1n914/ a connector
info: 1n914 ne 1n4148do35_10
warning: making d28/1n914/ a connector
info: 1n914 ne 1n4148do35_10
warning: making d29/1n914/ a connector
info: 1n4154 ne 1n4148do35_10
warning: making d3/1n4154/ a connector
info: 1n914 ne 1n4148do35_10
warning: making d30/1n914/ a connector
info: 1n914 ne 1n4148do35_10
warning: making d31/1n914/ a connector
info: 1n914 ne 1n4148do35_10
warning: making d32/1n914/ a connector
info: 1n4154 ne 1n4148do35_10
warning: making d4/1n4154/ a connector
info: 1n4154 ne 1n4148do35_10
warning: making d5/1n4154/ a connector
info: 1n4154 ne 1n4148do35_10
warning: making d6/1n4154/ a connector
info: 1n4154 ne 1n4148do35_10
warning: making d7/1n4154/ a connector
info: 1n4154 ne 1n4148do35_10
warning: making d8/1n4154/ a connector
info: 1n4154 ne 1n4148do35_10
warning: making d9/1n4154/ a connector
info: 74h50n ne 7450n
info: 74h50n ne 7450n
info: 74h50n ne 7450n
info: 74h50n ne 7450n
info: pn3640 ne 2n2904
warning: making q1/pn3640/ a connector
info: pn3640 ne 2n2904
warning: making q10/pn3640/ a connector
info: pn3640 ne 2n2904
warning: making q11/pn3640/ a connector
info: pn3640 ne 2n2904
warning: making q12/pn3640/ a connector
info: pn3640 ne 2n2904
warning: making q13/pn3640/ a connector
info: pn3640 ne 2n2904
warning: making q14/pn3640/ a connector
info: pn3640 ne 2n2904
warning: making q15/pn3640/ a connector
info: pn3640 ne 2n2904
warning: making q16/pn3640/ a connector
info: pn3640 ne 2n2904
warning: making q2/pn3640/ a connector
info: pn3640 ne 2n2904
warning: making q3/pn3640/ a connector
info: pn3640 ne 2n2904
warning: making q4/pn3640/ a connector
info: pn3640 ne 2n2904
warning: making q5/pn3640/ a connector
info: pn3640 ne 2n2904
warning: making q6/pn3640/ a connector
info: pn3640 ne 2n2904
warning: making q7/pn3640/ a connector
info: pn3640 ne 2n2904
warning: making q8/pn3640/ a connector
info: pn3640 ne 2n2904
warning: making q9/pn3640/ a connector
info: single ne edge_con2
warning: making u$1/single/ a connector
warning: non-bypass capacitor deleted: c3
warning: non-bypass capacitor deleted: c4
warning: non-bypass capacitor deleted: c9
warning: non-bypass capacitor deleted: c10
~/Verilog/bin/smaller.pl M632X.PLD >vv || (rm vv; exit 1)
0 signals were removed:
~/Verilog/bin/smaller.pl vv >M632XX.PLD || (rm M632XX.PLD; exit 1)
0 signals were removed:
~/Verilog/bin/cupl2v.pl M632XX.PLD >vv || (rm vv; exit 1)
mv vv M632X.v
rm M632XX.PLD
