
      / ROM IS ONE PAGE AT 7400 - 7577                                    Page 1


    1             / ROM IS ONE PAGE AT 7400 - 7577
    2             
    3       7400  *7400
    4                     / copy tss/8 bootstram to ram and run it
    5 07400 7240          CLA CMA
    6 07401 1224          TAD DEST
    7 07402 3010          DCA 10
    8             
    9 07403 1217          TAD V1
   10 07404 3410          DCA I 10
   11 07405 1220          TAD V2
   12 07406 3410          DCA I 10
   13 07407 1221          TAD V3
   14 07410 3410          DCA I 10
   15 07411 1222          TAD V4
   16 07412 3410          DCA I 10
   17 07413 1223          TAD V5
   18 07414 3410          DCA I 10
   19             
   20 07415 7300          CLA CLL
   21 07416 5624          JMP I DEST
   22             
   23             /07750 7600     CLA
   24             /07751 6603     DMAR
   25             /07752 6622     DISK
   26             /07753 5352     JMP .-1
   27             /07754 5752     JMP I 7752 (6622)
   28             
   29 07417 7600  V1,     7600
   30 07420 6603  V2,     6603
   31 07421 6622  V3,     6622
   32 07422 5352  V4,     5352
   33 07423 5752  V5,     5752
   34             
   35 07424 7750  DEST,   7750
   36             
   37             

      No detected errors
