
      / ROM IS ONE PAGE AT 7400 - 7577                                    Page 1


    1             / ROM IS ONE PAGE AT 7400 - 7577
    2             
    3       7400  *7400
    4                     / test uart
    5             START,
    6 07400 7240          CLA CMA
    7             
    8 07401 1215          TAD KMSG
    9 07402 3010          DCA 10
   10             
   11 07403 1216          TAD KLEN
   12 07404 3007          DCA 7
   13             
   14             LOOP,
   15 07405 7200          CLA
   16 07406 1410          TAD I 10
   17 07407 6046          TLS
   18 07410 6041          TSF
   19 07411 5210          JMP .-1
   20             
   21 07412 2007          ISZ 7
   22 07413 5205          JMP LOOP
   23             
   24             DONE,
   25             /       JMP DONE
   26 07414 5200          JMP START
   27             
   28             
   29 07415 7417  KMSG,   MSG
   30 07416 7766  KLEN,   -12
   31               
   32 07417 0215  MSG,    215;212;"H;"E;"L;"L;"O;"!;215;212
      07420 0212
      07421 0310
      07422 0305
      07423 0314
      07424 0314
      07425 0317
      07426 0241
      07427 0215
      07430 0212
   33             
   34             

      No detected errors
