~/Verilog/bin/topld.pl M219B
info: cpol_use ne cpol_use20_8axial
info: 74h40n ne 7440n
info: 74h40n ne 7440n
info: 74h30n ne 7430n
info: 74h55n ne 7455n
info: 74h00n ne 7400n
info: 74h10n ne 7410n
info: 74h55n ne 7455n
info: 74h00n ne 7400n
info: 74h72n ne 7472n
warning: making e19/sn74h72/ a connector
info: 74h72n ne 7472n
warning: making e2/sn74h72/ a connector
info: 74h72n ne 7472n
warning: making e20/sn74h72/ a connector
info: 74h00n ne 7400n
info: 74h00n ne 7400n
info: 74h72n ne 7472n
warning: making e23/sn74h72/ a connector
info: 74h72n ne 7472n
warning: making e5/sn74h72/ a connector
info: 74h00n ne 7400n
info: 74h72n ne 7472n
warning: making e8/sn74h72/ a connector
info: 74h72n ne 7472n
warning: making e9/sn74h72/ a connector
info: double ne edge_con4
warning: making u$3/double/ a connector
warning: non-bypass capacitor deleted: c1
warning: non-bypass capacitor deleted: c2
~/Verilog/bin/smaller.pl M219B.PLD >vv || (rm vv; exit 1)
11 signals were removed:
  bd03h: !ad02h
  bd05h: !bd05l
  n_t_19x: !n_t_10x
  n_t_219x: !n_t_52x
  n_t_27x: !n_t_13x
  n_t_28x: !n_t_12x
  n_t_32x: !n_t_33x
  n_t_58x: !n_t_59x
  n_t_7x: !n_t_3x
  n_t_88x: !n_t_87x
  n_t_93x: !n_t_81x
~/Verilog/bin/smaller.pl vv >M219BX.PLD || (rm M219BX.PLD; exit 1)
0 signals were removed:
~/Verilog/bin/cupl2v.pl M219BX.PLD >vv || (rm vv; exit 1)
mv vv M219B.v
rm M219BX.PLD
