
/2 ROM-TD8E HANDLER   P?S PAL V08S    SUN  14-FEB-16  PAGE 1

    1                 /2 ROM-TD8E HANDLER
    2                 /
    3                 /
    4                 /
    5                 /
    6                 /
    7                 /
    8                 /
    9                 /
   10                 /
   11                 /COPYRIGHT  (C)  1974,1975 BY DIGITAL EQUIPMENT CORPORATION
   12                 /
   13                 /
   14                 /
   15                 /
   16                 /
   17                 /
   18                 /
   19                 /
   20                 /
   21                 /
   22                 /THE INFORMATION IN THIS DOCUMENT IS SUBJECT TO CHANGE WITHOUT NOTICE
   23                 /AND SHOULD NOT BE CONSTRUED AS A COMMITMENT BY DIGITAL EQUIPMENT
   24                 /CORPORATION.  DIGITAL EQUIPMENT CORPORATION ASSUMES NO RESPONSIBILITY
   25                 /FOR ANY ERRORS THAT MAY APPEAR IN THIS DOCUMENT.
   26                 /
   27                 /THE SOFTWARE DESCRIBED IN THIS DOCUMENT IS FURNISHED TO THE PURCHASER
   28                 /UNDER A LICENSE FOR USE ON A SINGLE COMPUTER SYSTEM AND CAN BE COPIED
   29                 /(WITH INCLUSION OF DIGITAL'S COPYRIGHT NOTICE) ONLY FOR USE IN SUCH
   30                 /SYSTEM, EXCEPT AS MAY OTHERWISE BE PROVIDED IN WRITING BY DIGITAL.
   31                 /
   32                 /DIGITAL EQUIPMENT CORPORATION ASSUMES NO RESPONSIBILITY FOR THE USE
   33                 /OR RELIABILITY OF ITS SOFTWARE ON EQUIPMENT THAT IS NOT SUPPLIED BY
   34                 /DIGITAL.
   35                 /
   36                 /
   37                 /
   38                 /
   39                 /
   40                 /
   41                 /
   42                 /
   43                 /
   44                 /


/2 ROM-TD8E HANDLER   P?S PAL V08S    SUN  14-FEB-16  PAGE 2

   46           0070          ROMFLD=70
   47           0001          VERSION="A&77
   48                 /THESE ARE ASSEMBLY REFERENCES TO LOCATIONS IN THE ROM:
   49   
   50           7405          RGO=7405
   51           7552          F2SET=7552
   52                 /       TD8E MNEMONICS:
   53           6771          SDSS=6771
   54           6772          SDST=6772
   55           6773          SDSQ=6773
   56           6774          SDLC=6774
   57           6775          SDLD=6775
   58           6776          SDRC=6776
   59           6777          SDRD=6777
   60          *0000          *0
   61   
   62   000000  7775          -3
   63   000001  2217          DEVICE ROM;DEVICE SYS;4211;2007;0;1341
        000002  1500 
   64   000003  2331 
        000004  2300 
   65   000005  4211 
   66   000006  2007 
   67   000007  0000 
   68   000010  1341 
   69   000011  2217          DEVICE ROM;DEVICE DTA0;4211;1007;0;1341
        000012  1500 
   70   000013  0424 
        000014  0160 
   71   000015  4211 
   72   000016  1007 
   73   000017  0000 
   74   000020  1341 
   75   000021  2217          DEVICE ROM;DEVICE DTA1;4211;SDTA1&177+1000;0;1341
        000022  1500 
   76   000023  0424 
        000024  0161 
   77   000025  4211 
   78   000026  1014 
   79   000027  0000 
   80   000030  1341 


/2 ROM-TD8E HANDLER   P?S PAL V08S    SUN  14-FEB-16  PAGE 3

   82   000031  7737          STARTB-ROMCT-1
   83   
   84                         NOPUNCH
   85          *7360          *7360           /ROOM FOR DECTAPE HEADER WORDS
   86                         ENPUNCH
   87   
   88   007360* 0000  STARTB, ZBLOCK 20
   89   007400* 6201          CDF 0           /BOOTSTRAP TO MOVE FIELD 1
   90   007401* 1616          TAD I ROM1      /CODE UP TO FIELD 1
   91   007402* 6211          CDF 10
   92   007403* 3617          DCA I ROM2
   93   007404* 2216          ISZ ROM1
   94   007405* 7000          NOP
   95   007406* 2217          ISZ ROM2
   96   007407* 7000          NOP
   97   007410* 2220          ISZ ROMCT
   98   007411* 5200          JMP 7400
   99   007412* 6203          CIF CDF 0       /DONE
  100   007413* 6774          SDLC            /STOP THE TAPE
  101   007414* 5615          JMP I .+1
  102   007415* 7605          7605            /START HER UP
  103   007416* 7427  ROM1,   7427            /FIELD 1 CODE GETS LOADED HERE
  104   007417* 7647  ROM2,   7647            /AND GOES UP HERE
  105   007420* 7650  ROMCT,  -130


/2 ROM-TD8E HANDLER   P?S PAL V08S    SUN  14-FEB-16  PAGE 4

  107          *0200          *200
  108   
  109                         NOPUNCH
  110          *7600          *7600
  111                         ENPUNCH
  112   
  113   007600* 0000          ZBLOCK 7
  114   007607* 0001  SHNDLR, VERSION         /UNIT 0 ENTRY
  115   007610* 7300          CLA CLL
  116   007611* 5220          JMP SHND2
  117   007612* 0070  S70,    70
  118   007613* 6201  S6201,  6201
  119   007614* 0001  SDTA1,  VERSION         /UNIT 1 ENTRY POINT
  120   007615* 7320          CLA CLL CML
  121   007616* 1214          TAD SDTA1       /GET ARGS AT SHNDLR
  122   007617* 3207          DCA SHNDLR
  123   007620* 7010  SHND2,  RAR             /UNIT BIT IS IN LINC
  124   007621* 3335          DCA SUNIT
  125   007622* 6214          RDF
  126   007623* 1265          TAD S6203       /SETUP RETURN FIELD
  127   007624* 3326          DCA EFLD
  128   007625* 1607          TAD I SHNDLR
  129   007626* 6775          SDLD            /STORE FUNCTION WORD IN DATA REG.
  130   007627* 0212          AND S70         /SDLD DOESN'T CLEAR AC
  131   007630* 1213          TAD S6201       /ISOLATE FIELD OF XFER
  132   007631* 3250          DCA TFLD
  133   007632* 1250          TAD TFLD
  134   007633* 3255          DCA TFLD2
  135   007634* 2207          ISZ SHNDLR
  136   007635* 1607          TAD I SHNDLR    /BUFFER ADDRESS
  137   007636* 3351          DCA BPTR
  138   007637* 2207          ISZ SHNDLR
  139   007640* 1607          TAD I SHNDLR    /PS/8 RECORD #
  140   007641* 7104          CLL RAL         /TIMES 2 FOR ABSOLUTE BLOCK
  141   007642* 3334          DCA BLOCK
  142   007643* 2207          ISZ SHNDLR
  143   007644* 6201          CDF 0
  144   007645* 6272          CIF ROMFLD      /ROM IS IN FIELD 7
  145   007646* 5670          JMP I XF2SET    /INITIALIZE.


/2 ROM-TD8E HANDLER   P?S PAL V08S    SUN  14-FEB-16  PAGE 5

  147   007647* 0000  GET,    0
  148   007650* 7402  TFLD,   HLT             /ROUTINE TO LOAD DATA FROM BUFFER
  149   007651* 1753          TAD I XPTR
  150   007652* 6272          CIF ROMFLD
  151   007653* 5647          JMP I GET
  152   
  153   007654* 0000  PUT,    0               /PUT DATA INTO BUFFER
  154   007655* 7402  TFLD2,  HLT
  155   007656* 3753          DCA I XPTR
  156   007657* 6272          CIF ROMFLD
  157   007660* 5654          JMP I PUT
  158   
  159   007661* 7300  SERR,   CLA CLL         /FORCE TURNAROUND AT RGO
  160   007662* 6272          CIF ROMFLD
  161   007663* 2330          ISZ TRYCNT      /TRIED 3 TIMES?
  162   007664* 5667          JMP I XRGO
  163   007665* 6203  S6203,  CIF CDF 0
  164   007666* 5323          JMP SEREX       /YES..FATAL EXIT
  165   
  166   007667* 7405  XRGO,   RGO
  167   007670* 7552  XF2SET, F2SET


/2 ROM-TD8E HANDLER   P?S PAL V08S    SUN  14-FEB-16  PAGE 6

  169                 /EQUIVALENCES FOR HANDLER
  170   
  171           7750          EQUTMP=7750
  172           7751          BPTR=7751
  173           7752          XPGCT=7752
  174           7753          XPTR=7753
  175           7754          XWCNT=7754
  176           7724          WRQ=7724
  177   007671* 0000  WRQUAD, 0               /WRITE A 12 BIT TAPE WORD
  178   007672* 6272          CIF ROMFLD
  179   007673* 5324          JMP WRQ
  180   007674* 6272  CIFR,   CIF ROMFLD
  181   007675* 5671          JMP I WRQUAD
  182   
  183   007676* 0000  RDQUAD, 0               /READ A 12 BIT DATA WORD
  184   007677* 6773          SDSQ
  185   007700* 5277          JMP .-1
  186   007701* 6777          SDRD
  187   007702* 6272          CIF ROMFLD
  188   007703* 5676          JMP I RDQUAD
  189   
  190   007704* 0000  EQUFUN, 0               /EQUIVALENCE CHECKSUM
  191   007705* 7040          CMA
  192   007706* 3350          DCA EQUTMP
  193   007707* 1350          TAD EQUTMP
  194   007710* 0333          AND SCKSUM
  195   007711* 7041          CIA
  196   007712* 7104          CLL RAL
  197   007713* 1350          TAD EQUTMP
  198   007714* 1333          TAD SCKSUM
  199   007715* 3333          DCA SCKSUM
  200   007716* 1350          TAD EQUTMP
  201   007717* 7140          CLL CMA
  202   007720* 6272          CIF ROMFLD
  203   007721* 5704          JMP I EQUFUN
  204   
  205   007722* 2207  SEXIT,  ISZ SHNDLR      /NORMAL EXIT
  206   007723* 1335  SEREX,  TAD SUNIT       /STOP THE DRIVE
  207   007724* 6774          SDLC
  208   007725* 7230          CLA CML RAR     /EXIT CONDITION IN BIT 0
  209   007726* 7402  EFLD,   HLT
  210   007727* 5607          JMP I SHNDLR
  211   
  212   007730* 0000  TRYCNT, 0
  213   007731* 0000  SXUNIT, 0
  214   007732* 0000  SXFUN,  0
  215   007733* 0000  SCKSUM, 0
  216   007734* 0000  BLOCK,  0
  217   007735* 0000  SUNIT,  0
  218                         $


/2 ROM-TD8E HANDLER   P?S PAL V08S    SUN  14-FEB-16  PAGE S-1
USER SYMBOL TABLE LISTING


BLOCK  7734 
BPTR  =7751 
CIFR   7674 
EFLD   7726 
EQUFUN 7704 
EQUTMP=7750 
F2SET =7552 
GET    7647 
PUT    7654 
RDQUAD 7676 
RGO   =7405 
ROMCT  7420 
ROMFLD=0070 
ROM1   7416 
ROM2   7417 
SCKSUM 7733 
SDLC  =6774 
SDLD  =6775 
SDRC  =6776 
SDRD  =6777 
SDSQ  =6773 
SDSS  =6771 
SDST  =6772 
SDTA1  7614 
SEREX  7723 
SERR   7661 
SEXIT  7722 
SHNDLR 7607 
SHND2  7620 
STARTB 7360 
SUNIT  7735 
SXFUN  7732 
SXUNIT 7731 
S6201  7613 
S6203  7665 
S70    7612 
TFLD   7650 
TFLD2  7655 
TRYCNT 7730 
VERSIO=0001 
WRQ   =7724 
WRQUAD 7671 
XF2SET 7670 
XPGCT =7752 
XPTR  =7753 
XRGO   7667 
XWCNT =7754 


/2 ROM-TD8E HANDLER   P?S PAL V08S    SUN  14-FEB-16  PAGE S-2
ASSEMBLY STATISTICS


NO ERRORS DETECTED 

NO LINKS GENERATED

5K MEMORY UTILIZED 

1 FILE  CREATED

47 SYMBOLS



MAP OF FIELD 0          P?S BITMAP V04E    SUN  14-FEB-16  PAGE M-1
NO MAPPING RESTRICTIONS




00000 11111111 11111111 11111111 11111111 11111111 11111111 11111111 11100000 
00100

00200 11111111 11111111 11111111 11111111 11111111 11111111 11111111 11111111 
00300 11111111 11111111 11111111 11111100 00000000 00000000 00000000 00000000 

00400
00500

00600
00700

01000
01100

01200
01300

01400
01500

01600
01700

02000
02100

02200
02300

02400
02500

02600
02700

03000
03100

03200
03300

03400
03500

03600
03700

MAP OF FIELD 0          P?S BITMAP V04E    SUN  14-FEB-16  PAGE M-2





04000
04100

04200
04300

04400
04500

04600
04700

05000
05100

05200
05300

05400
05500

05600
05700

06000
06100

06200
06300

06400
06500

06600
06700

07000
07100

07200
07300

07400
07500

07600
07700
