~/Verilog/bin/topld.pl M651A
info: 1n3606 ne 1n4148do35_10
warning: making d1/1n3606/ a connector
info: 1n645 ne 1n4148do35_10
warning: making d10/1n645/ a connector
info: 1n645 ne 1n4148do35_10
warning: making d11/1n645/ a connector
info: 1n645 ne 1n4148do35_10
warning: making d12/1n645/ a connector
info: 1n645 ne 1n4148do35_10
warning: making d13/1n645/ a connector
info: 1n645 ne 1n4148do35_10
warning: making d14/1n645/ a connector
info: 1n645 ne 1n4148do35_10
warning: making d15/1n645/ a connector
info: 1n645 ne 1n4148do35_10
warning: making d16/1n645/ a connector
info: 1n750a ne 4.7v
warning: making d17/1n750a/ a connector
info: 1n3606 ne 1n4148do35_10
warning: making d2/1n3606/ a connector
info: 1n3606 ne 1n4148do35_10
warning: making d3/1n3606/ a connector
info: 1n3606 ne 1n4148do35_10
warning: making d4/1n3606/ a connector
info: 1n3606 ne 1n4148do35_10
warning: making d5/1n3606/ a connector
info: 1n3606 ne 1n4148do35_10
warning: making d6/1n3606/ a connector
info: 1n3606 ne 1n4148do35_10
warning: making d7/1n3606/ a connector
info: 1n3606 ne 1n4148do35_10
warning: making d8/1n3606/ a connector
info: 1n3606 ne 1n4148do35_10
warning: making d9/1n3606/ a connector
info: 7410n ne dil14
info: mps6534 ne 2n5415
warning: making q1/mps6534/ a connector
info: mps6534 ne 2n5415
warning: making q10/mps6534/ a connector
info: mps6534 ne 2n5415
warning: making q11/mps6534/ a connector
info: mps6534 ne 2n5415
warning: making q12/mps6534/ a connector
info: mps6534 ne 2n5415
warning: making q2/mps6534/ a connector
info: 2n3009 ne 2n2219
warning: making q3/2n3009/ a connector
info: mps6534 ne 2n5415
warning: making q4/mps6534/ a connector
info: mps6534 ne 2n5415
warning: making q5/mps6534/ a connector
info: 2n3009 ne 2n2219
warning: making q6/2n3009/ a connector
info: mps6534 ne 2n5415
warning: making q7/mps6534/ a connector
info: mps6534 ne 2n5415
warning: making q8/mps6534/ a connector
info: 2n3009 ne 2n2219
warning: making q9/2n3009/ a connector
info: edge_1 ne edge_con1
warning: making u$3/edge_1/ a connector
warning: non-bypass capacitor deleted: c1
warning: non-bypass capacitor deleted: c2
warning: non-bypass capacitor deleted: c3
warning: non-bypass capacitor deleted: c4
warning: non-bypass capacitor deleted: c6
warning: non-pullup resistor deleted: r1
warning: non-pullup resistor deleted: r2
warning: non-pullup resistor deleted: r4
warning: non-pullup resistor deleted: r5
warning: non-pullup resistor deleted: r7
warning: non-pullup resistor deleted: r8
warning: non-pullup resistor deleted: r9
warning: non-pullup resistor deleted: r10
warning: non-pullup resistor deleted: r12
warning: non-pullup resistor deleted: r13
warning: non-pullup resistor deleted: r14
warning: non-pullup resistor deleted: r15
warning: non-pullup resistor deleted: r16
warning: non-pullup resistor deleted: r18
warning: non-pullup resistor deleted: r19
warning: non-pullup resistor deleted: r20
~/Verilog/bin/smaller.pl M651A.PLD >vv || (rm vv; exit 1)
0 signals were removed:
~/Verilog/bin/smaller.pl vv >M651AX.PLD || (rm M651AX.PLD; exit 1)
0 signals were removed:
~/Verilog/bin/cupl2v.pl M651AX.PLD >vv || (rm vv; exit 1)
mv vv M651A.v
rm M651AX.PLD
