Partlist

Exported from pdp8i-fpga.sch at 10/06/2010 02:02:25p

EAGLE Version 4.11 Copyright (c) 1988-2003 CadSoft

Part     Value          Device     Package  Library  Sheet

A04      M703           M703       H807     dec-r    32
A05      M113           M113       H807     dec-r    26
A06      M113           M113       H807     dec-r    4
A07      M162           M162       H807     dec-r    31
A08      M162           M162       H807     dec-r    31
A09      M162           M162       H807     dec-r    30
A10      M162           M162       H807     dec-r    30
A11      M113           M113       H807     dec-r    22
A12      M113           M113       H807     dec-r    22
A13      M113           M113       H807     dec-r    21
A14      M113           M113       H807     dec-r    22
A15      M113           M113       H807     dec-r    22
A16      M113           M113       H807     dec-r    21
A17      M113           M113       H807     dec-r    22
A18      M113           M113       H807     dec-r    22
A19      M113           M113       H807     dec-r    21
A20      M115           M115       H807     dec-r    22
A40      W077           M916       H807     dec-r    10
AB02     G826           G826       H807-2   dec-r    17
AB03     G792           G792       H807-2   dec-r    17
B04      M115           M115       H807     dec-r    26
B05      M216           M216       H807     dec-r    26
B06      M113           M113       H807     dec-r    26
B07      M115           M115       H807     dec-r    30
B08      M113           M113       H807     dec-r    31
B09      M113           M113       H807     dec-r    30
B10      M720           M720       H807     dec-r    21
B11      M216           M216       H807     dec-r    21
B12      M617           M617       H807     dec-r    21
B13      M617           M617       H807     dec-r    21
B14      M617           M617       H807     dec-r    21
B15      M617           M617       H807     dec-r    21
B16      M617           M617       H807     dec-r    21
B17      M216           M216       H807     dec-r    22
B18      M216           M216       H807     dec-r    21
B19      M216           M216       H807     dec-r    21
B20      M115           M115       H807     dec-r    21
B21      M113           M113       H807     dec-r    17
B40      W077           M916       H807     dec-r    2
C01      W023           W023       H807     dec-r    35
C02      M040           M040       H807     dec-r    35
C03      M040           M040       H807     dec-r    35
C04      M040           M040       H807     dec-r    35
C05      M040           M040       H807     dec-r    35
C06      M040           M040       H807     dec-r    35
C07      M661           M661       H807     dec-r    29
C08      M660           M660       H807     dec-r    29
C09      M113           M113       H807     dec-r    29
C10      M113           M113       H807     dec-r    29
C11      M115           M115       H807     dec-r    29
C12      M617           M617       H807     dec-r    2
C13      M310           M310       H807     dec-r    27
C14      M113           M113       H807     dec-r    28
C15      M113           M113       H807     dec-r    28
C16      M113           M113       H807     dec-r    28
C17      M113           M113       H807     dec-r    28
C18      M113           M113       H807     dec-r    27
C19      M115           M115       H807     dec-r    28
C20      M115           M115       H807     dec-r    28
C21      M115           M115       H807     dec-r    28
C22      M216           M216       H807     dec-r    27
C23      M216           M216       H807     dec-r    28
C24      M216           M216       H807     dec-r    28
C40      M900           M916       H807     dec-r    9
D01      W077           W023       H807     dec-r    36
D02      W023           W023       H807     dec-r    34
D03      W023           W023       H807     dec-r    33
D04      W011           W011       H807     dec-r    29
D05      M516           M516       H807     dec-r    29
D06      M310           M310       H807     dec-r    3
D07      M113           M113       H807     dec-r    3
D09      M115           M115       H807     dec-r    29
D10      M117           M117       H807     dec-r    29
D11      M216           M216       H807     dec-r    29
D12      M113           M113       H807     dec-r    27
D13      M113           M113       H807     dec-r    27
D14      M113           M113       H807     dec-r    27
D15      M113           M113       H807     dec-r    27
D16      M113           M113       H807     dec-r    27
D17      M115           M115       H807     dec-r    27
D18      M115           M115       H807     dec-r    27
D19      M115           M115       H807     dec-r    27
D20      M117           M117       H807     dec-r    27
D21      M117           M117       H807     dec-r    27
D22      M617           M617       H807     dec-r    27
D23      M160           M160       H807     dec-r    27
D24      M216           M216       H807     dec-r    27
D40      M900           M916       H807     dec-r    2
E03      EMPTY          EMPTY      H807     dec-r    1
E04      EMPTY          EMPTY      H807     dec-r    1
E05      EMPTY          EMPTY      H807     dec-r    1
E06      EMPTY          EMPTY      H807     dec-r    1
E07      EMPTY          EMPTY      H807     dec-r    1
E08      EMPTY          EMPTY      H807     dec-r    1
E09      M113           M113       H807     dec-r    2
E11      M113           M113       H807     dec-r    2
E12      M113           M113       H807     dec-r    2
E13      M160           M160       H807     dec-r    2
E14      M115           M115       H807     dec-r    2
E15      M113           M113       H807     dec-r    2
E16      M310           M310       H807     dec-r    2
E17      M310           M310       H807     dec-r    2
E18      M216           M206X      H807     dec-r    2
E19      M216           M206X      H807     dec-r    2
E20      M216           M206X      H807     dec-r    2
E21      M115           M115       H807     dec-r    4
E22      M113           M113       H807     dec-r    4
E23      M216           M206X      H807     dec-r    4
E24      M113           M113       H807     dec-r    4
E25      M115           M115       H807     dec-r    4
E26      M160           M160       H807     dec-r    7
E27      M160           M160       H807     dec-r    6
E28      M160           M160       H807     dec-r    5
E29      M160           M160       H807     dec-r    5
E30      M160           M160       H807     dec-r    5
E31      M617           M617       H807     dec-r    1
E32      M617           M617       H807     dec-r    1
E33      M216           M206X      H807     dec-r    8
E40      M900           M916       H807     dec-r    9
EF01     M706           M706       H807-2   dec-r    15
EF02     M707           M707       H807-2   dec-r    16
EF10     M700           M700       H807-2   dec-r    1
EF34     M220           M220X      H807-2   dec-r    9
EF35     M220           M220X      H807-2   dec-r    9
EF36     M220           M220X      H807-2   dec-r    9
EF37     M220           M220X      H807-2   dec-r    9
EF38     M220           M220X      H807-2   dec-r    9
EF39     M220           M220X      H807-2   dec-r    9
F03      M452           M452       H807     dec-r    16
F04      EMPTY          EMPTY      H807     dec-r    1
F05      EMPTY          EMPTY      H807     dec-r    1
F06      EMPTY          EMPTY      H807     dec-r    1
F07      EMPTY          EMPTY      H807     dec-r    1
F08      M660           M660       H807     dec-r    2
F09      M119           M119       H807     dec-r    5
F11      M117           M117       H807     dec-r    1
F12      M310           M310       H807     dec-r    2
F13      M310           M310       H807     dec-r    2
F14      M310           M310       H807     dec-r    2
F15      M310           M310       H807     dec-r    2
F16      M310           M310       H807     dec-r    2
F17      M310           M310       H807     dec-r    2
F18      M310           M310       H807     dec-r    2
F19      M117           M117       H807     dec-r    2
F20      M113           M113       H807     dec-r    1
F21      M113           M113       H807     dec-r    1
F22      M113           M113       H807     dec-r    1
F23      M117           M117       H807     dec-r    1
F24      M117           M117       H807     dec-r    6
F25      M113           M113       H807     dec-r    6
F26      M115           M115       H807     dec-r    6
F27      M117           M117       H807     dec-r    1
F28      M115           M115       H807     dec-r    5
F29      M113           M113       H807     dec-r    1
F30      M617           M617       H807     dec-r    1
F31      M617           M617       H807     dec-r    1
F32      M113           M113       H807     dec-r    1
F33      M160           M160       H807     dec-r    9
F40      M900           M916       H807     dec-r    9
H01      W011           W011       H807     dec-r    21
H02      W011           W011       H807     dec-r    21
H03      W011           W011       H807     dec-r    21
H04      W011           W011       H807     dec-r    18
H05      W011           W011       H807     dec-r    2
H06      EMPTY          EMPTY      H807     dec-r    1
H07      M650           M650       H807     dec-r    14
H08      M650           M650       H807     dec-r    14
H09      M650           M650       H807     dec-r    14
H10      M650           M650       H807     dec-r    14
H11      M650           M650       H807     dec-r    14
H12      M650           M650       H807     dec-r    14
H13      M650           M650       H807     dec-r    14
H14      M650           M650       H807     dec-r    14
H15      M650           M650       H807     dec-r    14
H16      M650           M650       H807     dec-r    14
H17      M650           M650       H807     dec-r    14
H18      M650           M650       H807     dec-r    14
H19      M650           M650       H807     dec-r    14
H20      M650           M650       H807     dec-r    14
H21      EMPTY          EMPTY      H807     dec-r    1
H22      EMPTY          EMPTY      H807     dec-r    1
H30      M708           M708       H807     dec-r    37
H33      EMPTY          EMPTY      H807     dec-r    1
H35      EMPTY          EMPTY      H807     dec-r    1
H36      EMPTY          EMPTY      H807     dec-r    1
H37      EMPTY          EMPTY      H807     dec-r    1
H38      EMPTY          EMPTY      H807     dec-r    1
H39      EMPTY          EMPTY      H807     dec-r    1
H40      EMPTY          EMPTY      H807     dec-r    1
HJ23     M701           M701       H807-2   dec-r    33
HJ24     A607           A607       H807-2   dec-r    33
HJ25     A607           A607       H807-2   dec-r    33
HJ26     M705           M705       H807-2   dec-r    36
HJ27     M715           M715       H807-2   dec-r    36
HJ28     M710           M710       H807-2   dec-r    35
HJ29     M704           M704       H807-2   dec-r    34
HJ31     M709           M709       H807-2   dec-r    37
HJ32     M716           M716       H807-2   dec-r    39
HJ34     W991           W991       H807-2   dec-r    38
J01      W011           W011       H807     dec-r    14
J02      W011           W011       H807     dec-r    14
J03      W011           W011       H807     dec-r    14
J04      W011           W011       H807     dec-r    14
J05      W011           W011       H807     dec-r    14
J06      W011           W011       H807     dec-r    14
J07      W011           W011       H807     dec-r    14
J08      W011           W011       H807     dec-r    14
J09      W011           W011       H807     dec-r    14
J10      W011           W011       H807     dec-r    14
J11      W011           W011       H807     dec-r    14
J12      W076           W076       H807     dec-r    15
J13      M506           M506       H807     dec-r    14
J14      M506           M506       H807     dec-r    14
J15      M506           M506       H807     dec-r    14
J16      M506           M506       H807     dec-r    14
J17      M506           M506       H807     dec-r    14
J18      M506           M506       H807     dec-r    14
J19      M506           M506       H807     dec-r    14
J20      M506           M506       H807     dec-r    14
J21      EMPTY          EMPTY      H807     dec-r    1
J22      EMPTY          EMPTY      H807     dec-r    1
J30      M401/M405/M501 M501       H807     dec-r    37
J33      M714           M714       H807     dec-r    38
J35      EMPTY          EMPTY      H807     dec-r    1
J36      EMPTY          EMPTY      H807     dec-r    1
J37      EMPTY          EMPTY      H807     dec-r    1
J38      EMPTY          EMPTY      H807     dec-r    1
J39      EMPTY          EMPTY      H807     dec-r    1
J40      EMPTY          EMPTY      H807     dec-r    1
