~/Verilator/bin/topld.pl M1501X
info: cpol_use ne cpol_use20_8axial
info: 1n4154 ne diode_do35_10
warning: making d1/1n4154/ a connector
info: 1n4154 ne diode_do35_10
warning: making d10/1n4154/ a connector
info: 1n4154 ne diode_do35_10
warning: making d11/1n4154/ a connector
info: 1n4154 ne diode_do35_10
warning: making d12/1n4154/ a connector
info: 1n4154 ne diode_do35_10
warning: making d13/1n4154/ a connector
info: 1n4154 ne diode_do35_10
warning: making d14/1n4154/ a connector
info: 1n4154 ne diode_do35_10
warning: making d15/1n4154/ a connector
info: 1n4154 ne diode_do35_10
warning: making d16/1n4154/ a connector
info: 1n4154 ne diode_do35_10
warning: making d17/1n4154/ a connector
info: 1n4154 ne diode_do35_10
warning: making d18/1n4154/ a connector
info: 1n4154 ne diode_do35_10
warning: making d19/1n4154/ a connector
info: 1n4154 ne diode_do35_10
warning: making d2/1n4154/ a connector
info: 1n4154 ne diode_do35_10
warning: making d20/1n4154/ a connector
info: 1n4154 ne diode_do35_10
warning: making d21/1n4154/ a connector
info: 1n4154 ne diode_do35_10
warning: making d22/1n4154/ a connector
info: 1n4154 ne diode_do35_10
warning: making d23/1n4154/ a connector
info: 1n4154 ne diode_do35_10
warning: making d24/1n4154/ a connector
info: 1n4154 ne diode_do35_10
warning: making d25/1n4154/ a connector
info: 1n4154 ne diode_do35_10
warning: making d26/1n4154/ a connector
info: 1n4154 ne diode_do35_10
warning: making d27/1n4154/ a connector
info: 1n4154 ne diode_do35_10
warning: making d28/1n4154/ a connector
info: 1n4154 ne diode_do35_10
warning: making d29/1n4154/ a connector
info: 1n4154 ne diode_do35_10
warning: making d3/1n4154/ a connector
info: 1n4154 ne diode_do35_10
warning: making d30/1n4154/ a connector
info: 1n4154 ne diode_do35_10
warning: making d31/1n4154/ a connector
info: 1n4154 ne diode_do35_10
warning: making d32/1n4154/ a connector
info: 1n4154 ne diode_do35_10
warning: making d33/1n4154/ a connector
info: 1n4154 ne diode_do35_10
warning: making d34/1n4154/ a connector
info: 1n4154 ne diode_do35_10
warning: making d35/1n4154/ a connector
info: 1n4154 ne diode_do35_10
warning: making d36/1n4154/ a connector
info: 1n4154 ne diode_do35_10
warning: making d4/1n4154/ a connector
info: 1n4154 ne diode_do35_10
warning: making d5/1n4154/ a connector
info: 1n4154 ne diode_do35_10
warning: making d6/1n4154/ a connector
info: 1n4154 ne diode_do35_10
warning: making d7/1n4154/ a connector
info: 1n4154 ne diode_do35_10
warning: making d8/1n4154/ a connector
info: 1n4154 ne diode_do35_10
warning: making d9/1n4154/ a connector
info: 7437n ne dil14
info: n8881n ne dil14
info: 7402n ne dil14
info: ds8640n ne dil14
info: n8881n ne dil14
info: 7400n ne dil14
info: n8881n ne dil14
info: n8881n ne dil14
info: dec40pinsh ne dec40pinh
warning: making j1/dec40pinsh/ a connector
info: single ne e12_8
warning: making u$2/single/ a connector
warning: non-bypass capacitor deleted: c10
unexpected OC output: n3v3 at /home/vrs/Verilator/bin/topld.pl line 2034, <INPUT> line 654.
unexpected OC output: ll at /home/vrs/Verilator/bin/topld.pl line 2034, <INPUT> line 654.
unexpected OC output: ff at /home/vrs/Verilator/bin/topld.pl line 2034, <INPUT> line 654.
unexpected OC output: rr at /home/vrs/Verilator/bin/topld.pl line 2034, <INPUT> line 700.
unexpected OC output: tt at /home/vrs/Verilator/bin/topld.pl line 2034, <INPUT> line 700.
unexpected OC output: n_t_57x at /home/vrs/Verilator/bin/topld.pl line 2034, <INPUT> line 732.
unexpected OC output: b at /home/vrs/Verilator/bin/topld.pl line 2034, <INPUT> line 732.
unexpected OC output: f at /home/vrs/Verilator/bin/topld.pl line 2034, <INPUT> line 732.
unexpected OC output: a8 at /home/vrs/Verilator/bin/topld.pl line 2034, <INPUT> line 747.
unexpected OC output: t at /home/vrs/Verilator/bin/topld.pl line 2034, <INPUT> line 747.
unexpected OC output: l at /home/vrs/Verilator/bin/topld.pl line 2034, <INPUT> line 747.
