Circuit: * C:\cygwin\home\Vince\spice\Gxxx\G007X.asc

WARNING: Less than two connections to node N2.  This node is used by R§U$2N2.
WARNING: Less than two connections to node M2.  This node is used by R§U$2M2.
WARNING: Less than two connections to node L2.  This node is used by R§U$2L2.
WARNING: Less than two connections to node K2.  This node is used by R§U$2K2.
WARNING: Less than two connections to node J2.  This node is used by R§U$2J2.
WARNING: Less than two connections to node H2.  This node is used by R§U$2H2.
WARNING: Less than two connections to node F2.  This node is used by R§U$2F2.
WARNING: Less than two connections to node E2.  This node is used by R§U$2E2.
WARNING: Less than two connections to node D2.  This node is used by R§U$2D2.
WARNING: Less than two connections to node C2.  This node is used by R§U$2C2.
WARNING: Less than two connections to node B2.  This node is used by R§U$2B2.
WARNING: Less than two connections to node A2.  This node is used by R§U$2A2.
WARNING: Less than two connections to node ST1.  This node is used by R§ST1.
WARNING: Less than two connections to node ST2.  This node is used by R§ST2.
WARNING: Less than two connections to node P1.  This node is used by R§1P.
WARNING: Less than two connections to node P2.  This node is used by R§2P.
WARNING: Less than two connections to node P3.  This node is used by R§3P.
.OP point found by inspection.

Date: Wed Jun 21 23:37:14 2017
Total elapsed time: 0.488 seconds.

tnom = 27
temp = 27
method = modified trap
totiter = 2094
traniter = 2094
tranpoints = 1048
accept = 1048
rejected = 0
matrix size = 96
fillins = 160
solver = Normal
Matrix Compiler1: 17.63 KB object code size  9.9/6.0/[2.1]
Matrix Compiler2: 11.04 KB object code size  1.3/2.4/[1.0]

