~/Verilog/bin/smaller.pl M840X.PLD >vv || (rm vv; exit 1)
31 signals were removed:
  ena_pun_buffr_l: !iot02
  enable_l: !punch_strobe_l
  init_or_eot_l: !clock_pulse_l
  initialize_l: !pn_hole7
  md09: !pn_hole3
  n3vr40: 'b'1
  n_t_109x: !ba
  n_t_113x: !n_t_73x
  n_t_116x: !rdata_strobe
  n_t_124x: !tp3h
  n_t_126x: 'b'1
  n_t_18x: !pce_l
  n_t_1x: !tp3
  n_t_33x: 'b'1
  n_t_34x: 'b'1
  n_t_37x: !n_t_1x
  n_t_47x: !rotate_pulse
  n_t_49x: !ba_l
  n_t_51x: !n_t_130x
  n_t_53x: !pn_hole8
  n_t_54x: !pn_hole5
  n_t_55x: !pn_hole4
  n_t_64x: !n_t_61x
  n_t_66x: !pn_hole2
  n_t_67x: !n_t_62x
  n_t_69x: !bb
  n_t_74x: !init_or_eot_l
  n_t_81x: 'b'1
  piop1: !psf_l
  punch_strobe: !out_of_tape
  riop0: !iot02
~/Verilog/bin/smaller.pl vv >M840XX.PLD || (rm M840XX.PLD; exit 1)
7 signals were removed:
  clock_pulse_l: !init_or_eot_l
  n_t_130x: n_t_121x
  n_t_56x: pn_hole4
  n_t_57x: pn_hole4
  n_t_58x: pn_hole5
  n_t_59x: pn_hole5
  punch_strobe_l: enable
~/Verilog/bin/cupl2v.pl M840XX.PLD >vv || (rm vv; exit 1)
mv vv M840X.v
rm M840XX.PLD
