~/Verilog/bin/topld.pl M102A
info: 1n3606 ne 1n4148do35_10
warning: making d1/1n3606/ a connector
info: 1n3606 ne 1n4148do35_10
warning: making d10/1n3606/ a connector
info: 1n3606 ne 1n4148do35_10
warning: making d11/1n3606/ a connector
info: 1n3606 ne 1n4148do35_10
warning: making d12/1n3606/ a connector
info: 1n3606 ne 1n4148do35_10
warning: making d13/1n3606/ a connector
info: 1n3606 ne 1n4148do35_10
warning: making d14/1n3606/ a connector
info: 1n3606 ne 1n4148do35_10
warning: making d15/1n3606/ a connector
info: 1n3606 ne 1n4148do35_10
warning: making d16/1n3606/ a connector
info: 1n3606 ne 1n4148do35_10
warning: making d17/1n3606/ a connector
info: 1n3606 ne 1n4148do35_10
warning: making d18/1n3606/ a connector
info: 1n3606 ne 1n4148do35_10
warning: making d19/1n3606/ a connector
info: 1n3606 ne 1n4148do35_10
warning: making d2/1n3606/ a connector
info: 1n3606 ne 1n4148do35_10
warning: making d20/1n3606/ a connector
info: 1n3606 ne 1n4148do35_10
warning: making d21/1n3606/ a connector
info: 1n3606 ne 1n4148do35_10
warning: making d24/1n3606/ a connector
info: 1n3606 ne 1n4148do35_10
warning: making d25/1n3606/ a connector
info: 1n3606 ne 1n4148do35_10
warning: making d26/1n3606/ a connector
info: 1n645 ne 1n4148do35_10
warning: making d27/1n645/ a connector
info: 1n645 ne 1n4148do35_10
warning: making d28/1n645/ a connector
info: 1n645 ne 1n4148do35_10
warning: making d29/1n645/ a connector
info: 1n3606 ne 1n4148do35_10
warning: making d3/1n3606/ a connector
info: 1n645 ne 1n4148do35_10
warning: making d30/1n645/ a connector
info: 1n3606 ne 1n4148do35_10
warning: making d4/1n3606/ a connector
info: 1n3606 ne 1n4148do35_10
warning: making d5/1n3606/ a connector
info: 1n3606 ne 1n4148do35_10
warning: making d6/1n3606/ a connector
info: 1n3606 ne 1n4148do35_10
warning: making d7/1n3606/ a connector
info: 1n3606 ne 1n4148do35_10
warning: making d8/1n3606/ a connector
info: 1n3606 ne 1n4148do35_10
warning: making d9/1n3606/ a connector
info: 74h40n ne 7420n
info: 74h40n ne 7420n
info: 74h40n ne 7420n
info: 7400n ne dil14
info: 2n3009b ne _npn_to39_ebc
warning: making q1/2n3009b/ a connector
info: 2n3009b ne _npn_to39_ebc
warning: making q2/2n3009b/ a connector
info: 2n3009b ne _npn_to39_ebc
warning: making q3/2n3009b/ a connector
info: 2n3009b ne _npn_to39_ebc
warning: making q4/2n3009b/ a connector
info: 2n3009b ne _npn_to39_ebc
warning: making q5/2n3009b/ a connector
info: 2n3009b ne _npn_to39_ebc
warning: making q6/2n3009b/ a connector
info: 2n3639b ne _pnp_to39_ebc
warning: making q7/2n3639b/ a connector
info: 2n3009b ne _npn_to39_ebc
warning: making q8/2n3009b/ a connector
info: single ne edge_con2
warning: making u$8/single/ a connector
warning: non-bypass capacitor deleted: c5
warning: non-bypass capacitor deleted: c6
warning: non-bypass capacitor deleted: c7
warning: non-bypass capacitor deleted: c8
warning: non-pullup resistor deleted: r2
warning: non-pullup resistor deleted: r3
warning: non-pullup resistor deleted: r5
warning: non-pullup resistor deleted: r6
warning: non-pullup resistor deleted: r8
warning: non-pullup resistor deleted: r9
warning: non-pullup resistor deleted: r11
warning: non-pullup resistor deleted: r12
warning: non-pullup resistor deleted: r14
warning: non-pullup resistor deleted: r15
warning: non-pullup resistor deleted: r19
warning: non-pullup resistor deleted: r21
warning: non-pullup resistor deleted: r23
warning: non-pullup resistor deleted: r24
warning: non-pullup resistor deleted: r25
warning: non-pullup resistor deleted: r27
warning: non-pullup resistor deleted: r30
~/Verilog/bin/smaller.pl M102A.PLD >vv || (rm vv; exit 1)
2 signals were removed:
  n_t_2x: !n_t_9x
  n_t_5x: 'b'1
~/Verilog/bin/smaller.pl vv >M102AX.PLD || (rm M102AX.PLD; exit 1)
0 signals were removed:
~/Verilog/bin/cupl2v.pl M102AX.PLD >vv || (rm vv; exit 1)
mv vv M102A.v
rm M102AX.PLD
