~/Verilator/bin/topld.pl M710X
info: cpol_use ne cpol_use20_8axial
info: cpol_use ne cpol_use20_8axial
info: cpol_use ne cpol_use20_8axial
info: cpol_use ne cpol_use20_8axial
info: cpol_use ne cpol_use20_8axial
info: 1n4154 ne 1n4004
warning: making d1/1n4154/ a connector
info: 1n4154 ne 1n4004
warning: making d2/1n4154/ a connector
info: 1n4154 ne 1n4004
warning: making d3/1n4154/ a connector
info: 9601 ne e12_8
warning: making e10/9601/ a connector
info: 7430n ne dil14
info: 7440 ne 7420n
info: 7400n ne dil14
info: 9601 ne e12_8
warning: making e15/9601/ a connector
info: 7404n ne dil14
info: 9601 ne e12_8
warning: making e5/9601/ a connector
info: 7404n ne dil14
info: 7400n ne dil14
info: dec6534d ne 2n2905
warning: making q1/dec6534d/ a connector
info: dec6534d ne 2n2905
warning: making q2/dec6534d/ a connector
info: 50k ne trim_eu_rj6
warning: making r4/50k/ a connector
info: double ne e12_8
warning: making u$2/double/ a connector
warning: non-bypass capacitor deleted: c22
warning: non-bypass capacitor deleted: c23
warning: non-bypass capacitor deleted: c24
warning: non-bypass capacitor deleted: c25
warning: non-bypass capacitor deleted: c26
unexpected OC output: n_t_15x at /home/vrs/Verilator/bin/topld.pl line 2034, <INPUT> line 1373.
unexpected OC output: n_t_3x at /home/vrs/Verilator/bin/topld.pl line 2034, <INPUT> line 1373.
unexpected OC output: n_t_15x at /home/vrs/Verilator/bin/topld.pl line 2034, <INPUT> line 1373.
unexpected OC output: iop_02 at /home/vrs/Verilator/bin/topld.pl line 2034, <INPUT> line 1373.
warning: non-pullup resistor deleted: r6
warning: non-pullup resistor deleted: r11
