~/Verilog/bin/smaller.pl M706H.PLD >vv || (rm vv; exit 1)
12 signals were removed:
  in_last_l: !in_last
  n_t_22x: !shift
  n_t_23x: !n_t_12x
  n_t_28x: !spike
  n_t_33x: !n_t_5x
  n_t_34x: !in_last
  n_t_38x: !n_t_39x
  n_t_39x: !serial_l
  n_t_42x: !io_clear_l
  n_t_43x: !n_t_26x
  n_t_48x: 'b'1
  n_t_49x: !n_t_9x
~/Verilog/bin/smaller.pl vv >M706HX.PLD || (rm M706HX.PLD; exit 1)
1 signals were removed:
  n_t_39x: !serial_l
~/Verilog/bin/cupl2v.pl M706HX.PLD >vv || (rm vv; exit 1)
mv vv M706H.v
rm M706HX.PLD
