
 18-AUG-76

XPLOT.FT 	0007	1	12-JUL-72
PLOT.FT  	0010	1	12-JUL-72
DELTA.FT 	0011	5	12-JUL-72
PLOTS.FT 	0016	1	12-JUL-72
FIDES.FT 	0017	5	25-SEP-72
TEPLOT.FT	0024	1	12-JUL-72
PLCODE.TX	0025	4	13-JUL-72
PLBYTE.FT	0031	2	12-JUL-72
FITEST.FT	0033	4	12-JUL-72
FITEST.LD	0037	11	14-JUL-72
TESTEN.DA	0052	21	14-JUL-72
PLOT1.PL 	0077	22	26-SEP-72
PLOT2.PL 	0125	8	26-SEP-72
PLOT3.PL 	0135	4	26-SEP-72
FIBYTE.FT	0141	2	25-SEP-72
FIGETB.FT	0143	2	25-SEP-72
FIDELT.FT	0145	4	25-SEP-72
FIUNPK.FT	0151	6	25-SEP-72
FIGETD.FT	0157	2	25-SEP-72
FIPLOT.FT	0161	11	25-SEP-72
UNPACK.FT	0174	3	26-SEP-72
LOAD.BI  	0177	1	26-SEP-72
LOADT.BI 	0200	1	26-SEP-72
PLNPEN.RL	0201	2	14-AUG-72
PLCROT.RL	0203	3	14-AUG-72
PLFRAM.RL	0206	3	14-AUG-72
PLTPLT.RL	0211	8	20-AUG-72
PLTDEV.RL	0221	3	14-AUG-72
PLTPIC.RL	0224	4	14-AUG-72
PLDASH.RL	0230	3	14-AUG-72
PLCSIZ.RL	0233	3	14-AUG-72
PLWIND.RL	0236	3	14-AUG-72
XXPLOT.RL	0241	3	18-AUG-72
CCFONT.DA	0244	19	20-AUG-72
XXPLOT.TX	0267	10	26-SEP-72
PLOT1.DA 	0301	83	26-SEP-72
CHRTST.BI	0424	1	20-OCT-72
FIBYTE.RL	0425	3	23-OCT-72
FIGETB.RL	0430	2	23-OCT-72
FIDELT.RL	0432	4	23-OCT-72
FIUNPK.RL	0436	4	23-OCT-72
FIGETD.RL	0442	3	23-OCT-72
FIPLOT.RL	0445	7	23-OCT-72
UNPACK.RL	0454	4	23-OCT-72
CHRFNT.BI	0460	1	24-OCT-72
CHRFNT.FT	0461	4	25-OCT-72
CHRTST.FT	0465	4	27-OCT-72
DEMO.DA  	0471	164	1-JUN-72
DEMO1.DA 	0735	4	8-JUL-72
DEMOUV.DA	0741	56	6-FEB-72
DEMOFI.DA	1031	164	1-JUN-72
FIDES.WY 	1275	5	23-JAN-72
UNIVAC.WY	1302	6	23-JAN-72
<empty>  	1310	25	

