
 25-FEB-76

SD8SY.BN 	0007	2	27-NOV-74
SD8X.PA  	0011	22	20-OCT-70
CCL.BN   	0037	20	10-JAN-70
TDBLKP.BN	0063	2	23-NOV-69
<empty>  	0065	1	
SD8ABS.AB	0066	3	22-OCT-74
MDR.PA   	0071	16	9-MAR-75
SD8C.BN  	0111	2	18-MAR-75
NUDATE.BN	0113	1	7-JAN-70
SD8SY.PA 	0114	24	20-OCT-70
FIXTAB.PA	0144	13	15-AUG-75
MDR.BN   	0161	2	9-MAR-75
KL8EY.BN 	0163	2	9-MAR-70
ASCII.LS 	0165	2	8-MAR-70
<empty>  	0167	1	
KL8EY.PA 	0170	37	9-MAR-70
KL8EX.PA 	0235	37	9-MAR-70
<empty>  	0302	5	
SYMB.    	0307	3	22-OCT-74
KL8E.PA  	0312	38	20-DEC-73
L180V3.PA	0360	13	24-SEP-74
SD8COM.CO	0375	29	18-MAR-75
SD8COM.JU	0432	31	18-MAR-75
MDR.FC   	0471	1	9-MAR-75
M43NS3.PA	0472	10	20-OCT-70
SLFLD.PA 	0504	2	17-NOV-74
DISPV3.PA	0506	17	3-JAN-75
MOD43.PA 	0527	10	16-NOV-74
BLOV43.PA	0541	12	16-NOV-74
FPSR.PA  	0555	9	22-APR-74
SILPV3.PA	0566	12	24-SEP-74
M43SY3.PA	0602	11	20-OCT-70
SIBOOT.PA	0615	1	2-NOV-74
CCL.PA   	0616	137	10-JAN-70
SD8D.BN  	1027	2	18-MAR-75
HEXBOX.BN	1031	2	10-MAR-70
KL8E1.PA 	1033	38	6-JUN-75
HEXBOX.PA	1101	20	10-MAR-70
TDBLKP.PA	1125	11	23-NOV-69
SD8A.BN  	1140	2	15-MAR-75
RESORW.PA	1142	72	22-AUG-75
BOOTW.PA 	1252	18	26-AUG-75
TALLY.PA 	1274	7	15-NOV-74
NUDATE.PA	1303	8	7-JAN-70
<empty>  	1313	1	
TDBLKP.SV	1314	10	25-SEP-76
TTRP.PA  	1326	9	24-FEB-69
SD8B.BN  	1337	2	18-MAR-75

