
 18-AUG-76

BLV3SI.SV	0070	33	26-FEB-69
FOCNEW.SV	0131	37	6-SEP-75
STECO.SV 	0176	12	30-OCT-76
PAL8.SV  	0212	16	16-OCT-75
DIRV82.SV	0232	6	10-MAR-75
ABSLDR.SV	0240	5	15-JAN-74
SIBOOT.SV	0245	2	2-NOV-74
EPIC.SV  	0247	14	18-JAN-74
BLV3TD.SV	0265	33	15-AUG-69
SISYS.SY 	0326	50	15-AUG-69
FOS8.SV  	0410	32	15-APR-69
BITMAP.SV	0450	5	18-JAN-74
BOOT.SV  	0455	5	26-AUG-75
BATCH.SV 	0462	10	8-NOV-76
RESORC.SV	0474	10	22-AUG-75
PIP.SV   	0506	11	2-SEP-75
FOTP.SV  	0521	8	1-SEP-75
DIRECT.SV	0531	7	1-SEP-75
M43TST.SV	0540	12	17-NOV-74
BUILD.SV 	0554	33	2-SEP-75
VENUSW.SV	0615	8	30-OCT-76
BLV3SD.SV	0625	33	15-AUG-69
CCL.SV   	0666	17	2-SEP-75
TEST.43  	0707	17	17-MAR-76
TECO.SV  	0730	12	30-OCT-76
TDCOPY.SV	0744	7	18-JAN-74
TDFORM.SV	0753	9	26-JAN-75
SDSYS.SY 	0764	50	15-AUG-69
L645.BN  	1046	1	8-SEP-72
LIB8.BN  	1047	24	8-SEP-72
LIBSET.BN	1077	4	8-SEP-72
FPSR.BN  	1103	1	14-JUN-72
TC08.BN  	1104	2	8-SEP-72
SIMLPT.BN	1106	2	14-JUN-72
DISP.BN  	1110	2	29-MAY-74
PT8E.BN  	1112	1	8-SEP-72
TD8EA.BN 	1113	2	8-SEP-72
TD8EB.BN 	1115	2	8-SEP-72
TD8EC.BN 	1117	2	8-SEP-72
TD8ED.BN 	1121	2	8-SEP-72
LINC.BN  	1123	2	8-SEP-72
ASR33.BN 	1125	1	8-SEP-72
LSPT.BN  	1126	1	8-SEP-72
LP08.BN  	1127	1	8-SEP-72
LS8E.BN  	1130	1	8-SEP-72
RK8.BN   	1131	1	8-SEP-72
CR8E.BN  	1132	2	8-SEP-72
<empty>  	1134	133	

