
 18-AUG-76

BLOAD.SV 	0007	8	21-JUL-69
BRTS.SV  	0017	15	17-AUG-70
BASIC.AF 	0036	4	17-AUG-70
BASIC.SF 	0042	4	21-JUL-69
BASIC.FF 	0046	4	21-JUL-69
BASIC.UF 	0052	4	22-SEP-70
TECO.SV  	0056	22	17-AUG-70
BATCH.SV 	0104	10	5-JUL-69
RESEQ.BA 	0116	6	21-JUL-69
FUTIL.SV 	0124	26	20-SEP-70
EABRTS.BN	0156	24	21-JUL-69
KREF.SV  	0206	12	16-AUG-69
MACERR.SV	0222	19	23-JUL-70
MACOVR.SV	0245	29	23-JUL-70
MACREL.SV	0302	36	23-JUL-70
LINK.SV  	0346	41	16-AUG-69
F4.SV    	0417	20	17-AUG-70
PASS2.SV 	0443	20	21-JUL-69
PASS2O.SV	0467	5	21-JUL-69
PASS3.SV 	0474	8	17-AUG-70
RALF.SV  	0504	19	5-JUL-69
LOAD.SV  	0527	16	5-JUL-69
FRTS.SV  	0547	26	22-SEP-70
LIBRA.SV 	0601	11	5-JUL-69
FORLIB.RL	0614	170	5-JUL-69
SET.SV   	1066	16	23-JUL-70
RUNOFF.SV	1106	27	22-SEP-70
STECO.SV 	1141	22	16-AUG-70
HEADER.SV	1167	14	14-FEB-70
HELP.HL  	1205	57	22-SEP-70
CHEKMO.SV	1276	15	1-JAN-76
OCOMP.SV 	1315	8	3-APR-70
COSMOS.SV	1325	2	25-SEP-74
<empty>  	1327	10	

