
 25-FEB-76

TSKLIB.M8	0007	71	23-OCT-70
BOOBLK.M8	0116	1	23-OCT-70
SWPFIL.M8	0117	256	23-OCT-70
ABSLDR.SV	0517	5	1-JUN-69
CCL.SV   	0524	18	3-MAY-70
FOTP.SV  	0546	8	20-SEP-70
DIRECT.SV	0556	7	15-AUG-70
EDIT.SV  	0565	10	22-SEP-70
PAL8.SV  	0577	19	20-SEP-70
CREF.SV  	0622	13	23-JUL-70
PIP.SV   	0637	11	5-JUL-69
BOOT.SV  	0652	5	5-JUL-69
LOADER.SV	0657	12	5-JUL-69
SABR.SV  	0673	24	5-JUL-69
FORT2.SV 	0723	25	5-JUL-69
RESORC.SV	0754	10	5-JUL-69
LIBSET.SV	0766	5	5-JUL-69
BUILD.SV 	0773	33	21-JUL-69
SRCCOM.SV	1034	5	5-JUL-69
BITMAP.SV	1041	5	5-JUL-69
DTCOPY.SV	1046	5	5-JUL-69
TDCOPY.SV	1053	7	5-JUL-69
DTFRMT.SV	1062	7	5-JUL-69
TDFRMT.SV	1071	9	5-JUL-69
RXCOPY.SV	1102	6	5-JUL-69
MCPIP.SV 	1110	13	5-JUL-69
CAMP.SV  	1125	13	5-JUL-69
EPIC.SV  	1142	14	5-JUL-69
PIP10.SV 	1160	17	5-JUL-69
HELP.SV  	1201	8	5-JUL-69
LIB8.RL  	1211	29	5-JUL-69
BSDDRT.SV	1246	33	23-OCT-70
BASIC.SV 	1307	9	22-SEP-70
BCOMP.SV 	1320	17	21-JUL-69

