
 25-FEB-76

ABSLDR.SV	0007	6	9-JUL-71
FRTS.SV  	0015	26	26-JUN-72
CCL.SV   	0047	40	8-DEC-71
BUILD.SV 	0117	23	9-JUL-71
RESORC.SV	0146	16	15-JAN-72
BOOT.SV  	0166	5	3-MAR-72
RXCOPY.SV	0173	9	1-JUL-71
RLFRMT.SV	0204	7	1-JUL-71
FUTIL.SV 	0213	27	1-JUL-71
PAL8.SV  	0246	19	1-JUL-71
EDIT.SV  	0271	10	31-AUG-71
FOTP.SV  	0303	8	24-JAN-72
DPF.SV   	0313	31	29-FEB-72
SRCCOM.SV	0352	5	9-JUL-71
BITMAP.SV	0357	5	1-JUL-71
DPFK.SV  	0364	31	29-FEB-72
CREF.SV  	0423	14	9-JUL-71
KREF.SV  	0441	12	19-JAN-71
MACREL.SV	0455	83	19-JAN-71
LINK.SV  	0600	55	19-JAN-71
RKLFMT.SV	0667	9	9-JUL-71
DIRECT.SV	0700	7	3-FEB-72
HELP.SV  	0707	8	9-JUL-71
BATCH.SV 	0717	17	3-FEB-72
WI.TE    	0740	2	9-JUL-71
CHECK8.SV	0742	15	25-NOV-71
TECO.IN  	0761	1	26-NOV-71
PIP.SV   	0762	11	24-JAN-72
BESETZ.TE	0775	8	29-NOV-71
TECKBM.TE	1005	2	26-NOV-71
VT100.TE 	1007	5	3-DEC-71
GLOBL.SV 	1014	4	14-FEB-71
COMPIP.SV	1020	8	30-SEP-71
BLMRL0.SV	1030	37	6-JUL-72
DHKMC8.SV	1075	14	14-NOV-71
SHSAVE.SV	1113	6	16-NOV-71
TODAY.   	1121	1	28-FEB-72
RALF.SV  	1122	19	22-MAR-71
OCOMP.SV 	1145	8	4-FEB-72
DHKMA8.SV	1155	17	13-NOV-71
VTEDIT.TE	1176	5	6-DEC-71
TECO.SV  	1203	32	16-JUN-72
TECO.TE  	1243	1	26-NOV-71
TECHLP.TX	1244	26	4-DEC-71
XCL.SV   	1276	9	4-FEB-72
SET.SV   	1307	17	4-FEB-72
<empty>  	1330	9	

