
 18-AUG-76

DCP.SV   	0007	21	21-SEP-70
MASTER.FO	0034	6	28-JAN-71
FRUN.SV  	0042	25	4-FEB-72
TEST.XX  	0073	1	14-JUL-72
BLDRL0.SV	0074	37	23-JAN-72
ACID.SV  	0141	30	6-NOV-70
DM8E30.SV	0177	7	14-MAR-72
DM8E40.SV	0206	7	14-MAR-72
HELP.HL  	0215	71	6-JUL-72
LIB8.RL  	0324	28	3-JUL-72
SABR.SV  	0360	24	5-JUL-69
FORT.SV  	0410	25	5-JUL-69
TDCOPY.SV	0441	7	5-JUL-69
TDFRMT.SV	0450	9	5-JUL-69
BASIC.UF 	0461	4	22-SEP-70
BLOAD.SV 	0465	8	22-JUL-69
BASIC.SF 	0475	4	21-JUL-69
M8RL0.BI 	0501	1	7-DEC-71
FORLIB.RL	0502	189	29-JUN-72
LOGIN.BI 	0777	1	28-FEB-72
LOGOUT.BI	1000	1	26-FEB-72
QUIT.BI  	1001	1	26-FEB-72
BCOMP.SV 	1002	17	21-JUL-69
BRTS.SV  	1023	15	17-AUG-70
BASIC.FF 	1042	4	21-JUL-69
BASIC.AF 	1046	4	17-AUG-70
BASIC.SV 	1052	9	22-SEP-70
PASS3.SV 	1063	8	17-AUG-70
F4.SV    	1073	20	17-AUG-70
LIBRA.SV 	1117	11	2-NOV-70
PASS2O.SV	1132	5	21-JUL-69
LOAD.SV  	1137	16	5-JUL-69
PASS2.SV 	1157	20	21-JUL-69
DJKKA8.SV	1203	10	13-NOV-71
LOADER.SV	1215	12	3-JUL-72
LIBSET.SV	1231	5	5-JUL-69
FCODE.SV 	1236	20	12-MAR-71
FCOMP.SV 	1262	20	12-MAR-71
FCODEO.SV	1306	5	12-MAR-71
GENRL0.BI	1313	6	6-JUL-72
CONRL0.PA	1321	5	6-JUL-72
RANDIS.FO	1326	1	24-JAN-71
FPPTST.SV	1327	6	25-MAR-72
IAND.RA  	1335	3	25-MAR-74
<empty>  	1340	1	

