~/Verilog/bin/topld.pl M8416C
info: cpol_use ne cpol_use20_8axial
info: cpol_use ne cpol_use20_8axial
info: cpol_use ne cpol_use20_8axial
info: cpol_use ne cpol_use20_8axial
info: cpol_use ne cpol_use20_8axial
info: 1n5711 ne diode_do35_10
warning: making d1/1n5711/ a connector
info: spare ne dil16s
info: 74368n ne dil16
info: 74367n ne dil16
info: 74175n ne dil16
info: 74174n ne dil16
info: 74367n ne dil16
info: 74367n ne dil16
info: 74368n ne dil16
info: 74367n ne dil16
info: 74175n ne dil16
info: dec23010c6 ne 82s100
warning: making e109/dec23010c6/ a connector
info: ds8640n ne dil14
info: 74175n ne dil16
info: dec23621a9 ne 74s571
warning: making e111/dec23621a9/ a connector
info: dec23621a9 ne 74s571
warning: making e112/dec23621a9/ a connector
info: dec23442a2 ne 74s287
warning: making e113/dec23442a2/ a connector
info: dec23621a9 ne 74s571
warning: making e114/dec23621a9/ a connector
info: 7404n ne dil14
info: 74175n ne dil16
info: 74175n ne dil16
info: ds8641n ne dil16
info: 74139n ne dil16
info: ds8641n ne dil16
info: dec23007c6 ne 82s100
warning: making e14/dec23007c6/ a connector
info: 74174n ne dil16
info: dec23008c6 ne 82s100
warning: making e16/dec23008c6/ a connector
info: 74174n ne dil16
info: 7400n ne dil14
info: n8881n ne dil14
info: 7404n ne dil14
info: 7401n ne dil14
info: 7410n ne dil14
info: 7404n ne dil14
info: 74258n ne dil16
info: 7410n ne dil14
info: ds8640n ne dil14
info: 74ls75n ne 7475n
info: 7411n ne dil14
info: dec23440a2 ne 74s287
warning: making e28/dec23440a2/ a connector
info: 7402n ne dil14
info: ds8640n ne dil14
info: 7430n ne dil14
info: 74154n ne dil24_6
info: 7474n ne dil14
info: 7408n ne dil14
info: 7442n ne dil16
info: 74175n ne dil16
info: 7420n ne dil14
info: 74367n ne dil16
info: 7437n ne dil14
info: 7404n ne dil14
info: n8881n ne dil14
info: spare ne dil16s
info: ds8640n ne dil14
info: n8881n ne dil14
info: 7420n ne dil14
info: 7404n ne dil14
info: ds8641n ne dil16
info: 74175n ne dil16
info: 7402n ne dil14
info: 7402n ne dil14
info: 7410n ne dil14
info: 7404n ne dil14
info: 7400n ne dil14
info: ds8640n ne dil14
info: sp384n ne dil14
info: sp384n ne dil14
info: 7400n ne dil14
info: 74367n ne dil16
info: 7410n ne dil14
info: 7400n ne dil14
info: 7404n ne dil14
info: 7474n ne dil14
info: 7400n ne dil14
info: 7474n ne dil14
info: ds8640n ne dil14
info: 7474n ne dil14
info: 7402n ne dil14
info: 7474n ne dil14
info: 7400n ne dil14
info: 7408n ne dil14
info: 7485n ne dil16
info: mc8266 ne dil16
info: 7404n ne dil14
info: 7400n ne dil14
info: ds8640n ne dil14
info: sp384n ne dil14
info: dec23441a2 ne 74s287
warning: making e74/dec23441a2/ a connector
info: sp384n ne dil14
info: 7474n ne dil14
info: 74221n ne dil16
warning: making e77/sn74221/ a connector
info: 7485n ne dil16
info: mc8266 ne dil16
info: n8881n ne dil14
info: dec23211a1 ne 74s288
warning: making e80/dec23211a1/ a connector
info: dec23009c6 ne 82s100
warning: making e81/dec23009c6/ a connector
info: 74s189 ne 7489
info: 74367n ne dil16
info: 74367n ne dil16
info: 74174n ne dil16
info: 74368n ne dil16
info: dec23442a2 ne 74s287
warning: making e87/dec23442a2/ a connector
info: 74174n ne dil16
info: 74148n ne dil16
info: 7420n ne dil14
info: 74367n ne dil16
info: 7410n ne dil14
info: 74175n ne dil16
info: 7400n ne dil14
info: 74368n ne dil16
info: 74368n ne dil16
info: header ne 10h
warning: making j1/header/ a connector
info: 2n3009 ne _npn_to5
warning: making q1/2n3009/ a connector
info: hex ne edge_con12
warning: making u$1/hex/ a connector
warning: non-bypass capacitor deleted: c12
warning: non-bypass capacitor deleted: c19
~/Verilog/bin/smaller.pl M8416C.PLD >vv || (rm vv; exit 1)
85 signals were removed:
  gdollar_10: 'b'0
  gdollar_11: p1_us0
  gdollar_9: 'b'0
  n_t_102x: !n_t_103x
  n_t_107x: !p4_jmp_or_jms
  n_t_108x: !mams_ld_ctl
  n_t_110x: !p4_cksv
  n_t_126x: !n_t_101x
  n_t_127x: !ir1_l
  n_t_128x: !internal_io
  n_t_131x: !p4_gtf_l
  n_t_132x: !p4_fatal_lp_0_rp
  n_t_134x: !n_t_112x
  n_t_138x: !p4_cuf_l
  n_t_13x: !p1_over
  n_t_147x: !p4_new_fld
  n_t_148x: !p4_lxa
  n_t_156x: !n_t_159x
  n_t_158x: !n_t_157x
  n_t_160x: !n_t_163x
  n_t_161x: !n_t_162x
  n_t_165x: ind1_l
  n_t_166x: !n_t_165x
  n_t_170x: !p4_rmf_l
  n_t_171x: !p4_suf_l
  n_t_26x: !link_l
  n_t_28x: !la_en_l
  n_t_30x: !p3_bts3
  n_t_41x: !p4_new_fld
  n_t_43x: !p3_bd6
  n_t_44x: !p3_bd7
  n_t_45x: !p3_bd8
  n_t_46x: ema2_l
  n_t_47x: ema1_l
  n_t_48x: ema0_l
  n_t_56x: !p2_suf_out
  n_t_70x: !rd11_l
  n_t_71x: !rd8_l
  n_t_75x: !rd9_l
  n_t_76x: !rd10_l
  n_t_78x: !rd6_l
  n_t_79x: !rd7_l
  n_t_80x: !rd5_l
  n_t_81x: !rd4_l
  n_t_82x: !rd3_l
  n_t_83x: !rd2_l
  n_t_84x: !rd1_l
  n_t_85x: !rd0_l
  n_t_86x: !p4_mbc_l
  n_t_88x: !pause_l
  n_t_94x: !p4_sint_l
  n_t_95x: !n_t_96x
  p2_emaen_l: !p2_emaen
  p2_enbs_l: !p2_elar_l
  p2_int_l: !p4_int
  p3_binit: initialize
  p3_binit_l: !p3_binit
  p3_bm0: !md00_l
  p3_bm0_l: !p3_bm0
  p3_bm1: !md01_l
  p3_bm11_l: !p3_bm11
  p3_bm2_l: !p3_bm2
  p3_bm3_l: !p3_bm3
  p3_bm4_l: !p3_bm4
  p3_bm9_l: !p3_bm9
  p3_bpla: pulse_la
  p3_btp1: tp1
  p3_btp2: tp2
  p3_btp2_l: !p3_btp2
  p3_btp3: !p3_btp3_l
  p3_btp3_l: !tp3
  p3_btp4: tp4
  p3_bts3: !ts3_l
  p4_init_en: !p4_init_en_l
  p4_int_in_prog: !int_in_prog_l
  p4_plxa: !p4_plxa_l
  p4_usint: !p4_usint_l
  p6_bind2: ind2_l
  p6_dioi_l: !p6_dioi
  p6_ebm_l: !p6_ebm
  p6_eem_l: !p6_eem
  p6_en5_l: !p6_en5
  p6_en9_l: !p6_en9
  p6_prup: !p6_prup_l
  p6_rvfen_l: !p6_rvfen
~/Verilog/bin/smaller.pl vv >M8416CX.PLD || (rm M8416CX.PLD; exit 1)
2 signals were removed:
  p3_binit: initialize
  p3_btp3_l: !tp3
~/Verilog/bin/cupl2v.pl M8416CX.PLD >vv || (rm vv; exit 1)
OE qualifier on FF output gdollar_0 at /home/vrs/Verilog/bin/cupl2v.pl line 224, <INPUT> line 2645.
../Makefile:29: recipe for target 'M8416C.v' failed
make: *** [M8416C.v] Error 1
rm M8416CX.PLD
