~/Verilog/bin/topld.pl M660X
info: pn3569 ne 2n2219
warning: making q1/pn3569/ a connector
info: pn3569 ne 2n2219
warning: making q2/pn3569/ a connector
info: pn3569 ne 2n2219
warning: making q3/pn3569/ a connector
info: pn3569 ne 2n2219
warning: making q4/pn3569/ a connector
info: pn3569 ne 2n2219
warning: making q5/pn3569/ a connector
info: pn3569 ne 2n2219
warning: making q6/pn3569/ a connector
info: edge_1 ne edge_con1
warning: making u$3/edge_1/ a connector
unexpected OC output: n_t_22x at /home/vrs/Verilog/bin/topld.pl line 2088, <INPUT> line 332.
unexpected OC output: n_t_19x at /home/vrs/Verilog/bin/topld.pl line 2088, <INPUT> line 332.
~/Verilog/bin/smaller.pl M660X.PLD >vv || (rm vv; exit 1)
0 signals were removed:
~/Verilog/bin/smaller.pl vv >M660XX.PLD || (rm M660XX.PLD; exit 1)
0 signals were removed:
~/Verilog/bin/cupl2v.pl M660XX.PLD >vv || (rm vv; exit 1)
mv vv M660X.v
rm M660XX.PLD
