~/Verilog/bin/topld.pl M105X
info: 7400n ne dil14
info: am26s10 ne dil16
info: am26s10 ne dil16
info: am26s10 ne dil16
info: 74266n ne dil14
info: am26s10 ne dil16
info: am26s10 ne dil16
info: 7438n ne dil14
info: 74266n ne dil14
info: am26s10 ne dil16
info: am26s10 ne dil16
info: 74139n ne dil16
info: 74266n ne dil14
info: 1k ne g10r
warning: making rn1/1k/ a connector
info: sw_dip_10 ne edg_10
warning: making sw1/sw_dip_10/ a connector
info: single ne edge_con2
warning: making u$1/single/ a connector
warning: non-bypass capacitor deleted: c15
~/Verilog/bin/smaller.pl M105X.PLD >vv || (rm vv; exit 1)
1 signals were removed:
  n_t_46x: !n_t_31x
~/Verilog/bin/smaller.pl vv >M105XX.PLD || (rm M105XX.PLD; exit 1)
0 signals were removed:
~/Verilog/bin/cupl2v.pl M105XX.PLD >vv || (rm vv; exit 1)
mv vv M105X.v
rm M105XX.PLD
