
 25-FEB-76

80870.PA 	0007	19	19-SEP-71
80643.FT 	0032	9	28-JUN-73
INIT.CM  	0043	1	18-JUL-72
PASCAL.PA	0044	364	25-AUG-73
WURZEL.PS	0620	1	4-DEC-71
PASCAL.PS	0621	1	4-DEC-71
KURVE.PS 	0622	1	4-DEC-71
SYNTAX.PS	0623	2	12-FEB-72
PERMUT.V1	0625	4	12-FEB-72
QUADRW.PS	0631	1	14-FEB-72
ZWEIER.PS	0632	2	14-FEB-72
UGURT.PS 	0634	1	26-FEB-72
COPY.PS  	0635	1	28-FEB-72
BUCHST.PS	0636	2	28-FEB-72
FEXAKT.PS	0640	2	28-FEB-72
INTEGR.PS	0642	4	28-FEB-72
PERMUT.V2	0646	3	28-FEB-72
INVEST.PS	0651	4	28-FEB-72
PLOTES.PS	0655	4	28-FEB-72
CONV16.PS	0661	2	28-FEB-72
POWER.PS 	0663	1	3-FEB-72
SUMMIN.PS	0664	3	3-FEB-72
BKOEFF.PS	0667	2	3-MAR-72
PRIMF.PS 	0671	1	4-MAR-72
DIVIDE.PS	0672	1	4-MAR-72
POSTFI.PS	0673	2	4-MAR-72
KNOBEL.PS	0675	3	6-MAR-72
KNIGHT.PS	0700	4	6-MAR-72
ARITHM.PS	0704	4	6-MAR-72
GLERR.PS 	0710	1	7-MAR-72
BIORYT.PS	0711	9	18-NOV-72
PERMUT.PS	0722	4	12-FEB-72
ZAHLWO.PS	0726	5	3-MAR-72
PART.PS  	0733	2	6-MAR-72
WORTE.PS 	0735	4	13-MAR-72
PRIMZA.PS	0741	3	13-MAR-72
EEXAKT.PS	0744	4	18-MAR-72
REGRES.PS	0750	6	21-MAR-72
PASCAL.HL	0756	3	18-JUL-72
GAUSS.PS 	0761	4	13-MAR-72
MSTREE.PS	0765	6	13-MAR-72
RANDOM.PS	0773	2	13-MAR-72
AEGYPT.PS	0775	1	10-OCT-72
NEWTON.PS	0776	4	18-MAR-72
INTEGR.V2	1002	4	18-MAR-72
PERMUT.V3	1006	3	21-MAR-72
PERMUT.V4	1011	4	24-MAR-72
SPLINE.PS	1015	6	25-MAR-72
REGRES.V1	1023	6	25-MAR-72
ASCII.PS 	1031	2	13-FEB-73
BAIRST.PS	1033	7	25-MAR-72
DODEKA.PS	1042	20	22-MAY-72
BSPS.PS  	1066	7	27-MAR-72
DATUM.PS 	1075	5	21-OCT-72
STRING.PS	1102	1	13-FEB-73
MODTST.PS	1103	1	10-APR-72
KREUZ.PS 	1104	4	17-APR-72
HILBER.PS	1110	4	19-APR-72
ROSS.PS  	1114	4	6-DEC-72
QUAGL.PS 	1120	2	21-OCT-72
SEARCH.PS	1122	2	8-MAY-72
QSORT.PS 	1124	2	14-MAY-72
WUERFL.PS	1126	15	20-MAY-72
DRACHE.PS	1145	5	30-MAY-72
PSEUDO.PS	1152	2	13-FEB-73
KOMBI.PS 	1154	2	13-JUN-72
ALTREE.PS	1156	7	27-AUG-72
INTEGR.V3	1165	4	27-SEP-72
VARIA.PS 	1171	2	27-SEP-72
KOMBI.V1 	1173	2	30-SEP-72
EREIHE.PS	1175	1	3-OCT-72
PIXAKT.PS	1176	11	12-JUN-73
WEXAKT.PS	1211	9	25-AUG-73
CONFIG.PA	1222	5	19-JUN-71
CONFIG.PS	1227	5	1-OCT-73
<empty>  	1234	69	

