
 18-AUG-76

ISAM.02  	0007	39	2-AUG-72
DUMP.02  	0056	31	2-AUG-72
WOISAM.01	0115	13	2-AUG-72
MULTI.03 	0132	13	2-AUG-72
SORT.02  	0147	61	6-SEP-72
BLURB.04 	0244	108	3-AUG-72
MACSYS.MA	0420	130	5-OCT-75
MACLIB.MA	0622	4	5-OCT-75
SCURA.MA 	0626	4	28-DEC-74
STADAT.MA	0632	3	17-DEC-74
SMOD1.MA 	0635	2	28-JAN-75
SCUCHA.MA	0637	3	4-FEB-75
SSTATA.MA	0642	4	5-JAN-75
SSTATS.MA	0646	3	5-JAN-75
SADM3.MA 	0651	1	5-JAN-75
SWINDO.MA	0652	3	5-JAN-75
STERES.MA	0655	3	5-JAN-75
SCULIN.MA	0660	3	5-JAN-75
SCURPO.MA	0663	3	5-JAN-75
SCUREL.MA	0666	3	5-JAN-75
SSCFIL.MA	0671	3	5-JAN-75
SCURSO.MA	0674	2	5-JAN-75
SCLEAR.MA	0676	3	6-JAN-75
SJANEI.MA	0701	3	5-APR-74
SSPACE.MA	0704	2	20-JUN-75
SIMULT.MA	0706	4	20-JUN-75
STYPEC.MA	0712	3	20-JUN-75
SCRLF.MA 	0715	2	20-JUN-75
STHOLA.MA	0717	4	20-JUN-75
SZEIL.MA 	0723	6	1-JUL-75
SALLVA.MA	0731	4	11-APR-75
SDIVIS.MA	0735	7	20-JUN-75
SSTRBE.MA	0744	6	15-MAR-75
MACEND.MA	0752	5	5-OCT-75
CURLIB.MA	0757	30	11-APR-75
SMODE.MA 	1015	2	28-JAN-75
SBEWER.MA	1017	19	12-AUG-75
SDECAU.MA	1042	7	15-AUG-75
SDAU2A.MA	1051	3	15-AUG-75
SDAUS2.MA	1054	3	15-AUG-75
SDAUS4.MA	1057	4	15-AUG-75
SRUBOU.MA	1063	2	17-AUG-75
SDAUS5.MA	1065	4	15-AUG-75
SWAIT.MA 	1071	3	15-AUG-75
SLIEST.MA	1074	3	15-AUG-75
SAM10.MA 	1077	4	15-AUG-75
SZUWEI.MA	1103	4	15-AUG-75
SVERZW.MA	1107	4	15-AUG-75
STEXAU.MA	1113	14	17-AUG-75
SFUELL.MA	1131	6	19-SEP-75
<empty>  	1137	130	

