~/Verilog/bin/topld.pl M624A
info: 1n3606 ne 1n4148do35_10
warning: making d1/1n3606/ a connector
info: 1n3606 ne 1n4148do35_10
warning: making d10/1n3606/ a connector
info: 1n3606 ne 1n4148do35_10
warning: making d11/1n3606/ a connector
info: 1n3606 ne 1n4148do35_10
warning: making d12/1n3606/ a connector
info: 1n3606 ne 1n4148do35_10
warning: making d13/1n3606/ a connector
info: 1n3606 ne 1n4148do35_10
warning: making d14/1n3606/ a connector
info: 1n3606 ne 1n4148do35_10
warning: making d15/1n3606/ a connector
info: 1n3606 ne 1n4148do35_10
warning: making d2/1n3606/ a connector
info: 1n3606 ne 1n4148do35_10
warning: making d3/1n3606/ a connector
info: 1n3606 ne 1n4148do35_10
warning: making d4/1n3606/ a connector
info: 1n3606 ne 1n4148do35_10
warning: making d5/1n3606/ a connector
info: 1n3606 ne 1n4148do35_10
warning: making d6/1n3606/ a connector
info: 1n3606 ne 1n4148do35_10
warning: making d7/1n3606/ a connector
info: 1n3606 ne 1n4148do35_10
warning: making d8/1n3606/ a connector
info: 1n3606 ne 1n4148do35_10
warning: making d9/1n3606/ a connector
info: 7402n ne dil14
info: 7402n ne dil14
info: 7402n ne dil14
info: 7402n ne dil14
info: 2n3009 ne _npn_to39_ebc
warning: making q1/2n3009/ a connector
info: 2n3009 ne _npn_to39_ebc
warning: making q10/2n3009/ a connector
info: 2n3009 ne _npn_to39_ebc
warning: making q11/2n3009/ a connector
info: 2n3009 ne _npn_to39_ebc
warning: making q12/2n3009/ a connector
info: 2n3009 ne _npn_to39_ebc
warning: making q13/2n3009/ a connector
info: 2n3009 ne _npn_to39_ebc
warning: making q14/2n3009/ a connector
info: 2n3009 ne _npn_to39_ebc
warning: making q15/2n3009/ a connector
info: 2n3009 ne _npn_to39_ebc
warning: making q2/2n3009/ a connector
info: 2n3009 ne _npn_to39_ebc
warning: making q3/2n3009/ a connector
info: 2n3009 ne _npn_to39_ebc
warning: making q4/2n3009/ a connector
info: 2n3009 ne _npn_to39_ebc
warning: making q5/2n3009/ a connector
info: 2n3009 ne _npn_to39_ebc
warning: making q6/2n3009/ a connector
info: 2n3009 ne _npn_to39_ebc
warning: making q7/2n3009/ a connector
info: 2n3009 ne _npn_to39_ebc
warning: making q8/2n3009/ a connector
info: 2n3009 ne _npn_to39_ebc
warning: making q9/2n3009/ a connector
info: single ne edge_con2
warning: making u$4/single/ a connector
~/Verilog/bin/smaller.pl M624A.PLD >vv || (rm vv; exit 1)
0 signals were removed:
~/Verilog/bin/smaller.pl vv >M624AX.PLD || (rm M624AX.PLD; exit 1)
0 signals were removed:
~/Verilog/bin/cupl2v.pl M624AX.PLD >vv || (rm vv; exit 1)
mv vv M624A.v
rm M624AX.PLD
