~/Verilog/bin/topld.pl M885E
info: cpol_use ne cpol_use20_8axial
info: cpol_use ne cpol_use20_8axial
info: cpol_use ne cpol_use20_8axial
info: cpol_use ne cpol_use20_8axial
info: cpol_use ne cpol_use20_8axial
info: cpol_use ne cpol_use20_8axial
info: cpol_use ne cpol_use20_8axial
info: cpol_use ne cpol_use20_8axial
info: cpol_use ne cpol_use20_8axial
info: cpol_use ne cpol_use20_8axial
info: cpol_use ne cpol_use20_8axial
info: cpol_use ne cpol_use20_8axial
info: 1n5711 ne diode_do35_10
warning: making d1/1n5711/ a connector
info: d664 ne diode_do35_10
warning: making d10/d664/ a connector
info: d664 ne diode_do35_10
warning: making d11/d664/ a connector
info: d664 ne diode_do35_10
warning: making d12/d664/ a connector
info: d664 ne diode_do35_10
warning: making d13/d664/ a connector
info: d664 ne diode_do35_10
warning: making d14/d664/ a connector
info: d664 ne diode_do35_10
warning: making d15/d664/ a connector
info: d664 ne diode_do35_10
warning: making d16/d664/ a connector
info: d664 ne diode_do35_10
warning: making d17/d664/ a connector
info: d664 ne diode_do35_10
warning: making d18/d664/ a connector
info: d664 ne diode_do35_10
warning: making d19/d664/ a connector
info: fd777 ne diode_do35_10
warning: making d2/fd777/ a connector
info: d664 ne diode_do35_10
warning: making d20/d664/ a connector
info: d664 ne diode_do35_10
warning: making d21/d664/ a connector
info: d664 ne diode_do35_10
warning: making d22/d664/ a connector
info: 1n825 ne zener_diodedo35z10
warning: making d23/1n825/ a connector
info: 1n752a ne zener_diodedo35z10
warning: making d24/1n752a/ a connector
info: d664 ne diode_do35_10
warning: making d25/d664/ a connector
info: d664 ne diode_do35_10
warning: making d26/d664/ a connector
info: 1n825 ne zener_diodedo35z10
warning: making d27/1n825/ a connector
info: 1n825 ne zener_diodedo35z10
warning: making d28/1n825/ a connector
info: 1n752a ne zener_diodedo35z10
warning: making d29/1n752a/ a connector
info: fd777 ne diode_do35_10
warning: making d3/fd777/ a connector
info: 1n5711 ne diode_do35_10
warning: making d30/1n5711/ a connector
info: fd777 ne diode_do35_10
warning: making d31/fd777/ a connector
info: fd777 ne diode_do35_10
warning: making d32/fd777/ a connector
info: 1n5711 ne diode_do35_10
warning: making d33/1n5711/ a connector
info: fd777 ne diode_do35_10
warning: making d34/fd777/ a connector
info: fd777 ne diode_do35_10
warning: making d35/fd777/ a connector
info: 1n5711 ne diode_do35_10
warning: making d36/1n5711/ a connector
info: 1n5711 ne diode_do35_10
warning: making d37/1n5711/ a connector
info: d664 ne diode_do35_10
warning: making d38/d664/ a connector
info: d664 ne diode_do35_10
warning: making d39/d664/ a connector
info: 1n5711 ne diode_do35_10
warning: making d4/1n5711/ a connector
info: d664 ne diode_do35_10
warning: making d40/d664/ a connector
info: d664 ne diode_do35_10
warning: making d41/d664/ a connector
info: d664 ne diode_do35_10
warning: making d42/d664/ a connector
info: d664 ne diode_do35_10
warning: making d43/d664/ a connector
info: d664 ne diode_do35_10
warning: making d44/d664/ a connector
info: d664 ne diode_do35_10
warning: making d45/d664/ a connector
info: d664 ne diode_do35_10
warning: making d46/d664/ a connector
info: d664 ne diode_do35_10
warning: making d47/d664/ a connector
info: d664 ne diode_do35_10
warning: making d48/d664/ a connector
info: d664 ne diode_do35_10
warning: making d49/d664/ a connector
info: fd777 ne diode_do35_10
warning: making d5/fd777/ a connector
info: d664 ne diode_do35_10
warning: making d50/d664/ a connector
info: d664 ne diode_do35_10
warning: making d51/d664/ a connector
info: d664 ne diode_do35_10
warning: making d52/d664/ a connector
info: d664 ne diode_do35_10
warning: making d53/d664/ a connector
info: 1n752a ne zener_diodedo35z10
warning: making d54/1n752a/ a connector
info: 1n752a ne zener_diodedo35z10
warning: making d55/1n752a/ a connector
info: 1n752a ne zener_diodedo35z10
warning: making d56/1n752a/ a connector
info: 1n752a ne zener_diodedo35z10
warning: making d57/1n752a/ a connector
info: fd777 ne diode_do35_10
warning: making d6/fd777/ a connector
info: 1n5711 ne diode_do35_10
warning: making d7/1n5711/ a connector
info: 1n5711 ne diode_do35_10
warning: making d8/1n5711/ a connector
info: d664 ne diode_do35_10
warning: making d9/d664/ a connector
info: 74193n ne dil16
info: 7404n ne dil14
info: dec8235 ne dil16
info: 7404n ne dil14
info: dec8235 ne dil16
info: lm302 ne ad504h
warning: making e14/lm302/ a connector
info: lm302 ne ad504h
warning: making e15/lm302/ a connector
info: mc1439 ne ad504h
warning: making e16/mc1439/ a connector
info: mc1439 ne ad504h
warning: making e17/mc1439/ a connector
info: 74193n ne dil16
info: sp380n ne dil14
info: 74193n ne dil16
info: 74193n ne dil16
info: sp380n ne dil14
info: 74193n ne dil16
info: 74193n ne dil16
info: dec8235 ne dil16
info: edge_top ne edge_con2
warning: making f/edge_top/ a connector
info: edge_top ne edge_con2
warning: making h/edge_top/ a connector
warning: making j1/dec40pinh/ a connector
info: quad ne edge_con8
warning: making omnibus/quad/ a connector
info: 2n3009 ne _npn_to5
warning: making q1/2n3009/ a connector
info: 2n3009 ne _npn_to5
warning: making q10/2n3009/ a connector
info: mps6534 ne _pnp_to5
warning: making q11/mps6534/ a connector
info: 2n4313 ne _pnp_to5
warning: making q12/2n4313/ a connector
info: 2n3009 ne _npn_to5
warning: making q13/2n3009/ a connector
info: mps6534 ne _pnp_to5
warning: making q14/mps6534/ a connector
info: 2n2219 ne _npn_to5
warning: making q15/2n2219/ a connector
info: mps6534 ne _pnp_to5
warning: making q16/mps6534/ a connector
info: 2n2219 ne _npn_to5
warning: making q17/2n2219/ a connector
info: 2n2219 ne _npn_to5
warning: making q18/2n2219/ a connector
info: 2n3009 ne _npn_to5
warning: making q19/2n3009/ a connector
info: 2n3009 ne _npn_to5
warning: making q2/2n3009/ a connector
info: 2n3009 ne _npn_to5
warning: making q20/2n3009/ a connector
info: 2n3009 ne _npn_to5
warning: making q21/2n3009/ a connector
info: 2n3009 ne _npn_to5
warning: making q22/2n3009/ a connector
info: 2n3009 ne _npn_to5
warning: making q23/2n3009/ a connector
info: 2n3009 ne _npn_to5
warning: making q24/2n3009/ a connector
info: 2n3009 ne _npn_to5
warning: making q25/2n3009/ a connector
info: 2n3009 ne _npn_to5
warning: making q26/2n3009/ a connector
info: 2n3009 ne _npn_to5
warning: making q27/2n3009/ a connector
info: 2n3009 ne _npn_to5
warning: making q28/2n3009/ a connector
info: 2n2219 ne _npn_to5
warning: making q29/2n2219/ a connector
info: 2n3009 ne _npn_to5
warning: making q3/2n3009/ a connector
info: mps6534 ne _pnp_to5
warning: making q30/mps6534/ a connector
info: 2n3009 ne _npn_to5
warning: making q4/2n3009/ a connector
info: 2n3009 ne _npn_to5
warning: making q5/2n3009/ a connector
info: 2n3009 ne _npn_to5
warning: making q6/2n3009/ a connector
info: 2n3009 ne _npn_to5
warning: making q7/2n3009/ a connector
info: 2n3009 ne _npn_to5
warning: making q8/2n3009/ a connector
info: 2n3009 ne _npn_to5
warning: making q9/2n3009/ a connector
info: 500 ne trim_eu_s75p
warning: making r116/500/ a connector
info: 100 ne trim_eu_s75p
warning: making r121/100/ a connector
info: 50 ne trim_eu_s75p
warning: making r125/50/ a connector
info: 50 ne trim_eu_s75p
warning: making r129/50/ a connector
info: 20 ne trim_eu_s75p
warning: making r133/20/ a connector
info: 500 ne trim_eu_s75p
warning: making r29/500/ a connector
info: 100 ne trim_eu_s75p
warning: making r34/100/ a connector
info: 50 ne trim_eu_s75p
warning: making r38/50/ a connector
info: 50 ne trim_eu_s75p
warning: making r42/50/ a connector
info: 20 ne trim_eu_s75p
warning: making r46/20/ a connector
info: 2k ne trim_eu_b90p
warning: making r50/2k/ a connector
info: 2k ne trim_eu_b90p
warning: making r55/2k/ a connector
info: 500 ne trim_eu_b90p
warning: making r86/500/ a connector
info: 500 ne trim_eu_b90p
warning: making r88/500/ a connector
info: tpsqpad1_17 ne p1_17
warning: making tp1/tpsqpad1_17/ a connector
info: tpsqpad1_17 ne p1_17
warning: making tp2/tpsqpad1_17/ a connector
warning: making w1/r_eu_/ a connector
warning: making w2/r_eu_/ a connector
warning: making w3/r_eu_/ a connector
warning: making w4/r_eu_/ a connector
warning: making w5/r_eu_/ a connector
warning: making w6/r_eu_/ a connector
warning: non-bypass capacitor deleted: c15
warning: non-bypass capacitor deleted: c17
warning: non-bypass capacitor deleted: c19
warning: non-bypass capacitor deleted: c21
warning: non-bypass capacitor deleted: c22
warning: non-bypass capacitor deleted: c23
warning: non-bypass capacitor deleted: c24
warning: non-bypass capacitor deleted: c26
warning: non-bypass capacitor deleted: c28
warning: non-bypass capacitor deleted: c29
warning: non-bypass capacitor deleted: c30
warning: non-bypass capacitor deleted: c31
warning: non-bypass capacitor deleted: c32
warning: non-bypass capacitor deleted: c33
warning: non-bypass capacitor deleted: c34
warning: non-bypass capacitor deleted: c35
warning: non-bypass capacitor deleted: c36
warning: non-bypass capacitor deleted: c37
warning: non-bypass capacitor deleted: c38
warning: non-bypass capacitor deleted: c39
warning: non-bypass capacitor deleted: c40
warning: non-bypass capacitor deleted: c41
~/Verilog/bin/smaller.pl M885E.PLD >vv || (rm vv; exit 1)
10 signals were removed:
  n_t_11x: !y03
  n_t_13x: !y02
  n_t_1x: !y11
  n_t_2x: !y10
  n_t_3x: !y09
  n_t_4x: !y08
  n_t_5x: !y07
  n_t_7x: !y06
  n_t_8x: !y05
  n_t_9x: !y04
~/Verilog/bin/smaller.pl vv >M885EX.PLD || (rm M885EX.PLD; exit 1)
0 signals were removed:
~/Verilog/bin/cupl2v.pl M885EX.PLD >vv || (rm vv; exit 1)
mv vv M885E.v
rm M885EX.PLD
