~/Verilog/bin/topld.pl M307A
info: 7400n ne dil14
info: 9601 ne dil14
warning: making e2/9601/ a connector
info: 9601 ne dil14
warning: making e4/9601/ a connector
info: 2n3009 ne _npn_to39_ebc
warning: making q2/2n3009/ a connector
info: 2n3009 ne _npn_to39_ebc
warning: making q4/2n3009/ a connector
info: 200k ne 275p
warning: making r4/200k/ a connector
info: 200k ne 275p
warning: making r8/200k/ a connector
info: single ne edge_con2
warning: making u$4/single/ a connector
warning: non-bypass capacitor deleted: c1
warning: non-bypass capacitor deleted: c2
warning: non-bypass capacitor deleted: c3
warning: non-bypass capacitor deleted: c4
warning: non-bypass capacitor deleted: c5
warning: non-bypass capacitor deleted: c6
warning: non-bypass capacitor deleted: c7
warning: non-bypass capacitor deleted: c8
warning: non-bypass capacitor deleted: c9
warning: non-bypass capacitor deleted: c10
warning: non-bypass capacitor deleted: c15
warning: non-bypass capacitor deleted: c16
warning: non-bypass capacitor deleted: c17
~/Verilog/bin/smaller.pl M307A.PLD >vv || (rm vv; exit 1)
0 signals were removed:
~/Verilog/bin/smaller.pl vv >M307AX.PLD || (rm M307AX.PLD; exit 1)
0 signals were removed:
~/Verilog/bin/cupl2v.pl M307AX.PLD >vv || (rm vv; exit 1)
mv vv M307A.v
rm M307AX.PLD
