~/Verilog/bin/topld.pl M7672X
info: 1n4154 ne 1n4148do35_10
warning: making d1/1n4154/ a connector
info: 1n4154 ne 1n4148do35_10
warning: making d2/1n4154/ a connector
info: 74821nt ne dil24_6
warning: making e1/sn74821t/ a connector
info: 74123n ne dil14
warning: making e3/sn74123/ a connector
info: 7475n ne dil14
info: 7420n ne dil14
info: 7486n ne dil14
info: 74123n ne dil14
warning: making e7/sn74123/ a connector
info: 7475n ne dil14
info: double ne edge_con4
warning: making edge/double/ a connector
info: 7404n ne dil14
warning: non-bypass capacitor deleted: c9
warning: non-bypass capacitor deleted: c10
warning: non-bypass capacitor deleted: c11
warning: non-bypass capacitor deleted: c12
warning: non-bypass capacitor deleted: c15
warning: non-bypass capacitor deleted: c16
~/Verilog/bin/smaller.pl M7672X.PLD >vv || (rm vv; exit 1)
5 signals were removed:
  ac2_h: !bd38400
  ac_enabl_l: !aj1
  bd57600: !bd115200
  div3: !bd230400
  tp_l: !tp_n
~/Verilog/bin/smaller.pl vv >M7672XX.PLD || (rm M7672XX.PLD; exit 1)
0 signals were removed:
~/Verilog/bin/cupl2v.pl M7672XX.PLD >vv || (rm vv; exit 1)
mv vv M7672X.v
rm M7672XX.PLD
