~/Verilog/bin/topld.pl M622A
info: cpol_use ne cpol_use20_8axial
info: 74h50n ne 7450n
info: 74h50n ne 7450n
info: 74h50n ne 7450n
info: 74h50n ne 7450n
info: 2n3009 ne 2n2102
warning: making q1/2n3009/ a connector
info: 2n3009 ne 2n2102
warning: making q2/2n3009/ a connector
info: 2n3009 ne 2n2102
warning: making q3/2n3009/ a connector
info: 2n3009 ne 2n2102
warning: making q4/2n3009/ a connector
info: 2n3009 ne 2n2102
warning: making q5/2n3009/ a connector
info: 2n3009 ne 2n2102
warning: making q6/2n3009/ a connector
info: 2n3009 ne 2n2102
warning: making q7/2n3009/ a connector
info: 2n3009 ne 2n2102
warning: making q8/2n3009/ a connector
info: single ne edge_con2
warning: making u$1/single/ a connector
~/Verilog/bin/smaller.pl M622A.PLD >vv || (rm vv; exit 1)
0 signals were removed:
~/Verilog/bin/smaller.pl vv >M622AX.PLD || (rm M622AX.PLD; exit 1)
0 signals were removed:
~/Verilog/bin/cupl2v.pl M622AX.PLD >vv || (rm vv; exit 1)
mv vv M622A.v
rm M622AX.PLD
