~/Verilog/bin/topld.pl M228A
info: 7400n ne dil14
info: 7430n ne dil14
info: 7430n ne dil14
info: 7430n ne dil14
info: 7453n ne dil14
info: 7430n ne dil14
info: 7400n ne dil14
info: 7430n ne dil14
info: 7430n ne dil14
info: 7402n ne dil14
info: 7430n ne dil14
info: 7450n ne dil14
info: 7430n ne dil14
info: double ne edge_con4
warning: making u$5/double/ a connector
warning: non-bypass capacitor deleted: c22
warning: non-bypass capacitor deleted: c23
~/Verilog/bin/smaller.pl M228A.PLD >vv || (rm vv; exit 1)
11 signals were removed:
  n_t_1x: !n_t_2x
  n_t_3x: n_t_2x
  w1_l: !w1
  w2_l: !w2
  w3_l: !w3
  w4_l: !w4
  w5_l: !w5
  w6_l: !w6
  w7_l: !w7
  w8_l: !w8
  w9_l: !w9
~/Verilog/bin/smaller.pl vv >M228AX.PLD || (rm M228AX.PLD; exit 1)
0 signals were removed:
~/Verilog/bin/cupl2v.pl M228AX.PLD >vv || (rm vv; exit 1)
mv vv M228A.v
rm M228AX.PLD
