~/Verilog/bin/topld.pl M1501B
info: cpol_use ne cpol_use20_8axial
info: d664 ne diode_do35_10
warning: making d1/d664/ a connector
info: d664 ne diode_do35_10
warning: making d10/d664/ a connector
info: d664 ne diode_do35_10
warning: making d11/d664/ a connector
info: d664 ne diode_do35_10
warning: making d12/d664/ a connector
info: d664 ne diode_do35_10
warning: making d13/d664/ a connector
info: d664 ne diode_do35_10
warning: making d14/d664/ a connector
info: d664 ne diode_do35_10
warning: making d15/d664/ a connector
info: d664 ne diode_do35_10
warning: making d16/d664/ a connector
info: d664 ne diode_do35_10
warning: making d17/d664/ a connector
info: d664 ne diode_do35_10
warning: making d18/d664/ a connector
info: d664 ne diode_do35_10
warning: making d19/d664/ a connector
info: d664 ne diode_do35_10
warning: making d2/d664/ a connector
info: d664 ne diode_do35_10
warning: making d20/d664/ a connector
info: d664 ne diode_do35_10
warning: making d21/d664/ a connector
info: d664 ne diode_do35_10
warning: making d22/d664/ a connector
info: d664 ne diode_do35_10
warning: making d23/d664/ a connector
info: d664 ne diode_do35_10
warning: making d24/d664/ a connector
info: d664 ne diode_do35_10
warning: making d25/d664/ a connector
info: d664 ne diode_do35_10
warning: making d26/d664/ a connector
info: d664 ne diode_do35_10
warning: making d27/d664/ a connector
info: d664 ne diode_do35_10
warning: making d28/d664/ a connector
info: d664 ne diode_do35_10
warning: making d29/d664/ a connector
info: d664 ne diode_do35_10
warning: making d3/d664/ a connector
info: d664 ne diode_do35_10
warning: making d30/d664/ a connector
info: d664 ne diode_do35_10
warning: making d31/d664/ a connector
info: d664 ne diode_do35_10
warning: making d32/d664/ a connector
info: d664 ne diode_do35_10
warning: making d33/d664/ a connector
info: d664 ne diode_do35_10
warning: making d34/d664/ a connector
info: d664 ne diode_do35_10
warning: making d35/d664/ a connector
info: d664 ne diode_do35_10
warning: making d36/d664/ a connector
info: d664 ne diode_do35_10
warning: making d4/d664/ a connector
info: d664 ne diode_do35_10
warning: making d5/d664/ a connector
info: d664 ne diode_do35_10
warning: making d6/d664/ a connector
info: d664 ne diode_do35_10
warning: making d7/d664/ a connector
info: d664 ne diode_do35_10
warning: making d8/d664/ a connector
info: d664 ne diode_do35_10
warning: making d9/d664/ a connector
info: 7437n ne dil14
info: n8881n ne dil14
info: 7402n ne dil14
info: ds8640n ne dil14
info: n8881n ne dil14
info: 7400n ne dil14
info: n8881n ne dil14
info: n8881n ne dil14
info: dec40pinsh ne dec40pinh
warning: making j1/dec40pinsh/ a connector
info: single ne e12_8
warning: making u$2/single/ a connector
warning: non-bypass capacitor deleted: c10
unexpected OC output: n3v3 at /home/vrs/Verilog/bin/topld.pl line 2072, <INPUT> line 654.
unexpected OC output: ll at /home/vrs/Verilog/bin/topld.pl line 2072, <INPUT> line 654.
unexpected OC output: ff at /home/vrs/Verilog/bin/topld.pl line 2072, <INPUT> line 654.
unexpected OC output: rr at /home/vrs/Verilog/bin/topld.pl line 2072, <INPUT> line 700.
unexpected OC output: tt at /home/vrs/Verilog/bin/topld.pl line 2072, <INPUT> line 700.
unexpected OC output: n_t_57x at /home/vrs/Verilog/bin/topld.pl line 2072, <INPUT> line 732.
unexpected OC output: b at /home/vrs/Verilog/bin/topld.pl line 2072, <INPUT> line 732.
unexpected OC output: f at /home/vrs/Verilog/bin/topld.pl line 2072, <INPUT> line 732.
unexpected OC output: a8 at /home/vrs/Verilog/bin/topld.pl line 2072, <INPUT> line 747.
unexpected OC output: t at /home/vrs/Verilog/bin/topld.pl line 2072, <INPUT> line 747.
unexpected OC output: l at /home/vrs/Verilog/bin/topld.pl line 2072, <INPUT> line 747.
~/Verilog/bin/smaller.pl M1501B.PLD >vv || (rm vv; exit 1)
8 signals were removed:
  n_t_163x: !d1
  n_t_164x: !a1
  n_t_197x: !f1
  n_t_52x: !n_t_57x
  n_t_55x: !h2
  n_t_73x: !e1
  n_t_77x: !h1
  n_t_80x: !n_t_1x
~/Verilog/bin/smaller.pl vv >M1501BX.PLD || (rm M1501BX.PLD; exit 1)
0 signals were removed:
~/Verilog/bin/cupl2v.pl M1501BX.PLD >vv || (rm vv; exit 1)
mv vv M1501B.v
rm M1501BX.PLD
