~/Verilator/bin/topld.pl M8655B
info: 330 ne pf
warning: making c57/330/ a connector
info: 2.2 ne uf
warning: making c58/2.2/ a connector
info: cpol_use ne cpol_use20_8axial
info: cpol_use ne cpol_use20_8axial
info: cpol_use ne cpol_use20_8axial
info: cpol_use ne cpol_use20_8axial
info: cpol_use ne cpol_use20_8axial
info: 330 ne pf
warning: making c64/330/ a connector
info: 330 ne pf
warning: making c67/330/ a connector
info: 1n4742 ne zener_diodedo41z10
warning: making d1/1n4742/ a connector
info: 1n3606 ne diode_do35_10
warning: making d2/1n3606/ a connector
info: 1n3606 ne diode_do35_10
warning: making d3/1n3606/ a connector
info: 1n3606 ne diode_do35_10
warning: making d4/1n3606/ a connector
info: 1n4742 ne zener_diodedo41z10
warning: making d6/1n4742/ a connector
info: 1n3606 ne diode_do35_10
warning: making d7/1n3606/ a connector
info: 1n3606 ne diode_do35_10
warning: making d8/1n3606/ a connector
info: 8242 ne 74266n
warning: making e1/8242/ a connector
info: sp384n ne dil14
info: 97401 ne 7401n
info: sp384n ne dil14
info: n8815 ne dil40
info: 7404n ne dil14
info: 1808 ne ay_5_1013a
warning: making e19/1808/ a connector
info: 8242 ne 74266n
warning: making e2/8242/ a connector
info: 7400n ne dil14
info: 74151n ne dil14
info: 97401 ne 7401n
info: sp380n ne dil14
info: 74175n ne dil14
info: 7430n ne dil14
info: e28_tp ne dil16s
warning: making e28/e28_tp/ a connector
info: 97401 ne 7401n
info: 7400n ne dil14
info: sp380n ne dil14
info: 74175n ne dil14
info: 7404n ne dil14
info: 97401n ne 7401n
warning: making e33/97401n/ a connector
info: 97401n ne 7401n
warning: making e34/97401n/ a connector
info: 7402n ne dil14
info: 8266 ne dil40
warning: making e36/8266/ a connector
info: 7402n ne dil14
info: 7400n ne dil14
info: 7400n ne dil14
info: 1489n ne dil14
warning: making e45/1489n/ a connector
info: sp384n ne dil14
info: 7410n ne dil14
info: 7440 ne 7420n
info: 7404n ne dil14
info: 8242 ne 74266n
warning: making e5/8242/ a connector
info: 1488n ne dil14
warning: making e50/1488n/ a connector
info: 11380n ne sp380n
warning: making e51/11380n/ a connector
info: sp380n ne dil14
info: n8815 ne dil40
info: 7400n ne dil14
info: 11380n ne sp380n
warning: making e55/11380n/ a connector
info: e6_tp ne dil16s
warning: making e6/e6_tp/ a connector
info: 7486n ne dil14
warning: making e9/sn7492/ a connector
info: j10mm ne 10
warning: making evn/j10mm/ a connector
info: j10mm ne 10
warning: making fil/j10mm/ a connector
warning: making j1/dec40pinh/ a connector
info: j10mm ne 10
warning: making nb1/j10mm/ a connector
info: j10mm ne 10
warning: making nb2/j10mm/ a connector
info: j10mm ne 10
warning: making np/j10mm/ a connector
info: mpsa85 ne _npn_to5
warning: making q1/mpsa85/ a connector
info: mpsa85 ne _npn_to5
warning: making q2/mpsa85/ a connector
info: mpsa55 ne _pnp_to5
warning: making q3/mpsa55/ a connector
info: mpsa55 ne _pnp_to5
warning: making q4/mpsa55/ a connector
info: mpsa55 ne _pnp_to5
warning: making q5/mpsa55/ a connector
info: mpsa55 ne _pnp_to5
warning: making q6/mpsa55/ a connector
info: mpsa85 ne _npn_to5
warning: making q7/mpsa85/ a connector
info: mpsa55 ne _pnp_to5
warning: making q8/mpsa55/ a connector
info: j10mm ne 10
warning: making sb/j10mm/ a connector
info: transmit ne dip08s
warning: making sp1/transmit/ a connector
info: recieve ne dip08s
warning: making sp2/recieve/ a connector
info: j10mm ne 10
warning: making swd/j10mm/ a connector
info: j10mm ne 10
warning: making tty/j10mm/ a connector
info: quad ne dil40
warning: making u$2/quad/ a connector
info: j10mm ne 10
warning: making w1/j10mm/ a connector
info: j10mm ne 10
warning: making w2/j10mm/ a connector
info: j10mm ne 10
warning: making w3/j10mm/ a connector
info: j10mm ne 10
warning: making w4/j10mm/ a connector
info: j10mm ne 10
warning: making w5/j10mm/ a connector
info: 5.0688 ne mhz
warning: making x0/5.0688/ a connector
info: 5.0688 ne mhz
warning: making y1a/5.0688/ a connector
info: 5.0688 ne mhz
warning: making y1b/5.0688/ a connector
warning: non-bypass capacitor deleted: c18
warning: non-bypass capacitor deleted: c53
warning: non-bypass capacitor deleted: c54
warning: non-bypass capacitor deleted: c55
warning: non-bypass capacitor deleted: c56
warning: non-bypass capacitor deleted: c62
warning: non-bypass capacitor deleted: c63
unexpected OC output: overrun_err at /home/vrs/Verilator/bin/topld.pl line 2034, <INPUT> line 3094.
unexpected OC output: n_t_42x at /home/vrs/Verilator/bin/topld.pl line 2034, <INPUT> line 3094.
unexpected OC output: n_t_110x at /home/vrs/Verilator/bin/topld.pl line 2034, <INPUT> line 3094.
unexpected OC output: n_t_110x at /home/vrs/Verilator/bin/topld.pl line 2034, <INPUT> line 3094.
unexpected OC output: rd4 at /home/vrs/Verilator/bin/topld.pl line 2034, <INPUT> line 3366.
unexpected OC output: n_t_4x at /home/vrs/Verilator/bin/topld.pl line 2034, <INPUT> line 3366.
unexpected OC output: io_read_h at /home/vrs/Verilator/bin/topld.pl line 2034, <INPUT> line 3366.
unexpected OC output: rd6 at /home/vrs/Verilator/bin/topld.pl line 2034, <INPUT> line 3366.
unexpected OC output: rd0 at /home/vrs/Verilator/bin/topld.pl line 2034, <INPUT> line 3465.
unexpected OC output: tx_active at /home/vrs/Verilator/bin/topld.pl line 2034, <INPUT> line 3465.
unexpected OC output: io_read_h at /home/vrs/Verilator/bin/topld.pl line 2034, <INPUT> line 3465.
unexpected OC output: rd2 at /home/vrs/Verilator/bin/topld.pl line 2034, <INPUT> line 3465.
warning: non-pullup resistor deleted: r1
warning: non-pullup resistor deleted: r2
warning: non-pullup resistor deleted: r3
warning: non-pullup resistor deleted: r4
warning: non-pullup resistor deleted: r5
warning: non-pullup resistor deleted: r6
warning: non-pullup resistor deleted: r7
warning: non-pullup resistor deleted: r8
warning: non-pullup resistor deleted: r9
warning: non-pullup resistor deleted: r10
warning: non-pullup resistor deleted: r11
warning: non-pullup resistor deleted: r12
warning: non-pullup resistor deleted: r13
warning: non-pullup resistor deleted: r15
warning: non-pullup resistor deleted: r16
warning: non-pullup resistor deleted: r17
warning: non-pullup resistor deleted: r18
warning: non-pullup resistor deleted: r19
warning: non-pullup resistor deleted: r21
warning: non-pullup resistor deleted: r22
warning: non-pullup resistor deleted: r23
warning: non-pullup resistor deleted: r24
warning: non-pullup resistor deleted: r25
warning: non-pullup resistor deleted: r28
warning: non-pullup resistor deleted: r29
warning: non-pullup resistor deleted: r30
warning: non-pullup resistor deleted: r31
warning: non-pullup resistor deleted: r32
warning: non-pullup resistor deleted: r36
warning: non-pullup resistor deleted: r37
warning: non-pullup resistor deleted: r38
warning: non-pullup resistor deleted: r39
warning: non-pullup resistor deleted: r41
warning: non-pullup resistor deleted: r43
warning: non-pullup resistor deleted: r44
warning: non-pullup resistor deleted: r45
warning: non-pullup resistor deleted: r47
warning: non-pullup resistor deleted: r49
warning: non-pullup resistor deleted: r50
warning: non-pullup resistor deleted: r51
warning: non-pullup resistor deleted: r52
warning: non-pullup resistor deleted: r54
warning: non-pullup resistor deleted: r55
warning: non-pullup resistor deleted: r58
warning: non-pullup resistor deleted: r59
warning: non-pullup resistor deleted: r62
