~/Verilog/bin/smaller.pl M8317E.PLD >vv || (rm vv; exit 1)
37 signals were removed:
  ac08: !mq09_l
  ac11: !mq_data_l
  ad00_l: !ad06_l
  ad_ld_d15_l: 'b'1
  carry_out_l: !carry_out_l
  data_t: !tp4
  dsk_head_sel1_l: 'b'1
  dsk_index_mk_l: 'b'1
  dsk_read_l: 'b'1
  dsk_sec1_l: 'b'1
  dsk_sector_mk_l: !right2
  dsk_strobe_l: 'b'1
  dsk_wrt_erase_gate_l: 'b'1
  dsk_wrt_protect_l: 'b'1
  fdset_l: 'b'1
  ir2_l: !'b'0
  left: !ad02_l
  link_data_l: 'b'1
  mb03: !bts2
  mq11_l: !ac10
  mq_load_l: !mq08_l
  n3b: 'b'1
  n3c: !mq11_l
  n3va: 'b'1
  n_t_44x: !md04_l
  n_t_45x: ac2bus_l
  n_t_51x: !be
  n_t_52x: !tade_l
  n_t_53x: !dcae_l
  n_t_54x: !oprf
  n_t_63x: !n_t_46x
  n_t_81x: !bdata2_l
  pause_l: mq01_l
  pin: ts4fset!ms_dis
  right2: !right_l
  tade_l: !op1_l
  tp4: !malc_l
~/Verilog/bin/smaller.pl vv >M8317EX.PLD || (rm M8317EX.PLD; exit 1)
72 signals were removed:
  be: bdata2_l
  bts3: !malc_l
  carry_out_l: !carry_out_l
  en1: !jmp
  en2: !dca_l
  mq09_l: !'b'0
  mq11_l: !ac10
  n_t_10x: !n_t_9x
  n_t_11x: !md04_l
  n_t_12x: !'b'1
  n_t_13x: ts4fset!ms_dis
  n_t_14x: ts4fset!ms_dis
  n_t_15x: ts4fset!ms_dis
  n_t_16x: twice_l
  n_t_17x: ts4fset!ms_dis
  n_t_18x: ts4fset!ms_dis
  n_t_19x: !mq10_l
  n_t_1x: ts4fset!ms_dis
  n_t_20x: !n_t_7x
  n_t_21x: ts4fset!ms_dis
  n_t_22x: !n_t_19x
  n_t_23x: !iot_l
  n_t_24x: ts4fset!ms_dis
  n_t_25x: ts4fset!ms_dis
  n_t_26x: ts4fset!ms_dis
  n_t_27x: ts4fset!ms_dis
  n_t_28x: ts4fset!ms_dis
  n_t_29x: ts4fset!ms_dis
  n_t_2x: ts4fset!ms_dis
  n_t_31x: ts4fset!ms_dis
  n_t_32x: ts4fset!ms_dis
  n_t_33x: ts4fset!ms_dis
  n_t_34x: ts4fset!ms_dis
  n_t_35x: !ad10_l
  n_t_36x: ts4fset!ms_dis
  n_t_37x: ts4fset!ms_dis
  n_t_38x: ts4fset!ms_dis
  n_t_39x: ts4fset!ms_dis
  n_t_3x: !n_t_8x
  n_t_40x: ts4fset!ms_dis
  n_t_41x: ts4fset!ms_dis
  n_t_42x: ts4fset!ms_dis
  n_t_47x: mq2bus_l
  n_t_48x: ts4fset!ms_dis
  n_t_49x: ts4fset!ms_dis
  n_t_4x: ts4fset!ms_dis
  n_t_50x: ts4fset!ms_dis
  n_t_55x: ts4fset!ms_dis
  n_t_57x: ts4fset!ms_dis
  n_t_59x: ts4fset!ms_dis
  n_t_5x: ts4fset!ms_dis
  n_t_60x: ts4fset!ms_dis
  n_t_62x: ts4fset!ms_dis
  n_t_64x: ts4fset!ms_dis
  n_t_66x: ts4fset!ms_dis
  n_t_67x: ts4fset!ms_dis
  n_t_6x: ts4fset!ms_dis
  n_t_71x: ts4fset!ms_dis
  n_t_72x: ts4fset!ms_dis
  n_t_76x: ts4fset!ms_dis
  n_t_79x: ts4fset!ms_dis
  n_t_7x: ts4fset!ms_dis
  n_t_80x: ts4fset!ms_dis
  n_t_82x: ts4fset!ms_dis
  n_t_84x: ts4fset!ms_dis
  n_t_85x: ts4fset!ms_dis
  n_t_8x: ts4fset!ms_dis
  n_t_9x: !bmd07
  op1_l: !tade_l
  opr_iot: !bts3
  regbus00: !pwr_ok
  ts4fsetms_dis: !z_axis
~/Verilog/bin/cupl2v.pl M8317EX.PLD >vv || (rm vv; exit 1)
OE qualifier on FF output gdollar_0 at /home/vrs/Verilog/bin/cupl2v.pl line 223, <INPUT> line 2059.
../Makefile:29: recipe for target 'M8317E.v' failed
make: *** [M8317E.v] Error 1
rm M8317EX.PLD
