~/Verilog/bin/topld.pl M453A
info: cpol_use ne cpol_use20_8axial
info: c_us050_025x075 ne c050_025x075
warning: making c13/c_us050_025x075/ a connector
info: c_us050_025x075 ne c050_025x075
warning: making c6/c_us050_025x075/ a connector
info: c_us050_025x075 ne c050_025x075
warning: making c7/c_us050_025x075/ a connector
info: 9601 ne dil14
warning: making e1/9601/ a connector
info: 7440n ne 7420n
info: 7400n ne dil14
info: (not ne installed)
warning: making r11/(not/ a connector
info: single ne edge_con2
warning: making u$3/single/ a connector
warning: non-bypass capacitor deleted: c3
warning: non-bypass capacitor deleted: c4
warning: non-bypass capacitor deleted: c5
warning: non-bypass capacitor deleted: c9
warning: non-bypass capacitor deleted: c10
warning: non-bypass capacitor deleted: c12
warning: non-bypass capacitor deleted: c14
warning: non-pullup resistor deleted: r4
warning: non-pullup resistor deleted: r6
warning: non-pullup resistor deleted: r7
warning: non-pullup resistor deleted: r10
warning: non-pullup resistor deleted: r12
~/Verilog/bin/smaller.pl M453A.PLD >vv || (rm vv; exit 1)
4 signals were removed:
  n_t_18x: 'b'1
  n_t_24x: !k2
  n_t_2x: !r2
  n_t_61x: !h2
~/Verilog/bin/smaller.pl vv >M453AX.PLD || (rm M453AX.PLD; exit 1)
0 signals were removed:
~/Verilog/bin/cupl2v.pl M453AX.PLD >vv || (rm vv; exit 1)
mv vv M453A.v
rm M453AX.PLD
