~/Verilator/bin/topld.pl M705X
info: cpol_use ne cpol_use20_8axial
info: cpol_use ne cpol_use20_8axial
info: cpol_use ne cpol_use20_8axial
info: cpol_use ne cpol_use20_8axial
info: 1n4154 ne 1n4148do35_10
warning: making d1/1n4154/ a connector
info: 7400n ne dil14
info: 7430n ne dil14
info: 7410n ne dil14
info: 7400n ne dil14
info: 7400n ne dil14
info: 7400n ne dil14
info: 7400n ne dil14
info: 7440n ne 7420n
info: double ne e12_8
warning: making u$5/double/ a connector
warning: non-bypass capacitor deleted: c23
unexpected OC output: n_t_2x at /home/vrs/Verilator/bin/topld.pl line 2034, <INPUT> line 1039.
unexpected OC output: 'b'1 at /home/vrs/Verilator/bin/topld.pl line 2034, <INPUT> line 1039.
unexpected OC output: n_t_12x at /home/vrs/Verilator/bin/topld.pl line 2034, <INPUT> line 1039.
unexpected OC output: n_t_10x at /home/vrs/Verilator/bin/topld.pl line 2034, <INPUT> line 1039.
unexpected OC output: feed_hole at /home/vrs/Verilator/bin/topld.pl line 2034, <INPUT> line 1063.
unexpected OC output: rdr_flag at /home/vrs/Verilator/bin/topld.pl line 2034, <INPUT> line 1063.
unexpected OC output: iot_011 at /home/vrs/Verilator/bin/topld.pl line 2034, <INPUT> line 1063.
unexpected OC output: n_t_3x at /home/vrs/Verilator/bin/topld.pl line 2034, <INPUT> line 1087.
unexpected OC output: n_t_11x at /home/vrs/Verilator/bin/topld.pl line 2034, <INPUT> line 1087.
unexpected OC output: n_t_13x at /home/vrs/Verilator/bin/topld.pl line 2034, <INPUT> line 1087.
