~/Verilog/bin/topld.pl M707C
info: d662 ne by609
warning: making d1/d662/ a connector
info: d662 ne by609
warning: making d2/d662/ a connector
info: d662 ne by609
warning: making d3/d662/ a connector
info: 7430n ne dil14
info: 7400n ne dil14
info: 7410n ne dil14
info: 7440n ne 7420n
info: 7400n ne dil14
info: 7400n ne dil14
info: 7400n ne dil14
info: 7400n ne dil14
info: 7400n ne dil14
info: 7430n ne dil14
info: 2n3009b ne _npn_to92_cbe
warning: making q1/2n3009b/ a connector
info: 2n3009b ne _npn_to92_cbe
warning: making q2/2n3009b/ a connector
info: 6534b ne _pnp_to92_cbe
warning: making q3/6534b/ a connector
info: double ne edge_con4
warning: making u$2/double/ a connector
warning: non-bypass capacitor deleted: c19
warning: non-bypass capacitor deleted: c22
warning: non-pullup resistor deleted: r5
~/Verilog/bin/smaller.pl M707C.PLD >vv || (rm vv; exit 1)
18 signals were removed:
  active_l: !active
  flag_l: !irq
  n_t_129x: !bit1
  n_t_133x: !n_t_362x
  n_t_142x: !bit6
  n_t_152x: !bit7
  n_t_153x: !bit5
  n_t_154x: !bit4
  n_t_155x: !bit3
  n_t_156x: !bit2
  n_t_167x: !n_t_163x
  n_t_1x: !active_l
  n_t_38x: 'b'1
  n_t_40x: !line
  n_t_460x: !n_t_6x
  n_t_4x: !n_t_2x
  n_t_5x: !n_t_133x
  n_t_7x: !bit8
~/Verilog/bin/smaller.pl vv >M707CX.PLD || (rm M707CX.PLD; exit 1)
0 signals were removed:
~/Verilog/bin/cupl2v.pl M707CX.PLD >vv || (rm vv; exit 1)
mv vv M707C.v
rm M707CX.PLD
