Analysis & Synthesis report for e11
Thu Apr 11 14:17:36 2024
Quartus II 64-Bit Version 13.0.1 Build 232 06/12/2013 Service Pack 1 SJ Web Edition


---------------------
; Table of Contents ;
---------------------
  1. Legal Notice
  2. Analysis & Synthesis Summary
  3. Analysis & Synthesis Settings
  4. Parallel Compilation
  5. Analysis & Synthesis Source Files Read
  6. Analysis & Synthesis Resource Usage Summary
  7. Analysis & Synthesis Resource Utilization by Entity
  8. Port Connectivity Checks: "m707:m707"
  9. Analysis & Synthesis Equations
 10. Analysis & Synthesis Messages



----------------
; Legal Notice ;
----------------
Copyright (C) 1991-2013 Altera Corporation
Your use of Altera Corporation's design tools, logic functions 
and other software and tools, and its AMPP partner logic 
functions, and any output files from any of the foregoing 
(including device programming or simulation files), and any 
associated documentation or information are expressly subject 
to the terms and conditions of the Altera Program License 
Subscription Agreement, Altera MegaCore Function License 
Agreement, or other applicable license agreement, including, 
without limitation, that your use is for the sole purpose of 
programming logic devices manufactured by Altera and sold by 
Altera or its authorized distributors.  Please refer to the 
applicable agreement for further details.



+-------------------------------------------------------------------------------+
; Analysis & Synthesis Summary                                                  ;
+-----------------------------+-------------------------------------------------+
; Analysis & Synthesis Status ; Successful - Thu Apr 11 14:17:36 2024           ;
; Quartus II 64-Bit Version   ; 13.0.1 Build 232 06/12/2013 SP 1 SJ Web Edition ;
; Revision Name               ; e11                                             ;
; Top-level Entity Name       ; e11                                             ;
; Family                      ; MAX7000S                                        ;
; Total macrocells            ; 21                                              ;
; Total pins                  ; 28                                              ;
+-----------------------------+-------------------------------------------------+


+--------------------------------------------------------------------------------------------------------------+
; Analysis & Synthesis Settings                                                                                ;
+----------------------------------------------------------------------------+-----------------+---------------+
; Option                                                                     ; Setting         ; Default Value ;
+----------------------------------------------------------------------------+-----------------+---------------+
; Device                                                                     ; EPM7032SLC44-10 ;               ;
; Top-level entity name                                                      ; e11             ; e11           ;
; Family name                                                                ; MAX7000S        ; Cyclone IV GX ;
; Use smart compilation                                                      ; Off             ; Off           ;
; Enable parallel Assembler and TimeQuest Timing Analyzer during compilation ; On              ; On            ;
; Enable compact report table                                                ; Off             ; Off           ;
; Create Debugging Nodes for IP Cores                                        ; Off             ; Off           ;
; Preserve fewer node names                                                  ; On              ; On            ;
; Disable OpenCore Plus hardware evaluation                                  ; Off             ; Off           ;
; Verilog Version                                                            ; Verilog_2001    ; Verilog_2001  ;
; VHDL Version                                                               ; VHDL_1993       ; VHDL_1993     ;
; State Machine Processing                                                   ; Auto            ; Auto          ;
; Safe State Machine                                                         ; Off             ; Off           ;
; Extract Verilog State Machines                                             ; On              ; On            ;
; Extract VHDL State Machines                                                ; On              ; On            ;
; Ignore Verilog initial constructs                                          ; Off             ; Off           ;
; Iteration limit for constant Verilog loops                                 ; 5000            ; 5000          ;
; Iteration limit for non-constant Verilog loops                             ; 250             ; 250           ;
; Add Pass-Through Logic to Inferred RAMs                                    ; On              ; On            ;
; Infer RAMs from Raw Logic                                                  ; On              ; On            ;
; Parallel Synthesis                                                         ; On              ; On            ;
; NOT Gate Push-Back                                                         ; On              ; On            ;
; Power-Up Don't Care                                                        ; On              ; On            ;
; Remove Duplicate Registers                                                 ; On              ; On            ;
; Ignore CARRY Buffers                                                       ; Off             ; Off           ;
; Ignore CASCADE Buffers                                                     ; Off             ; Off           ;
; Ignore GLOBAL Buffers                                                      ; Off             ; Off           ;
; Ignore ROW GLOBAL Buffers                                                  ; Off             ; Off           ;
; Ignore LCELL Buffers                                                       ; Auto            ; Auto          ;
; Ignore SOFT Buffers                                                        ; Off             ; Off           ;
; Limit AHDL Integers to 32 Bits                                             ; Off             ; Off           ;
; Optimization Technique                                                     ; Speed           ; Speed         ;
; Allow XOR Gate Usage                                                       ; On              ; On            ;
; Auto Logic Cell Insertion                                                  ; On              ; On            ;
; Parallel Expander Chain Length                                             ; 4               ; 4             ;
; Auto Parallel Expanders                                                    ; On              ; On            ;
; Auto Open-Drain Pins                                                       ; On              ; On            ;
; Auto Resource Sharing                                                      ; Off             ; Off           ;
; Maximum Fan-in Per Macrocell                                               ; 100             ; 100           ;
; Use LogicLock Constraints during Resource Balancing                        ; On              ; On            ;
; Ignore translate_off and synthesis_off directives                          ; Off             ; Off           ;
; Report Parameter Settings                                                  ; On              ; On            ;
; Report Source Assignments                                                  ; On              ; On            ;
; Report Connectivity Checks                                                 ; On              ; On            ;
; HDL message level                                                          ; Level2          ; Level2        ;
; Suppress Register Optimization Related Messages                            ; Off             ; Off           ;
; Number of Removed Registers Reported in Synthesis Report                   ; 5000            ; 5000          ;
; Number of Swept Nodes Reported in Synthesis Report                         ; 5000            ; 5000          ;
; Number of Inverted Registers Reported in Synthesis Report                  ; 100             ; 100           ;
; Block Design Naming                                                        ; Auto            ; Auto          ;
; Synthesis Effort                                                           ; Auto            ; Auto          ;
; Shift Register Replacement - Allow Asynchronous Clear Signal               ; On              ; On            ;
; Pre-Mapping Resynthesis Optimization                                       ; Off             ; Off           ;
; Analysis & Synthesis Message Level                                         ; Medium          ; Medium        ;
; Disable Register Merging Across Hierarchies                                ; Auto            ; Auto          ;
; Synthesis Seed                                                             ; 1               ; 1             ;
+----------------------------------------------------------------------------+-----------------+---------------+


Parallel compilation was disabled, but you have multiple processors available. Enable parallel compilation to reduce compilation time.
+-------------------------------------+
; Parallel Compilation                ;
+----------------------------+--------+
; Processors                 ; Number ;
+----------------------------+--------+
; Number detected on machine ; 8      ;
; Maximum allowed            ; 1      ;
+----------------------------+--------+


+----------------------------------------------------------------------------------------------------------------------------------------------------------------------------------+
; Analysis & Synthesis Source Files Read                                                                                                                                           ;
+--------------------------------------------------------------+-----------------+------------------------+--------------------------------------------------------------+---------+
; File Name with User-Entered Path                             ; Used in Netlist ; File Type              ; File Name with Absolute Path                                 ; Library ;
+--------------------------------------------------------------+-----------------+------------------------+--------------------------------------------------------------+---------+
; //wsl.localhost/Debian/home/vrs/Verilog/projects/pt08/e11.v  ; yes             ; User Verilog HDL File  ; //wsl.localhost/Debian/home/vrs/Verilog/projects/pt08/e11.v  ;         ;
; //wsl.localhost/Debian/home/vrs/Verilog/projects/pt08/m707.v ; yes             ; User Verilog HDL File  ; //wsl.localhost/Debian/home/vrs/Verilog/projects/pt08/m707.v ;         ;
+--------------------------------------------------------------+-----------------+------------------------+--------------------------------------------------------------+---------+


+---------------------------------------------+
; Analysis & Synthesis Resource Usage Summary ;
+----------------------+----------------------+
; Resource             ; Usage                ;
+----------------------+----------------------+
; Logic cells          ; 21                   ;
; Total registers      ; 18                   ;
; I/O pins             ; 28                   ;
; Shareable expanders  ; 2                    ;
; Maximum fan-out node ; m707:m707|tto_shift  ;
; Maximum fan-out      ; 15                   ;
; Total fan-out        ; 110                  ;
; Average fan-out      ; 2.16                 ;
+----------------------+----------------------+


+-------------------------------------------------------------------------------------+
; Analysis & Synthesis Resource Utilization by Entity                                 ;
+----------------------------+------------+------+---------------------+--------------+
; Compilation Hierarchy Node ; Macrocells ; Pins ; Full Hierarchy Name ; Library Name ;
+----------------------------+------------+------+---------------------+--------------+
; |e11                       ; 21         ; 28   ; |e11                ; work         ;
;    |m707:m707|             ; 18         ; 0    ; |e11|m707:m707      ; work         ;
+----------------------------+------------+------+---------------------+--------------+


+---------------------------------------------------+
; Port Connectivity Checks: "m707:m707"             ;
+------+--------+----------+------------------------+
; Port ; Type   ; Severity ; Details                ;
+------+--------+----------+------------------------+
; aj1  ; Output ; Info     ; Explicitly unconnected ;
; an1  ; Input  ; Info     ; Stuck at VCC           ;
; an2  ; Input  ; Info     ; Stuck at VCC           ;
; ar1  ; Output ; Info     ; Explicitly unconnected ;
; bf2  ; Input  ; Info     ; Stuck at VCC           ;
; bp1  ; Output ; Info     ; Explicitly unconnected ;
; bs2  ; Input  ; Info     ; Stuck at VCC           ;
+------+--------+----------+------------------------+


+--------------------------------+
; Analysis & Synthesis Equations ;
+--------------------------------+
The equations can be found in //wsl.localhost/Debian/home/vrs/Verilog/projects/pt08/output_files/e11.map.eqn.


+-------------------------------+
; Analysis & Synthesis Messages ;
+-------------------------------+
Info: *******************************************************************
Info: Running Quartus II 64-Bit Analysis & Synthesis
    Info: Version 13.0.1 Build 232 06/12/2013 Service Pack 1 SJ Web Edition
    Info: Processing started: Thu Apr 11 14:17:34 2024
Info: Command: quartus_map --read_settings_files=on --write_settings_files=off e11 -c e11
Info (12021): Found 1 design units, including 1 entities, in source file e11.v
    Info (12023): Found entity 1: e11
Info (12021): Found 1 design units, including 1 entities, in source file m707.v
    Info (12023): Found entity 1: m707
Info (12127): Elaborating entity "e11" for the top level hierarchy
Info (12128): Elaborating entity "m707" for hierarchy "m707:m707"
Warning (10230): Verilog HDL assignment warning at m707.v(78): truncated value with size 32 to match size of target (3)
Warning (10230): Verilog HDL assignment warning at m707.v(94): truncated value with size 32 to match size of target (9)
Info (13000): Registers with preset signals will power-up high
Info (280013): Promoted pin-driven signal(s) to global signal
    Info (280014): Promoted clock signal driven by pin "tx_ratei" to global clock signal
    Info (280014): Promoted clock signal driven by pin "rx_rate" to global clock signal
Warning (21074): Design contains 5 input pin(s) that do not drive logic
    Warning (15610): No output dependent on input pin "bac3"
    Warning (15610): No output dependent on input pin "bac2"
    Warning (15610): No output dependent on input pin "bac1"
    Warning (15610): No output dependent on input pin "bac0"
    Warning (15610): No output dependent on input pin "rx_sel"
Info (21057): Implemented 51 device resources after synthesis - the final resource count might be different
    Info (21058): Implemented 21 input pins
    Info (21059): Implemented 7 output pins
    Info (21063): Implemented 21 macrocells
    Info (21073): Implemented 2 shareable expanders
Info: Quartus II 64-Bit Analysis & Synthesis was successful. 0 errors, 8 warnings
    Info: Peak virtual memory: 4570 megabytes
    Info: Processing ended: Thu Apr 11 14:17:36 2024
    Info: Elapsed time: 00:00:02
    Info: Total CPU time (on all processors): 00:00:00


