Flow report for e11
Thu Apr 11 14:17:41 2024
Quartus II 64-Bit Version 13.0.1 Build 232 06/12/2013 Service Pack 1 SJ Web Edition


---------------------
; Table of Contents ;
---------------------
  1. Legal Notice
  2. Flow Summary
  3. Flow Settings
  4. Flow Non-Default Global Settings
  5. Flow Elapsed Time
  6. Flow OS Summary
  7. Flow Log
  8. Flow Messages
  9. Flow Suppressed Messages



----------------
; Legal Notice ;
----------------
Copyright (C) 1991-2013 Altera Corporation
Your use of Altera Corporation's design tools, logic functions 
and other software and tools, and its AMPP partner logic 
functions, and any output files from any of the foregoing 
(including device programming or simulation files), and any 
associated documentation or information are expressly subject 
to the terms and conditions of the Altera Program License 
Subscription Agreement, Altera MegaCore Function License 
Agreement, or other applicable license agreement, including, 
without limitation, that your use is for the sole purpose of 
programming logic devices manufactured by Altera and sold by 
Altera or its authorized distributors.  Please refer to the 
applicable agreement for further details.



+-----------------------------------------------------------------------------+
; Flow Summary                                                                ;
+---------------------------+-------------------------------------------------+
; Flow Status               ; Successful - Thu Apr 11 14:17:39 2024           ;
; Quartus II 64-Bit Version ; 13.0.1 Build 232 06/12/2013 SP 1 SJ Web Edition ;
; Revision Name             ; e11                                             ;
; Top-level Entity Name     ; e11                                             ;
; Family                    ; MAX7000S                                        ;
; Device                    ; EPM7032SLC44-10                                 ;
; Timing Models             ; Final                                           ;
; Total macrocells          ; 21 / 32 ( 66 % )                                ;
; Total pins                ; 32 / 36 ( 89 % )                                ;
+---------------------------+-------------------------------------------------+


+-----------------------------------------+
; Flow Settings                           ;
+-------------------+---------------------+
; Option            ; Setting             ;
+-------------------+---------------------+
; Start date & time ; 04/11/2024 14:17:35 ;
; Main task         ; Compilation         ;
; Revision Name     ; e11                 ;
+-------------------+---------------------+


+---------------------------------------------------------------------------------------------------+
; Flow Non-Default Global Settings                                                                  ;
+--------------------------+-----------------------------+---------------+-------------+------------+
; Assignment Name          ; Value                       ; Default Value ; Entity Name ; Section Id ;
+--------------------------+-----------------------------+---------------+-------------+------------+
; COMPILER_SIGNATURE_ID    ; 91762947196.171287025515984 ; --            ; --          ; --         ;
; PROJECT_OUTPUT_DIRECTORY ; output_files                ; --            ; --          ; --         ;
+--------------------------+-----------------------------+---------------+-------------+------------+


+-------------------------------------------------------------------------------------------------------------------------------+
; Flow Elapsed Time                                                                                                             ;
+---------------------------+--------------+-------------------------+---------------------+------------------------------------+
; Module Name               ; Elapsed Time ; Average Processors Used ; Peak Virtual Memory ; Total CPU Time (on all processors) ;
+---------------------------+--------------+-------------------------+---------------------+------------------------------------+
; Analysis & Synthesis      ; 00:00:02     ; 1.0                     ; 4570 MB             ; 00:00:00                           ;
; Fitter                    ; 00:00:01     ; 1.0                     ; 4691 MB             ; 00:00:00                           ;
; Assembler                 ; 00:00:01     ; 1.0                     ; 4526 MB             ; 00:00:00                           ;
; TimeQuest Timing Analyzer ; 00:00:01     ; 1.0                     ; 4519 MB             ; 00:00:00                           ;
; Total                     ; 00:00:05     ; --                      ; --                  ; 00:00:00                           ;
+---------------------------+--------------+-------------------------+---------------------+------------------------------------+


+----------------------------------------------------------------------------------------+
; Flow OS Summary                                                                        ;
+---------------------------+------------------+-----------+------------+----------------+
; Module Name               ; Machine Hostname ; OS Name   ; OS Version ; Processor type ;
+---------------------------+------------------+-----------+------------+----------------+
; Analysis & Synthesis      ; vrs-w10          ; Windows 7 ; 6.2        ; x86_64         ;
; Fitter                    ; vrs-w10          ; Windows 7 ; 6.2        ; x86_64         ;
; Assembler                 ; vrs-w10          ; Windows 7 ; 6.2        ; x86_64         ;
; TimeQuest Timing Analyzer ; vrs-w10          ; Windows 7 ; 6.2        ; x86_64         ;
+---------------------------+------------------+-----------+------------+----------------+


------------
; Flow Log ;
------------
quartus_map --read_settings_files=on --write_settings_files=off e11 -c e11
quartus_fit --read_settings_files=off --write_settings_files=off e11 -c e11
quartus_asm --read_settings_files=off --write_settings_files=off e11 -c e11
quartus_sta e11 -c e11



