Unit 0:

 25-FEB-76

TD8EA.BN 	0007	2	29-MAY-71
EDITOR.BN	0011	1	30-MAY-71
RES500.RB	0012	2	10-JUN-71
RES501.RB	0014	5	10-JUN-71
RES502.RB	0021	3	10-JUN-71
RES503.RB	0024	3	10-JUN-71
SI43NS.BN	0027	2	9-JUN-71
BOOT50.RB	0031	5	15-JUN-71
CCLSEM.RB	0036	2	15-FEB-76
CCLMSG.RB	0040	2	15-FEB-76
PAL850.BN	0042	22	30-MAY-71
SI43SY.BN	0070	1	30-MAY-71
TD8ESY.BN	0071	2	30-MAY-71
RES50D.RB	0073	2	10-JUN-71
CCLCD.RB 	0075	8	15-FEB-76
<empty>  	0105	1	
PT8E.BN  	0106	1	31-MAY-71
KL8E.BN  	0107	2	31-MAY-71
LPSS.BN  	0111	2	31-MAY-71
CCLTBL.RB	0113	17	18-FEB-76
CCLDRV.RB	0134	2	15-FEB-76
CCLERR.RB	0136	6	15-FEB-76
CCLCOR.RB	0144	3	15-FEB-76
CCLSUB.RB	0147	5	15-FEB-76
CCLSB2.RB	0154	4	15-FEB-76
CCLSB3.RB	0160	3	15-FEB-76
CCLAT.RB 	0163	2	15-FEB-76
CCLREM.RB	0165	6	15-FEB-76
CCL.RB   	0173	6	15-FEB-76
CCLDAT.RB	0201	2	15-FEB-76
CCLCDX.RB	0203	2	15-FEB-76
<empty>  	0205	45	
FOTP50.BN	0262	10	1-JUN-71
DIR50.BN 	0274	9	2-JUN-71
PIP50.BN 	0305	14	2-JUN-71
SET50.RB 	0323	21	10-JUN-71
SET50.BN 	0350	20	10-JUN-71
OCOM50.BN	0374	9	13-JUL-71
<empty>  	0405	146	
BITM50.BN	0627	6	15-JUN-71
DECODE.BN	0635	5	13-JUL-71
BATC50.BN	0642	21	6-JUN-71
RES50C.RB	0667	7	10-JUN-71
DM8E50.BN	0676	8	1-DEC-71
CCLTAB.RB	0706	3	18-FEB-76
<empty>  	0711	1	
EDIT50.BN	0712	12	18-JUN-71
SRCC50.BN	0726	6	29-AUG-72
<empty>  	0734	593	
F4.BN    	2055	22	6-MAR-76
PASS2.BN 	2103	25	6-MAR-76
PASS2O.BN	2134	5	6-MAR-76
PASS3.BN 	2141	10	6-MAR-76
RALF.BN  	2153	24	6-MAR-76
<empty>  	2203	57	
LOAD.BN  	2274	18	8-APR-76
LIBRA.BN 	2316	9	8-APR-76
<empty>  	2327	30	
FRTS.BN  	2365	30	10-APR-76
<empty>  	2423	1949	

Unit 1:

 10-MAY-2

PAL850.SV	0007	19	30-MAY-71
CCL.SV   	0032	40	18-FEB-76
HELP.SV  	0102	8	20-FEB-76
F4.SV    	0112	20	6-MAR-76
FOTP50.SV	0136	8	2-JUN-71
BOOT50.SV	0146	5	15-JUN-71
<empty>  	0153	2	
DIR50.SV 	0155	7	2-JUN-71
BITM50.SV	0164	5	17-JUN-71
DECODE.SV	0171	5	13-JUL-71
<empty>  	0176	1	
PIP50.SV 	0177	11	2-JUN-71
SET50.SV 	0212	17	10-JUN-71
BATC50.SV	0233	17	6-JUN-71
RES50.SV 	0254	16	10-JUN-71
EDIT50.SV	0274	10	18-JUN-71
SISY50.SY	0306	50	11-JUL-71
OCOM50.SV	0370	8	13-JUL-71
DM8E50.SV	0400	8	1-DEC-71
SRCC50.SV	0410	5	29-AUG-72
LIBRA.SV 	0415	11	8-APR-76
PASS2.SV 	0430	20	6-MAR-76
PASS2O.SV	0454	5	6-MAR-76
PASS3.SV 	0461	8	6-MAR-76
RALF.SV  	0471	19	6-MAR-76
FRTS.SV  	0514	25	10-APR-76
<empty>  	0545	32	
LOAD.SV  	0605	16	8-APR-76
<empty>  	0625	2843	

Unit 2:

 8-MAY-2

