~/Verilator/bin/topld.pl M105B
info: sp380n ne dil14
info: n8815 ne dil14
info: sp380n ne dil14
info: dec8242 ne 74266n
info: n8881n ne dil14
info: sp380n ne dil14
info: sp380n ne dil14
info: dec8242 ne 74266n
info: 74h00n ne 7400n
info: 7402n ne dil14
info: sp380n ne dil14
info: dec8242 ne 74266n
info: n8815 ne dil14
info: single ne dil14
warning: making u$1/single/ a connector
warning: non-bypass capacitor deleted: c14
warning: non-pullup resistor deleted: j3
warning: non-pullup resistor deleted: j4
warning: non-pullup resistor deleted: j5
warning: non-pullup resistor deleted: j6
warning: non-pullup resistor deleted: j7
warning: non-pullup resistor deleted: j8
warning: non-pullup resistor deleted: j9
warning: non-pullup resistor deleted: j10
warning: non-pullup resistor deleted: j11
warning: non-pullup resistor deleted: j12
warning: non-pullup resistor deleted: r14
