~/Verilator/bin/topld.pl M701X
info: cpol_use ne cpol_use20_8axial
info: cpol_use ne cpol_use20_8axial
info: cpol_use ne cpol_use20_8axial
info: 1n4154 ne 1n4148do35_10
warning: making d1/1n4154/ a connector
info: 1n4154 ne 1n4148do35_10
warning: making d2/1n4154/ a connector
info: 1n4154 ne 1n4148do35_10
warning: making d3/1n4154/ a connector
info: 1n4154 ne 1n4148do35_10
warning: making d4/1n4154/ a connector
info: 1n4154 ne 1n4148do35_10
warning: making d5/1n4154/ a connector
info: 1n914v ne 1n4148do35_10
warning: making d6/1n914v/ a connector
info: 1n4154 ne 1n4148do35_10
warning: making d7/1n4154/ a connector
info: 1n914v ne 1n4148do35_10
warning: making d8/1n914v/ a connector
info: 1n914v ne 1n4148do35_10
warning: making d9/1n914v/ a connector
info: 7400n ne dil14
info: 7410n ne dil14
info: 7400n ne dil14
info: 7400n ne dil14
info: 7400n ne dil14
info: 7460n ne dil14
info: 7410n ne dil14
info: 7410n ne dil14
info: 7400n ne dil14
info: pn3569 ne 2n2102
warning: making q1/pn3569/ a connector
info: pn3569 ne 2n2102
warning: making q2/pn3569/ a connector
info: pn3569 ne 2n2102
warning: making q3/pn3569/ a connector
info: pn3569 ne 2n2102
warning: making q4/pn3569/ a connector
info: mps6534 ne 2n2905
warning: making q5/mps6534/ a connector
info: mps6534 ne 2n2905
warning: making q6/mps6534/ a connector
info: mps6534 ne 2n2905
warning: making q7/mps6534/ a connector
info: double ne e12_8
warning: making u$1/double/ a connector
warning: non-bypass capacitor deleted: c1
warning: non-bypass capacitor deleted: c2
warning: non-pullup resistor deleted: r9
warning: non-pullup resistor deleted: r11
warning: non-pullup resistor deleted: r12
warning: non-pullup resistor deleted: r13
warning: non-pullup resistor deleted: r14
warning: non-pullup resistor deleted: r15
warning: non-pullup resistor deleted: r17
warning: non-pullup resistor deleted: r18
warning: non-pullup resistor deleted: r20
warning: non-pullup resistor deleted: r21
warning: non-pullup resistor deleted: r23
warning: non-pullup resistor deleted: r24
