~/Verilog/bin/topld.pl M503A
info: 1n3606 ne 1n4148do35_10
warning: making d1/1n3606/ a connector
info: 1n3606 ne 1n4148do35_10
warning: making d10/1n3606/ a connector
info: 1n3606 ne 1n4148do35_10
warning: making d11/1n3606/ a connector
info: 1n3606 ne 1n4148do35_10
warning: making d12/1n3606/ a connector
info: 1n3606 ne 1n4148do35_10
warning: making d13/1n3606/ a connector
info: 1n3606 ne 1n4148do35_10
warning: making d14/1n3606/ a connector
info: 1n3606 ne 1n4148do35_10
warning: making d15/1n3606/ a connector
info: 1n3606 ne 1n4148do35_10
warning: making d16/1n3606/ a connector
info: 1n3606 ne 1n4148do35_10
warning: making d17/1n3606/ a connector
info: 1n3606 ne 1n4148do35_10
warning: making d2/1n3606/ a connector
info: 1n3606 ne 1n4148do35_10
warning: making d3/1n3606/ a connector
info: 1n3606 ne 1n4148do35_10
warning: making d4/1n3606/ a connector
info: 1n3606 ne 1n4148do35_10
warning: making d5/1n3606/ a connector
info: 1n3606 ne 1n4148do35_10
warning: making d6/1n3606/ a connector
info: 1n3606 ne 1n4148do35_10
warning: making d7/1n3606/ a connector
info: 1n752a ne 5.6v
warning: making d8/1n752a/ a connector
info: 1n752a ne 5.6v
warning: making d9/1n752a/ a connector
info: 7400n ne dil14
info: 7400n ne dil14
info: mc1709 ne lm301c
warning: making e3/mc1709/ a connector
info: mc1709 ne lm301b
warning: making e4/mc1709/ a connector
info: 2n3009 ne 2n3019
warning: making q1/2n3009/ a connector
info: dec6b ne 2n2904
warning: making q10/dec6b/ a connector
info: 2n3009 ne 2n3019
warning: making q11/2n3009/ a connector
info: 2n3009 ne 2n3019
warning: making q12/2n3009/ a connector
info: 2n4250 ne 2n2904
warning: making q2/2n4250/ a connector
info: 2n3009 ne 2n3019
warning: making q3/2n3009/ a connector
info: 2n4250 ne 2n2904
warning: making q4/2n4250/ a connector
info: dec6b ne 2n2904
warning: making q5/dec6b/ a connector
info: 2n3009 ne 2n3019
warning: making q6/2n3009/ a connector
info: 2n4250 ne 2n2904
warning: making q7/2n4250/ a connector
info: 2n3009 ne 2n3019
warning: making q8/2n3009/ a connector
info: 2n4250 ne 2n2904
warning: making q9/2n4250/ a connector
info: 34.8k ne mf
warning: making r10/34.8k/ a connector
info: 34.8k ne mf
warning: making r12/34.8k/ a connector
info: 34.8k ne mf
warning: making r13/34.8k/ a connector
info: 34.8k ne mf
warning: making r26/34.8k/ a connector
info: 34.8k ne mf
warning: making r27/34.8k/ a connector
info: 34.8k ne mf
warning: making r29/34.8k/ a connector
info: 34.8k ne mf
warning: making r30/34.8k/ a connector
info: 34.8k ne mf
warning: making r9/34.8k/ a connector
info: single ne edge_con2
warning: making u$2/single/ a connector
warning: non-bypass capacitor deleted: c3
warning: non-bypass capacitor deleted: c4
warning: non-bypass capacitor deleted: c5
warning: non-bypass capacitor deleted: c6
warning: non-bypass capacitor deleted: c7
warning: non-bypass capacitor deleted: c8
warning: non-bypass capacitor deleted: c9
warning: non-bypass capacitor deleted: c10
warning: non-bypass capacitor deleted: c11
warning: non-bypass capacitor deleted: c12
warning: non-bypass capacitor deleted: c13
warning: non-bypass capacitor deleted: c14
warning: non-bypass capacitor deleted: c15
warning: non-pullup resistor deleted: r1
warning: non-pullup resistor deleted: r2
warning: non-pullup resistor deleted: r3
warning: non-pullup resistor deleted: r4
warning: non-pullup resistor deleted: r5
warning: non-pullup resistor deleted: r6
warning: non-pullup resistor deleted: r7
warning: non-pullup resistor deleted: r8
warning: non-pullup resistor deleted: r11
warning: non-pullup resistor deleted: r14
warning: non-pullup resistor deleted: r15
warning: non-pullup resistor deleted: r16
warning: non-pullup resistor deleted: r17
warning: non-pullup resistor deleted: r18
warning: non-pullup resistor deleted: r19
warning: non-pullup resistor deleted: r20
warning: non-pullup resistor deleted: r21
warning: non-pullup resistor deleted: r22
warning: non-pullup resistor deleted: r23
warning: non-pullup resistor deleted: r24
warning: non-pullup resistor deleted: r25
warning: non-pullup resistor deleted: r28
warning: non-pullup resistor deleted: r31
warning: non-pullup resistor deleted: r32
warning: non-pullup resistor deleted: r33
warning: non-pullup resistor deleted: r34
warning: non-pullup resistor deleted: r35
warning: non-pullup resistor deleted: r36
warning: non-pullup resistor deleted: r37
warning: non-pullup resistor deleted: r38
warning: non-pullup resistor deleted: r39
warning: non-pullup resistor deleted: r40
~/Verilog/bin/smaller.pl M503A.PLD >vv || (rm vv; exit 1)
1 signals were removed:
  n_t_12x: !n_t_15x
~/Verilog/bin/smaller.pl vv >M503AX.PLD || (rm M503AX.PLD; exit 1)
0 signals were removed:
~/Verilog/bin/cupl2v.pl M503AX.PLD >vv || (rm vv; exit 1)
mv vv M503A.v
rm M503AX.PLD
