
 18-AUG-76

TDINIT.SV	0007	7	1-FEB-74
TDROM.SY 	0016	50	18-JAN-74
TD12K.SY 	0100	50	18-JAN-74
TC08SY.BN	0162	1	18-JAN-74
TD8ESY.BN	0163	2	18-JAN-74
LINCSY.BN	0165	1	18-JAN-74
DF32SY.BN	0166	1	18-JAN-74
RF08SY.BN	0167	1	18-JAN-74
RK08SY.BN	0170	1	18-JAN-74
RK8ESY.BN	0171	1	18-JAN-74
ROMMSY.BN	0172	1	18-JAN-74
LINCNS.BN	0173	2	18-JAN-74
TC08NS.BN	0175	2	18-JAN-74
RK8ENS.BN	0177	2	18-JAN-74
PT8E.BN  	0201	1	18-JAN-74
LSPT.BN  	0202	1	18-JAN-74
L645.BN  	0203	1	18-JAN-74
ASR33.BN 	0204	1	18-JAN-74
RK08NS.BN	0205	1	18-JAN-74
CR8E.BN  	0206	2	18-JAN-74
BAT.BN   	0210	1	18-JAN-74
TD8EA.BN 	0211	2	18-JAN-74
TD8EB.BN 	0213	2	18-JAN-74
TD8EC.BN 	0215	2	18-JAN-74
TD8ED.BN 	0217	2	18-JAN-74
VR12.BN  	0221	2	18-JAN-74
RF08NS.BN	0223	1	18-JAN-74
DF32NS.BN	0224	1	18-JAN-74
KL8E.BN  	0225	2	18-JAN-74
LPSV.BN  	0227	1	18-JAN-74
CSA.BN   	0230	2	18-JAN-74
CSB.BN   	0232	2	18-JAN-74
CSC.BN   	0234	2	18-JAN-74
CSD.BN   	0236	2	18-JAN-74
TM8E.BN  	0240	2	18-JAN-74
DIRECT.HL	0242	2	18-JAN-74
BATCH.HL 	0244	1	18-JAN-74
SABR.HL  	0245	1	18-JAN-74
PIP.HL   	0246	2	18-JAN-74
FOTP.HL  	0250	3	18-JAN-74
ABSLDR.HL	0253	1	18-JAN-74
PIP10.HL 	0254	1	18-JAN-74
BOOT.HL  	0255	2	18-JAN-74
LOADER.HL	0257	1	18-JAN-74
BITMAP.HL	0260	1	18-JAN-74
EDIT.HL  	0261	3	18-JAN-74
CREF.HL  	0264	1	18-JAN-74
BUILD.HL 	0265	2	18-JAN-74
PAL8.HL  	0267	3	18-JAN-74
ODT.HL   	0272	3	18-JAN-74
SRCCOM.HL	0275	1	18-JAN-74
CCL.HL   	0276	6	18-JAN-74
TECO.HL  	0304	1	18-JAN-74
FORT.HL  	0305	1	18-JAN-74
LOAD.HL  	0306	1	18-JAN-74
LIBRA.HL 	0307	1	18-JAN-74
EPIC.HL  	0310	2	18-JAN-74
LIB8.RL  	0312	29	18-JAN-74
GENIOX.RL	0347	3	18-JAN-74
IOH.RL   	0352	7	18-JAN-74
FLOAT.RL 	0361	5	18-JAN-74
INTEGR.RL	0366	2	18-JAN-74
UTILTY.RL	0370	3	18-JAN-74
POWERS.RL	0373	3	18-JAN-74
IPOWRS.RL	0376	2	18-JAN-74
SQRT.RL  	0400	2	18-JAN-74
TRIG.RL  	0402	2	18-JAN-74
ATAN.RL  	0404	2	18-JAN-74
RWTAPE.RL	0406	2	18-JAN-74
IOPEN.RL 	0410	2	18-JAN-74
KL8E.PA  	0412	38	20-DEC-73
LIBSET.SV	0460	5	18-JAN-74
CCL.PA   	0465	130	26-FEB-74
<empty>  	0667	298	

