
 18-AUG-76

ABSLDR.SV	0070	5	15-JAN-74
CCL.SV   	0075	17	26-FEB-74
DIRECT.SV	0116	7	18-JAN-74
FOTP.SV  	0125	8	18-JAN-74
PIP.SV   	0135	11	18-JAN-74
LIB8.RL  	0150	29	18-JAN-74
EDIT.SV  	0205	10	18-JAN-74
PAL8.SV  	0217	16	18-JAN-74
CREF.SV  	0237	13	18-JAN-74
BITMAP.SV	0254	5	18-JAN-74
FORT.SV  	0261	25	18-JAN-74
SABR.SV  	0312	24	18-JAN-74
LOADER.SV	0342	12	18-JAN-74
SRCCOM.SV	0356	5	18-JAN-74
BOOT.SV  	0363	5	18-JAN-74
BUILD.SV 	0370	33	18-JAN-74
EPIC.SV  	0431	14	18-JAN-74
PIP10.SV 	0447	17	18-JAN-74
RESORC.SV	0470	10	18-JAN-74
DTFRMT.SV	0502	7	18-JAN-74
TDFRMT.SV	0511	9	18-JAN-74
RK8FMT.SV	0522	9	18-JAN-74
RKEFMT.SV	0533	6	18-JAN-74
CAMP.SV  	0541	8	18-JAN-74
MCPIP.SV 	0551	13	18-JAN-74
DTCOPY.SV	0566	5	18-JAN-74
TDCOPY.SV	0573	7	18-JAN-74
<empty>  	0602	356	

