   1               *2200
   2 002200  0077  0077;4242;0005;0373;7200;0000;7402;4242
     002201  4242  
     002202  0005  
     002203  0373  
     002204  7200  
     002205  0000  
     002206  7402  
     002207  4242  
   3 002210  0005  0005;0374;7400;0000;7402;4242;0003;0001
     002211  0374  
     002212  7400  
     002213  0000  
     002214  7402  
     002215  4242  
     002216  0003  
     002217  0001  
   4 002220  7200  7200;0000;7402;4242;0003;0002;7400;0000
     002221  0000  
     002222  7402  
     002223  4242  
     002224  0003  
     002225  0002  
     002226  7400  
     002227  0000  
   5 002230  7402  7402;5626;0006;0037;0040;0070;3700;2377
     002231  5626  
     002232  0006  
     002233  0037  
     002234  0040  
     002235  0070  
     002236  3700  
     002237  2377  
   6 002240  5360  5360;5303
     002241  5303  
   7               *2242
   8 002242  0000  0000;7240;3377;1642;3356;2242
     002243  7240  
     002244  3377  
     002245  1642  
     002246  3356  
     002247  2242  
   9 002250  1642  1642;3352;2242;1642;1263;3353;1356;7006
     002251  3352  
     002252  2242  
     002253  1642  
     002254  1263  
     002255  3353  
     002256  1356  
     002257  7006  
  10 002260  7710  7710;7120;1356;0200;3356;1356;0235;1373
     002261  7120  
     002262  1356  
     002263  0200  
     002264  3356  
     002265  1356  
     002266  0235  
     002267  1373  
  11 002270  3366  3366;2242;1242;7430;7240;3346;4363;2242
     002271  2242  
     002272  1242  
     002273  7430  
     002274  7240  
     002275  3346  
     002276  4363  
     002277  2242  
  12 002300  1642  1642;7430;3242;7200;1352;0233;7112;7012
     002301  7430  
     002302  3242  
     002303  7200  
     002304  1352  
     002305  0233  
     002306  7112  
     002307  7012  
  13 002310  7012  7012;1352;7001;3363;7430;1234;1352;7004
     002311  1352  
     002312  7001  
     002313  3363  
     002314  7430  
     002315  1234  
     002316  1352  
     002317  7004  
  14 002320  0236  0236;1356;6615;7200;1356;0232;1360;3336
     002321  1356  
     002322  6615  
     002323  7200  
     002324  1356  
     002325  0232  
     002326  1360  
     002327  3336  
  15 002330  1345  1345;3350;1345;1353;3351;1363;0000;6622
     002331  3350  
     002332  1345  
     002333  1353  
     002334  3351  
     002335  1363  
     002336  0000  
     002337  6622  
  16 002340  5337  5337;6621;5237;2242;5360;7577;0000
     002341  6621  
     002342  5237  
     002343  2242  
     002344  5360  
     002345  7577  
     002346  0000  
  17               *2350
  18 002350  0000  0000;0000;0000;0000
     002351  0000  
     002352  0000  
     002353  0000  
  19               *2356
  20 002356  0000  0000;0000
     002357  0000  
  21 002360  6601  6601;4363;5642;0000;1746;3351;0000;1753
     002361  4363  
     002362  5642  
     002363  0000  
     002364  1746  
     002365  3351  
     002366  0000  
     002367  1753  
  22 002370  3350  3350;1351;3753;6201;1350;3746;5763;0000
     002371  1351  
     002372  3753  
     002373  6201  
     002374  1350  
     002375  3746  
     002376  5763  
     002377  0000  
  23               $
