   1               *2400
   2 002400  0006  0006;4242;0005;0373;7200;0000;7402;4242
     002401  4242  
     002402  0005  
     002403  0373  
     002404  7200  
     002405  0000  
     002406  7402  
     002407  4242  
   3 002410  0005  0005;0374;7400;0000;7752;4242;0003;0001
     002411  0374  
     002412  7400  
     002413  0000  
     002414  7752  
     002415  4242  
     002416  0003  
     002417  0001  
   4 002420  7200  7200;0000;7402;4242;0003;0002;7400;0000
     002421  0000  
     002422  7402  
     002423  4242  
     002424  0003  
     002425  0002  
     002426  7400  
     002427  0000  
   5 002430  7402  7402;5626;0077;0040;0700;1214;3352;1642
     002431  5626  
     002432  0077  
     002433  0040  
     002434  0700  
     002435  1214  
     002436  3352  
     002437  1642  
   6 002440  3242  3242;5301
     002441  5301  
   7               *2442
   8 002442  0000  0000;7346;3357;1642;3205;1205
     002443  7346  
     002444  3357  
     002445  1642  
     002446  3205  
     002447  1205  
   9 002450  0200  0200;1364;3336;1205;0347;1375;3370;2242
     002451  1364  
     002452  3336  
     002453  1205  
     002454  0347  
     002455  1375  
     002456  3370  
     002457  2242  
  10 002460  1642  1642;3227;2242;1642;1250;3221;2242;1642
     002461  3227  
     002462  2242  
     002463  1642  
     002464  1250  
     002465  3221  
     002466  2242  
     002467  1642  
  11 002470  4366  4366;3353;1242;3352;2242;1205;7006;7710
     002471  3353  
     002472  1242  
     002473  3352  
     002474  2242  
     002475  1205  
     002476  7006  
     002477  7710  
  12 002500  5235  5235;1205;0347;6615;1227;0232;7112;7012
     002501  1205  
     002502  0347  
     002503  6615  
     002504  1227  
     002505  0232  
     002506  7112  
     002507  7012  
  13 002510  7012  7012;7101;1227;3213;7430;1233;1227;7012
     002511  7101  
     002512  1227  
     002513  3213  
     002514  7430  
     002515  1233  
     002516  1227  
     002517  7012  
  14 002520  7012  7012;0232;3350;1205;0234;1350;7110;6643
     002521  0232  
     002522  3350  
     002523  1205  
     002524  0234  
     002525  1350  
     002526  7110  
     002527  6643  
  15 002530  1346  1346;3350;1346;1221;3351;1213;0000;6623
     002531  3350  
     002532  1346  
     002533  1221  
     002534  3351  
     002535  1213  
     002536  0000  
     002537  6623  
  16 002540  5337  5337;6621;5360;2357;5301;5361;7577;0070
     002541  6621  
     002542  5360  
     002543  2357  
     002544  5301  
     002545  5361  
     002546  7577  
     002547  0070  
  17               *2550
  18 002550  0000  0000;0000;0000;0000
     002551  0000  
     002552  0000  
     002553  0000  
  19               *2557
  20 002557  0000  0000
  21 002560  2242  2242;1353;4366;3752;6601;5642;0000;3351
     002561  1353  
     002562  4366  
     002563  3752  
     002564  6601  
     002565  5642  
     002566  0000  
     002567  3351  
  22 002570  0000  0000;1621;3350;1351;3621;6201;1350;5766
     002571  1621  
     002572  3350  
     002573  1351  
     002574  3621  
     002575  6201  
     002576  1350  
     002577  5766  
  23               $
