   1               *2600
   2 002600  0070  0070;4242;0005;0005;7200;0000;7402;4242
     002601  4242  
     002602  0005  
     002603  0005  
     002604  7200  
     002605  0000  
     002606  7402  
     002607  4242  
   3 002610  0005  0005;0006;7400;0000;7402;4242;0003;0001
     002611  0006  
     002612  7400  
     002613  0000  
     002614  7402  
     002615  4242  
     002616  0003  
     002617  0001  
   4 002620  7200  7200;0000;7402;4242;0003;0002;7400;0000
     002621  0000  
     002622  7402  
     002623  4242  
     002624  0003  
     002625  0002  
     002626  7400  
     002627  0000  
   5 002630  7402  7402;5626;0400;7010;7577;7754;2377;5345
     002631  5626  
     002632  0400  
     002633  7010  
     002634  7577  
     002635  7754  
     002636  2377  
     002637  5345  
   6 002640  5272  5272
   7               *2642
   8 002642  0000  0000;7240;3377;1642;3351;1351
     002643  7240  
     002644  3377  
     002645  1642  
     002646  3351  
     002647  1351  
   9 002650  7106  7106;7004;3352;2242;1642;3350;2242;1642
     002651  7004  
     002652  3352  
     002653  2242  
     002654  1642  
     002655  3350  
     002656  2242  
     002657  1642  
  10 002660  3221  3221;1242;7430;7344;3227;2242;2242;1642
     002661  1242  
     002662  7430  
     002663  7344  
     002664  3227  
     002665  2242  
     002666  2242  
     002667  1642  
  11 002670  7430  7430;3242;7200;1352;0233;1232;6766;6774
     002671  3242  
     002672  7200  
     002673  1352  
     002674  0233  
     002675  1232  
     002676  6766  
     002677  6774  
  12 002700  1235  1235;3355;7006;7004;7220;1342;7420;1232
     002701  3355  
     002702  7006  
     002703  7004  
     002704  7220  
     002705  1342  
     002706  7420  
     002707  1232  
  13 002710  6764  6764;6773;5311;7510;5302;6761;7006;7006
     002711  6773  
     002712  5311  
     002713  7510  
     002714  5302  
     002715  6761  
     002716  7006  
     002717  7006  
  14 002720  7630  7630;1224;1354;7040;1350;7040;7640;5306
     002721  1224  
     002722  1354  
     002723  7040  
     002724  1350  
     002725  7040  
     002726  7640  
     002727  5306  
  15 002730  7430  7430;5307;1234;3354;7040;1221;3355;1351
     002731  5307  
     002732  1234  
     002733  3354  
     002734  7040  
     002735  1221  
     002736  3355  
     002737  1351  
  16 002740  6774  6774;1352;0200;5357;2242;1342;6764;5642
     002741  1352  
     002742  0200  
     002743  5357  
     002744  2242  
     002745  1342  
     002746  6764  
     002747  5642  
  17               *2750
  18 002750  0000  0000;0000;0000
     002751  0000  
     002752  0000  
  19               *2754
  20 002754  0000  0000;0000
     002755  0000  
  21               *2757
  22 002757  6764  6764
  23 002760  6772  6772;7710;5236;1354;7140;7640;5360;6774
     002761  7710  
     002762  5236  
     002763  1354  
     002764  7140  
     002765  7640  
     002766  5360  
     002767  6774  
  24 002770  1227  1227;3355;6773;5372;7710;5236;5344;0000
     002771  3355  
     002772  6773  
     002773  5372  
     002774  7710  
     002775  5236  
     002776  5344  
     002777  0000  
  25               $
