   1               *5200
   2 005200  0077  0077;7200;7400;7200;7400;1376;3227;1373
     005201  7200  
     005202  7400  
     005203  7200  
     005204  7400  
     005205  1376  
     005206  3227  
     005207  1373  
   3 005210  3233  3233;1241;4225;1241;7001;4225;1360;3233
     005211  1241  
     005212  4225  
     005213  1241  
     005214  7001  
     005215  4225  
     005216  1360  
     005217  3233  
   4 005220  7001  7001;4225;7326;4225;5602;0000;3234;1601
     005221  4225  
     005222  7326  
     005223  4225  
     005224  5602  
     005225  0000  
     005226  3234  
     005227  1601  
   5 005230  2227  2227;3235;4242;0000;0000;0000;0000;7402
     005231  3235  
     005232  4242  
     005233  0000  
     005234  0000  
     005235  0000  
     005236  0000  
     005237  7402  
   6 005240  5625  5625;0000;0000;7240;3354;1642;2242;7106
     005241  0000  
     005242  0000  
     005243  7240  
     005244  3354  
     005245  1642  
     005246  2242  
     005247  7106  
   7 005250  7510  7510;1360;7012;0200;3355;1642;2242;3234
     005251  1360  
     005252  7012  
     005253  0200  
     005254  3355  
     005255  1642  
     005256  2242  
     005257  3234  
   8 005260  1642  1642;3377;1242;7430;7240;3352;2242;2242
     005261  3377  
     005262  1242  
     005263  7430  
     005264  7240  
     005265  3352  
     005266  2242  
     005267  2242  
   9 005270  1642  1642;7430;3242;7600;1234;7104;0372;3357
     005271  7430  
     005272  3242  
     005273  7600  
     005274  1234  
     005275  7104  
     005276  0372  
     005277  3357  
  10 005300  1234  1234;0353;7112;7012;7012;1234;7001;3356
     005301  0353  
     005302  7112  
     005303  7012  
     005304  7012  
     005305  1234  
     005306  7001  
     005307  3356  
  11 005310  7430  7430;1361;1357;1355;6615;0374;1375;3364
     005311  1361  
     005312  1357  
     005313  1355  
     005314  6615  
     005315  0374  
     005316  1375  
     005317  3364  
  12 005320  1273  1273;3350;7040;1377;3351;4362;7040;3350
     005321  3350  
     005322  7040  
     005323  1377  
     005324  3351  
     005325  4362  
     005326  7040  
     005327  3350  
  13 005330  6616  6616;0372;6615;7300;1352;3351;1253;4362
     005331  0372  
     005332  6615  
     005333  7300  
     005334  1352  
     005335  3351  
     005336  1253  
     005337  4362  
  14 005340  2242  2242;5345;2354;7410;5273;6601;7300;5642
     005341  5345  
     005342  2354  
     005343  7410  
     005344  5273  
     005345  6601  
     005346  7300  
     005347  5642  
  15               *5352
  16 005352  0000  0000;0037;0000;0000;0000;0000
     005353  0037  
     005354  0000  
     005355  0000  
     005356  0000  
     005357  0000  
  17 005360  0003  0003;0100;0000;1356;0000;6622;5365;6621
     005361  0100  
     005362  0000  
     005363  1356  
     005364  0000  
     005365  6622  
     005366  5365  
     005367  6621  
  18 005370  5342  5342;5762;3700;0005;0007;6600;1201;0000
     005371  5762  
     005372  3700  
     005373  0005  
     005374  0007  
     005375  6600  
     005376  1201  
     005377  0000  
  19               $
