   1               *5600
   2 005600  7200  7200;7400;7200;7400;1372;3240;1367;3232
     005601  7400  
     005602  7200  
     005603  7400  
     005604  1372  
     005605  3240  
     005606  1367  
     005607  3232  
   3 005610  1241  1241;4224;1241;7001;4224;1374;3232;7001
     005611  4224  
     005612  1241  
     005613  7001  
     005614  4224  
     005615  1374  
     005616  3232  
     005617  7001  
   4 005620  4224  4224;7326;4224;5601;0000;3233;2240;1640
     005621  7326  
     005622  4224  
     005623  5601  
     005624  0000  
     005625  3233  
     005626  2240  
     005627  1640  
   5 005630  3234  3234;4242;0000;0000;0000;0000;7402;5624
     005631  4242  
     005632  0000  
     005633  0000  
     005634  0000  
     005635  0000  
     005636  7402  
     005637  5624  
   6 005640  0000  0000;0000;0000;7346;3354;1642;2242;7106
     005641  0000  
     005642  0000  
     005643  7346  
     005644  3354  
     005645  1642  
     005646  2242  
     005647  7106  
   7 005650  7510  7510;1374;7012;0365;3355;1642;2242;3375
     005651  1374  
     005652  7012  
     005653  0365  
     005654  3355  
     005655  1642  
     005656  2242  
     005657  3375  
   8 005660  1642  1642;3343;1242;7430;7344;3352;2242;2242
     005661  3343  
     005662  1242  
     005663  7430  
     005664  7344  
     005665  3352  
     005666  2242  
     005667  2242  
   9 005670  1642  1642;7430;3242;7300;1375;7004;0366;3357
     005671  7430  
     005672  3242  
     005673  7300  
     005674  1375  
     005675  7004  
     005676  0366  
     005677  3357  
  10 005700  1375  1375;0353;7112;7012;7012;1375;7001;3356
     005701  0353  
     005702  7112  
     005703  7012  
     005704  7012  
     005705  1375  
     005706  7001  
     005707  3356  
  11 005710  7430  7430;1373;1357;1355;6615;0370;1371;3326
     005711  1373  
     005712  1357  
     005713  1355  
     005714  6615  
     005715  0370  
     005716  1371  
     005717  3326  
  12 005720  1372  1372;3350;7040;1343;3351;1356;0000;1350
     005721  3350  
     005722  7040  
     005723  1343  
     005724  3351  
     005725  1356  
     005726  0000  
     005727  1350  
  13 005730  7040  7040;7640;5327;1352;3351;6622;5335;6621
     005731  7640  
     005732  5327  
     005733  1352  
     005734  3351  
     005735  6622  
     005736  5335  
     005737  6621  
  14 005740  5360  5360;2242;5362;0000
     005741  2242  
     005742  5362  
     005743  0000  
  15               *5752
  16 005752  0000  0000;0037;0000;0000;0000;0000
     005753  0037  
     005754  0000  
     005755  0000  
     005756  0000  
     005757  0000  
  17 005760  2354  2354;5273;6601;7300;5642;0077;3700;0005
     005761  5273  
     005762  6601  
     005763  7300  
     005764  5642  
     005765  0077  
     005766  3700  
     005767  0005  
  18 005770  0007  0007;6600;7577;0100;0003;0000
     005771  6600  
     005772  7577  
     005773  0100  
     005774  0003  
     005775  0000  
  19               $
