   1               *6000
   2 006000  7010  7010;7200;7400;7200;7400;1243;3375;1374
     006001  7200  
     006002  7400  
     006003  7200  
     006004  7400  
     006005  1243  
     006006  3375  
     006007  1374  
   3 006010  3233  3233;1241;4225;1241;7001;4225;1353;3233
     006011  1241  
     006012  4225  
     006013  1241  
     006014  7001  
     006015  4225  
     006016  1353  
     006017  3233  
   4 006020  7001  7001;4225;7326;4225;5602;0000;3234;2375
     006021  4225  
     006022  7326  
     006023  4225  
     006024  5602  
     006025  0000  
     006026  3234  
     006027  2375  
   5 006030  1775  1775;3235;4242;0000;0000;0000;0000;7402
     006031  3235  
     006032  4242  
     006033  0000  
     006034  0000  
     006035  0000  
     006036  0000  
     006037  7402  
   6 006040  5625  5625;0000;0000;7600;1642;3351;1642;2242
     006041  0000  
     006042  0000  
     006043  7600  
     006044  1642  
     006045  3351  
     006046  1642  
     006047  2242  
   7 006050  7106  7106;7004;3352;1642;2242;3236;1642;3235
     006051  7004  
     006052  3352  
     006053  1642  
     006054  2242  
     006055  3236  
     006056  1642  
     006057  3235  
   8 006060  1242  1242;7430;7344;3234;2242;2242;1642;7430
     006061  7430  
     006062  7344  
     006063  3234  
     006064  2242  
     006065  2242  
     006066  1642  
     006067  7430  
   9 006070  3242  3242;7240;3355;1352;0200;1372;6766;6764
     006071  7240  
     006072  3355  
     006073  1352  
     006074  0200  
     006075  1372  
     006076  6766  
     006077  6764  
  10 006100  4364  4364;5310;1353;1755;7040;1236;7710;5277
     006101  5310  
     006102  1353  
     006103  1755  
     006104  7040  
     006105  1236  
     006106  7710  
     006107  5277  
  11 006110  1352  1352;0200;1274;6766;6764;4364;5273;1755
     006111  0200  
     006112  1274  
     006113  6766  
     006114  6764  
     006115  4364  
     006116  5273  
     006117  1755  
  12 006120  7041  7041;1236;7640;5314;1376;3354;7040;1235
     006121  1236  
     006122  7640  
     006123  5314  
     006124  1376  
     006125  3354  
     006126  7040  
     006127  1235  
  13 006130  3355  3355;1351;6774;1352;0373;6764;6772;7710
     006131  1351  
     006132  6774  
     006133  1352  
     006134  0373  
     006135  6764  
     006136  6772  
     006137  7710  
  14 006140  5361  5361;1354;7140;7640;5336;6774;1234;3355
     006141  1354  
     006142  7140  
     006143  7640  
     006144  5336  
     006145  6774  
     006146  1234  
     006147  3355  
  15 006150  5356  5356;0000;0000;0003
     006151  0000  
     006152  0000  
     006153  0003  
  16               *6156
  17 006156  4364  4364;7410
     006157  7410  
  18 006160  2242  2242;1274;6764;5642;0000;6773;5365;7700
     006161  1274  
     006162  6764  
     006163  5642  
     006164  0000  
     006165  6773  
     006166  5365  
     006167  7700  
  19 006170  2364  2364;5764;0600;0070;0005;0000;7577;0000
     006171  5764  
     006172  0600  
     006173  0070  
     006174  0005  
     006175  0000  
     006176  7577  
     006177  0000  
  20               $
