   1               *1314
   2 001314  6246  6246;2030;3700;0000
     001315  2030  
     001316  3700  
     001317  0000  
   3               *5200
   4 005200  0077  0077;7200;7400;7200;7400;1376;3227;1373
     005201  7200  
     005202  7400  
     005203  7200  
     005204  7400  
     005205  1376  
     005206  3227  
     005207  1373  
   5 005210  3233  3233;1241;4225;1241;7001;4225;1352;3233
     005211  1241  
     005212  4225  
     005213  1241  
     005214  7001  
     005215  4225  
     005216  1352  
     005217  3233  
   6 005220  7001  7001;4225;7326;4225;5602;0000;3234;1601
     005221  4225  
     005222  7326  
     005223  4225  
     005224  5602  
     005225  0000  
     005226  3234  
     005227  1601  
   7 005230  2227  2227;3235;4242;0000;0000;0000;0000;7402
     005231  3235  
     005232  4242  
     005233  0000  
     005234  0000  
     005235  0000  
     005236  0000  
     005237  7402  
   8 005240  5625  5625;0000;0000;7240;3377;1642;0357;3236
     005241  0000  
     005242  0000  
     005243  7240  
     005244  3377  
     005245  1642  
     005246  0357  
     005247  3236  
   9 005250  1642  1642;0374;1375;3362;1642;7106;7004;7600
     005251  0374  
     005252  1375  
     005253  3362  
     005254  1642  
     005255  7106  
     005256  7004  
     005257  7600  
  10 005260  1642  1642;2242;0200;3233;1642;2242;3234;1642
     005261  2242  
     005262  0200  
     005263  3233  
     005264  1642  
     005265  2242  
     005266  3234  
     005267  1642  
  11 005270  3235  3235;1242;7430;7240;3353;2242;2242;1642
     005271  1242  
     005272  7430  
     005273  7240  
     005274  3353  
     005275  2242  
     005276  2242  
     005277  1642  
  12 005300  7430  7430;3242;7240;1235;3351;1233;6615;1356
     005301  3242  
     005302  7240  
     005303  1235  
     005304  3351  
     005305  1233  
     005306  6615  
     005307  1356  
  13 005310  3360  3360;3355;1234;3354;1354;7104;3354;1355
     005311  3355  
     005312  1234  
     005313  3354  
     005314  1354  
     005315  7104  
     005316  3354  
     005317  1355  
  14 005320  7004  7004;3355;2360;5314;1354;1234;3354;7430
     005321  3355  
     005322  2360  
     005323  5314  
     005324  1354  
     005325  1234  
     005326  3354  
     005327  7430  
  15 005330  2355  2355;1236;1355;6643;1257;3350;4360;7040
     005331  1236  
     005332  1355  
     005333  6643  
     005334  1257  
     005335  3350  
     005336  4360  
     005337  7040  
  16 005340  3350  3350;1353;3351;1262;4360;2242;6601;5642
     005341  1353  
     005342  3351  
     005343  1262  
     005344  4360  
     005345  2242  
     005346  6601  
     005347  5642  
  17               *5352
  18 005352  0003  0003;0000;0000;0000;7771;0700
     005353  0000  
     005354  0000  
     005355  0000  
     005356  7771  
     005357  0700  
  19 005360  0000  0000;1354;0000;6622;5363;6615;6621;5760
     005361  1354  
     005362  0000  
     005363  6622  
     005364  5363  
     005365  6615  
     005366  6621  
     005367  5760  
  20 005370  2377  2377;5642;5302;0005;0007;6600;1201;0000
     005371  5642  
     005372  5302  
     005373  0005  
     005374  0007  
     005375  6600  
     005376  1201  
     005377  0000  
  21               $
