~/Verilog/bin/topld.pl M129A
info: 74h55n ne 7455n
info: 74h55n ne 7455n
info: 74h55n ne 7455n
info: 74h55n ne 7455n
info: single ne edge_con2
warning: making u$1/single/ a connector
~/Verilog/bin/smaller.pl M129A.PLD >vv || (rm vv; exit 1)
8 signals were removed:
  gdollar_0: c1
  gdollar_1: !gdollar_0
  gdollar_2: b2
  gdollar_3: !gdollar_2
  gdollar_4: l1
  gdollar_5: !gdollar_4
  gdollar_6: r1
  gdollar_7: !gdollar_6
~/Verilog/bin/smaller.pl vv >M129AX.PLD || (rm M129AX.PLD; exit 1)
1 signals were removed:
  gdollar_6: r1
~/Verilog/bin/cupl2v.pl M129AX.PLD >vv || (rm vv; exit 1)
mv vv M129A.v
rm M129AX.PLD
