~/Verilog/bin/topld.pl M164X
info: cpol_use ne cpol_use20_8axial
info: 7482n ne dil14
info: 7482n ne dil14
info: 7450n ne dil14
info: 7482n ne dil14
info: 7450n ne dil14
info: 7450n ne dil14
info: 7482n ne dil14
info: 7482n ne dil14
info: 7450n ne dil14
info: 74h52n ne 7452
warning: making e8/sn74h52/ a connector
info: 7482n ne dil14
info: single ne edge_con2
warning: making u$1/single/ a connector
warning: non-bypass capacitor deleted: c13
~/Verilog/bin/smaller.pl M164X.PLD >vv || (rm vv; exit 1)
0 signals were removed:
~/Verilog/bin/smaller.pl vv >M164XX.PLD || (rm M164XX.PLD; exit 1)
0 signals were removed:
~/Verilog/bin/cupl2v.pl M164XX.PLD >vv || (rm vv; exit 1)
mv vv M164X.v
rm M164XX.PLD
