~/Verilog/bin/topld.pl M103B
info: 1n3606 ne 1n4148do35_10
warning: making d1/1n3606/ a connector
info: 1n3606 ne 1n4148do35_10
warning: making d10/1n3606/ a connector
info: 1n3606 ne 1n4148do35_10
warning: making d11/1n3606/ a connector
info: 1n3606 ne 1n4148do35_10
warning: making d12/1n3606/ a connector
info: 1n3606 ne 1n4148do35_10
warning: making d13/1n3606/ a connector
info: 1n3606 ne 1n4148do35_10
warning: making d14/1n3606/ a connector
info: 1n3606 ne 1n4148do35_10
warning: making d15/1n3606/ a connector
info: 1n3606 ne 1n4148do35_10
warning: making d16/1n3606/ a connector
info: 1n3606 ne 1n4148do35_10
warning: making d2/1n3606/ a connector
info: 1n3606 ne 1n4148do35_10
warning: making d3/1n3606/ a connector
info: 1n3606 ne 1n4148do35_10
warning: making d4/1n3606/ a connector
info: 1n3606 ne 1n4148do35_10
warning: making d5/1n3606/ a connector
info: 1n3606 ne 1n4148do35_10
warning: making d6/1n3606/ a connector
info: 1n3606 ne 1n4148do35_10
warning: making d7/1n3606/ a connector
info: 1n3606 ne 1n4148do35_10
warning: making d8/1n3606/ a connector
info: 1n3606 ne 1n4148do35_10
warning: making d9/1n3606/ a connector
info: 7430n ne dil14
info: 74h40n ne 7420n
info: 74h40n ne 7420n
info: 7400n ne dil14
info: 74h40n ne 7420n
info: 2n3009b ne _npn_to39_ebc
warning: making q1/2n3009b/ a connector
info: single ne edge_con2
warning: making u$8/single/ a connector
warning: non-bypass capacitor deleted: c6
warning: non-pullup resistor deleted: r1
warning: non-pullup resistor deleted: r2
warning: non-pullup resistor deleted: r3
warning: non-pullup resistor deleted: r4
warning: non-pullup resistor deleted: r5
~/Verilog/bin/smaller.pl M103B.PLD >vv || (rm vv; exit 1)
2 signals were removed:
  n_t_31x: !n_t_9x
  n_t_5x: 'b'1
~/Verilog/bin/smaller.pl vv >M103BX.PLD || (rm M103BX.PLD; exit 1)
0 signals were removed:
~/Verilog/bin/cupl2v.pl M103BX.PLD >vv || (rm vv; exit 1)
mv vv M103B.v
rm M103BX.PLD
