
 25-FEB-76

CR8E.PA  	0007	21	1-AUG-69
TC08SY.PA	0034	13	1-AUG-69
TC08NS.PA	0051	14	1-AUG-69
INTEGR.SB	0067	16	1-AUG-69
L645.PA  	0107	8	1-AUG-69
IPOWRS.SB	0117	8	1-AUG-69
LINCNS.PA	0127	10	1-AUG-69
LPSV.PA  	0141	12	1-AUG-69
TD8ESY.PA	0155	20	1-AUG-69
ROMMSY.PA	0201	9	1-AUG-69
RF08NS.PA	0212	10	1-AUG-69
PT8E.PA  	0224	11	1-AUG-69
CS.PA    	0237	23	1-AUG-69
RK8ENS.PA	0266	17	1-AUG-69
LSPT.PA  	0307	10	1-AUG-69
TM8E.PA  	0321	28	1-AUG-69
VR12.PA  	0355	20	1-AUG-69
UTILTY.SB	0401	20	1-AUG-69
CD.PA    	0425	65	1-AUG-69
POWERS.SB	0526	15	1-AUG-69
RX01SY.PA	0545	21	1-AUG-69
SQRT.SB  	0572	6	1-AUG-69
DUMP.PA  	0600	19	1-AUG-69
VT50.PA  	0623	11	1-AUG-69
LINCSY.PA	0636	9	1-AUG-69
BITMAP.PA	0647	42	1-AUG-69
TDINIT.PA	0721	51	1-AUG-69
C3BOOT.PA	1004	30	1-AUG-69
IOH.SB   	1042	49	1-AUG-69
TRIG.SB  	1123	13	1-AUG-69
ATAN.SB  	1140	9	1-AUG-69
RWTAPE.SB	1151	10	1-AUG-69
IOPEN.SB 	1163	12	1-AUG-69
TDCOPY.PA	1177	79	1-AUG-69
<empty>  	1316	19	

