
 25-FEB-76

TDINIT.SV	0007	7	6-JUL-69
TDROM.SY 	0016	50	6-JUL-69
TD12K.SY 	0100	50	6-JUL-69
RK08SY.BN	0162	1	5-JUL-69
RK08NS.BN	0163	1	5-JUL-69
ASR33.BN 	0164	1	5-JUL-69
TD8EA.BN 	0165	2	5-JUL-69
TD8EB.BN 	0167	2	5-JUL-69
TD8EC.BN 	0171	2	5-JUL-69
TD8ED.BN 	0173	2	5-JUL-69
BAT.BN   	0175	1	5-JUL-69
RK8ESY.BN	0176	1	5-JUL-69
RF08SY.BN	0177	1	5-JUL-69
DF32SY.BN	0200	1	5-JUL-69
DF32NS.BN	0201	1	5-JUL-69
CR8E.BN  	0202	2	5-JUL-69
TC08SY.BN	0204	1	5-JUL-69
TC08NS.BN	0205	2	5-JUL-69
L645.BN  	0207	1	5-JUL-69
LINCNS.BN	0210	2	5-JUL-69
LPSV.BN  	0212	1	5-JUL-69
TD8ESY.BN	0213	2	5-JUL-69
ROMMSY.BN	0215	1	5-JUL-69
RF08NS.BN	0216	1	5-JUL-69
PT8E.BN  	0217	1	5-JUL-69
CSA.BN   	0220	2	21-JUL-69
RK8ENS.BN	0222	2	5-JUL-69
LSPT.BN  	0224	1	5-JUL-69
TM8E.BN  	0225	2	5-JUL-69
VR12.BN  	0227	2	5-JUL-69
RX01NS.BN	0231	1	5-JUL-69
RX01SY.BN	0232	1	5-JUL-69
RX78B.BN 	0233	1	21-JUL-69
LINCSY.BN	0234	1	5-JUL-69
KL8E.BN  	0235	2	6-JUL-69
LQP.BN   	0237	2	5-JUL-69
DUMP.BN  	0241	2	5-JUL-69
VT50.BN  	0243	1	5-JUL-69
IOH.RL   	0244	7	5-JUL-69
FLOAT.RL 	0253	5	5-JUL-69
UTILTY.RL	0260	3	5-JUL-69
POWERS.RL	0263	3	5-JUL-69
INTEGR.RL	0266	2	5-JUL-69
IPOWRS.RL	0270	2	5-JUL-69
SQRT.RL  	0272	2	5-JUL-69
TRIG.RL  	0274	2	5-JUL-69
ATAN.RL  	0276	2	5-JUL-69
RWTAPE.RL	0300	2	5-JUL-69
IOPEN.RL 	0302	2	5-JUL-69
LIB8.RL  	0304	29	5-JUL-69
CSB.BN   	0341	2	21-JUL-69
CSC.BN   	0343	2	21-JUL-69
CSD.BN   	0345	2	21-JUL-69
<empty>  	0347	47	
CCL.PA   	0426	159	25-MAY-69
KL8E.PA  	0665	52	5-JUL-69
HELP.HL  	0751	55	20-JUL-69
<empty>  	1040	193	

