~/Verilog/bin/topld.pl M623E
info: cpol_use ne cpol_use20_8axial
info: 1n3606 ne 1n4148do35_10
warning: making d1/1n3606/ a connector
info: 1n3606 ne 1n4148do35_10
warning: making d10/1n3606/ a connector
info: 1n3606 ne 1n4148do35_10
warning: making d11/1n3606/ a connector
info: 1n3606 ne 1n4148do35_10
warning: making d12/1n3606/ a connector
info: 1n3606 ne 1n4148do35_10
warning: making d2/1n3606/ a connector
info: 1n3606 ne 1n4148do35_10
warning: making d3/1n3606/ a connector
info: 1n3606 ne 1n4148do35_10
warning: making d4/1n3606/ a connector
info: 1n3606 ne 1n4148do35_10
warning: making d5/1n3606/ a connector
info: 1n3606 ne 1n4148do35_10
warning: making d6/1n3606/ a connector
info: 1n3606 ne 1n4148do35_10
warning: making d7/1n3606/ a connector
info: 1n3606 ne 1n4148do35_10
warning: making d8/1n3606/ a connector
info: 1n3606 ne 1n4148do35_10
warning: making d9/1n3606/ a connector
info: 7402n ne dil14
info: 7402n ne dil14
info: 7402n ne dil14
info: 2n3009 ne _npn_to39_ebc
warning: making q1/2n3009/ a connector
info: 2n3009 ne _npn_to39_ebc
warning: making q10/2n3009/ a connector
info: 2n3009 ne _npn_to39_ebc
warning: making q11/2n3009/ a connector
info: 2n3009 ne _npn_to39_ebc
warning: making q12/2n3009/ a connector
info: 2n3009 ne _npn_to39_ebc
warning: making q2/2n3009/ a connector
info: 2n3009 ne _npn_to39_ebc
warning: making q3/2n3009/ a connector
info: 2n3009 ne _npn_to39_ebc
warning: making q4/2n3009/ a connector
info: 2n3009 ne _npn_to39_ebc
warning: making q5/2n3009/ a connector
info: 2n3009 ne _npn_to39_ebc
warning: making q6/2n3009/ a connector
info: 2n3009 ne _npn_to39_ebc
warning: making q7/2n3009/ a connector
info: 2n3009 ne _npn_to39_ebc
warning: making q8/2n3009/ a connector
info: 2n3009 ne _npn_to39_ebc
warning: making q9/2n3009/ a connector
info: single ne edge_con2
warning: making u$4/single/ a connector
~/Verilog/bin/smaller.pl M623E.PLD >vv || (rm vv; exit 1)
0 signals were removed:
~/Verilog/bin/smaller.pl vv >M623EX.PLD || (rm M623EX.PLD; exit 1)
0 signals were removed:
~/Verilog/bin/cupl2v.pl M623EX.PLD >vv || (rm vv; exit 1)
mv vv M623E.v
rm M623EX.PLD
