~/Verilog/bin/topld.pl M218A
info: cpol_use ne cpol_use20_8axial
info: 74h60n ne 7460n
warning: making e1/sn74h60/ a connector
info: 74h53n ne e12_8
info: 74h53n ne e12_8
info: 74h53n ne e12_8
info: 74h53n ne e12_8
info: 74h53n ne e12_8
info: 74h53n ne e12_8
info: 74h60n ne 7460n
warning: making e5/sn74h60/ a connector
info: 74h53n ne e12_8
info: 74h53n ne e12_8
info: 74h53n ne e12_8
info: double ne e12_8
warning: making u$3/double/ a connector
warning: non-bypass capacitor deleted: c19
~/Verilog/bin/smaller.pl M218A.PLD >vv || (rm vv; exit 1)
11 signals were removed:
  md06h: !md03_l
  n1: !c1
  n_t_25x: loadclkh
  n_t_28x: n_t_2x
  n_t_37x: cnt2bufh
  n_t_38x: c1
  n_t_42x: n_t_61x
  n_t_63x: n_t_20x
  n_t_64x: n_t_15x
  n_t_72x: md03_l
  n_t_73x: n_t_79x
~/Verilog/bin/smaller.pl vv >M218AX.PLD || (rm M218AX.PLD; exit 1)
0 signals were removed:
~/Verilog/bin/cupl2v.pl M218AX.PLD >vv || (rm vv; exit 1)
mv vv M218A.v
rm M218AX.PLD
