~/Verilog/bin/topld.pl M239X
info: 74h04n ne 7404n
info: 74h04n ne 7404n
info: 74197 ne 74ls197
warning: making e3/sn74197/ a connector
info: 74197 ne 74ls197
warning: making e4/sn74197/ a connector
info: 74197 ne 74ls197
warning: making e5/sn74197/ a connector
info: single ne edge_con2
warning: making u$4/single/ a connector
~/Verilog/bin/smaller.pl M239X.PLD >vv || (rm vv; exit 1)
4 signals were removed:
  e1: 'b'1
  e2: 'b'1
  mk_blk_mk_l: 'b'1
  mk_end: 'b'1
~/Verilog/bin/smaller.pl vv >M239XX.PLD || (rm M239XX.PLD; exit 1)
0 signals were removed:
~/Verilog/bin/cupl2v.pl M239XX.PLD >vv || (rm vv; exit 1)
mv vv M239X.v
rm M239XX.PLD
