~/Verilog/bin/topld.pl M633B
info: 7402n ne dil14
info: 7402n ne dil14
info: 7402n ne dil14
info: 7402n ne dil14
info: 7402n ne dil14
info: 7402n ne dil14
info: 2n3639 ne 2n5415
warning: making q1/2n3639/ a connector
info: 2n3639 ne 2n5415
warning: making q10/2n3639/ a connector
info: 2n3639 ne 2n5415
warning: making q11/2n3639/ a connector
info: 2n3639 ne 2n5415
warning: making q12/2n3639/ a connector
info: 2n3639 ne 2n5415
warning: making q2/2n3639/ a connector
info: 2n3639 ne 2n5415
warning: making q3/2n3639/ a connector
info: 2n3639 ne 2n5415
warning: making q4/2n3639/ a connector
info: 2n3639 ne 2n5415
warning: making q5/2n3639/ a connector
info: 2n3639 ne 2n5415
warning: making q6/2n3639/ a connector
info: 2n3639 ne 2n5415
warning: making q7/2n3639/ a connector
info: 2n3639 ne 2n5415
warning: making q8/2n3639/ a connector
info: 2n3639 ne 2n5415
warning: making q9/2n3639/ a connector
info: single ne edge_con2
warning: making u$4/single/ a connector
warning: non-bypass capacitor deleted: c1
warning: non-bypass capacitor deleted: c2
warning: non-bypass capacitor deleted: c3
warning: non-bypass capacitor deleted: c4
warning: non-bypass capacitor deleted: c5
warning: non-bypass capacitor deleted: c6
warning: non-bypass capacitor deleted: c7
warning: non-bypass capacitor deleted: c8
warning: non-bypass capacitor deleted: c9
warning: non-bypass capacitor deleted: c10
warning: non-bypass capacitor deleted: c11
warning: non-bypass capacitor deleted: c12
warning: non-bypass capacitor deleted: c20
~/Verilog/bin/smaller.pl M633B.PLD >vv || (rm vv; exit 1)
0 signals were removed:
~/Verilog/bin/smaller.pl vv >M633BX.PLD || (rm M633BX.PLD; exit 1)
0 signals were removed:
~/Verilog/bin/cupl2v.pl M633BX.PLD >vv || (rm vv; exit 1)
mv vv M633B.v
rm M633BX.PLD
