
 25-FEB-76

CCL.SV   	0070	17	1-DEC-75
FOTP.SV  	0111	8	1-DEC-75
DIRECT.SV	0121	7	1-DEC-75
PIP.SV   	0130	11	1-DEC-75
BUILD.SV 	0143	33	15-DEC-76
BOOT.SV  	0204	5	1-DEC-75
RESORC.SV	0211	10	1-DEC-75
LTA.PA   	0223	17	1-NOV-76
RX01RT.PA	0244	27	14-DEC-76
UDCICS.PA	0277	48	1-NOV-76
CLOCK.PA 	0357	40	1-NOV-76
RK8.PA   	0427	11	1-NOV-76
RF08.PA  	0442	10	1-NOV-76
RK8E.PA  	0454	16	1-NOV-76
CSA.PA   	0474	20	1-NOV-76
CSAF.PA  	0520	14	1-NOV-76
LPT.PA   	0536	10	1-NOV-76
DTA.PA   	0550	13	1-NOV-76
PWRF.PA  	0565	15	1-NOV-76
TTYCF.PA 	0604	5	1-NOV-76
EXIT.PA  	0611	9	1-NOV-76
NULL8A.PA	0622	6	1-NOV-76
RXCF.PA  	0630	1	1-NOV-76
KL8ASR.PA	0631	18	14-DEC-76
<empty>  	0653	310	

