
 25-FEB-76

CCL.SV   	0070	17	21-JAN-75
FOTP.SV  	0111	8	2-MAY-75
DIRECT.SV	0121	7	2-MAY-75
EDIT.SV  	0130	10	18-JAN-74
PIP.SV   	0142	11	10-APR-75
BUILD.SV 	0155	33	18-SEP-75
SWAP.PA  	0216	20	10-SEP-75
RTS8.PA  	0242	60	18-JUN-75
MCR.PA   	0336	57	12-SEP-75
OS8SUP.PA	0427	79	27-MAY-75
TTY.PA   	0546	43	12-SEP-75
DTA.PA   	0621	13	12-SEP-75
RF08.PA  	0636	10	10-SEP-75
RK8.PA   	0650	11	10-SEP-75
RK8E.PA  	0663	15	10-SEP-75
CSA.PA   	0702	19	10-SEP-75
CSAF.PA  	0725	14	10-SEP-75
PWRF.PA  	0743	14	12-SEP-75
PARAM.PA 	0761	16	5-AUG-75
LPT.PA   	1001	10	10-SEP-75
RX01RT.PA	1013	25	9-JUN-75
LTA.PA   	1044	17	18-JUN-75
UDCICS.PA	1065	48	1-JUL-75
CLOCK.PA 	1145	39	10-SEP-75
<empty>  	1214	85	

