
 25-FEB-76

CCL.SV   	0070	18	5-JUL-69
FOTP.SV  	0112	8	5-JUL-69
DIRECT.SV	0122	7	5-JUL-69
PIP.SV   	0131	11	5-JUL-69
BOOT.SV  	0144	5	5-JUL-69
RESORC.SV	0151	10	5-JUL-69
KREF.SV  	0163	12	16-AUG-69
MACERR.SV	0177	19	16-AUG-69
MACOVR.SV	0222	29	16-AUG-69
MACREL.SV	0257	36	16-AUG-69
LINK.SV  	0323	41	16-AUG-69
OVRDRV.MA	0374	17	16-AUG-69
TASK.MA  	0415	7	16-AUG-69
LTA.PA   	0424	17	1-NOV-76
RX01RT.PA	0445	27	14-DEC-76
UDCICS.PA	0500	48	1-NOV-76
CLOCK.PA 	0560	40	1-NOV-76
RK8.PA   	0630	11	1-NOV-76
RF08.PA  	0643	10	1-NOV-76
RK8E.PA  	0655	16	1-NOV-76
CSA.PA   	0675	20	1-NOV-76
CSAF.PA  	0721	14	1-NOV-76
LPT.PA   	0737	10	1-NOV-76
DTA.PA   	0751	13	1-NOV-76
PWRF.PA  	0766	15	1-NOV-76
TTYCF.PA 	1005	5	1-NOV-76
EXIT.PA  	1012	9	1-NOV-76
NULL8A.PA	1023	6	1-NOV-76
RXCF.PA  	1031	1	1-NOV-76
KL8ASR.PA	1032	18	14-DEC-76
<empty>  	1054	181	

