
 25-FEB-76

OS8.PA   	0007	68	6-JAN-69
PARAM.PA 	0113	15	18-MAR-69
RTS8.PA  	0132	56	11-DEC-76
TTY.PA   	0222	41	8-DEC-76
SDA.PA   	0273	22	8-DEC-76
PWRF.PA  	0321	11	16-MAR-69
CLOCK.PA 	0334	37	16-MAR-69
MCR.PA   	0401	55	8-DEC-76
SWAP.PA  	0470	16	10-DEC-76
RTSLOD.BI	0510	1	31-DEC-76
RTSMAP.BI	0511	1	31-DEC-76
PG0F0.PA 	0512	6	3-JAN-69
OS8B.PA  	0520	8	6-JAN-69
OS8F.PA  	0530	29	3-JAN-69
SIDK.PA  	0565	8	8-DEC-76
SUPCOM.BI	0575	1	20-DEC-76
RTSCOM.BI	0576	1	10-DEC-76
RTFPP.PA 	0577	47	19-AUG-69
<empty>  	0656	307	

