~/Verilog/bin/topld.pl M621X
info: cpol_use ne cpol_use15_5axial
info: 7450n ne dil14
info: 74h00n ne 7400n
info: 7450n ne dil14
info: 74h00n ne 7400n
info: 7450n ne dil14
info: pn3569 ne _npn_to5
warning: making q1/pn3569/ a connector
info: pn3569 ne _npn_to5
warning: making q2/pn3569/ a connector
info: pn3569 ne _npn_to5
warning: making q3/pn3569/ a connector
info: pn3569 ne _npn_to5
warning: making q4/pn3569/ a connector
info: pn3569 ne _npn_to5
warning: making q5/pn3569/ a connector
info: pn3569 ne _npn_to5
warning: making q6/pn3569/ a connector
info: edge ne single
warning: making u$2/edge/ a connector
~/Verilog/bin/smaller.pl M621X.PLD >vv || (rm vv; exit 1)
0 signals were removed:
~/Verilog/bin/smaller.pl vv >M621XX.PLD || (rm M621XX.PLD; exit 1)
0 signals were removed:
~/Verilog/bin/cupl2v.pl M621XX.PLD >vv || (rm vv; exit 1)
mv vv M621X.v
rm M621XX.PLD
