   1               /DECUS 8-333 8K PALD PATCHES
   2               /MODIFICATIONS TO LIMIT FIELD 1
   3               BOT=6747
   4               TOP=7403
   5               /BLTO
   6               *3722
   7 003722  0000  BLTO, 0
   8 003723  2371          ISZ BLTADR
   9 003724  2372          ISZ BLTAD2
  10 003725  1771          TAD I BLTADR
  11 003726  6211          CDF 10
  12 003727  3772          DCA I BLTAD2
  13 003730  6201          CDF 00
  14 003731  2334          ISZ BLTCNT
  15 003732  5323          JMP BLTO+1
  16 003733  5722          JMP I BLTO
  17 003734  7150  BLTCNT, BOT-7577
  18               /3735-3770 USED
  19               *3771
  20 003771  6747  BLTADR, BOT
  21 003772  6547  BLTAD2, BOT-200
  22               /SDECOD
  23               *4202
  24 004202  1355          TAD P7377
  25               /4200-4354 USED
  26               *4355
  27 004355  7377  P7377,  7377
  28               *437
  29 000437  1377          TAD MTOP
  30               *577
  31 000577  0575  MTOP,   -TOP+200
  32               /SEARCH
  33               *150
  34 000150  7376  P7376,  7376
  35               $

BLTAD2  3772
BLTADR  3771
BLTCNT  3734
BLTO    3722
BOT     6747
MTOP    0577
P7376   0150 unreferenced
P7377   4355
TOP     7403
