Unit 0:

 18-AUG-76

RES500.MA	0007	9	8-JUN-71
RES502.MA	0020	14	8-JUN-71
RES50D.MA	0036	17	10-JUN-71
RES503.MA	0057	10	8-JUN-71
RES50C.MA	0071	48	8-JUN-71
RES501.MA	0151	23	9-JUN-71
SET50.MA 	0200	115	5-JUN-71
OVRDRV.MA	0363	17	10-JUN-71
SET.BI   	0404	1	10-JUN-71
RESORC.BI	0405	2	10-JUN-71
CCLTAB.MA	0407	16	18-OCT-72
CCLERR.MA	0427	14	16-OCT-72
CCLREM.MA	0445	25	8-DEC-71
CCLLNK.BI	0476	1	11-OCT-72
CCLDEF.MA	0477	5	16-OCT-72
CCLDRV.MA	0504	17	8-DEC-71
CCLSUB.MA	0525	19	18-OCT-72
CCLSB3.MA	0550	13	16-OCT-72
CCLCD.MA 	0565	44	18-OCT-72
CCLCDX.MA	0641	7	8-DEC-71
CCLMSG.MA	0650	7	8-DEC-71
CCL.BI   	0657	3	11-OCT-72
CCLDAT.MA	0662	6	16-OCT-72
CCLSB2.MA	0670	16	16-OCT-72
CCLCOR.MA	0710	8	16-OCT-72
CCL.MA   	0720	40	16-OCT-72
CCLTBL.MA	0770	35	18-OCT-72
CCLSEM.MA	1033	7	18-OCT-72
CCLAT.MA 	1042	10	8-DEC-71
BOOT50.MA	1054	41	15-JUN-71
<empty>  	1125	2651	

Unit 1:

 15-JUL-2

RES50C.LS	0007	129	10-JUN-71
RES50D.LS	0210	30	10-JUN-71
RES500.LS	0246	23	10-JUN-71
RES501.LS	0275	66	10-JUN-71
RES502.LS	0377	33	10-JUN-71
RES503.LS	0440	27	10-JUN-71
SET50.LS 	0473	304	10-JUN-71
SET50.MP 	1153	1	10-JUN-71
RES50.MP 	1154	3	10-JUN-71
BOOT50.LS	1157	105	15-JUN-71
BOOT50.MP	1330	1	15-JUN-71
<empty>  	1331	2519	

