Unit 0:

 25-FEB-76

SI43SY.PA	0007	15	30-MAY-71
TD8ESY.PA	0026	24	30-MAY-71
<empty>  	0056	11	
CD50.PA  	0071	80	30-MAY-71
PT8E.PA  	0211	11	31-MAY-71
KL8E.PA  	0224	36	31-MAY-71
LPSS.PA  	0270	26	31-MAY-71
BUIL50.PA	0322	204	31-MAY-71
TD8EA.PA 	0636	20	29-MAY-71
EDITOR.PA	0662	14	30-MAY-71
<empty>  	0700	242	
PAL850.PA	1262	295	30-MAY-71
OS850.PA 	1731	242	1-JUN-71
FOTP50.PA	2313	112	1-JUN-71
DIR50.PA 	2473	74	2-JUN-71
<empty>  	2605	137	
PIP50.PA 	3016	137	2-JUN-71
<empty>  	3227	344	
BATC50.PA	3757	121	6-JUN-71
<empty>  	4150	346	
SI43NS.PA	4702	13	9-JUN-71
HELP50.HL	4717	63	15-JUN-71
BITM50.PA	5016	43	15-JUN-71
EDIT50.PA	5071	160	18-JUN-71
<empty>  	5331	471	

Unit 1:

 18-JUL-2

EDITOR.LS	0007	23	30-MAY-71
PIP50.LS 	0036	256	2-JUN-71
SI43SY.LS	0436	25	30-MAY-71
TD8ESY.LS	0467	43	30-MAY-71
PT8E.LS  	0542	19	31-MAY-71
KL8E.LS  	0565	53	31-MAY-71
PAL850.LS	0652	499	30-MAY-71
CD50.LS  	1635	160	30-MAY-71
LPSS.LS  	2075	41	31-MAY-71
TD8EA.LS 	2146	35	29-MAY-71
BUIL50.LS	2211	365	1-JUN-71
OS850.LS 	2766	445	1-JUN-71
FOTP50.LS	3663	192	1-JUN-71
DIR50.LS 	4163	177	2-JUN-71
BITM50.LS	4444	91	15-JUN-71
BATC50.LS	4577	235	6-JUN-71
SI43NS.LS	5152	23	9-JUN-71
EDIT50.LS	5201	271	18-JUN-71
<empty>  	5620	288	

Unit 2:

 18-JUL-2

