Unit 0:

 25-FEB-76

RTS.PA   	0007	234	1-AUG-69
FCODE.PA 	0361	257	10-OCT-72
<empty>  	0762	146	
FRUN5.PA 	1204	231	6-OCT-72
LIBRA5.PA	1553	75	8-APR-76
<empty>  	1666	157	
FRUNL5.PA	2123	97	11-SEP-72
RTL.PA   	2264	97	1-AUG-69
F45.PA   	2425	203	10-OCT-72
PASS25.PA	2740	257	15-JAN-73
PASS35.PA	3341	43	10-OCT-72
<empty>  	3414	167	
FCOMP.PA 	3663	202	10-OCT-72
<empty>  	4175	106	
OVERLY.PA	4347	1	2-MAR-76
FORT.BI  	4350	3	2-MAR-76
RALF5.PA 	4353	225	2-MAR-76
LOAD5.PA 	4714	168	8-APR-76
<empty>  	5164	161	
FRTS5.PA 	5425	233	2-MAR-76
FRTL5.PA 	5776	97	10-APR-76
<empty>  	6137	81	

Unit 1:

 10-MAY-2

F4.LS    	0007	385	6-MAR-76
PASS2.LS 	0610	434	6-MAR-76
PASS2O.LS	1472	117	6-MAR-76
PASS3.LS 	1657	120	6-MAR-76
RALF.LS  	2047	410	6-MAR-76
LIBRA.LS 	2701	154	8-APR-76
FRTS.LS  	3133	577	10-APR-76
<empty>  	4234	600	
LOAD.LS  	5364	316	8-APR-76
<empty>  	6060	128	

Unit 2:

 8-MAY-2

