Unit 0:

 18-AUG-76

BESETZ.TE	0007	8	29-NOV-71
<empty>  	0017	706	
TECDEF.MA	1321	3	5-NOV-74
TECINI.MA	1324	28	5-NOV-74
TECOVF.MA	1360	14	5-NOV-74
TECO12.MA	1376	12	6-NOV-74
TECSRH.MA	1412	21	6-NOV-74
TECOVI.MA	1437	17	6-NOV-74
TECOVQ.MA	1460	19	6-NOV-74
TECO.IN  	1503	1	6-NOV-74
TECNUM.MA	1504	11	6-NOV-74
TECTBL.MA	1517	9	29-NOV-74
TECOVX.MA	1530	19	4-DEC-74
TECINS.TX	1553	43	4-DEC-74
<empty>  	1626	148	
TECKBM.TE	2052	2	4-DEC-74
<empty>  	2054	80	
VT100.TE 	2174	5	4-DEC-74
LAYOUT.DE	2201	4	4-DEC-74
TECHLP.DE	2205	26	4-DEC-74
VTEDIT.SR	2237	9	4-DEC-74
VTEDIT.TE	2250	5	4-DEC-74
VTEDIT.TX	2255	16	4-DEC-74
TECO8.DC 	2275	69	4-DEC-74
TECHLP.EN	2402	29	4-DEC-74
<empty>  	2437	41	
TECORN.TX	2510	10	4-DEC-74
TECO40.MP	2522	23	4-DEC-74
VT100.DE 	2551	5	4-DEC-74
VT100.PR 	2556	4	4-DEC-74
TECO.TE  	2562	1	4-DEC-74
WI.TE    	2563	2	4-DEC-74
<empty>  	2565	1	
TECO.RB  	2566	15	4-DEC-74
TECO.LS  	2605	295	4-DEC-74
<empty>  	3254	281	
TECERR.  	3705	39	4-DEC-74
<empty>  	3754	41	
TECERR.MA	4025	41	4-DEC-74
<empty>  	4076	3	
TECLNK.BI	4101	1	4-DEC-74
TECO.MA  	4102	146	5-DEC-74
TECASM.BI	4324	2	7-DEC-74
TECOVT.MA	4326	81	17-DEC-74
VTEDIT.WU	4447	9	21-DEC-74
<empty>  	4460	15	
TEST.TX  	4477	6	28-DEC-74
<empty>  	4505	875	

Unit 1:

 28-13-2

TECTBL.LT	0007	8	7-DEC-74
TECO12.RB	0017	3	7-DEC-74
TECO12.LS	0022	30	7-DEC-74
TECO12.LT	0060	4	7-DEC-74
TECOVT.RB	0064	9	7-DEC-74
TECOVT.LS	0075	167	7-DEC-74
TECOVT.LT	0344	36	7-DEC-74
TECNUM.LT	0410	8	7-DEC-74
TECERR.RB	0420	13	7-DEC-74
TECOVQ.LT	0435	8	7-DEC-74
TECOVF.LT	0445	8	7-DEC-74
TECOVI.RB	0455	4	7-DEC-74
TECOVI.LS	0461	40	7-DEC-74
<empty>  	0531	309	
TECO.SV  	1216	32	5-DEC-74
<empty>  	1256	308	
TECO.LT  	1742	44	7-DEC-74
TECTBL.RB	2016	8	7-DEC-74
TECNUM.RB	2026	3	7-DEC-74
TECNUM.LS	2031	26	7-DEC-74
TECERR.LT	2063	20	7-DEC-74
TECOVX.RB	2107	5	7-DEC-74
TECOVX.LS	2114	46	7-DEC-74
TECOVX.LT	2172	12	7-DEC-74
TECOVQ.RB	2206	4	7-DEC-74
TECOVQ.LS	2212	44	7-DEC-74
TECOVI.LT	2266	12	7-DEC-74
TECSRH.RB	2302	3	7-DEC-74
TECSRH.LS	2305	43	7-DEC-74
<empty>  	2360	286	
TECINI.LT	3016	16	7-DEC-74
TECTBL.LS	3036	21	7-DEC-74
TECOVF.RB	3063	4	7-DEC-74
TECOVF.LS	3067	36	7-DEC-74
TECSRH.LT	3133	8	7-DEC-74
TECDEF.RB	3143	3	7-DEC-74
TECDEF.LS	3146	10	7-DEC-74
<empty>  	3160	308	
TECO.MP  	3644	23	5-DEC-74
TECDEF.LT	3673	4	7-DEC-74
<empty>  	3677	308	
TECO.KF  	4363	49	7-DEC-74
TECINI.RB	4444	7	7-DEC-74
TECINI.LS	4453	63	7-DEC-74
TECERR.LS	4552	102	7-DEC-74
<empty>  	4720	272	
TECO.RB  	5340	15	7-DEC-74
TECO.LS  	5357	297	7-DEC-74
<empty>  	6030	152	

