
 25-FEB-76

STARCH.FT	0007	2	29-MAY-70
STARWR.FT	0011	73	31-MAY-70
RANGEN.FT	0122	1	30-MAY-70
STARRN.FT	0123	2	31-MAY-70
STARSC.FT	0125	2	29-MAY-70
STARSH.FT	0127	3	29-MAY-70
SRAND.FT 	0132	4	30-MAY-70
STARWR.BI	0136	2	9-APR-76
STARWR.RL	0140	52	9-APR-76
STARWR.LD	0224	49	9-APR-76
STARWR.LS	0305	97	9-APR-76
STARCH.LS	0446	2	9-APR-76
STARCH.RL	0450	2	9-APR-76
STARRN.LS	0452	2	9-APR-76
STARRN.RL	0454	2	9-APR-76
STARSC.LS	0456	2	9-APR-76
STARSC.RL	0460	2	9-APR-76
STARSH.LS	0462	4	9-APR-76
STARSH.RL	0466	3	9-APR-76
STARMP.LS	0471	2	9-APR-76
<empty>  	0473	422	

