Unit 0:

 25-FEB-76

USR.FT   	0007	14	29-JUN-72
USR3.FT  	0025	14	29-JUN-72
<empty>  	0043	102	
RFDV.RA  	0211	3	23-MAY-72
RFCV.RA  	0214	2	23-MAY-72
LIBFUN.BI	0216	8	8-APR-76
<empty>  	0226	40	
<empty>  	0276	120	
<empty>  	0466	189	
CHKEOF.RA	0763	2	6-APR-76
REAL.RA  	0765	3	6-APR-76
CMPLX.RA 	0770	2	6-APR-76
CABS.RA  	0772	2	6-APR-76
SNGL.RA  	0774	1	6-APR-76
SIGN.RA  	0775	2	6-APR-76
FLOAT.RA 	0777	1	6-APR-76
DIM.RA   	1000	2	6-APR-76
AMAX.RA  	1002	3	6-APR-76
AMIN.RA  	1005	3	6-APR-76
AMOD.RA  	1010	3	6-APR-76
IFIX.RA  	1013	2	6-APR-76
XFIX.RA  	1015	1	6-APR-76
IDINT.RA 	1016	2	6-APR-76
DATE.RA  	1020	5	6-APR-76
CHARS.RA 	1025	7	6-APR-76
COS.RA   	1034	2	6-APR-76
SIN.RA   	1036	6	6-APR-76
TAN.RA   	1044	2	6-APR-76
EXP.RA   	1046	5	6-APR-76
ALOG.RA  	1053	7	6-APR-76
SINH.RA  	1062	5	6-APR-76
COSH.RA  	1067	4	6-APR-76
TANH.RA  	1073	2	6-APR-76
ALOG10.RA	1075	2	6-APR-76
ATAN.RA  	1077	7	6-APR-76
ASIN.RA  	1106	3	6-APR-76
ACOS.RA  	1111	4	6-APR-76
ATAN2.RA 	1115	4	6-APR-76
SIND.RA  	1121	2	6-APR-76
COSD.RA  	1123	2	6-APR-76
TAND.RA  	1125	2	6-APR-76
EXPIR.RA 	1127	1	6-APR-76
EXP3.RA  	1130	3	6-APR-76
EXPII.RA 	1133	3	6-APR-76
CSQRT.RA 	1136	4	6-APR-76
CSIN.RA  	1142	4	6-APR-76
CEXP.RA  	1146	3	6-APR-76
EXPCI.RA 	1151	4	6-APR-76
EXPIC.RA 	1155	5	6-APR-76
EXPCC.RA 	1162	6	6-APR-76
CLOG.RA  	1170	3	6-APR-76
ONQIB.RA 	1173	6	6-APR-76
DABS.RA  	1201	1	6-APR-76
DSIGN.RA 	1202	2	7-APR-76
DMAX1.RA 	1204	2	7-APR-76
DMIN1.RA 	1206	2	7-APR-76
DMOD.RA  	1210	4	7-APR-76
DBLE.RA  	1214	2	7-APR-76
DSQRT.RA 	1216	4	7-APR-76
DSIN.RA  	1222	8	7-APR-76
DCOS.RA  	1232	2	7-APR-76
DEXP.RA  	1234	9	7-APR-76
EXPDI.RA 	1245	3	7-APR-76
EXPID2.RA	1250	3	7-APR-76
EXPID.RA 	1253	1	7-APR-76
DEXP3.RA 	1254	3	7-APR-76
EXPDD.RA 	1257	1	7-APR-76
EXPDR.RA 	1260	1	7-APR-76
DLOG.RA  	1261	8	7-APR-76
DLOG10.RA	1271	2	7-APR-76
DATAN.RA 	1273	7	7-APR-76
DATAN2.RA	1302	4	7-APR-76
ADC.RA   	1306	4	7-APR-76
PAUSE.RA 	1312	3	7-APR-76
REALTM.RA	1315	15	7-APR-76
RSW.RA   	1334	8	7-APR-76
PLOT.RA  	1344	13	7-APR-76
CLK8A.RA 	1361	27	7-APR-76
XYPLOT.RA	1414	66	7-APR-76
MULTI8.RA	1516	8	7-APR-76
DINT.RA  	1526	3	7-APR-76
LTR.RA   	1531	2	7-APR-76
ABS.RA   	1533	2	7-APR-76
SQRTMS.RA	1535	8	7-APR-76
SQRT.RA  	1545	8	7-APR-76
NUMBER.FT	1555	5	7-APR-76
LINE.FT  	1562	3	7-APR-76
AXIS.FT  	1565	5	7-APR-76
PSCALE.FT	1572	4	7-APR-76
CARITH.RA	1576	5	7-APR-76
USRS.RA  	1603	30	7-APR-76
USR8.RA  	1641	36	7-APR-76
LIBFOR.BI	1705	1	8-APR-76
LIBLIB.BI	1706	5	8-APR-76
<empty>  	1713	2277	

Unit 1:

 8-MAY-2

ABS.RL   	0007	2	8-APR-76
ABS.LS   	0011	4	8-APR-76
ACOS.RL  	0015	2	8-APR-76
ACOS.LS  	0017	11	8-APR-76
ADC.RL   	0032	2	8-APR-76
ADC.LS   	0034	9	8-APR-76
ALOG.RL  	0045	2	8-APR-76
ALOG.LS  	0047	19	8-APR-76
ALOG10.RL	0072	2	8-APR-76
ALOG10.LS	0074	6	8-APR-76
AMAX.RL  	0102	2	8-APR-76
AMAX.LS  	0104	9	8-APR-76
AMIN.RL  	0115	2	8-APR-76
AMIN.LS  	0117	9	8-APR-76
AMOD.RL  	0130	2	8-APR-76
AMOD.LS  	0132	9	8-APR-76
ASIN.RL  	0143	2	8-APR-76
ASIN.LS  	0145	10	8-APR-76
ATAN.RL  	0157	2	8-APR-76
ATAN.LS  	0161	18	8-APR-76
ATAN2.RL 	0203	2	8-APR-76
ATAN2.LS 	0205	11	8-APR-76
CABS.RL  	0220	2	8-APR-76
CABS.LS  	0222	7	8-APR-76
CARITH.RL	0231	3	8-APR-76
CARITH.LS	0234	17	8-APR-76
CEXP.RL  	0255	2	8-APR-76
CEXP.LS  	0257	9	8-APR-76
CHARS.RL 	0270	2	8-APR-76
CHARS.LS 	0272	20	8-APR-76
CHKEOF.RL	0316	2	8-APR-76
CHKEOF.LS	0320	5	8-APR-76
CLK8A.RL 	0325	3	8-APR-76
CLK8A.LS 	0330	61	8-APR-76
CLOG.RL  	0425	2	8-APR-76
CLOG.LS  	0427	10	8-APR-76
CMPLX.RL 	0441	2	8-APR-76
CMPLX.LS 	0443	7	8-APR-76
COS.RL   	0452	2	8-APR-76
COS.LS   	0454	6	8-APR-76
COSD.RL  	0462	2	8-APR-76
COSD.LS  	0464	6	8-APR-76
COSH.RL  	0472	2	8-APR-76
COSH.LS  	0474	10	8-APR-76
CSIN.RL  	0506	2	8-APR-76
CSIN.LS  	0510	12	8-APR-76
CSQRT.RL 	0524	2	8-APR-76
CSQRT.LS 	0526	12	8-APR-76
DABS.RL  	0542	2	8-APR-76
DABS.LS  	0544	3	8-APR-76
DATAN.RL 	0547	3	8-APR-76
DATAN.LS 	0552	22	8-APR-76
DATAN2.RL	0600	2	8-APR-76
DATAN2.LS	0602	12	8-APR-76
DATE.RL  	0616	2	8-APR-76
DATE.LS  	0620	13	8-APR-76
DBLE.RL  	0635	2	8-APR-76
DBLE.LS  	0637	4	8-APR-76
DCOS.RL  	0643	2	8-APR-76
DCOS.LS  	0645	7	8-APR-76
DEXP.RL  	0654	3	8-APR-76
DEXP.LS  	0657	28	8-APR-76
DEXP3.RL 	0713	2	8-APR-76
DEXP3.LS 	0715	10	8-APR-76
DIM.RL   	0727	2	8-APR-76
DIM.LS   	0731	4	8-APR-76
DINT.RL  	0735	2	8-APR-76
DINT.LS  	0737	8	8-APR-76
DLOG.RL  	0747	3	8-APR-76
DLOG.LS  	0752	26	8-APR-76
DLOG10.RL	1004	2	8-APR-76
DLOG10.LS	1006	7	8-APR-76
DMAX1.RL 	1015	2	8-APR-76
DMAX1.LS 	1017	7	8-APR-76
DMIN1.RL 	1026	2	8-APR-76
DMIN1.LS 	1030	7	8-APR-76
DMOD.RL  	1037	2	8-APR-76
DMOD.LS  	1041	10	8-APR-76
DSIGN.RL 	1053	2	8-APR-76
DSIGN.LS 	1055	6	8-APR-76
DSIN.RL  	1063	3	8-APR-76
DSIN.LS  	1066	24	8-APR-76
DSQRT.RL 	1116	2	8-APR-76
DSQRT.LS 	1120	10	8-APR-76
EXP.RL   	1132	2	8-APR-76
EXP.LS   	1134	15	8-APR-76
EXP3.RL  	1153	2	8-APR-76
EXP3.LS  	1155	9	8-APR-76
EXPCC.RL 	1166	3	8-APR-76
EXPCC.LS 	1171	22	8-APR-76
EXPCI.RL 	1217	2	8-APR-76
EXPCI.LS 	1221	12	8-APR-76
EXPDD.RL 	1235	2	8-APR-76
EXPDD.LS 	1237	4	8-APR-76
EXPDI.RL 	1243	2	8-APR-76
EXPDI.LS 	1245	10	8-APR-76
EXPDR.RL 	1257	2	8-APR-76
EXPDR.LS 	1261	4	8-APR-76
EXPIC.RL 	1265	3	8-APR-76
EXPIC.LS 	1270	19	8-APR-76
EXPID.RL 	1313	2	8-APR-76
EXPID.LS 	1315	4	8-APR-76
EXPID2.RL	1321	2	8-APR-76
EXPID2.LS	1323	9	8-APR-76
EXPII.RL 	1334	2	8-APR-76
EXPII.LS 	1336	9	8-APR-76
EXPIR.RL 	1347	2	8-APR-76
EXPIR.LS 	1351	3	8-APR-76
FLOAT.RL 	1354	2	8-APR-76
FLOAT.LS 	1356	3	8-APR-76
IDINT.RL 	1361	2	8-APR-76
IDINT.LS 	1363	7	8-APR-76
IFIX.RL  	1372	2	8-APR-76
IFIX.LS  	1374	5	8-APR-76
LTR.RL   	1401	2	8-APR-76
LTR.LS   	1403	7	8-APR-76
MULTI8.RL	1412	2	8-APR-76
MULTI8.LS	1414	19	8-APR-76
ONQIB.RL 	1437	2	8-APR-76
ONQIB.LS 	1441	14	8-APR-76
PAUSE.RL 	1457	2	8-APR-76
PAUSE.LS 	1461	9	8-APR-76
PLOT.RL  	1472	3	8-APR-76
PLOT.LS  	1475	36	8-APR-76
REAL.RL  	1541	2	8-APR-76
REAL.LS  	1543	9	8-APR-76
REALTM.RL	1554	3	8-APR-76
REALTM.LS	1557	40	8-APR-76
RSW.RL   	1627	2	8-APR-76
RSW.LS   	1631	19	8-APR-76
SIGN.RL  	1654	2	8-APR-76
SIGN.LS  	1656	5	8-APR-76
SIN.RL   	1663	2	8-APR-76
SIN.LS   	1665	16	8-APR-76
SIND.RL  	1705	2	8-APR-76
SIND.LS  	1707	6	8-APR-76
SINH.RL  	1715	2	8-APR-76
SINH.LS  	1717	14	8-APR-76
SNGL.RL  	1735	2	8-APR-76
SNGL.LS  	1737	3	8-APR-76
SQRT.RL  	1742	2	8-APR-76
SQRT.LS  	1744	19	8-APR-76
SQRTMS.RL	1767	2	8-APR-76
SQRTMS.LS	1771	19	8-APR-76
TAN.RL   	2014	2	8-APR-76
TAN.LS   	2016	8	8-APR-76
TAND.RL  	2026	2	8-APR-76
TAND.LS  	2030	6	8-APR-76
TANH.RL  	2036	2	8-APR-76
TANH.LS  	2040	7	8-APR-76
USR8.RL  	2047	3	8-APR-76
USR8.LS  	2052	73	8-APR-76
USRS.RL  	2163	4	8-APR-76
USRS.LS  	2167	69	8-APR-76
XFIX.RL  	2274	2	8-APR-76
XFIX.LS  	2276	3	8-APR-76
XYPLOT.RL	2301	9	8-APR-76
XYPLOT.LS	2312	179	8-APR-76
AXIS.LS  	2575	8	8-APR-76
AXIS.RL  	2605	6	8-APR-76
LINE.LS  	2613	4	8-APR-76
LINE.RL  	2617	3	8-APR-76
NUMBER.LS	2622	8	8-APR-76
NUMBER.RL	2632	5	8-APR-76
PSCALE.LS	2637	6	8-APR-76
PSCALE.RL	2645	4	8-APR-76
<empty>  	2651	542	
FORLIB.RL	3707	268	8-APR-76
FORLIB.CA	4323	3	8-APR-76
<empty>  	4326	986	

Unit 2:

 8-MAY-2

