Unit 0:

 18-AUG-76

RES500.MA	0007	9	8-JUN-71
RES502.MA	0020	14	8-JUN-71
RES50D.MA	0036	17	10-JUN-71
RES503.MA	0057	10	8-JUN-71
RES50C.MA	0071	48	8-JUN-71
RES501.MA	0151	23	9-JUN-71
SET50.MA 	0200	115	5-JUN-71
OVRDRV.MA	0363	17	10-JUN-71
SET.BI   	0404	1	10-JUN-71
RESORC.BI	0405	2	10-JUN-71
CCLTAB.BU	0407	16	4-FEB-76
CCLTBL.BU	0427	35	4-FEB-76
<empty>  	0472	242	
BOOT50.MA	1054	41	15-JUN-71
<empty>  	1125	653	
CCLLNK.BI	2342	1	15-FEB-76
CCLERR.MA	2343	14	15-FEB-76
CCLREM.MA	2361	25	15-FEB-76
CCLDRV.MA	2412	17	15-FEB-76
CCLSUB.MA	2433	19	15-FEB-76
CCLSB3.MA	2456	14	15-FEB-76
CCLCD.MA 	2474	44	15-FEB-76
CCLCDX.MA	2550	7	15-FEB-76
CCLMSG.MA	2557	7	15-FEB-76
CCLDAT.MA	2566	6	15-FEB-76
CCLSB2.MA	2574	16	15-FEB-76
CCLCOR.MA	2614	8	15-FEB-76
CCLSEM.MA	2624	8	15-FEB-76
CCLAT.MA 	2634	9	15-FEB-76
CCLDEF.MA	2645	5	15-FEB-76
CCLTAB.TE	2652	2	7-FEB-76
<empty>  	2654	46	
CCL.MA   	2732	40	15-FEB-76
CCL.BI   	3002	4	15-FEB-76
<empty>  	3006	264	
CCLTBL.MA	3416	45	18-FEB-76
CCLTAB.MA	3473	20	18-FEB-76
<empty>  	3517	1377	

Unit 1:

 18-MAR-2

RES50C.LS	0007	129	10-JUN-71
RES50D.LS	0210	30	10-JUN-71
RES500.LS	0246	23	10-JUN-71
RES501.LS	0275	66	10-JUN-71
RES502.LS	0377	33	10-JUN-71
RES503.LS	0440	27	10-JUN-71
SET50.LS 	0473	304	10-JUN-71
SET50.MP 	1153	1	10-JUN-71
RES50.MP 	1154	3	10-JUN-71
BOOT50.LS	1157	105	15-JUN-71
BOOT50.MP	1330	1	15-JUN-71
<empty>  	1331	46	
CCLERR.LS	1407	34	15-FEB-76
<empty>  	1451	6	
CCLREM.LS	1457	67	15-FEB-76
<empty>  	1562	519	
CCL.LS   	2571	107	15-FEB-76
<empty>  	2744	2	
CCLMSG.LS	2746	21	15-FEB-76
CCL.SV   	2773	40	18-FEB-76
<empty>  	3043	10	
CCLDRV.LS	3055	34	15-FEB-76
<empty>  	3117	2	
CCLDAT.LS	3121	21	15-FEB-76
<empty>  	3146	3	
CCLCOR.LS	3151	28	15-FEB-76
<empty>  	3205	5	
CCLSUB.LS	3212	55	15-FEB-76
<empty>  	3301	4	
CCLSB2.LS	3305	48	15-FEB-76
<empty>  	3365	3	
CCLSB3.LS	3370	41	15-FEB-76
<empty>  	3441	2	
CCLCDX.LS	3443	19	15-FEB-76
<empty>  	3466	2	
CCLAT.LS 	3470	27	15-FEB-76
<empty>  	3523	2	
CCLSEM.LS	3525	26	15-FEB-76
<empty>  	3557	8	
CCLCD.LS 	3567	120	15-FEB-76
<empty>  	3757	441	
CCLTAB.LS	4650	45	18-FEB-76
<empty>  	4725	17	
CCLTBL.LS	4746	159	18-FEB-76
CCL.MP   	5205	10	18-FEB-76
<empty>  	5217	545	

