Circuit: * C:\cygwin\home\Vince\LTSpice\S284X.asc

WARNING: Less than two connections to node V2.  This node is used by R助$2V2.
WARNING: Less than two connections to node U2.  This node is used by R助$2U2.
WARNING: Less than two connections to node T2.  This node is used by R助$2T2.
WARNING: Less than two connections to node S2.  This node is used by R助$2S2.
WARNING: Less than two connections to node R2.  This node is used by R助$2R2.
WARNING: Less than two connections to node P2.  This node is used by R助$2P2.
WARNING: Less than two connections to node N2.  This node is used by R助$2N2.
WARNING: Less than two connections to node M2.  This node is used by R助$2M2.
WARNING: Less than two connections to node L2.  This node is used by R助$2L2.
WARNING: Less than two connections to node J2.  This node is used by R助$2J2.
WARNING: Less than two connections to node H2.  This node is used by R助$2H2.
WARNING: Less than two connections to node F2.  This node is used by R助$2F2.
WARNING: Less than two connections to node E2.  This node is used by R助$2E2.
WARNING: Less than two connections to node D2.  This node is used by R助$2D2.
WARNING: Less than two connections to node C2.  This node is used by R助$2C2.
WARNING: Less than two connections to node B2.  This node is used by R助$2B2.
WARNING: Less than two connections to node A2.  This node is used by R助$2A2.
.OP point found by inspection.

Date: Sun May 28 11:27:38 2017
Total elapsed time: 0.723 seconds.

tnom = 27
temp = 27
method = modified trap
totiter = 2096
traniter = 2096
tranpoints = 1049
accept = 1049
rejected = 0
matrix size = 101
fillins = 154
solver = Normal
Thread vector: 10.8/6.7[2] 3.2/2.4[2] 1.3/1.4[1] 1.4/1.8[1]  2592/500
Matrix Compiler1: 20.20 KB object code size  9.5/4.4/[1.8]
Matrix Compiler2: 11.65 KB object code size  0.9/1.6/[0.9]

