
 25-FEB-76

TORQ1.FT 	0007	1	21-MAY-73
OUTA1.FT 	0010	3	21-MAY-73
TEMPA1.FT	0013	9	21-MAY-73
MEAS1.FT 	0024	8	22-MAY-73
TEMPB1.FT	0034	4	21-MAY-73
OUTB1.FT 	0040	3	21-MAY-73
TPERR1.FT	0043	4	14-APR-73
MSERR1.FT	0047	4	14-APR-73
TORQT.FT 	0053	1	10-JUN-73
INIT1.BI 	0054	1	18-FEB-73
TORQ1.BI 	0055	1	13-FEB-73
OUTA1.BI 	0056	1	16-FEB-73
TEMPA1.BI	0057	1	18-FEB-73
MEAS1.BI 	0060	1	18-FEB-73
TEMPB1.BI	0061	1	18-FEB-73
OUTB1.BI 	0062	1	16-FEB-73
TPERR1.BI	0063	1	18-FEB-73
MSERR1.BI	0064	1	18-FEB-73
TORQT.BI 	0065	1	14-APR-73
MEAST.BI 	0066	1	14-APR-73
MS1.BI   	0067	1	19-FEB-73
MS2.BI   	0070	1	3-MAR-73
MS1T.BI  	0071	1	19-MAY-73
MS2T.BI  	0072	1	14-APR-73
MEAST.FT 	0073	5	10-JUN-73
INIT1.FT 	0100	27	10-JUN-73
DINODA.RA	0133	14	3-OCT-72
SCINP.RA 	0151	11	30-SEP-72
MULTI8.RA	0164	8	29-MAY-72
IANDOR.RA	0174	5	22-SEP-72
BCDBIN.RA	0201	7	11-SEP-72
USR8.RA  	0210	36	29-JUN-72
USRS.RA  	0254	29	5-SEP-72
DVINP.RA 	0311	11	4-FEB-73
DATEST.FT	0324	1	11-FEB-73
DITEST.FT	0325	1	11-FEB-73
SCTEST.FT	0326	1	9-FEB-73
DOTEST.FT	0327	1	11-FEB-73
DVTEST.FT	0330	1	14-MAY-73
USR.BI   	0331	1	3-OCT-72
SCTEST.BI	0332	1	27-JAN-73
DITEST.BI	0333	1	27-JAN-73
DATEST.BI	0334	1	27-JAN-73
DVTEST.BI	0335	1	4-FEB-73
DOTEST.BI	0336	1	11-FEB-73
USRTES.FT	0337	14	3-OCT-72
<empty>  	0355	500	

