
 18-AUG-76

DITEST.BI	0007	1	24-SEP-72
DATEST.BI	0010	1	24-SEP-72
OUTA1.FT 	0011	3	3-MAR-73
TEMPB1.FT	0014	4	3-MAR-73
OUTB1.FT 	0020	3	3-MAR-73
DVTEST.BI	0023	1	1-OCT-72
DVTEST.FT	0024	1	1-OCT-72
DITEST.FT	0025	1	1-OCT-72
DINODA.RA	0026	14	3-OCT-72
DATEST.FT	0044	1	3-OCT-72
MT1.BI   	0045	1	2-OCT-72
MS1.BI   	0046	1	18-FEB-73
MS2.BI   	0047	1	18-FEB-73
MT1.FT   	0050	2	3-OCT-72
SCINP.RA 	0052	11	30-SEP-72
SCTEST.FT	0065	1	1-OCT-72
SCTEST.BI	0066	1	2-OCT-72
MULTI8.RA	0067	8	29-MAY-72
IANDOR.RA	0077	5	22-SEP-72
BCDBIN.RA	0104	7	11-SEP-72
PD7T02.FD	0113	9	18-SEP-72
PD7T03.FD	0124	9	18-SEP-72
PD7T04.FD	0135	9	18-SEP-72
PD7T05.FD	0146	9	18-SEP-72
USR8.RA  	0157	36	29-JUN-72
USRS.RA  	0223	29	5-SEP-72
USRTES.FT	0260	14	3-OCT-72
USR.BI   	0276	1	3-OCT-72
SOUND1.BI	0277	1	16-OCT-72
SOUND1.FT	0300	2	20-OCT-72
TEMPA1.FT	0302	9	3-MAR-73
MEAS1.FT 	0313	8	5-MAR-73
TPERR1.FT	0323	4	3-MAR-73
INIT1.BI 	0327	1	18-FEB-73
TORQ2.FT 	0330	1	11-FEB-73
TORQT.FT 	0331	1	5-MAR-73
DVINP.RA 	0332	11	4-FEB-73
INIT1.FT 	0345	26	3-MAR-73
TORQ1.FT 	0377	1	5-MAR-73
<empty>  	0400	4	
MSERR1.FT	0404	4	3-MAR-73
MEAS2.FT 	0410	10	12-FEB-73
OUT2.FT  	0422	5	11-FEB-73
TEMP2.FT 	0427	12	12-FEB-73
INIT2.FT 	0443	24	12-FEB-73
TEMP1.FT 	0473	9	18-FEB-73
MEAST.FT 	0504	5	5-MAR-73
<empty>  	0511	408	

