
 18-AUG-76

CCL.SV   	0007	40	18-OCT-72
PASS3.SV 	0057	8	10-OCT-72
F4.SV    	0067	20	10-OCT-72
PASS2O.SV	0113	5	10-OCT-72
LOAD.SV  	0120	16	10-OCT-72
PASS2.SV 	0140	20	10-OCT-72
RALF.SV  	0164	19	10-OCT-72
LIBSET.SV	0207	5	13-OCT-72
LOADER.SV	0214	12	13-OCT-72
SABR.SV  	0230	24	13-OCT-72
FORT.SV  	0260	25	13-OCT-72
WI.TE    	0311	2	18-OCT-72
FCODE.SV 	0313	20	10-OCT-72
TECO.TE  	0337	1	18-OCT-72
FRTS.SV  	0340	25	11-SEP-72
FCOMP.SV 	0371	20	10-OCT-72
FCODEO.SV	0415	5	10-OCT-72
FRUN.SV  	0422	25	6-OCT-72
OCOMP.SV 	0453	8	13-OCT-72
<empty>  	0463	71	
ACID.SV  	0572	30	8-OCT-72
LPTSPL.SV	0630	2	15-OCT-72
RTES.SV  	0632	30	8-OCT-72
LIB8.RL  	0670	30	13-OCT-72
LOGOUT.BI	0726	1	15-OCT-72
LOGIN.BI 	0727	1	15-OCT-72
HELP.HL  	0730	76	30-OCT-72
<empty>  	1044	189	

