
 25-FEB-76

RX.TK    	0007	19	14-MAR-72
FE.TK    	0032	10	12-JUN-72
DS.TK    	0044	10	16-JUN-72
CD.TK    	0056	9	12-MAY-72
MA.TK    	0067	10	8-JAN-71
OD.TK    	0101	10	14-MAY-72
DI.TK    	0113	12	8-JAN-71
DT.TK    	0127	49	9-SEP-72
TE.TK    	0210	10	28-FEB-72
TA.TK    	0222	7	3-MAR-72
PA.TK    	0231	7	13-MAY-72
LA.TK    	0240	6	12-MAY-72
CB.TK    	0246	26	12-JUN-72
BS.TK    	0300	42	6-MAY-73
LP.TK    	0352	37	21-JUN-72
BE.TK    	0417	11	3-MAR-72
TK.TK    	0432	5	13-MAY-72
LI.TK    	0437	14	14-MAY-72
LE.TK    	0455	30	9-JUN-72
ST.TK    	0513	13	30-APR-72
EX.TK    	0530	8	13-MAY-72
IT.TK    	0540	10	13-MAY-72
DA.TK    	0552	8	24-SEP-72
D1.TK    	0562	9	23-SEP-72
D2.TK    	0573	9	23-SEP-72
DV.TK    	0604	10	23-SEP-72
VE.TK    	0616	15	9-SEP-72
SC.TK    	0635	15	8-OCT-72
GENSI.BI 	0654	7	3-OCT-72
MS.PA    	0663	8	7-MAY-73
<empty>  	0673	6	
CONSI.PA 	0701	6	3-OCT-72
VENUS.PA 	0707	46	2-OCT-72
SYMBLS.PA	0765	7	25-SEP-72
<empty>  	0774	74	
VTEDIT.TE	1106	5	2-OCT-72
LOGOUT.BI	1113	1	26-FEB-72
QUIT.BI  	1114	1	3-OCT-72
LOGIN.BI 	1115	1	3-OCT-72
M8SI.BI  	1116	1	9-SEP-72
HELP.HL  	1117	75	8-OCT-72
<empty>  	1232	71	

