
 25-FEB-76

CONRKE.PA	0007	5	6-OCT-72
LOGOUT.BI	0014	1	15-OCT-72
LOGIN.BI 	0015	1	15-OCT-72
<empty>  	0016	1	
PATCH.BI 	0017	4	6-APR-71
M8RKE.BI 	0023	1	6-OCT-72
ACLOAD.PA	0024	2	5-JAN-72
M8GEN.FT 	0026	20	19-APR-71
GENRKE.BI	0052	6	6-OCT-72
GENRL0.BI	0060	6	5-JUN-72
CONRL0.PA	0066	5	4-JUL-72
SYMBLS.PA	0073	7	21-JUN-72
MULTI8.HL	0102	7	12-MAR-71
MS.PA    	0111	14	6-OCT-72
<empty>  	0127	10	
M8RL0.BI 	0141	1	7-DEC-71
MONDUM.PA	0142	32	9-SEP-72
<empty>  	0202	8	
SHSAVE.PA	0212	31	2-NOV-71
GLOBL.PA 	0251	26	7-DEC-69
DM8E30.PA	0303	40	14-MAR-72
DM8E40.PA	0353	38	14-MAR-72
FPPTST.PA	0421	46	30-AUG-72
<empty>  	0477	418	

