
 25-FEB-76

RX.TK    	0007	19	14-MAR-72
PP.TK    	0032	6	30-MAR-71
CR.TK    	0040	11	8-SEP-71
ME.TK    	0053	22	10-JUN-72
KE.TK    	0101	10	12-JUN-72
FE.TK    	0113	10	12-JUN-72
DS.TK    	0125	10	16-JUN-72
PL.TK    	0137	28	6-DEC-71
KR.TK    	0173	18	23-JUL-71
CD.TK    	0215	9	12-MAY-72
MA.TK    	0226	10	8-JAN-71
OD.TK    	0240	10	14-MAY-72
PR.TK    	0252	7	14-FEB-71
DI.TK    	0261	12	8-JAN-71
PE.TK    	0275	19	10-JUN-72
DT.TK    	0320	49	9-SEP-72
TE.TK    	0401	10	28-FEB-72
RE.TK    	0413	11	10-JUN-72
MR.TK    	0426	19	4-OCT-71
TA.TK    	0451	7	3-MAR-72
PA.TK    	0460	7	13-MAY-72
LA.TK    	0467	6	12-MAY-72
CB.TK    	0475	26	12-JUN-72
NS.TK    	0527	57	31-MAY-72
DN.TK    	0620	10	12-JUN-72
GE.TK    	0632	15	9-JUN-72
BS.TK    	0651	42	6-MAY-73
LP.TK    	0723	37	21-JUN-72
MEOLD.TK 	0770	7	8-JAN-71
BE.TK    	0777	11	3-MAR-72
MTOLD.TK 	1012	17	18-APR-71
TK.TK    	1033	5	13-MAY-72
LI.TK    	1040	14	14-MAY-72
LE.TK    	1056	30	9-JUN-72
ST.TK    	1114	13	30-APR-72
EX.TK    	1131	8	13-MAY-72
IT.TK    	1141	10	13-MAY-72
DC.TK    	1153	11	12-JUN-72
DA.TK    	1166	8	24-SEP-72
D1.TK    	1176	9	23-SEP-72
D2.TK    	1207	9	23-SEP-72
DV.TK    	1220	10	23-SEP-72
SC.TK    	1232	15	8-OCT-72
VE.TK    	1251	15	9-SEP-72
<empty>  	1270	41	

