
 18-AUG-76

BLZMRE.SV	0007	37	17-JUN-72
ZM16RE.SV	0054	74	22-JUN-72
ZM16RL.BI	0166	1	22-JUN-72
ZM16RE.BI	0167	1	22-JUN-72
MZMRE.BN 	0170	43	22-JUN-72
LPREDB.BN	0243	3	22-JUN-72
LPRELE.BN	0246	3	22-JUN-72
MZMRL.BN 	0251	45	22-JUN-72
MDZMRE.SV	0326	5	22-JUN-72
CNZMRE.PA	0333	3	22-JUN-72
CNZMRL.PA	0336	3	22-JUN-72
GNZMRE.BI	0341	5	17-JUN-72
GNZMRL.BI	0346	5	17-JUN-72
ZM16RL.SV	0353	73	22-JUN-72
MDZMRL.SV	0464	5	22-JUN-72
LPREDK.BN	0471	3	22-JUN-72
LPREKL.BN	0474	3	22-JUN-72
LPRLKL.BN	0477	3	22-JUN-72
MSZMRL.PA	0502	14	22-JUN-72
LPRLDK.BN	0520	3	22-JUN-72
LPRLDB.BN	0523	3	22-JUN-72
LPRLLE.BN	0526	3	22-JUN-72
MSZMRE.PA	0531	14	22-JUN-72
GLOBL.SV 	0547	4	14-FEB-71
SHSAVE.SV	0553	6	16-NOV-71
SABR.SV  	0561	24	13-OCT-72
FORT.SV  	0611	25	13-OCT-72
LIB8.RL  	0642	30	13-OCT-72
<empty>  	0700	11	
LOADER.SV	0713	12	13-OCT-72
<empty>  	0727	5	
DHKMA8.SV	0734	17	13-NOV-71
DJKKA8.SV	0755	10	13-NOV-71
DM8E30.SV	0767	7	14-MAR-72
DM8E40.SV	0776	7	14-MAR-72
DHKMC8.SV	1005	14	14-NOV-71
<empty>  	1023	206	

