~/Verilog/bin/topld.pl M633X
info: 7402n ne dil14
info: 7402n ne dil14
info: 7402n ne dil14
info: 7402n ne dil14
info: 7402n ne dil14
info: 7402n ne dil14
info: pn3640 ne 2n5415
warning: making q1/pn3640/ a connector
info: pn3640 ne 2n5415
warning: making q10/pn3640/ a connector
info: pn3640 ne 2n5415
warning: making q11/pn3640/ a connector
info: pn3640 ne 2n5415
warning: making q12/pn3640/ a connector
info: pn3640 ne 2n5415
warning: making q2/pn3640/ a connector
info: pn3640 ne 2n5415
warning: making q3/pn3640/ a connector
info: pn3640 ne 2n5415
warning: making q4/pn3640/ a connector
info: pn3640 ne 2n5415
warning: making q5/pn3640/ a connector
info: pn3640 ne 2n5415
warning: making q6/pn3640/ a connector
info: pn3640 ne 2n5415
warning: making q7/pn3640/ a connector
info: pn3640 ne 2n5415
warning: making q8/pn3640/ a connector
info: pn3640 ne 2n5415
warning: making q9/pn3640/ a connector
info: single ne edge_con2
warning: making u$4/single/ a connector
warning: non-bypass capacitor deleted: c1
warning: non-bypass capacitor deleted: c2
warning: non-bypass capacitor deleted: c3
warning: non-bypass capacitor deleted: c4
warning: non-bypass capacitor deleted: c5
warning: non-bypass capacitor deleted: c6
warning: non-bypass capacitor deleted: c7
warning: non-bypass capacitor deleted: c8
warning: non-bypass capacitor deleted: c9
warning: non-bypass capacitor deleted: c10
warning: non-bypass capacitor deleted: c11
warning: non-bypass capacitor deleted: c12
warning: non-bypass capacitor deleted: c20
warning: non-pullup resistor deleted: r1
warning: non-pullup resistor deleted: r2
warning: non-pullup resistor deleted: r3
warning: non-pullup resistor deleted: r4
warning: non-pullup resistor deleted: r5
warning: non-pullup resistor deleted: r6
warning: non-pullup resistor deleted: r7
warning: non-pullup resistor deleted: r8
warning: non-pullup resistor deleted: r9
warning: non-pullup resistor deleted: r10
warning: non-pullup resistor deleted: r11
warning: non-pullup resistor deleted: r12
warning: non-pullup resistor deleted: r13
warning: non-pullup resistor deleted: r14
warning: non-pullup resistor deleted: r15
warning: non-pullup resistor deleted: r16
warning: non-pullup resistor deleted: r17
warning: non-pullup resistor deleted: r18
warning: non-pullup resistor deleted: r19
warning: non-pullup resistor deleted: r20
warning: non-pullup resistor deleted: r21
warning: non-pullup resistor deleted: r22
warning: non-pullup resistor deleted: r23
warning: non-pullup resistor deleted: r24
