~/Verilog/bin/topld.pl M051X
info: 1n4154 ne diode_do35_10
warning: making d1/1n4154/ a connector
info: 1n4154 ne diode_do35_10
warning: making d10/1n4154/ a connector
info: 1n4154 ne diode_do35_10
warning: making d11/1n4154/ a connector
info: 1n4154 ne diode_do35_10
warning: making d12/1n4154/ a connector
info: 1n4154 ne diode_do35_10
warning: making d13/1n4154/ a connector
info: 1n4154 ne diode_do35_10
warning: making d14/1n4154/ a connector
info: 1n4154 ne diode_do35_10
warning: making d15/1n4154/ a connector
info: 1n4154 ne diode_do35_10
warning: making d16/1n4154/ a connector
info: 1n4154 ne diode_do35_10
warning: making d17/1n4154/ a connector
info: 1n4154 ne diode_do35_10
warning: making d18/1n4154/ a connector
info: 1n4154 ne diode_do35_10
warning: making d19/1n4154/ a connector
info: 1n4154 ne diode_do35_10
warning: making d2/1n4154/ a connector
info: 1n4154 ne diode_do35_10
warning: making d20/1n4154/ a connector
info: 1n4154 ne diode_do35_10
warning: making d21/1n4154/ a connector
info: 1n4154 ne diode_do35_10
warning: making d22/1n4154/ a connector
info: 1n4154 ne diode_do35_10
warning: making d23/1n4154/ a connector
info: 1n4154 ne diode_do35_10
warning: making d24/1n4154/ a connector
info: 1n4154 ne diode_do35_10
warning: making d25/1n4154/ a connector
info: 1n4154 ne diode_do35_10
warning: making d26/1n4154/ a connector
info: 1n4154 ne diode_do35_10
warning: making d27/1n4154/ a connector
info: 1n4154 ne diode_do35_10
warning: making d28/1n4154/ a connector
info: 1n4154 ne diode_do35_10
warning: making d29/1n4154/ a connector
info: 1n4154 ne diode_do35_10
warning: making d3/1n4154/ a connector
info: 1n4154 ne diode_do35_10
warning: making d30/1n4154/ a connector
info: 1n4154 ne diode_do35_10
warning: making d31/1n4154/ a connector
info: 1n4154 ne diode_do35_10
warning: making d32/1n4154/ a connector
info: 1n4154 ne diode_do35_10
warning: making d33/1n4154/ a connector
info: 1n4154 ne diode_do35_10
warning: making d34/1n4154/ a connector
info: 1n4154 ne diode_do35_10
warning: making d35/1n4154/ a connector
info: 1n4154 ne diode_do35_10
warning: making d36/1n4154/ a connector
info: 1n4154 ne diode_do35_10
warning: making d4/1n4154/ a connector
info: 1n4154 ne diode_do35_10
warning: making d5/1n4154/ a connector
info: 1n4154 ne diode_do35_10
warning: making d6/1n4154/ a connector
info: 1n4154 ne diode_do35_10
warning: making d7/1n4154/ a connector
info: 1n4154 ne diode_do35_10
warning: making d8/1n4154/ a connector
info: 1n4154 ne diode_do35_10
warning: making d9/1n4154/ a connector
info: pn3640 ne _pnp_to5
warning: making q1/pn3640/ a connector
info: pn3640 ne _pnp_to5
warning: making q10/pn3640/ a connector
info: pn3640 ne _pnp_to5
warning: making q11/pn3640/ a connector
info: pn3640 ne _pnp_to5
warning: making q12/pn3640/ a connector
info: pn3640 ne _pnp_to5
warning: making q2/pn3640/ a connector
info: pn3640 ne _pnp_to5
warning: making q3/pn3640/ a connector
info: pn3640 ne _pnp_to5
warning: making q4/pn3640/ a connector
info: pn3640 ne _pnp_to5
warning: making q5/pn3640/ a connector
info: pn3640 ne _pnp_to5
warning: making q6/pn3640/ a connector
info: pn3640 ne _pnp_to5
warning: making q7/pn3640/ a connector
info: pn3640 ne _pnp_to5
warning: making q8/pn3640/ a connector
info: pn3640 ne _pnp_to5
warning: making q9/pn3640/ a connector
info: single ne edge_con2
warning: making u$2/single/ a connector
warning: non-pullup resistor deleted: r1
warning: non-pullup resistor deleted: r3
warning: non-pullup resistor deleted: r5
warning: non-pullup resistor deleted: r7
warning: non-pullup resistor deleted: r9
warning: non-pullup resistor deleted: r11
warning: non-pullup resistor deleted: r13
warning: non-pullup resistor deleted: r15
warning: non-pullup resistor deleted: r17
warning: non-pullup resistor deleted: r19
warning: non-pullup resistor deleted: r21
warning: non-pullup resistor deleted: r23
~/Verilog/bin/smaller.pl M051X.PLD >vv || (rm vv; exit 1)
0 signals were removed:
~/Verilog/bin/smaller.pl vv >M051XX.PLD || (rm M051XX.PLD; exit 1)
0 signals were removed:
~/Verilog/bin/cupl2v.pl M051XX.PLD >vv || (rm vv; exit 1)
mv vv M051X.v
rm M051XX.PLD
