~/Verilator/bin/topld.pl M700E
info: cpol_use ne cpol_use20_8axial
info: cpol_use ne cpol_use20_8axial
info: cpol_use ne cpol_use20_8axial
info: 1n3606 ne 1n4148do35_10
warning: making d1/1n3606/ a connector
info: 7400n ne dil14
info: 7400n ne dil14
info: 7400n ne dil14
info: 7400n ne dil14
info: 7400n ne dil14
info: 7400n ne dil14
info: 7400n ne dil14
info: 2n3009 ne 2n2102
warning: making q1/2n3009/ a connector
info: 2n3009 ne 2n2102
warning: making q2/2n3009/ a connector
info: 2n3009 ne 2n2102
warning: making q3/2n3009/ a connector
info: mps6534 ne 2n2905
warning: making q4/mps6534/ a connector
info: double ne e12_8
warning: making u$1/double/ a connector
warning: non-bypass capacitor deleted: c8
warning: non-bypass capacitor deleted: c9
warning: non-bypass capacitor deleted: c10
warning: non-bypass capacitor deleted: c11
warning: non-bypass capacitor deleted: c12
warning: non-bypass capacitor deleted: c13
warning: non-bypass capacitor deleted: c14
warning: non-pullup resistor deleted: r6
warning: non-pullup resistor deleted: r7
warning: non-pullup resistor deleted: r16
warning: non-pullup resistor deleted: r19
