~/Verilog/bin/topld.pl M500X
info: cpol_use ne cpol_use20_8axial
info: 1n4154 ne 1n4148do35_10
warning: making d1/1n4154/ a connector
info: 1n4154 ne 1n4148do35_10
warning: making d10/1n4154/ a connector
info: 1n4154 ne 1n4148do35_10
warning: making d11/1n4154/ a connector
info: 1n4154 ne 1n4148do35_10
warning: making d12/1n4154/ a connector
info: 1n4154 ne 1n4148do35_10
warning: making d13/1n4154/ a connector
info: 1n4154 ne 1n4148do35_10
warning: making d14/1n4154/ a connector
info: 1n4154 ne 1n4148do35_10
warning: making d15/1n4154/ a connector
info: 1n4154 ne 1n4148do35_10
warning: making d16/1n4154/ a connector
info: 1n4154 ne 1n4148do35_10
warning: making d17/1n4154/ a connector
info: 1n4154 ne 1n4148do35_10
warning: making d18/1n4154/ a connector
info: 1n4154 ne 1n4148do35_10
warning: making d19/1n4154/ a connector
info: 1n4154 ne 1n4148do35_10
warning: making d2/1n4154/ a connector
info: 1n4154 ne 1n4148do35_10
warning: making d20/1n4154/ a connector
info: 1n4154 ne 1n4148do35_10
warning: making d21/1n4154/ a connector
info: 1n4154 ne 1n4148do35_10
warning: making d22/1n4154/ a connector
info: 1n4154 ne 1n4148do35_10
warning: making d23/1n4154/ a connector
info: 1n4154 ne 1n4148do35_10
warning: making d24/1n4154/ a connector
info: 1n914 ne 1n4148do35_10
warning: making d25/1n914/ a connector
info: 1n914 ne 1n4148do35_10
warning: making d26/1n914/ a connector
info: 1n914 ne 1n4148do35_10
warning: making d27/1n914/ a connector
info: 1n914 ne 1n4148do35_10
warning: making d28/1n914/ a connector
info: 1n914 ne 1n4148do35_10
warning: making d29/1n914/ a connector
info: 1n4154 ne 1n4148do35_10
warning: making d3/1n4154/ a connector
info: 1n914 ne 1n4148do35_10
warning: making d30/1n914/ a connector
info: 1n914 ne 1n4148do35_10
warning: making d31/1n914/ a connector
info: 1n914 ne 1n4148do35_10
warning: making d32/1n914/ a connector
info: 1n4154 ne 1n4148do35_10
warning: making d4/1n4154/ a connector
info: 1n4154 ne 1n4148do35_10
warning: making d5/1n4154/ a connector
info: 1n4154 ne 1n4148do35_10
warning: making d6/1n4154/ a connector
info: 1n4154 ne 1n4148do35_10
warning: making d7/1n4154/ a connector
info: 1n4154 ne 1n4148do35_10
warning: making d8/1n4154/ a connector
info: 1n4154 ne 1n4148do35_10
warning: making d9/1n4154/ a connector
info: 74h00n ne 7400n
info: 74h00n ne 7400n
info: 74h00n ne 7400n
info: 74h00n ne 7400n
info: pn3569 ne 2n3019
warning: making q1/pn3569/ a connector
info: pn3569 ne 2n3019
warning: making q10/pn3569/ a connector
info: pn3569 ne 2n3019
warning: making q11/pn3569/ a connector
info: pn3569 ne 2n3019
warning: making q12/pn3569/ a connector
info: pn3569 ne 2n3019
warning: making q13/pn3569/ a connector
info: pn3569 ne 2n3019
warning: making q14/pn3569/ a connector
info: pn3569 ne 2n3019
warning: making q15/pn3569/ a connector
info: pn3569 ne 2n3019
warning: making q16/pn3569/ a connector
info: pn3569 ne 2n3019
warning: making q2/pn3569/ a connector
info: pn3569 ne 2n3019
warning: making q3/pn3569/ a connector
info: pn3569 ne 2n3019
warning: making q4/pn3569/ a connector
info: pn3569 ne 2n3019
warning: making q5/pn3569/ a connector
info: pn3569 ne 2n3019
warning: making q6/pn3569/ a connector
info: pn3569 ne 2n3019
warning: making q7/pn3569/ a connector
info: pn3569 ne 2n3019
warning: making q8/pn3569/ a connector
info: pn3569 ne 2n3019
warning: making q9/pn3569/ a connector
info: single ne edge_con2
warning: making u$3/single/ a connector
warning: non-bypass capacitor deleted: c7
warning: non-bypass capacitor deleted: c8
warning: non-bypass capacitor deleted: c9
warning: non-pullup resistor deleted: r2
warning: non-pullup resistor deleted: r3
warning: non-pullup resistor deleted: r5
warning: non-pullup resistor deleted: r6
warning: non-pullup resistor deleted: r8
warning: non-pullup resistor deleted: r9
warning: non-pullup resistor deleted: r11
warning: non-pullup resistor deleted: r12
warning: non-pullup resistor deleted: r14
warning: non-pullup resistor deleted: r15
warning: non-pullup resistor deleted: r17
warning: non-pullup resistor deleted: r18
warning: non-pullup resistor deleted: r20
warning: non-pullup resistor deleted: r21
warning: non-pullup resistor deleted: r23
warning: non-pullup resistor deleted: r24
warning: non-pullup resistor deleted: r26
warning: non-pullup resistor deleted: r27
warning: non-pullup resistor deleted: r28
warning: non-pullup resistor deleted: r29
warning: non-pullup resistor deleted: r30
warning: non-pullup resistor deleted: r31
warning: non-pullup resistor deleted: r32
warning: non-pullup resistor deleted: r33
warning: non-pullup resistor deleted: r34
