~/Verilog/bin/topld.pl M239A
info: 74h04n ne 7404n
info: 74h04n ne 7404n
info: 74197 ne 74ls197
info: 74197 ne 74ls197
info: 74197 ne 74ls197
info: single ne edge_con2
warning: making u$4/single/ a connector
~/Verilog/bin/smaller.pl M239A.PLD >vv || (rm vv; exit 1)
8 signals were removed:
  n_t_12x: !n_t_15x
  n_t_13x: !n_t_16x
  n_t_28x: !n_t_32x
  n_t_29x: !n_t_33x
  n_t_30x: !n_t_31x
  n_t_6x: !n_t_9x
  n_t_7x: !n_t_10x
  n_t_8x: !n_t_11x
~/Verilog/bin/smaller.pl vv >M239AX.PLD || (rm M239AX.PLD; exit 1)
0 signals were removed:
~/Verilog/bin/cupl2v.pl M239AX.PLD >vv || (rm vv; exit 1)
mv vv M239A.v
rm M239AX.PLD
