~/Verilog/bin/topld.pl M661X
info: 1n4154 ne 1n4148do35_10
warning: making d1/1n4154/ a connector
info: 1n4154 ne 1n4148do35_10
warning: making d2/1n4154/ a connector
info: 1n4154 ne 1n4148do35_10
warning: making d3/1n4154/ a connector
info: 1n914 ne 1n4148do35_10
warning: making d4/1n914/ a connector
info: 1n914 ne 1n4148do35_10
warning: making d5/1n914/ a connector
info: 1n914 ne 1n4148do35_10
warning: making d6/1n914/ a connector
info: 1n914 ne 1n4148do35_10
warning: making d7/1n914/ a connector
info: 7410n ne dil14
info: pn3569 ne 2n2219
warning: making q1/pn3569/ a connector
info: pn3569 ne 2n2219
warning: making q2/pn3569/ a connector
info: pn3569 ne 2n2219
warning: making q3/pn3569/ a connector
info: edge_1 ne edge_con1
warning: making u$3/edge_1/ a connector
warning: non-bypass capacitor deleted: c1
warning: non-pullup resistor deleted: r1
warning: non-pullup resistor deleted: r3
warning: non-pullup resistor deleted: r5
~/Verilog/bin/smaller.pl M661X.PLD >vv || (rm vv; exit 1)
0 signals were removed:
~/Verilog/bin/smaller.pl vv >M661XX.PLD || (rm M661XX.PLD; exit 1)
0 signals were removed:
~/Verilog/bin/cupl2v.pl M661XX.PLD >vv || (rm vv; exit 1)
mv vv M661X.v
rm M661XX.PLD
